0.0	1.820388119
1.05	0.3322859941
2.051	2.623936064
3.052	1.621731109
4.061	1.589511286
5.062	1.372182178
6.18	0.7595921569
7.181	0.9879896283
8.19	1.418970297
9.201	1.145400778
10.21	1.840055501
11.22	1.436332673
12.231	0.3648
13.241	1.547212787
14.261	2.634869131
15.262	1.528663337
16.271	1.018237762
17.351	0.7988892562
18.491	0.5794525475
19.502	0.2820059465
20.511	2.078430129
21.512	2.141346653
22.522	0.6028078431
23.532	1.547433333
24.533	1.037132673
25.542	0.671809901
26.622	1.322281188
27.643	1.162870588
28.652	0.9712973503
29.653	1.289465347
30.663	1.856321495
31.673	0.6607691016
32.864	1.520822355
33.874	1.866352475
34.883	1.006154995
35.893	0.2423987138
36.894	1.405413084
37.895	0.4781359223
38.896	0.9697329797
39.904	1.534050096
40.905	4.770447147
41.914	2.215579782
42.924	1.512847059
43.935	2.024332344
45.015	2.015429703
46.025	1.074952381
47.035	2.080443564
48.036	1.381122877
49.045	2.231117194
50.048	0.8674971429
51.085	1.365291089
52.095	1.408633663
53.101	1.047977778
54.106	3.01477106
55.126	2.121014985
56.146	1.649301397
57.187	1.979340659
58.196	2.295944056
59.207	1.718772277
60.217	1.544847153
61.257	1.909988024
62.276	0.3680474777
63.277	2.383841584
64.287	1.415161538
65.308	1.156720792
66.358	0.9156334661
67.367	1.041454545
68.378	0.9346930693
69.379	0.5888543689
70.388	1.192673935
71.389	1.069376577
72.398	1.050465808
73.418	1.44256888
74.419	1.142739781
75.428	4.62295549
76.429	0.4891247525
77.43	2.595034757
78.439	1.209094905
79.449	1.570949455
80.45	1.833038652
81.47	4.207864136
82.48	0.7971023622
83.49	0.2817267327
84.491	0.9949090909
85.5	1.105235644
86.511	1.6442997
87.61	1.692971029
88.71	2.088618434
89.711	1.138019802
90.712	1.123086492
91.72	1.27060531
92.721	0.5466533467
93.731	1.263430508
94.741	0.3054486045
95.751	4.761686314
96.761	2.291086053
97.771	1.530981019
98.772	2.367568432
99.773	1.569662338
100.792	1.454510473
101.802	0.9489951969
103.002	1.79518886
104.012	1.32980534
105.013	4.977574426
106.032	0.498439604
107.033	0.9761076923
108.042	1.827626243
109.043	1.28819802
110.123	3.721787402
111.133	0.5151354467
112.143	1.191920792
113.154	2.132238455
114.193	1.320729032
115.194	1.327124528
116.204	1.776785714
117.214	1.393598402
118.215	1.819612388
119.216	4.529139685
120.224	0.7375540139
121.225	1.268212181
122.234	1.042908411
123.235	1.038033697
124.236	1.306128852
125.256	0.3510907424
126.266	4.974545455
127.275	1.91815935
128.276	1.856166667
129.575	2.210461538
130.611	0.5334199838
131.615	1.754896296
132.625	1.365269461
133.645	1.839516353
134.717	2.203668332
135.726	1.668689109
136.736	1.426732075
137.756	0.7980235294
138.757	2.072967294
139.916	1.032679024
140.917	1.288166172
141.927	2.752253465
142.937	1.592839604
143.938	0.2145882353
144.939	1.057862138
145.948	1.41808547
146.957	1.247223762
148.138	1.377446553
149.238	1.869554446
150.428	1.10642735
151.429	1.981980198
152.43	1.213303769
153.448	1.322130693
154.458	0.6731496531
155.468	1.332784158
156.478	2.389277311
157.489	0.3156923077
158.499	2.153814186
159.508	0.3814019802
160.519	1.694625375
161.529	1.008501961
162.549	1.808391608
163.559	4.344229565
164.579	0.7918148148
165.619	1.952719281
166.629	0.4685069307
167.649	0.5378509804
168.65	2.00155045
169.69	0.6860097943
170.7	0.8102769231
171.72	0.7010685204
172.911	1.054678571
173.921	0.4282434783
174.922	1.907461386
175.931	1.21026973
176.932	0.8798704762
178.131	1.791024777
179.132	1.406732673
180.133	0.6896090652
181.284	0.5337222777
182.291	0.9703785927
183.292	1.411805748
184.293	1.652387612
185.302	1.450540059
186.332	0.7325154845
187.333	4.17447657
188.342	1.568021053
189.382	0.2925623762
190.383	1.766209901
191.384	0.9219485149
192.393	0.6265479723
193.503	0.7338431373
194.573	2.152498516
195.574	2.413865079
196.575	1.267657966
197.584	1.250537166
198.585	2.055009726
199.614	0.9609593657
200.624	0.6648721506
201.625	4.107884116
202.626	1.4097769
203.634	0.2167128713
204.644	1.456340594
205.645	1.896281081
206.646	2.221306931
207.665	0.5055686275
208.666	1.694625375
209.675	0.8335192878
210.696	1.765676908
211.815	1.24029336
212.856	1.975516832
213.857	1.732281467
214.997	1.998345654
216.216	1.269026759
217.226	0.7395564356
218.336	1.258997027
219.376	2.780123876
220.377	0.8003583012
221.387	1.361419608
222.578	2.073714286
223.579	1.681236868
224.58	1.458749251
225.737	1.226701299
226.748	1.723928571
227.749	0.9096556291
228.957	1.66403996
229.967	1.310641359
231.098	1.365291089
232.108	0.9772435644
233.158	1.845844311
234.178	2.755132867
235.188	1.012190099
236.258	0.2686036364
237.378	2.998769231
238.379	1.978885115
239.419	2.60843956
240.42	0.8947612388
241.559	2.529622378
242.63	1.511616384
243.689	1.406212512
244.919	0.9542653465
245.96	1.149716551
247.03	1.350115768
248.22	1.325972248
249.221	0.8343445545
250.3	2.447022222
251.46	1.963195243
252.52	1.58200396
253.64	2.202167386
254.671	1.419469307
255.801	0.8000537944
256.802	0.2942431373
257.821	0.4067532468
258.991	1.827306244
259.992	1.877514486
261.332	1.866545094
262.341	1.656453333
263.342	1.657038961
264.343	2.112847153
265.552	0.678745098
266.561	1.717482517
267.572	1.522951914
268.682	1.701842158
269.702	1.507804196
270.703	1.367440559
271.712	2.301714286
272.722	1.724187812
273.733	1.674021978
274.743	2.042157842
275.753	1.202838454
276.754	1.008564706
277.923	3.389250749
278.933	0.8126732673
280.143	1.898116947
281.153	2.361542458
282.224	1.938067864
283.225	1.279722498
284.254	1.215541048
285.284	1.712031683
286.354	0.2716037383
287.355	2.03355045
288.395	1.49783017
289.396	0.7259881188
290.535	0.8798117647
291.545	1.104515385
292.655	1.829850187
293.665	1.120040302
294.666	0.2168150943
295.667	1.267770297
296.675	1.853514486
297.676	4.546206349
298.876	1.575603568
299.897	1.753358641
301.056	0.7785133333
302.246	3.115924076
303.256	0.9275524476
304.277	1.598153846
305.297	1.922371681
306.308	1.1239
307.317	0.2209846154
308.329	1.23699802
309.337	1.933986125
310.339	1.997826174
311.407	1.268235764
312.408	1.635842576
313.409	4.783904192
314.428	0.6205098039
315.468	2.143011765
316.469	1.068334661
317.47	1.790277778
318.478	1.798872727
319.479	1.695107692
320.48	2.525538462
321.489	1.985902098
322.499	0.2190791629
323.5	0.3724470821
324.609	1.427021359
325.619	1.557496552
326.639	1.332625743
327.649	1.38623781
328.65	1.3688619
329.66	0.5447771429
330.669	2.359301961
331.67	1.096571429
332.691	2.459446516
333.708	2.439278494
334.758	1.472999001
335.768	0.5993108911
336.779	1.235111111
337.989	2.351334653
339.219	1.385112979
340.229	1.298258824
341.249	4.270298211
342.259	1.744538614
343.279	1.912366355
344.299	1.002946535
345.309	1.49783017
346.32	1.461906542
347.33	1.536151848
348.34	0.3322859941
349.36	1.597722278
350.361	1.092723277
351.362	1.926993007
352.37	0.2565181551
353.45	1.487146245
354.451	0.8294425574
355.461	1.296279612
356.481	1.530658824
357.482	2.523132773
358.491	2.827044955
359.501	4.799848152
360.513	1.185198801
361.532	0.9302297702
362.542	3.444141176
363.793	1.941502478
365.262	0.9341138861
366.322	1.24179021
367.382	1.353758242
368.482	1.405849802
369.483	1.515708292
370.485	0.8914151129
371.487	1.987968317
372.489	0.6393029703
373.492	1.144131034
374.493	0.4659326733
375.643	1.375718258
376.644	1.449862138
377.645	0.9213693694
378.646	2.489150849
379.654	1.873558442
380.735	1.584966337
381.804	1.303200799
382.854	1.502513487
383.875	2.019435294
385.065	1.570759045
386.066	0.4364506481
387.067	1.065494505
388.069	1.779908821
389.07	1.437842158
390.075	0.9214171429
391.086	0.8135464535
392.087	1.207133716
393.093	0.3433411765
394.094	2.372475524
395.095	4.285708583
396.111	1.195652348
397.876	1.021089509
400.576	0.4586057143
401.577	2.584443149
402.587	1.109684836
403.717	1.465873134
404.787	1.80968254
405.806	1.328421429
406.808	0.8690823529
407.977	0.9023841584
409.167	0.3705584158
410.168	1.332784158
411.268	1.5616333
412.398	1.432991009
413.478	0.491988012
414.558	2.361148515
415.708	0.3644859086
416.709	1.338925315
417.858	1.832487512
419.049	1.215920792
420.05	1.234059406
421.059	0.1651924528
422.06	1.373281853
423.069	1.178835088
424.139	1.199224775
425.149	1.113313897
426.209	1.115858824
427.211	1.061114885
428.212	1.400571429
429.22	0.9427009901
430.229	0.3044910891
431.34	0.7368237624
432.42	0.7705806452
433.53	1.883396603
434.531	1.998657343
435.69	0.7403294118
436.801	1.286356929
437.802	1.235436563
438.842	1.127873267
439.851	1.504871129
440.852	1.679200799
442.022	1.910950049
443.311	1.986021548
444.491	1.19426973
445.661	3.304681863
446.662	1.976759241
447.826	2.016419802
448.883	1.603612388
450.052	2.343976024
451.053	1.722981755
452.054	2.18783714
453.056	2.101256917
454.063	1.780163836
455.064	1.644540171
456.065	2.218812928
457.103	2.159512278
458.173	0.9424688323
459.183	1.571168317
460.184	1.473647525
461.213	4.43439521
462.214	4.689385075
463.239	0.1526452395
464.243	1.890493506
465.244	1.781563851
466.254	1.966922156
467.255	0.3709573835
468.264	2.056519481
469.294	1.476548148
470.295	1.28975025
471.296	1.970261738
472.305	1.990636522
473.306	1.629026973
474.315	1.92421978
475.325	1.107137255
476.435	2.486881119
477.436	1.483291429
478.457	2.60035964
479.465	2.086889111
480.576	0.3520491228
481.746	1.620721569
482.759	1.739792539
483.766	1.978885115
484.786	2.003769841
485.796	2.85353047
486.846	1.720373905
487.847	1.152611765
488.897	2.755132867
489.967	1.800953873
490.968	0.2533333333
491.977	1.72913052
493.108	1.366633367
494.109	1.191422354
495.117	1.513558442
496.118	1.865089128
497.138	1.213592079
498.139	0.6966153846
499.14	1.459020979
500.141	1.277211881
501.148	0.5312621359
502.288	0.878280597
503.289	2.146671074
504.29	2.084435564
505.299	1.9480036
506.309	1.847879646
507.319	1.939892108
508.327	1.137038961
509.329	1.944030769
510.519	5.477466533
511.52	0.8452329039
512.521	0.9980594059
513.601	1.009590504
514.61	1.302938614
515.62	2.472975223
516.641	1.367976024
517.65	1.828594059
518.8	1.941502478
519.81	0.5247872128
520.811	2.700749257
521.812	0.575390099
522.813	1.945376577
523.821	1.676227772
524.824	1.921631683
525.831	1.383261125
527.062	1.890883168
528.064	1.171388611
529.072	2.511848152
530.073	2.653042957
531.082	1.403892437
532.092	2.295944056
533.093	1.249607921
534.103	1.258180377
535.112	1.829607407
536.125	0.4209230769
537.132	1.283693532
538.133	2.17568032
539.143	1.731073852
540.145	1.549066933
541.163	1.506154455
542.164	0.2295944056
543.313	1.174068468
544.324	0.2658892128
545.333	2.214713287
546.334	2.024087912
547.405	1.82004486
548.414	0.6089784173
549.424	2.185709648
550.425	2.089210682
551.426	0.875809901
552.444	2.106180377
553.445	1.098221778
554.446	1.35579782
555.447	1.917226773
556.455	1.125233429
557.456	1.561831516
558.466	1.348079208
559.467	2.721454545
560.476	1.745166833
561.616	1.256665347
562.627	1.213641939
563.636	1.530341658
564.646	0.7151524752
565.647	1.379635644
566.656	4.560982857
567.668	1.697081511
568.669	0.8608849558
569.697	0.9510666667
570.788	2.165588669
572.437	1.072063366
573.438	1.902353646
574.517	1.593717647
575.518	0.8637122877
576.528	2.186725275
577.537	2.07000999
578.557	2.055088206
579.852	1.255215064
580.858	1.714781708
581.868	0.8698980392
582.869	0.4248862745
583.871	1.514880317
584.878	0.9324487805
586.118	0.9345793651
587.119	0.9315243243
588.138	0.6997162837
589.139	1.496714995
590.159	1.407675248
591.16	4.049500998
592.17	2.346323847
593.22	1.384290481
594.229	1.792503496
595.31	1.216478505
596.45	1.119841427
597.451	1.652496296
598.46	4.744743257
599.461	2.100011353
600.47	1.790833167
601.471	1.301322677
602.632	2.761615238
603.641	0.7858758109
604.642	2.180122894
605.661	0.3604784314
606.662	1.105235644
607.682	2.648864222
608.701	1.155601185
609.711	1.513734266
610.722	1.772619048
611.732	1.126906931
612.892	1.395203171
613.902	1.804483516
614.922	1.982922772
615.932	1.29956701
616.952	1.467169811
617.953	1.732515873
618.962	4.696793566
619.963	0.3904697721
620.973	1.310852621
621.974	2.403082353
623.003	2.479392607
624.004	2.712110891
625.033	1.535115013
626.043	1.049342657
627.064	0.5808381331
628.073	0.915501472
629.083	1.063808192
630.093	1.283271287
631.103	1.883537092
632.113	2.000751249
633.124	0.3389250749
634.133	2.17616
635.174	2.20354046
636.204	1.239358416
637.224	1.40910759
638.244	1.669
639.264	1.966266667
640.284	1.121410382
641.294	1.090176063
642.314	2.555461818
643.334	1.845571009
644.335	1.563339268
645.336	1.635639247
646.346	0.1716705882
647.445	1.700125926
648.448	1.869554446
649.449	1.171409316
650.476	1.017354455
651.492	1.280958416
652.736	0.6399365709
653.746	2.125697446
654.776	0.4311287129
655.786	1.941706294
656.986	1.259076313
657.987	1.887882657
659.027	0.2253176471
660.028	0.5526178218
660.48	1.028367953
