0.0	4.902553447
1.001	3.42790864
2.009	2.101386667
3.01	1.724574827
4.011	2.776673935
5.02	2.121014985
6.031	2.311408591
7.039	3.67804995
8.06	0.9773346418
9.061	4.268435564
10.069	2.836203796
11.079	2.847136863
12.08	2.069607921
13.081	2.339541376
14.09	2.444939544
15.099	1.306746269
16.1	0.1609411765
17.109	2.311416583
18.139	0.9511768232
19.14	4.030787637
20.141	1.137742574
21.149	1.498334322
22.159	0.8063366337
23.16	1.507647175
24.169	0.7252700297
25.179	1.472189911
26.18	2.358168484
27.189	3.446222222
28.19	2.027156843
29.199	1.965409225
30.219	1.478146535
31.439	2.436507937
32.449	1.109734653
33.45	2.809798202
34.459	0.7628676329
35.469	0.2420307692
36.479	0.954481665
37.489	1.605264618
38.499	2.33197225
39.5	0.8010445104
40.509	1.0944
41.51	3.546853147
42.518	3.688983017
43.529	2.607635282
44.53	2.775675569
45.531	3.645275248
46.539	3.247120879
47.549	2.253813861
48.55	2.722333666
49.551	0.5579294118
50.559	0.8026533467
51.56	1.324571429
52.569	0.6871445545
53.579	2.398881119
54.588	4.3559001
55.609	3.273526474
56.619	2.558337662
57.628	1.382105894
58.639	2.811140741
59.648	1.191704296
60.659	2.28955045
61.66	1.911572277
62.669	3.059570495
63.709	2.420847525
64.71	3.048348155
65.719	2.453546454
66.729	3.569191658
67.739	0.7259881188
68.749	2.475412587
69.769	0.2143780607
70.779	1.24099108
71.799	0.2943631124
72.809	3.944983017
73.81	0.7725176471
74.819	1.244866469
75.828	1.867428571
76.91	1.686936416
77.918	2.32234965
78.919	1.077227723
79.969	2.000751249
80.979	0.514283449
81.98	2.238367027
82.989	2.312037488
83.99	0.9535366337
84.998	3.696223553
85.999	3.460512413
87.0	4.436569154
88.009	3.258418236
89.018	0.7832470588
90.111	2.739824916
91.159	0.257869934
92.168	3.174793651
93.179	0.3709830508
94.18	2.231587147
95.191	2.405274725
96.194	2.004594059
97.248	2.291063168
98.249	2.023936508
99.25	0.8668514851
100.26	4.366833167
101.261	2.027156843
102.268	0.9549176471
103.269	1.238536103
104.278	1.305574426
105.288	2.353665015
106.289	1.42441517
107.299	0.340007767
108.3	2.225734653
109.301	0.1773574833
110.308	3.645250749
111.309	3.776447552
112.318	0.1072941176
113.328	1.055556436
114.329	0.4786005831
115.388	0.8668514851
116.389	1.822213516
117.39	2.136487512
118.399	0.7368237624
119.527	2.689076162
120.528	0.7510588235
121.539	0.8677106046
122.558	2.921235294
123.559	2.558337662
124.568	0.1950415842
125.569	3.907644356
126.57	2.43168032
127.579	4.220487026
128.58	2.394341658
129.589	1.761617443
130.59	2.169286713
131.599	0.661629336
132.608	2.497278721
133.609	2.336475719
134.618	1.136900971
135.698	0.6826455446
136.699	0.5731137255
137.707	0.2537188119
138.711	1.622961832
139.718	3.967489696
140.728	2.341876248
141.739	4.58343818
142.74	2.167341176
150.215	2.661274725
151.226	3.259337325
152.235	0.1192187291
153.236	0.6008470588
154.246	2.325629336
155.255	2.801142857
156.266	0.5423191278
157.275	2.60206993
158.276	0.600173399
159.285	0.3215670911
160.295	2.703811765
161.315	1.563428571
162.325	0.6438019802
163.535	2.070889111
164.536	2.578223518
165.537	2.564225966
166.545	1.779782394
167.546	2.125554446
168.555	0.9915242815
169.556	2.169286713
170.565	2.014567164
171.575	1.852227772
172.576	2.890869131
173.577	2.034158979
174.585	2.469467961
175.605	0.4266666667
176.615	1.772463826
177.635	0.845180198
178.795	2.675365079
179.8	0.8519281437
180.805	0.9988571429
181.815	3.568719281
182.816	3.893026973
183.835	2.131948052
184.845	1.062211765
185.846	3.47190495
186.855	1.857544554
187.856	0.1085561905
188.865	3.984175824
189.875	3.852979021
190.876	3.415656344
191.885	2.238858276
192.895	0.9688712871
193.905	2.234885115
194.913	1.012027424
195.915	1.560332673
196.945	0.6544941176
197.955	0.5462811881
198.965	1.491936508
200.005	1.616111001
201.025	0.2682352941
202.055	0.9800597015
203.067	2.958130693
204.075	2.787932068
205.105	3.837643781
206.114	3.524987013
207.124	2.607635282
208.135	1.322901099
209.155	1.423960396
210.165	1.261433663
211.175	2.030764356
212.204	4.180971029
213.545	4.268435564
214.795	0.3590467112
215.805	2.746857143
216.814	0.1698389913
217.825	1.625346535
218.835	2.594217822
219.845	1.296538146
220.854	0.265631068
221.855	2.934609391
222.954	3.57607984
223.965	2.708803181
224.974	2.01786082
225.995	1.928135055
227.005	3.312658077
228.006	0.4550970297
229.015	2.243304866
230.017	0.9229170829
231.025	2.03710099
232.026	1.115172827
233.035	2.049022977
234.045	0.3575762376
235.054	2.431714002
236.056	1.506154455
237.067	2.88632967
238.074	0.9949090909
239.075	3.148934223
240.076	2.063271287
241.084	1.694859406
242.085	2.015429703
243.095	2.792471528
244.104	2.008368989
245.105	2.508211788
246.124	4.312167832
247.154	1.984941176
248.155	1.258180377
249.374	2.197546454
250.375	2.710726014
251.384	3.347324675
252.394	1.961558442
253.404	0.9012705882
254.415	3.743648352
255.416	1.314310584
256.425	2.382222222
257.427	0.8034285714
258.435	3.752551992
259.444	3.094057942
260.445	3.726321678
261.446	0.9472
262.454	2.171627723
263.464	0.2004528302
264.567	0.6014367027
265.574	1.137038961
266.575	2.847136863
267.584	2.603525025
268.586	2.458222222
269.594	2.705252725
270.604	0.3480295104
271.605	4.202837163
272.606	1.153077228
273.614	3.325482517
274.615	2.663536449
275.616	1.277892216
276.617	2.770605395
277.624	0.8894033697
278.634	2.416207792
279.635	0.1682074928
280.654	0.9688712871
281.655	0.3190670554
282.664	0.21701983
283.665	4.71800396
284.666	0.7801663366
285.674	0.118840367
286.684	1.589469951
287.694	4.78228971
288.704	1.922407921
289.714	2.85806993
290.724	1.967952048
291.989	2.46447952
292.994	1.0944
294.004	1.224503496
295.013	2.819637089
296.033	2.60206993
297.044	1.696539148
298.053	2.668210109
299.325	2.855217565
300.333	0.21888
301.334	1.072728713
302.343	2.030764356
303.344	1.041252725
304.354	1.159413861
305.453	3.011132867
306.464	2.398881119
307.474	4.429827552
308.475	0.2066855524
309.483	0.1306799601
310.484	2.321125867
311.485	0.2630769231
312.486	2.7983667
313.494	2.000237859
314.543	2.566706587
315.544	0.156491897
316.545	0.9576
317.546	2.724245545
318.573	1.496335329
319.574	1.160562934
320.575	2.606609391
321.594	2.138857143
322.595	2.55340337
323.596	2.342241135
324.603	0.258519685
325.604	2.427140859
326.605	3.404723277
327.606	1.127370262
328.694	4.115372627
329.695	0.81998002
330.698	0.2575058824
331.703	1.109584314
332.705	2.711595639
333.743	1.020571429
334.803	1.24609901
335.813	4.218616257
336.814	2.740286792
337.815	1.688231768
338.823	4.0812749
339.833	2.497286713
340.834	0.3973778214
341.844	1.46957043
342.846	2.41874331
343.853	2.022617383
344.854	2.802870168
345.874	1.463721393
346.875	0.4275098814
347.894	1.908548708
348.914	0.6866823529
349.923	2.770331021
350.993	0.3588773307
351.994	2.13039445
353.043	0.4546468843
354.044	2.306877123
355.045	1.994357642
356.053	2.386384314
357.054	0.3322859941
358.056	3.115833002
359.067	2.213018981
360.073	2.659231683
361.083	1.525071639
362.084	2.802084231
363.093	2.530077922
364.094	1.143373637
365.095	0.4043773585
366.103	0.6826455446
367.104	1.060507493
368.105	2.266893954
369.113	1.01955996
370.133	0.990992126
371.134	0.9797069307
372.143	1.92421978
373.144	2.360507937
374.153	0.6431341822
375.163	3.973242757
376.173	2.842597403
377.184	3.787380619
378.203	2.922180377
379.223	2.398881119
380.232	1.902620416
381.242	4.308202582
382.243	3.462712463
383.264	2.072055391
384.283	0.9128853755
385.302	1.969038652
386.663	0.1381281553
387.666	0.6826455446
388.671	2.398881119
389.686	0.7871564626
390.702	0.2467764706
391.712	1.935159564
393.203	2.516360753
394.212	0.7252700297
395.238	4.916444444
396.302	1.151936696
397.312	0.3367384615
398.331	2.037565217
399.381	0.671809901
400.383	0.8466865672
401.391	2.333282717
402.421	2.946793651
403.422	2.621079365
404.431	0.5416827586
405.451	2.561710891
406.462	3.334342914
407.471	3.399421209
408.481	0.7793946588
409.491	2.401554014
410.511	4.421498502
411.541	2.667668332
412.551	2.423897248
413.571	2.4651537
414.582	4.089421158
415.596	2.519144855
416.601	2.110081918
417.611	4.22727237
418.612	1.132513433
419.631	0.7151524752
420.651	4.104436075
421.666	2.672207792
422.671	4.294841159
423.702	0.4234285714
424.711	1.950625375
425.712	2.258312871
426.721	4.301234765
427.741	3.543936508
428.751	1.913466799
429.761	3.376463536
430.791	2.156611765
431.801	2.464190099
432.811	0.4270891089
433.821	2.108701685
434.841	0.595960396
435.851	1.071440559
436.861	1.852227772
437.871	0.3684118812
438.881	1.202637363
439.882	1.713728444
440.901	0.6878255699
441.91	2.245201189
442.921	3.137590457
443.941	1.272775225
444.951	1.235263366
445.961	2.98430099
446.971	1.119396226
447.99	0.709518335
449.0	4.17815873
450.01	2.744134787
451.011	1.787881188
452.021	1.986857143
453.022	0.9570880317
454.03	2.158654797
455.031	0.3004235294
456.04	0.2711595639
457.041	1.784369686
458.05	1.148578218
459.051	0.8763166515
460.07	0.3033980198
461.08	0.3792475248
462.09	2.063263366
463.091	0.3893538462
464.111	2.803404595
465.13	3.656191808
466.131	2.71594006
467.141	2.030764356
468.17	0.7637502478
469.181	0.6115764706
470.19	1.880927651
471.202	1.874093906
472.21	2.537527201
473.22	2.705130348
474.221	1.592036597
475.23	0.1191920792
476.24	0.7984313725
477.25	0.2045465347
478.27	3.925588822
479.28	0.4664655738
480.29	3.96230969
481.291	0.5097799802
482.3	4.869754246
483.301	2.43168032
484.302	2.645802198
485.31	3.896711289
486.32	1.721030969
487.33	1.267770297
488.341	0.5462811881
489.35	2.38801998
490.37	1.874093906
491.375	0.6826455446
492.38	0.7871808192
493.381	0.8993584158
494.4	4.078889111
495.41	3.28769901
496.42	3.076731269
497.422	1.917826174
498.43	0.3698927259
499.439	3.765514486
500.44	0.7012660194
501.45	0.6501386139
502.451	1.216886251
503.46	1.410029732
504.47	2.096690196
505.48	2.20210989
506.482	1.062211765
507.489	1.203948464
508.5	0.2209846154
509.51	2.821766337
510.53	1.781544554
511.54	0.2056735905
512.55	0.173370297
513.56	0.6829056
514.58	0.2405274725
515.59	0.7910019802
516.61	1.994357642
517.619	2.64017443
518.63	1.073994112
519.639	2.21716551
520.64	2.725142857
521.649	2.442621379
522.659	3.90361829
523.66	2.661867195
524.669	3.350057942
525.679	2.429589693
526.68	2.171627723
527.689	0.9264459861
528.78	2.520864222
529.789	2.814337662
530.79	1.260185955
531.8	2.945534466
532.809	3.978222222
533.819	0.4568854369
534.829	2.82039403
535.839	2.382222222
536.84	2.645661538
537.849	1.122793651
538.869	0.2603131814
539.879	2.070889111
540.889	2.125554446
541.899	1.299532875
542.909	1.238536103
543.919	4.150441147
544.929	2.945534466
545.949	0.2525538462
546.959	2.15636147
547.969	2.976412289
549.009	0.9758422091
550.019	2.153814186
551.039	0.5851247525
552.049	2.070737263
553.079	0.1408633663
554.12	2.770331021
555.14	0.6284673267
556.18	0.588007619
557.229	0.921029703
558.239	0.954481665
559.289	0.1131428571
560.309	1.158776471
561.34	2.271396226
562.389	2.080443564
563.409	0.671809901
564.469	1.018550495
565.479	2.912735265
566.513	1.643936508
567.529	1.879065347
568.559	2.022617383
569.599	0.2736
570.639	1.989391477
571.659	2.361542458
572.7	1.137742574
573.749	2.393079365
574.789	2.060812686
575.799	0.3187572816
576.839	2.656735265
577.859	1.560332673
578.878	1.097846154
579.879	2.745916832
580.919	3.459388611
581.939	1.170249505
582.959	2.136737364
583.968	1.382105894
584.989	0.4077176471
586.008	0.5201108911
587.009	3.13779021
588.019	0.8690823529
589.02	1.510653465
590.06	0.9155996036
591.068	0.8637122877
592.129	2.044483516
593.139	4.119912088
594.198	1.083564356
595.209	2.809798202
596.268	1.841294705
597.299	0.6934811881
598.348	3.14232967
599.359	1.088063366
600.368	0.6223058824
601.388	0.206490566
602.408	0.9436352825
603.439	0.8235089109
604.468	0.2167128713
605.479	1.24609901
606.499	2.536188857
607.508	0.249219802
608.511	2.29735619
609.519	1.202637363
610.548	0.2575058824
611.569	4.022648956
613.04	3.204961727
614.079	2.387948052
615.088	0.8343445545
616.118	2.531710605
617.158	0.2058772277
618.168	5.078170756
619.178	0.2467764706
620.198	0.9427009901
621.238	0.2453333333
622.268	4.241788144
623.278	2.241278721
624.328	3.155224568
625.338	2.110793651
626.348	2.453330693
627.369	2.134379242
628.379	4.648350598
629.389	3.707145709
630.424	2.353503462
631.434	3.192455544
632.454	0.7565022915
633.544	4.30417443
634.654	2.210471287
635.674	3.273526474
636.704	1.173960784
637.714	2.36724632
638.724	3.710556863
639.725	3.35516501
640.727	0.8939068385
641.729	2.678601399
642.865	2.464190099
643.866	3.609194857
644.867	0.2188443236
645.884	2.169286713
646.885	2.558054902
647.895	2.344215784
648.949	0.7569960474
649.955	1.70738553
650.956	1.266070588
651.975	2.938852036
652.984	2.699901088
653.985	0.1188322756
654.986	3.401325349
656.005	1.515489614
657.006	1.492510386
658.007	0.6934811881
659.008	1.814889111
660.009	0.8173501455
661.014	2.618481665
662.016	2.387948052
663.024	0.7043168317
664.035	1.235436563
665.044	0.6329663366
666.045	3.582161972
667.046	3.802853147
668.048	2.078222222
669.054	3.677960159
670.056	2.034793651
671.057	2.43168032
672.064	2.694406343
673.065	3.120463536
674.066	2.236571429
675.067	1.447704296
676.174	1.769714286
677.176	2.002611276
678.184	2.711400599
679.185	0.292852329
680.243	1.976586139
681.244	1.196243756
682.245	0.9402437562
683.254	2.010199203
684.255	0.7809395441
685.283	2.71594006
686.284	2.290819802
687.285	3.940443556
688.314	1.018550495
689.316	0.5685153617
690.317	2.956467532
691.318	2.069418073
692.319	0.1297873874
693.323	0.2866032978
694.334	3.53592008
695.335	2.667668332
696.337	4.858821179
697.343	2.095778218
698.344	0.8496792079
699.345	0.6444400396
700.346	1.34249264
701.348	1.163912871
702.352	1.739924678
703.354	1.089193327
704.355	1.902353646
705.356	2.102114851
706.357	0.1877902765
707.363	1.024434951
708.373	2.191152847
709.374	3.947828794
710.383	1.932571429
711.395	1.73648269
712.403	3.995108891
713.414	0.9949090909
714.423	2.756752475
715.433	2.398881119
716.434	0.4603131991
717.443	4.290301698
718.454	0.9994485514
719.455	0.9643722772
720.463	4.476163836
721.464	0.6934811881
722.473	2.169286713
723.483	0.2470186457
724.484	2.68355996
725.493	3.514053946
726.494	3.229794206
727.495	2.117142857
728.503	1.26697006
729.514	2.781177403
730.515	1.007714851
731.523	1.961558442
732.524	1.712031683
733.535	1.694625375
734.602	3.699916084
735.604	3.402793651
736.623	0.1408633663
737.633	4.613684631
738.634	2.420747253
739.635	2.588507937
740.643	2.748739261
741.644	0.3998769231
742.663	4.176221782
743.673	2.520864222
744.674	1.996130564
745.683	2.377504951
746.684	1.961558442
747.713	0.3148571429
748.723	2.199635644
749.724	0.2434352031
750.733	1.0944
751.743	2.559746283
752.803	1.029386139
753.804	2.245818182
754.813	3.918577423
755.814	1.21357043
756.815	2.078222222
757.822	2.505514371
758.823	2.890869131
759.824	2.912735265
760.825	2.59165183
761.832	2.558337662
762.833	1.084638256
764.033	1.994357642
765.042	1.116071287
766.043	1.064
767.053	0.2038588235
768.062	2.927984111
769.063	0.5095169738
770.072	2.497278721
771.073	0.7211210191
772.074	1.874566337
773.114	3.054865135
774.302	0.3170589411
775.304	1.589801587
776.305	2.032777007
777.306	2.102114851
778.307	0.7188705882
779.312	3.289892644
780.315	2.164747253
781.317	5.009189296
782.323	2.344215784
783.333	1.472189911
784.334	2.45994006
785.342	3.10953047
786.343	2.628475524
787.372	0.3215984016
788.374	1.534305882
789.383	1.237714286
790.384	0.3187572816
791.393	0.9535366337
792.394	4.209540918
793.395	1.658410206
794.402	1.825822178
795.413	3.161900632
796.414	2.59165183
797.415	1.566533201
798.422	2.505514371
799.432	1.935159564
800.433	0.1201230769
801.442	2.442613387
802.443	0.1394823529
803.444	1.432231768
804.445	2.121014985
805.502	2.679056492
806.573	0.5906967615
807.592	0.2975067961
808.634	0.9327888999
809.635	3.204726547
810.642	3.42790864
811.644	0.3156923077
812.652	0.9183776224
813.653	0.6115764706
814.663	2.17568032
815.672	2.773079365
816.692	1.888
817.693	2.234885115
818.694	3.28445954
819.713	1.044720792
820.723	4.016975025
821.732	3.054914874
822.733	0.9653280476
823.741	0.6112871287
824.742	1.173586548
825.743	2.097855302
826.744	1.040221782
827.752	0.6150347107
828.753	1.301565907
829.762	2.516630739
830.771	1.041774289
831.772	2.831664336
832.773	0.7274285714
833.802	2.399176238
834.811	2.60206993
835.822	0.6008470588
836.823	1.998257426
837.831	2.099936508
838.842	1.142241584
839.862	1.099988107
840.952	1.311316505
842.022	3.359365079
843.023	4.407835132
844.032	2.063271287
845.033	4.165876247
846.034	0.3326117647
847.042	1.557034965
848.051	0.9905425743
849.052	0.3159961501
850.061	2.249704658
851.071	2.325066933
