0.0	2.672207792
1.001	0.9074445554
2.019	0.8922907662
3.027	5.164947053
4.029	3.086820416
5.098	2.669540918
6.099	5.301780439
7.1	4.268435564
8.101	0.2951928072
9.102	4.810283433
10.108	4.161644269
11.109	2.49219802
12.11	1.540186323
13.129	2.650997027
14.13	3.72215873
15.149	2.173508982
16.15	5.178227948
17.151	4.961443137
18.153	2.326011215
19.156	5.17588012
20.158	3.65973439
21.159	4.8432364
22.16	2.366857143
23.161	4.012966068
24.162	4.738557443
25.163	1.430499579
26.166	5.498379242
27.169	1.040221782
28.181	1.831223762
29.183	5.252411588
30.184	3.262593407
31.188	5.471072927
32.227	2.156207585
33.228	4.240175824
34.23	4.733828343
35.231	5.146183976
36.232	1.787881188
37.233	3.550982107
38.236	1.462066798
39.238	3.699916084
40.239	5.46013986
41.241	0.5365
42.242	4.743096903
43.248	1.684517647
44.249	4.979084915
45.25	2.153814186
46.252	1.850222222
47.258	5.197746254
48.259	0.3439290894
49.261	4.130222222
50.262	4.444928571
51.263	4.657601586
52.264	5.307076923
53.269	2.908195804
54.278	4.412638256
55.279	4.885226773
56.298	3.630852621
57.299	5.197746254
58.3	4.589003745
59.301	5.115270936
60.347	4.432431568
61.348	4.546301698
62.349	4.71800396
63.35	4.524435564
64.351	5.405474525
65.378	0.7088158416
66.379	3.385219802
67.38	1.190964706
68.381	5.252411588
69.389	1.946561265
70.438	4.959873016
71.449	4.49802997
72.459	4.651092907
73.461	5.438474677
74.462	5.077482517
75.497	4.455936508
76.498	4.402205365
77.499	0.6324152791
78.5	2.119548067
79.501	3.452995005
80.508	4.386255238
81.509	1.256934653
82.578	1.047481555
83.58	3.482248262
84.581	5.755332667
85.582	2.624623077
86.588	2.459325843
87.67	3.908279441
88.671	4.928959041
89.672	5.158553447
90.678	4.705596806
91.679	1.987421782
92.689	2.002201835
93.699	2.680463074
94.7	2.46447952
95.701	2.277740337
96.708	4.646348953
97.718	3.92951049
98.738	2.601946375
99.862	5.46013986
100.918	4.64015984
101.919	4.743096903
102.92	1.394823529
103.927	5.285210789
104.928	2.284507937
105.929	4.764963037
106.93	5.094259481
107.977	1.24583317
108.978	4.301049756
109.979	3.96230969
110.98	1.532324752
111.982	2.919128871
112.983	4.808767233
113.988	2.147420579
114.997	1.75383017
115.999	4.476163836
117.002	5.105432381
118.003	5.044683317
119.005	4.414918489
120.007	4.385022977
121.029	3.137229587
122.037	5.459886364
123.038	3.02845954
124.047	5.131560878
125.048	2.789259406
126.049	2.206147203
127.051	2.547404595
128.053	4.390079703
129.217	4.692934579
130.268	4.775896104
131.297	5.241478521
132.299	4.858506986
133.301	4.651092907
134.304	4.685489894
135.305	3.295392607
136.307	2.152111001
137.308	3.001079365
138.318	2.264649505
139.332	5.060155844
140.347	2.34499802
141.348	1.705558442
142.357	0.564011893
143.358	4.530842315
144.359	2.20847952
145.437	1.55399604
146.447	2.827365079
147.457	0.4725574092
148.459	1.885026973
149.46	2.629328048
150.461	2.230345654
151.478	5.181636727
152.488	4.935352647
153.498	0.6437647059
154.499	4.815088911
155.538	4.516625743
156.539	4.826021978
157.547	4.983624376
158.548	0.108773444
159.55	4.013687129
160.557	5.100091725
161.558	5.416407592
162.559	4.859876923
163.568	1.516166337
164.569	4.150462745
165.57	5.252411588
166.571	0.2822857143
167.606	0.9880745829
168.617	2.578883168
169.618	2.206319128
170.627	5.438273726
171.637	5.363689892
172.638	1.007576885
173.639	4.273742574
174.647	5.197746254
175.648	3.131396603
176.649	4.662105055
177.651	0.816363996
178.653	1.913466799
179.697	5.14373679
180.707	3.148723277
181.708	0.6551364082
182.709	5.285210789
183.756	2.32234965
184.757	3.861988119
185.758	5.383608392
186.759	4.84169505
187.767	4.513502498
188.768	2.755132867
189.769	2.242978218
190.77	5.438273726
191.847	5.350809191
192.858	4.394152134
193.867	0.5206263627
194.877	2.363720559
195.927	4.388854291
196.928	4.771356643
197.936	5.19366998
198.937	4.590033966
199.939	4.832411474
200.94	4.421498502
201.941	2.426831505
202.942	2.046452867
203.946	5.0648577
204.956	4.974678607
205.976	2.025133733
206.977	5.263344655
207.978	5.17588012
208.98	1.760223776
210.096	5.022817183
211.106	4.767241107
212.108	1.515641905
213.117	4.476163836
214.118	3.371924076
215.12	2.372014545
216.122	2.383841584
217.124	2.547404595
218.125	2.412400396
219.137	1.213592079
220.138	1.770708911
221.207	4.811614815
222.208	3.080135055
223.276	4.600967033
224.277	4.687000961
225.295	2.245818182
226.326	3.96230969
227.357	4.618293706
228.358	4.373397206
229.359	5.10092549
230.36	4.202837163
231.363	3.885778222
232.364	1.105129412
233.377	5.208679321
234.457	0.8965114885
235.458	2.362170297
236.459	1.274280224
237.46	4.896151848
238.475	4.204565776
239.476	1.7872895
240.661	5.106605395
241.676	5.465663366
242.677	4.371372627
243.695	4.096316518
244.697	0.5462811881
245.698	4.836955045
246.716	5.110281718
247.717	4.907092907
248.775	4.817431412
249.776	2.66
250.815	2.570001978
251.826	4.477217391
252.887	2.223952048
253.888	0.1262769231
254.889	5.558513487
255.896	4.672959041
256.917	3.623827282
257.918	3.251111984
258.919	4.350135922
259.923	4.262616302
260.925	5.230545455
261.935	4.546301698
262.936	4.038841159
263.937	4.398823305
264.945	4.78228971
265.946	4.618219561
266.956	2.564249752
267.957	4.262041958
268.966	4.016460653
269.986	5.208679321
270.996	3.765587302
271.998	2.520864222
272.999	2.213018981
274.0	2.003289421
275.002	4.989572854
276.003	4.934962076
277.005	3.475798131
278.006	5.166776564
279.017	1.108779221
280.106	4.793222777
281.107	4.971722772
282.474	5.536671329
283.476	2.251722479
284.477	4.764663356
285.486	5.648818898
286.506	1.49783017
287.507	2.297156436
288.508	5.088415584
289.515	1.18237182
290.516	2.394341658
291.517	0.9949090909
292.525	5.356391218
293.526	1.529339941
294.577	5.563936128
295.578	2.251912698
296.586	4.707554724
297.595	2.661274725
298.596	4.318786427
299.598	3.504528155
300.624	4.312167832
301.625	4.069858268
302.626	4.957210789
303.627	4.786829171
304.634	2.733266733
305.636	4.727624376
306.637	1.125792285
307.639	1.509159248
308.655	4.563985965
309.656	5.285210789
310.665	5.307076923
311.666	3.67516501
312.675	3.371924076
313.676	5.394541459
314.677	0.4993864078
315.745	4.696332673
316.746	4.710297702
317.755	2.449795432
318.756	4.137238761
319.765	5.449206793
320.774	2.41874331
321.775	2.555784431
322.776	0.4041516035
323.785	4.661908184
324.795	3.892822355
325.796	1.89596004
326.804	2.595676324
327.805	4.771356643
328.814	3.850476534
329.815	1.313714286
330.816	2.61039521
331.824	2.325629336
332.825	4.916444444
333.826	4.531936508
334.844	3.150115768
335.855	5.060155844
336.856	4.640063872
337.857	4.494954455
338.885	3.122065282
339.905	5.416518445
340.906	2.802233962
341.908	4.759479803
342.91	2.453546454
343.935	0.773829703
344.936	0.6507829534
345.937	4.775685845
346.938	3.215032706
347.965	5.103888112
348.985	5.296143856
350.005	5.055616384
351.006	4.045227062
352.007	5.121214785
353.149	5.14762038
354.15	1.811345887
355.165	4.672959041
356.166	2.741417822
357.168	4.223746283
358.254	0.4975148783
359.255	0.4699663699
360.256	4.093589693
361.264	2.249964072
362.276	1.013019608
363.278	3.315936508
364.326	4.519896104
365.345	4.749285429
366.346	4.716518962
367.348	4.065246753
368.354	5.154013986
369.355	4.947976143
370.383	4.415104895
371.384	2.665005988
372.423	4.239614711
373.425	4.786829171
374.437	5.110273726
375.444	4.491636364
376.445	5.077482517
377.447	3.495968627
378.454	4.316699301
379.455	1.640681188
380.463	2.957650794
381.464	0.6826455446
382.504	4.002043912
383.505	0.5338536585
384.506	2.330248262
385.514	4.536721569
386.516	2.398881119
387.517	4.57080396
388.518	2.562877123
389.523	4.953306773
390.643	0.9273650794
391.645	5.08863745
392.646	2.64839604
393.647	5.158553447
394.648	1.902628345
395.673	5.022339321
396.684	1.983424575
397.685	4.48215873
398.687	4.904461233
399.691	5.061359606
400.693	0.3019184466
401.694	5.031871819
402.773	3.412247505
403.774	3.666915958
404.784	5.077482517
405.804	4.63703214
406.805	5.842057827
407.806	4.796271921
408.814	1.223152941
409.823	1.600767233
410.824	2.477478692
411.825	4.601595238
412.826	2.453546454
413.827	2.555936508
414.833	3.366043738
415.914	0.9389513823
416.915	3.801473267
417.923	3.732715285
418.924	4.972691309
419.925	1.349306693
420.926	4.032447552
421.927	0.6179900892
422.933	3.667984032
424.113	3.649743191
425.184	4.741680831
426.185	4.239767216
427.193	4.953534466
428.194	2.171599214
429.224	1.522714571
430.234	4.08274331
431.235	4.595288977
432.236	2.130030769
433.243	4.3559001
434.244	0.257536
435.245	4.585453094
436.246	2.678601399
437.333	3.895873016
438.334	0.3684118812
439.342	0.2209846154
440.353	3.580059583
441.443	2.903365079
442.444	0.9773346418
443.453	1.257302697
444.454	3.892956863
445.455	4.546301698
446.457	0.3362378593
447.459	4.810833487
448.464	2.616571429
449.465	4.295413861
450.474	1.619009901
451.475	2.628475524
452.477	4.570085028
453.515	5.427340659
454.516	4.519693817
455.522	5.350809191
456.523	5.055616384
457.542	5.077490509
458.543	5.117653122
459.544	5.416848365
460.553	5.044683317
461.554	5.154013986
462.555	4.485537856
463.563	2.748715285
464.564	5.011884116
465.565	1.672
466.573	3.601932673
467.574	4.88639681
468.575	3.208672601
469.576	4.801057337
470.635	4.087112887
471.636	4.454387226
472.637	1.846558416
473.64	3.787388611
474.642	4.458837163
475.643	2.409814186
476.644	3.175120879
477.646	5.044683317
478.652	4.436971029
479.653	0.2020758017
480.654	4.479912176
481.655	4.979084915
482.672	1.970522954
483.742	1.289441584
484.743	5.290858283
485.832	3.738290196
486.842	4.775896104
487.843	2.578883168
488.889	3.973242757
489.89	0.505440796
490.892	0.3792475248
491.907	4.978650699
492.91	3.740713858
493.923	1.664702595
494.926	5.143080919
495.932	4.766065411
496.933	1.772090285
497.944	4.524435564
498.945	3.233520792
499.946	2.482503401
500.966	2.647696607
502.052	4.176015702
503.053	4.021514486
504.062	2.20847952
505.063	4.629565907
506.072	0.4739527559
507.073	4.356095808
508.074	0.4442613861
509.076	2.547769841
510.078	5.3951556
511.082	4.016975025
512.092	4.651092907
513.094	1.772463826
514.096	4.399632368
515.098	0.7931988247
516.1	4.093305893
517.113	5.197746254
518.115	5.471072927
519.116	2.770757243
520.142	2.453546454
521.144	3.876187202
522.146	1.652329412
523.147	5.125754246
524.148	4.551913641
525.163	3.798313686
526.164	1.831223762
527.172	3.847111111
528.181	4.012405567
529.191	3.868258937
530.193	2.203984314
531.194	4.614216056
532.195	4.600975025
533.196	4.272975025
534.198	5.127025948
535.272	5.580403596
536.273	4.585494505
537.274	2.672207792
538.275	2.714990792
539.276	4.342812854
540.278	3.146319846
541.279	4.844302789
542.292	5.426459082
543.293	4.775896104
544.312	4.21830969
545.322	4.395301587
546.323	4.323857708
547.324	5.020507937
548.332	4.683892108
549.393	1.247333994
550.394	4.808695305
551.402	0.5634534653
552.403	3.96230969
553.404	2.726873127
554.442	5.041367793
555.443	3.770053946
556.445	2.672207792
557.446	0.6871445545
558.452	1.998257426
559.454	2.338793651
560.462	4.557234765
561.463	4.444912801
562.464	3.928203636
563.465	2.202085914
564.481	4.524435564
565.483	4.44346507
566.491	2.398881119
567.493	2.14591453
568.495	1.624960561
569.497	2.778423762
570.502	4.433228377
571.512	5.518056365
572.513	4.53008143
573.514	2.945534466
574.515	5.285210789
575.516	4.6119001
576.517	2.733266733
577.521	5.263344655
578.522	0.4162534653
579.523	3.835652348
580.524	5.221613479
581.525	2.64017443
582.531	1.130645355
583.551	4.836662675
584.552	4.180971029
585.562	4.846493558
586.563	2.617542458
587.565	4.790911619
588.568	4.59817348
589.57	0.3033980198
590.62	5.055616384
591.621	4.591840319
592.622	1.668689109
593.623	4.501906468
594.624	0.7255232443
595.672	2.714371541
596.674	0.6393029703
597.681	4.403028681
598.682	3.476872299
599.711	4.935352647
600.713	4.480703297
601.791	1.567968032
602.792	4.519896104
603.793	4.874293706
604.801	2.230345654
605.802	4.700897308
606.811	5.400649505
607.83	5.07241517
608.832	3.087776923
609.891	1.775696304
610.892	3.809246753
611.93	4.27160381
612.931	4.794576271
613.933	4.508963037
614.934	0.2575058824
615.941	2.103688312
616.942	4.738557443
617.943	4.640071856
618.951	4.72718335
619.952	4.969733598
620.991	4.421498502
621.992	1.453415263
622.993	4.301234765
623.995	4.488610687
625.0	1.635592308
626.011	2.691738614
627.012	2.492739261
628.014	0.671809901
629.015	1.775696304
630.07	4.99666601
631.071	4.622833167
632.072	2.476449751
633.074	5.127025948
634.075	2.046978044
635.08	4.41551145
636.12	4.895877863
637.121	4.913486513
638.131	5.64600999
639.141	3.128271457
640.142	2.451097804
641.143	5.123304866
642.144	4.235636364
643.146	4.436971029
644.15	2.558337662
645.151	2.541034965
646.161	1.923267823
647.24	3.460512413
648.241	2.989266733
649.271	2.532096475
650.272	1.481079365
651.274	5.124684471
652.42	4.919123181
653.421	5.274277722
654.422	3.96230969
655.431	5.361962114
656.479	5.060155844
657.48	4.886536103
658.51	4.92441958
659.511	2.336475719
660.58	2.520864222
661.581	5.166764356
662.631	3.595124875
663.633	4.089694291
664.634	5.328943057
665.64	4.918025974
666.641	5.011884116
667.642	4.422159769
668.644	2.7441998
669.651	4.644699301
670.699	2.284507937
671.7	3.710849151
672.701	2.03355045
673.731	0.6357510373
674.732	4.332886275
675.79	2.578883168
676.832	1.266070588
677.87	2.561710891
678.871	5.219612388
679.929	5.016423576
680.931	3.011132867
681.94	2.851674074
682.941	4.574561439
683.942	2.866285714
684.95	4.84758483
685.951	5.498379242
686.971	2.846694527
688.0	2.372475524
689.009	5.17310099
690.01	4.819628372
691.011	4.37560199
692.012	5.197746254
693.013	4.863366337
694.016	3.868451548
695.017	3.324298039
696.019	5.000951049
697.02	0.5261538462
698.03	3.878316183
699.051	4.393246753
700.059	5.411001996
701.06	1.303485658
702.099	3.660425366
703.11	2.900487612
704.21	1.828507937
705.211	2.694406343
706.319	4.74599801
707.36	2.092755245
708.361	2.409814186
709.363	4.480703297
710.379	5.32362475
711.381	4.538250497
712.382	4.808695305
713.383	0.808303207
714.384	1.913466799
715.385	5.116103792
716.387	4.629226773
717.388	1.780571429
718.39	4.944507937
719.391	1.732530973
720.4	5.263344655
721.401	2.323428571
722.41	2.219412587
723.411	2.325629336
724.413	5.285210789
725.414	4.711984032
726.416	5.344407592
727.649	3.608181501
728.65	2.333282717
729.651	2.191152847
730.652	3.094057942
731.66	4.81612749
732.661	1.532324752
733.662	4.836955045
734.709	4.64015984
735.72	2.812558491
736.778	5.569470529
737.779	5.071088911
738.82	4.89162038
739.83	4.142950298
740.899	4.655960278
741.9	5.197746254
742.901	5.367313373
743.903	2.479936508
744.904	0.4442613861
745.905	2.134355289
746.939	5.045035857
747.94	2.398881119
748.942	4.607873142
749.943	5.103888112
750.949	4.78228971
751.95	0.5965510406
753.001	4.990017982
754.004	4.163179386
755.099	4.643371769
756.1	2.225805941
757.101	4.049774226
758.102	4.744174257
759.109	5.032237624
760.149	2.238367027
761.15	4.913486513
762.151	5.345469062
763.152	2.94259481
764.153	1.926222222
765.159	4.727624376
766.189	1.415715888
767.228	0.2613981415
768.229	2.793056604
769.279	5.053908911
770.289	2.256751249
771.29	2.299433102
772.291	2.958751148
773.292	5.307076923
774.319	5.438273726
775.32	4.830585415
776.321	4.416249027
777.322	1.983424575
778.323	1.857394059
779.326	5.125754246
780.332	4.668324752
781.339	5.00206883
782.34	3.044207407
783.341	2.584743257
784.342	4.869754246
785.482	2.973794206
786.485	3.076731269
787.489	2.978333666
788.492	4.213887685
789.498	4.530842315
790.499	4.377930487
791.502	0.3041097077
792.504	2.385978239
793.506	2.234885115
794.509	0.7693306931
795.518	2.328743257
796.528	4.880687313
797.538	0.1452185954
798.549	5.503872128
799.55	5.252411588
800.552	2.407409182
801.553	1.885026973
802.568	3.885778222
803.569	4.816398804
804.57	5.241478521
805.578	3.768198216
806.579	3.794522954
807.58	4.84758483
808.582	5.17588012
809.589	4.858821179
810.59	1.931294118
811.597	4.662025974
812.598	4.432431568
813.678	5.060155844
814.679	4.815548515
815.68	5.083337325
816.682	4.530059642
817.688	5.087470302
818.698	4.618219561
819.699	2.353665015
820.7	4.863360639
821.728	4.341015873
822.73	5.646001998
823.738	0.3581672727
824.739	4.946285714
825.748	4.546301698
826.768	2.442613387
827.769	5.273708885
828.77	2.778423762
829.772	5.164947053
830.778	4.023888224
831.78	2.49166634
832.781	5.143080919
833.788	4.927301587
834.789	3.707145709
835.79	0.2762563107
836.791	4.889902874
837.798	4.434146527
838.799	1.915912176
839.8	4.752366169
840.807	1.377566434
841.817	5.170089731
842.827	1.229042957
843.828	2.889641229
844.837	1.468741328
845.847	4.148566866
846.848	4.705180583
847.849	1.009554465
848.857	4.579873016
849.858	4.076664979
850.867	2.541010989
851.868	2.817898305
852.877	4.705758242
853.887	3.032999001
854.897	5.383608392
855.898	2.011076313
856.899	5.04050996
857.987	5.148870259
858.999	1.972087129
860.007	4.629226773
861.067	4.174577423
862.087	2.43168032
863.336	4.964207171
864.337	1.839526627
865.347	1.898856578
866.348	5.103888112
867.357	4.169362849
868.358	5.465625498
869.366	4.158881553
870.436	4.568167832
871.437	0.984875097
872.446	4.922980392
873.447	5.263344655
874.457	2.713229541
875.468	3.503120879
876.477	4.375048951
877.478	4.600967033
878.479	1.704571429
879.487	0.411347181
880.488	4.273431907
881.506	5.14762038
882.517	3.002999011
883.518	2.529714286
884.526	2.847136863
885.537	5.733466533
886.546	3.451485224
887.547	4.345129225
888.548	2.580210526
889.556	4.650986028
890.566	2.107419608
891.567	4.436971029
892.586	1.987421782
893.597	3.913870647
894.598	4.990017982
895.616	4.126191033
896.617	2.740507937
897.626	3.01979782
898.628	4.968151848
899.636	4.421498502
900.637	2.626724752
901.646	2.303936571
902.647	1.261433663
903.649	4.797762238
904.657	4.513502498
905.667	0.1126919682
906.676	4.159104895
907.677	4.958245264
908.696	2.047936634
909.697	5.077482517
910.698	2.121014985
911.706	4.750510891
912.716	3.892814371
913.726	5.624135864
914.728	4.502569431
915.736	2.836203796
916.737	5.580403596
917.746	4.78228971
918.756	4.45353907
919.766	4.699364635
920.767	4.455342256
921.768	4.795673956
922.776	2.542556987
923.836	0.327992008
924.837	1.888031652
925.846	4.683892108
926.847	3.966849151
927.856	1.482550149
928.857	5.118222222
929.858	0.2420307692
930.866	2.549397206
931.876	0.365157998
932.886	5.197093812
933.896	4.765845545
934.897	3.868451548
935.906	2.618481665
936.907	4.786829171
937.908	4.388854291
938.909	5.307076923
939.916	4.294841159
940.917	4.547301587
942.026	1.563428571
943.027	1.89596004
944.028	2.705030969
945.029	4.869754246
946.03	1.786629371
947.035	4.632823869
948.036	1.863730693
949.047	5.274277722
950.055	0.6652235294
951.066	4.421498502
952.067	4.864559223
953.085	4.679217565
954.086	4.957218781
955.176	4.788439122
956.178	4.473830574
957.195	2.318827723
958.206	5.000951049
959.216	2.223952048
960.217	3.907644356
961.226	4.826021978
962.235	5.471072927
963.305	1.447704296
964.306	4.371434224
965.307	4.769690802
966.316	2.759484638
967.326	4.482097319
968.345	4.032447552
969.346	2.616571429
970.347	3.412247505
971.385	5.164795205
972.386	2.83017279
973.436	0.6645719882
974.437	4.598811881
975.445	5.274277722
976.446	0.5087372549
977.465	2.737791873
978.475	5.000951049
979.495	5.134003724
980.515	5.060155844
981.525	5.132147852
982.545	2.358821218
983.565	5.265408506
984.575	4.629226773
985.605	0.9949090909
986.635	2.127696909
987.645	4.918025974
988.646	4.651092907
989.655	4.913486513
990.675	5.183936634
991.715	5.170017324
992.716	4.886738523
993.717	5.350809191
994.725	5.121214785
995.726	4.748876115
996.727	4.304887144
997.735	4.32397346
998.736	4.388854291
999.737	5.394541459
1000.738	4.76659481
1001.746	2.20847952
1002.747	2.828838323
1003.756	5.252411588
1004.767	4.670853911
1005.845	2.508
1006.856	4.00811002
1007.865	0.6223058824
1008.866	1.097846154
1009.966	4.629226773
1010.967	2.890869131
1011.968	5.03375025
1012.975	1.717132075
1014.065	4.377766234
1016.234	4.610735586
1017.315	5.558513487
1018.325	4.815088911
1019.335	1.78208991
1020.345	4.18551049
1021.355	4.519938931
1022.364	5.048071358
1023.505	4.089536634
1024.506	4.115372627
1025.515	1.863160839
1026.516	1.343619802
1027.524	3.835652348
1028.525	2.158353646
1029.534	1.168458834
1030.545	1.699164835
1031.555	5.194772277
1032.557	4.508345581
1033.564	5.481918731
1034.574	2.852370887
1035.576	5.077482517
1036.584	4.947655431
1037.585	0.6974117647
1038.605	4.049774226
1039.614	3.175128871
1040.615	2.197650794
1041.616	2.190969277
1042.625	4.826021978
1043.634	4.290301698
1044.644	4.68379782
1045.654	5.154013986
1046.655	4.84758483
1047.665	5.043427443
1048.674	5.541375494
1049.684	5.001593688
1050.694	5.011417166
1051.704	5.044683317
1052.705	1.639428571
1053.706	1.399432567
1054.714	5.03375025
1055.715	1.530629371
1056.724	4.618293706
1057.725	2.387948052
1058.726	4.950453915
1059.734	5.416407592
1060.735	5.514805195
1061.745	3.094198198
1062.754	2.425650794
1063.764	2.519296703
1064.784	4.301234765
1065.785	4.727632368
1066.794	2.08346988
1067.874	5.509153082
1068.994	4.864894212
1070.004	1.145266136
1071.014	4.127968222
1072.016	4.160971429
1073.024	2.162933598
1074.025	2.005298701
1075.034	3.059570495
1076.036	5.225325349
1077.084	4.21740337
1078.086	4.705596806
1079.104	4.902171657
1080.105	5.492939061
1081.204	3.765514486
1082.205	5.110281718
1083.206	2.705006993
1084.215	0.9653280476
1085.216	0.2231300971
1086.224	1.621731109
1087.234	1.041045545
1088.235	4.950825175
1089.236	4.840738828
1090.238	4.968151848
1091.243	4.814818363
1092.244	4.432431568
1093.254	2.719624376
1094.264	2.68355996
1095.283	5.46013986
1096.294	3.522466055
1097.313	3.021495539
1098.323	2.414793651
1099.333	0.5466533467
1100.343	5.000975025
1101.351	1.744538614
1102.354	3.328343656
1103.364	5.328943057
1104.453	4.51992016
1105.454	4.574530938
1106.463	3.477780439
1107.475	4.319301587
1108.483	4.224703297
1109.493	0.4180372184
1110.494	5.232436075
1111.504	3.192455544
1112.506	4.639235912
1113.513	3.80544511
1114.514	5.165559322
1115.515	5.238114851
1116.523	0.2494667988
1117.524	2.149714286
1118.533	3.504411881
1119.535	4.487561437
1120.543	2.027960239
1121.545	4.651068931
1122.546	1.647017822
1123.553	3.371924076
1124.563	2.761221374
1125.564	4.983624376
1126.573	4.371372627
1127.583	4.660496524
1128.584	0.3078970297
1129.593	3.885778222
1130.6	3.541375246
1131.603	4.70936381
1132.633	4.612444444
1133.663	1.727366337
1134.714	4.727624376
1135.722	1.089342231
1136.733	4.137238761
1137.763	4.727624376
1138.792	4.541764471
1139.803	5.29230099
1140.823	4.655632368
1141.833	4.841494505
1142.853	4.930413926
1143.893	5.124684471
1144.923	2.746147705
1145.933	4.364749257
1146.955	4.582654726
1147.963	4.600967033
1148.965	4.568167832
1149.994	2.410285714
1151.034	3.579652348
1152.035	3.671656344
1153.043	3.00976378
1154.044	3.435365079
1157.443	4.644015686
1158.613	5.066549451
1159.622	2.387948052
1160.623	4.143691089
1161.632	5.066549451
1162.633	3.538448399
1163.664	4.913117764
1164.673	2.385978239
1165.675	5.28332549
1166.743	0.4373434824
1167.763	4.88155142
1168.764	5.482005994
1169.772	5.378235529
1170.773	5.46013986
1171.852	1.900736634
1172.862	4.815088911
1173.872	1.88212549
1174.883	3.759120879
1175.884	3.880507937
1176.886	0.9816507937
1177.893	3.961248335
1178.894	5.066549451
1179.895	2.576332344
1180.896	2.683140859
1181.903	4.697324602
1182.904	5.449125241
1183.913	2.623936064
1184.932	3.925922453
1185.934	5.110281718
1186.942	4.579100899
1187.943	2.925714286
1188.945	3.371924076
1189.962	4.753886722
1190.963	4.527491819
1191.964	2.321125867
1192.982	2.759824176
1193.983	2.166823529
1194.992	4.792974052
1195.995	4.257126546
1197.002	2.088215784
1198.003	4.608948148
1199.032	0.8965114885
1200.112	4.651092907
1201.113	4.852427572
1202.114	4.87688845
1203.115	5.066549451
1204.122	5.140522772
1205.123	4.994557443
1206.124	1.874566337
1207.133	2.059956044
1208.142	4.420113866
1209.182	5.110281718
1210.183	2.64017443
1211.192	5.092955045
1212.193	1.365312377
1213.195	4.92441958
1214.197	4.524435564
1215.202	4.86698709
1216.203	2.175936508
1217.204	2.125554446
1218.212	5.427340659
1219.214	2.24522314
1220.215	1.742897103
1221.301	1.933189401
1222.312	5.035873016
1223.313	2.245818182
1224.314	0.8175298805
1225.322	4.338573427
1226.372	5.279936128
1227.381	2.293090188
1228.382	4.941349301
1229.392	3.098994059
1230.395	4.64015984
1231.402	4.814794411
1232.442	4.771356643
1233.443	2.541010989
1234.444	5.103325671
1235.452	1.066392079
1236.453	4.423034347
1237.454	2.128285149
1238.471	3.098994059
1239.472	0.2035955783
1240.591	4.440776238
1241.592	3.287849505
1242.611	1.775696304
1243.612	3.991097804
1244.613	0.2762563107
1245.629	2.074106931
1246.632	3.459388611
1247.692	2.518368317
1248.702	4.081169231
1249.711	1.475108028
1250.712	5.069564547
1251.714	1.419469307
1252.732	2.776353982
1253.752	4.816552813
1254.762	1.214794846
1255.763	0.4979465875
1256.764	1.715428571
1257.773	2.46447952
1258.774	3.238718408
1259.782	3.941016553
1260.783	1.661870403
1261.893	2.344215784
1262.973	4.180971029
1264.031	5.109716567
1265.041	5.110281718
1266.042	5.324507937
1267.112	3.546853147
1268.114	5.071088911
1269.116	2.035086053
1270.121	4.516598612
1271.122	4.710297702
1272.132	2.43168032
1273.133	2.550875248
1274.143	1.410664024
1275.151	3.580261386
1276.152	2.645802198
1277.161	2.18021978
1278.201	1.848388503
1279.211	2.343466667
1280.221	4.521102081
1281.241	5.000951049
1282.251	3.521217264
1283.261	2.401554014
1284.271	4.019876371
1285.281	4.650986028
1286.301	4.530829171
1287.321	1.377819608
1288.341	1.987421782
1289.35	4.318786427
1290.351	5.099348651
1291.359	4.78228971
1292.501	2.188965243
1293.502	1.583367589
1294.551	5.154013986
1295.552	1.673169231
1296.571	4.130003683
1297.592	2.634869131
1298.6	2.434093162
1299.621	4.907092907
1300.641	3.10656888
1301.651	4.903688933
1302.66	3.323496531
1303.671	4.597026759
1304.7	1.742897103
1305.74	2.787932068
1306.741	2.803404595
1307.75	2.653650794
1308.771	4.054222222
1309.79	4.89615984
1310.811	4.551817279
1313.582	5.313828571
1314.631	4.421498502
1315.641	5.298227048
1316.66	4.115614931
1317.681	0.4125770363
1318.711	3.346706587
1319.721	4.818722222
1320.75	1.93255619
1321.76	2.466481665
1325.469	4.699455809
1326.47	5.258091816
1327.481	1.358954455
1328.59	1.635446154
1329.609	3.977782218
1330.619	4.618719524
1331.629	1.608174257
1332.63	3.011132867
1333.919	4.847888112
1334.929	2.61801393
1335.969	4.78228971
1336.97	2.233937444
1337.989	4.815088911
1338.99	0.9229170829
1339.999	1.954914851
1341.011	2.213049541
1342.019	5.339876124
1343.029	5.011884116
1344.069	2.508211788
1345.072	4.743096903
1346.261	5.21954046
1347.279	4.502569431
1348.289	5.109716567
1349.299	2.069418073
1350.38	4.813168459
1351.381	3.023940741
1352.389	4.558405498
1353.391	5.361742258
1354.399	5.449206793
1355.4	3.874845155
1356.409	5.03375025
1357.419	4.449587302
1358.439	2.284507937
1359.449	1.837623131
1360.45	2.295365079
1361.459	5.161650794
1362.461	2.562877123
1363.469	5.197746254
1364.47	3.437522478
1365.479	1.488031434
1366.48	0.2946461538
1367.489	5.259365079
1368.49	4.78228971
1369.491	0.8298060725
1370.5	4.793222777
1371.589	5.252411588
1372.591	2.092114061
1373.592	2.798865135
1374.598	2.530762367
1375.608	3.982730159
1376.618	4.115372627
1377.619	0.6693902913
1378.824	5.324507937
1379.838	2.622225743
1380.878	3.944983017
1381.879	4.762039216
1382.898	4.599387033
1384.139	2.599365079
1385.538	0.6330352941
1386.548	4.624606786
1387.549	4.677498501
1388.558	4.535368631
1389.569	4.042964389
1390.578	4.624982178
1391.603	4.830413471
1392.608	1.972491508
1393.618	2.333282717
1394.619	4.268435564
1395.639	0.6268893204
1396.649	0.6609742574
1397.668	2.32234965
1398.684	2.194926297
1399.688	4.618293706
1400.698	5.121214785
1401.718	4.733228346
1402.739	4.830561439
1403.749	5.274277722
1404.758	4.388699301
1405.858	3.824719281
1406.869	4.6119001
1407.878	1.490875472
1409.009	4.35261657
1410.018	4.646451098
1411.029	2.398881119
1412.038	5.438273726
1413.288	5.077482517
