0.0	0.5245691542
1.009	2.347441509
2.2	1.685970268
3.289	5.751330677
4.31	1.86369697
5.379	1.021607921
6.52	0.8418461538
7.539	2.900928571
8.599	0.8905411765
9.8	2.024967033
10.809	2.582689346
11.81	2.065038652
12.969	0.7476594059
13.97	1.254795613
15.119	0.1824
16.13	1.50737561
17.131	0.4762967359
18.27	0.6313846154
19.271	2.052192481
20.28	1.224503496
21.439	3.209686314
22.549	0.4126272494
23.61	3.300571429
24.611	2.379172827
25.799	0.6443964671
26.889	2.100035608
28.029	1.419588412
29.03	1.102037886
30.031	2.819832335
31.04	2.792887113
32.041	5.348835165
33.11	2.155732268
34.119	1.084638256
35.12	2.352491089
36.129	2.069607921
37.139	2.784903097
38.14	0.4168125
39.149	1.843148851
40.16	3.552287712
41.161	1.140308264
42.169	0.661584466
43.179	1.6512
44.182	2.687239604
45.189	2.219412587
46.191	0.6731409052
47.199	2.962861139
48.214	3.305814846
49.349	2.294905095
50.35	1.774503704
51.359	0.5092752475
52.369	0.7259881188
53.589	0.5092752475
54.599	0.7543816184
55.609	2.607674926
56.619	1.893754386
57.62	1.845632724
58.629	2.448823762
59.639	3.079346939
60.649	2.186613387
61.659	3.870177822
62.669	2.851906455
63.67	0.3433411765
64.679	0.3178534653
65.68	1.541875124
66.689	0.9502275449
67.699	3.108411588
68.709	1.660091908
69.719	2.286683871
70.72	0.649495549
71.722	1.343612648
72.728	2.552392542
73.87	1.541058941
74.879	2.798017982
75.88	0.7584950495
76.889	1.723226693
77.908	0.9589236364
78.909	1.592839604
79.91	1.91984016
80.919	1.004857428
81.921	2.929766234
82.929	1.897730159
83.939	2.195353293
84.989	2.648708373
85.999	0.4720941176
87.009	1.013403922
88.01	0.5386772277
89.209	2.27226321
90.216	2.51345887
91.219	2.849398601
92.309	0.5171344262
93.318	1.894944444
94.319	3.228819181
95.329	1.796937685
96.339	1.044567426
97.349	1.843390099
98.368	1.838517344
99.438	1.5908
100.468	2.145457426
101.498	2.929974026
102.508	1.415384615
103.538	3.225254745
104.548	1.834857143
105.568	1.810045954
106.579	1.23725669
107.598	1.182255699
108.608	3.170589411
109.628	1.589808765
110.648	0.4376313725
111.668	0.4084274809
112.688	1.232973081
113.699	3.80129901
114.739	1.478837951
115.748	0.6243326733
116.769	2.661579661
117.779	1.89857734
118.79	1.663004822
119.929	1.061893069
120.93	2.94675
122.109	3.159656344
123.119	0.8010445104
124.128	2.650717283
125.319	0.4876039604
126.458	0.4037592233
127.468	1.659496531
128.469	0.7801663366
129.488	2.480792079
130.718	2.958049554
131.729	1.820815842
132.749	2.473676266
133.758	2.978301698
134.768	1.78254113
135.769	0.8079841112
137.009	2.083548577
138.34	2.362170297
139.349	2.132273538
140.459	0.5357202797
141.46	0.422237037
142.578	1.364450539
143.579	0.5579294118
144.588	2.973794206
145.748	2.447058358
146.838	2.492739261
147.839	2.224318557
148.84	2.393117939
149.849	2.427184158
151.019	1.558789318
152.149	2.579420394
153.159	3.114542574
154.16	1.838035644
155.168	1.390164846
156.169	1.707813677
157.17	2.418863841
158.178	0.6974117647
159.179	3.06622977
160.188	2.847396226
161.198	0.6691694747
162.209	3.254889111
163.21	1.771548452
164.228	1.586384158
165.238	2.239325397
166.248	1.964363636
167.258	2.330350148
168.259	3.035308691
169.268	2.246433566
170.269	0.7441267327
171.278	1.095484638
172.279	2.247342574
173.428	2.141698302
174.429	1.310382557
175.43	1.971659007
176.438	1.81159604
177.458	2.972554455
179.378	1.786642928
180.379	2.107548452
181.398	1.733815324
182.408	0.4462601942
183.418	1.415493571
184.438	1.893340296
185.439	2.172913675
186.508	1.224427723
187.514	2.324928239
188.518	0.7747682008
189.528	1.959207339
190.538	1.378847059
191.549	0.1716705882
192.551	0.5634534653
193.558	1.533346535
194.709	3.156107892
195.808	1.774281188
196.868	2.254323089
197.957	1.831223762
199.03	1.408633663
200.038	0.155111811
201.066	1.299128713
202.068	2.395316683
203.078	2.342818632
204.081	1.478417582
205.087	0.6444071856
206.088	1.494577778
207.099	1.563428571
208.108	2.504945455
209.11	2.817371884
210.118	2.507068931
211.119	1.608503497
212.128	0.6176316832
213.135	1.755436563
214.138	2.513535114
215.238	2.906653347
216.239	2.202203593
217.24	1.762719368
218.248	0.8659009901
219.249	2.285437037
220.268	2.355924076
221.269	0.7515273053
222.27	2.416348515
223.469	2.27054113
224.498	1.732425025
225.499	1.92421978
226.507	1.809552475
227.514	0.5686588235
228.518	1.050017804
229.527	2.20834886
230.637	0.3231496063
231.648	2.983723894
232.807	1.150078925
233.808	2.211632432
234.818	1.966131776
235.898	2.056783217
237.247	2.367865213
238.248	3.069895976
239.417	2.550618762
240.418	2.471389495
241.648	1.129334223
242.649	2.232570862
243.658	2.339428571
244.739	2.034679881
246.008	3.261528713
247.317	2.133992063
248.497	0.7997538462
249.498	1.250526733
250.517	0.4789203884
251.518	0.6361558442
252.528	0.9394488189
253.537	1.269114754
254.538	0.8243250743
255.547	0.9895366337
256.548	0.8343445545
257.549	1.526810704
258.55	2.34049901
259.557	2.661467854
260.558	0.4184470588
261.598	3.20561039
262.608	1.961774257
264.739	1.980027972
265.767	1.082492582
266.807	1.554421365
267.817	1.629026973
268.827	1.416282353
269.837	1.29954724
270.947	1.148586479
271.967	2.097053892
272.987	1.321948515
274.007	1.025390991
275.017	0.6556858238
276.027	1.168391608
277.037	1.133450549
278.038	0.921029703
279.043	1.336934653
280.047	3.185679208
281.056	2.022095879
282.057	0.7198800999
283.067	1.635233556
284.077	1.739461615
285.087	3.115924076
286.088	2.329118881
287.177	0.9656470588
288.187	0.5518076923
289.587	3.156297324
290.637	1.790639648
291.638	3.017518482
292.647	2.206153846
293.648	2.103722498
294.649	1.377566434
295.658	2.307795717
296.667	2.977945946
297.848	1.623984095
298.857	0.8971188811
299.858	1.879683168
300.867	2.066827012
301.877	2.062826561
302.888	2.634869131
303.898	0.8640550639
304.899	0.6810026293
305.9	2.54844004
306.908	0.3969882353
307.917	0.7093544554
308.927	2.4464
309.928	2.120583417
310.929	2.334353646
312.017	2.763089109
313.027	1.093069307
314.028	2.503672328
315.029	1.57112213
316.03	1.571123885
317.037	1.813077844
318.038	1.233560656
319.077	1.817222642
320.097	1.883462218
321.098	2.353121368
322.099	1.442402107
323.108	0.2198566038
324.953	2.131948052
325.957	1.344767233
326.967	1.847688312
327.968	1.254111655
329.057	2.698075248
330.058	3.802037962
331.067	2.290722222
332.077	0.9679801489
333.087	1.975608392
334.097	2.500598612
335.099	0.9699326733
336.108	1.63715122
337.109	1.117177403
338.116	1.896669323
339.127	3.098065541
340.148	2.371636364
341.157	2.34004775
342.158	2.263144855
343.159	2.960999001
344.177	0.5254827264
345.178	2.328047714
346.187	1.495287129
347.188	3.161011765
348.197	1.597829703
349.216	2.123373016
350.307	0.1138666667
351.326	1.679524752
352.327	2.904301887
353.328	2.279896104
354.486	1.311112871
355.487	2.115004995
356.497	2.526062385
357.498	2.966253968
358.537	2.639253886
359.547	1.168777007
360.556	3.07299802
361.567	1.414861629
362.568	2.673347869
363.576	0.7183366337
364.587	2.596867133
365.667	2.013898102
366.688	2.715558824
367.776	1.891420579
368.787	2.727460852
369.796	1.778708911
370.826	3.603120792
371.827	2.632300692
372.843	1.999384615
373.847	2.599143707
374.849	2.576514851
375.866	0.5559268527
376.876	1.207538767
377.886	1.924768317
378.887	1.579894826
379.896	1.839318033
380.906	0.5102177822
381.907	2.502352475
383.406	0.8659940653
384.456	2.709482517
385.686	1.831223762
386.706	1.353844946
387.726	1.144976923
388.921	1.643516484
389.946	3.387788212
390.976	2.904786042
391.996	1.966097126
392.997	1.061893069
394.167	2.428651501
395.168	2.937562316
396.176	2.153814186
397.197	1.830053412
398.417	2.052347989
399.433	2.500566898
400.436	0.29184
401.446	2.783706349
402.447	1.357476923
403.457	2.051328754
404.466	0.2155686275
405.477	1.769654689
406.496	2.605402597
407.716	0.6381538462
408.726	3.558350842
409.736	1.088415279
410.776	1.805120921
411.936	1.958194495
412.937	1.512895105
414.196	3.367488511
415.198	1.395250996
416.387	1.755374257
417.396	1.421684836
418.726	0.8198574257
419.766	1.125338222
420.826	0.7617882353
421.827	0.903009901
422.828	3.99442957
423.945	2.051746032
424.956	2.097489109
425.966	2.07947671
426.976	0.4876039604
427.977	1.7952
428.978	0.4905479723
429.986	2.164747253
430.995	1.494445986
431.996	1.480205941
433.006	2.152490104
434.018	2.448855446
435.025	0.5680633037
436.045	1.650849751
437.055	1.94890783
438.065	1.666426165
439.075	0.6759529412
440.085	2.97635964
441.096	2.569446553
442.105	0.6201338583
443.119	2.084051536
444.146	1.96600396
445.176	2.118556987
446.186	0.9880745829
447.353	1.300277228
448.355	0.8885227723
449.365	1.997714286
450.376	1.642621514
451.415	0.7477740337
452.435	1.077186813
453.436	1.116513333
454.445	2.3055427
455.456	1.933189401
456.696	2.141106046
457.716	2.087687321
458.725	2.623936064
459.896	1.002558678
460.936	0.432768932
461.945	2.459446516
462.955	2.369310824
463.965	0.4800903226
464.995	2.703690783
466.005	2.134621782
467.016	0.8776871287
468.04	2.007416583
469.045	1.802155689
470.055	1.898116947
471.065	2.862652302
472.085	2.029185068
473.145	1.367856144
474.415	0.6648065041
475.435	2.143687229
476.445	1.335873142
477.456	2.772099108
478.656	1.170249505
479.675	2.634869131
480.695	1.66770231
481.712	2.413796407
482.715	1.896229703
483.815	2.660213861
484.825	1.864769524
485.835	2.653811695
486.855	0.5955044599
487.885	3.001986526
488.905	0.9257672584
489.935	2.537182736
490.945	2.403993103
491.995	3.527184815
493.005	0.3950517073
494.021	1.884638256
495.065	2.356771229
496.085	2.011611429
497.095	0.5584769382
498.296	2.77220178
499.305	0.7331417476
500.315	1.883452547
501.316	1.094827184
502.325	2.087662857
503.335	1.673398601
504.356	2.809213082
505.535	1.552107239
506.545	0.8570776794
507.555	1.121679208
508.595	1.784559103
509.596	1.157071639
510.605	1.128023786
511.615	1.512583417
512.616	0.4506536585
513.635	2.275485149
514.636	2.132365759
515.645	2.75475808
516.646	2.451282458
517.655	0.7756427184
518.656	0.6587650485
519.775	1.259851596
520.817	0.3969882353
521.825	3.460071429
522.836	2.242447059
523.837	1.271532673
524.838	1.989818182
525.955	2.092815094
526.956	2.475380186
527.965	2.768815035
528.966	1.629169475
529.975	2.10590099
531.024	2.325735849
532.035	2.209552941
533.244	0.1609411765
534.245	2.252211788
535.282	1.183360639
536.284	1.720007992
537.285	2.907508492
538.295	2.544380575
539.315	0.9976712871
540.324	1.547964392
541.395	1.802962376
542.405	0.5855252918
543.414	1.171044955
544.415	2.387261905
545.425	2.038569745
546.426	0.4767683168
547.444	1.366633367
548.454	1.68943214
549.464	2.208175824
550.605	3.503704296
551.815	0.6918068481
552.834	2.85353047
553.835	1.599764706
554.854	1.652272997
555.855	2.805542121
556.944	0.845180198
557.955	3.214321678
559.064	1.364003956
560.065	1.158267062
561.155	1.892095049
562.204	1.261165714
563.205	2.219633875
564.224	3.377390609
565.225	1.413154845
566.234	0.9478630631
567.237	1.927772326
568.244	0.6313846154
569.245	1.848301887
570.254	2.574433566
571.255	2.432369352
572.265	2.076918812
573.277	2.722994012
574.354	0.6220176298
575.364	3.201094905
576.404	1.61994897
577.484	0.8991327103
578.495	0.6347485149
579.664	2.017982018
580.674	2.36397225
581.675	0.4776123885
582.694	0.912
583.301	0.8332230769
