0.0	1.767960357
1.318	3.252643357
2.549	0.6330352941
3.559	1.642965312
4.739	0.236976378
5.839	3.139156843
6.849	1.131841584
7.859	1.289441584
8.86	1.830401598
9.979	2.418825904
10.989	1.158905095
11.999	1.269026759
13.019	0.7484003964
14.02	1.994666667
15.149	1.524671889
16.15	0.8417793223
17.16	1.563428571
18.169	1.708839604
19.18	4.78611276
20.189	0.9968579824
21.359	1.54599001
22.379	3.193798202
23.389	1.694625375
24.4	1.844411588
25.44	1.217029703
26.46	0.1332227232
27.49	0.5788742515
28.492	1.917908911
29.649	1.919809713
30.66	1.563127459
31.67	0.3956580959
32.679	3.374001998
33.719	1.640427723
34.909	1.465030969
36.012	1.661826174
37.17	1.316278261
38.339	1.987060743
39.34	1.551381566
40.37	2.553582418
41.372	1.073607767
42.38	1.852876115
43.39	3.392511489
44.469	2.103776224
45.47	0.8798117647
46.479	3.7996004
47.48	1.539873926
48.481	1.891076313
49.489	2.405274725
50.67	1.418942857
51.809	2.152587302
52.81	6.187357143
53.82	3.859920792
55.009	2.173410589
56.013	1.704571429
57.02	1.912329049
58.03	0.8560158416
59.2	0.2856927277
60.29	1.365291089
61.34	1.648975025
62.35	1.905492063
63.359	5.431457863
64.36	0.9525623762
65.369	1.935152847
66.53	1.941502478
67.54	1.27059802
68.541	2.824111554
69.542	3.06738523
70.551	1.54949703
71.552	1.737894106
72.56	1.611298315
73.561	0.9020771513
74.57	0.8832
75.58	1.748428571
76.581	1.594418236
77.59	3.733314851
78.6	0.9469176471
79.61	2.43793007
80.62	1.989234765
81.64	2.029207843
83.022	0.9111067581
84.041	1.0944
85.042	0.5332752475
86.06	1.332784158
87.07	4.246865135
88.071	0.9961158841
89.08	1.453369971
90.081	0.7259881188
91.092	1.105235644
92.22	1.308237624
93.231	3.115924076
94.232	1.050883871
95.24	2.068079208
96.25	0.2339825073
97.27	1.893145098
98.42	2.05094129
99.43	1.767960357
100.431	1.486897103
101.44	1.601142857
102.451	1.831223762
103.461	2.156607746
104.61	2.086641509
105.621	0.856864222
106.631	1.181314783
107.64	4.154789211
108.65	1.308075924
109.66	1.944134653
110.67	1.808553907
111.691	1.377566434
112.7	0.8702852081
113.73	2.164007752
114.751	1.495841427
115.76	0.9118900883
116.911	1.461888397
117.92	2.464571429
118.921	1.975095459
120.023	0.5754232558
121.031	4.266997027
122.041	1.973108911
123.051	2.302888031
124.052	3.459996036
125.071	0.7801663366
126.08	1.537939864
127.081	1.606857143
128.11	1.876918826
129.121	0.5787894288
130.651	1.94231651
131.652	1.285865169
132.671	5.133413174
133.921	1.941298701
134.922	1.750513487
135.941	1.748831683
137.231	2.066826347
138.241	1.902094118
139.243	2.17568032
140.261	2.267488603
141.262	2.396611389
142.271	1.042015686
143.282	1.822695825
144.291	1.068503469
145.302	2.85466795
146.331	3.95777023
147.362	0.8734891089
148.363	1.252674603
149.371	1.886406343
150.491	0.7814599407
151.492	1.800367632
152.503	2.264649505
153.512	1.101121903
154.521	1.572725471
155.541	1.321948515
156.551	3.095477228
157.571	2.658287953
158.591	0.9997956778
159.592	0.7476594059
160.593	3.967777557
161.601	0.5974566474
162.617	1.667497527
163.621	3.096879377
164.622	1.29714741
165.632	0.8179100899
166.641	1.399432567
167.652	1.873958042
168.713	1.924080773
169.714	2.201310689
170.715	1.010959786
171.882	1.206633367
172.883	1.75153221
173.922	3.276869911
174.923	2.778918095
175.931	0.9965131938
176.942	1.281779453
178.111	1.324019782
179.112	0.5686588235
180.114	0.1946011854
181.122	2.285010989
182.132	2.067996036
183.142	2.667668332
184.152	1.529339941
185.153	0.9219425173
186.161	1.791428571
187.332	1.169395441
188.342	2.889102897
189.362	1.58897619
190.372	1.972251748
191.373	3.127548067
192.374	1.474629371
193.382	3.249190809
194.552	1.566819541
195.562	0.4081177625
196.692	2.081680079
197.702	5.258805195
198.703	1.147215842
199.712	0.5804435564
200.715	1.650893107
201.717	2.586261738
202.722	2.331266272
203.724	0.6907689429
204.732	1.150694362
205.742	1.883817822
206.902	1.579821606
207.912	1.126906931
208.913	2.472975223
209.914	2.012555445
210.923	1.972087129
211.962	0.8325083089
212.963	2.570592666
214.092	1.887740922
215.093	2.210471287
216.65	1.825390609
217.823	1.59128381
218.824	1.891936634
219.825	2.284790419
220.834	0.5007058824
221.835	0.8034285714
222.843	1.508198582
223.844	0.3964500866
224.853	2.287825743
225.854	0.6560435967
226.855	3.728143856
227.863	1.221002997
228.864	1.361873812
229.873	1.86389916
230.883	1.873576238
231.893	1.994869131
232.902	2.065998002
233.913	1.690527434
234.934	2.383408591
235.942	4.318561439
236.943	1.333227723
237.953	0.9621839763
238.954	1.768703448
239.963	1.825369154
241.113	2.624824579
242.133	1.550019802
243.143	1.728584615
244.152	1.288629302
245.154	2.128
246.163	0.5582598653
250.192	1.421666334
251.343	1.160450923
252.353	1.147442137
253.354	0.8401886792
254.364	1.433655446
255.403	2.920864455
256.404	3.753606394
257.414	0.3463976261
258.421	2.825679208
259.423	1.071440559
260.424	1.594215628
261.463	1.673330693
262.464	1.222761239
263.465	1.280951049
264.474	0.5092752475
265.476	2.210471287
266.478	0.7288854065
267.479	3.738566038
268.534	2.361542458
269.545	1.390461538
270.546	1.3557003
271.553	0.9764510386
272.556	2.222222222
273.995	4.063041916
275.003	1.668689109
276.016	1.982922772
277.023	1.755374257
278.024	3.192455544
279.025	1.905823588
280.027	1.790750491
281.036	2.670857143
282.044	1.106331021
283.045	2.998035644
284.046	1.160031652
285.054	1.195458824
286.064	2.256809524
287.065	1.569230159
288.066	1.253106046
289.067	2.569270729
290.074	2.446353646
291.075	1.506154455
292.076	1.874566337
293.077	0.6156352
294.079	0.237568741
295.456	1.618093906
296.816	1.528055888
297.817	1.0915008
298.853	2.306877123
299.874	1.4592
300.875	0.9838368932
301.884	0.9372392157
302.894	1.239960591
303.896	1.439715134
304.904	4.620603397
305.906	2.352799201
306.934	2.178716832
307.935	1.097525424
308.936	1.386962376
309.937	1.650893107
310.944	1.441140594
311.945	1.684404762
312.955	0.4396227642
313.964	3.039833168
314.974	1.993758416
315.997	1.036360784
318.215	2.287232767
319.224	2.251996036
320.225	0.9238057483
321.242	1.578062745
322.244	1.346285714
323.246	3.899156882
324.294	2.131052527
325.295	1.912071217
326.296	1.121758416
327.305	1.411086614
328.314	0.8677106046
329.315	2.293018981
330.324	3.470626984
331.356	1.837996965
332.365	0.5863145631
333.366	1.133746254
334.367	0.7584950495
335.375	3.744007984
336.384	1.585294705
337.394	1.48881665
338.445	3.59708226
339.454	4.270385614
340.455	1.426504416
341.465	1.990107784
342.485	2.831794495
343.486	1.933538462
344.505	1.294971316
345.519	2.326419162
346.525	3.845381238
347.535	2.072269574
348.544	1.540660194
349.545	1.8744731
350.555	0.807049505
351.556	2.594205794
352.564	1.693593162
353.575	1.828869903
354.595	1.872712166
355.605	1.507753176
356.615	0.6615262636
357.624	1.465030969
358.635	1.654978218
359.655	1.902353646
360.724	1.621639216
361.735	2.017702298
362.755	2.897262737
363.854	1.277341246
364.865	1.525751634
365.887	2.578883168
366.955	3.817924752
367.965	1.245240833
368.974	0.5003405941
369.985	1.670342914
371.225	2.581439049
372.235	0.8462891089
373.245	2.000751249
374.495	3.609674419
375.496	1.110019802
376.505	3.289714286
377.535	1.123612388
378.545	0.6522739726
379.555	2.592852912
380.615	4.198714571
381.625	2.556380198
382.645	2.432
383.655	5.493844311
384.656	1.19074184
385.665	2.417430569
386.766	0.9134545455
387.796	3.108733399
388.797	5.557858824
389.942	1.492779426
390.957	1.76983017
391.965	1.710338279
392.966	3.104991009
393.976	2.350609391
394.995	1.111706349
396.006	0.9621098901
397.022	0.9583510917
398.755	1.998211577
