0.0	3.121708583
1.001	2.535489022
2.039	0.6759529412
3.05	2.03710099
4.051	0.224
5.25	1.853129832
6.251	2.294962712
7.259	3.082477522
8.26	2.48682423
9.319	3.388231076
10.32	1.378628571
11.321	1.909835294
12.409	0.7444897959
13.421	1.724934653
14.431	0.265631068
15.521	1.439715134
16.53	1.923025743
17.531	2.433815659
18.54	2.976714995
19.541	1.506919118
20.559	2.448855446
21.56	2.222355289
22.571	0.5439930435
23.58	2.52590099
24.601	1.760223776
25.602	2.372475524
26.603	0.2549301178
27.61	1.823915716
28.65	2.186635015
29.801	2.261158249
30.88	1.820725471
31.981	1.117280476
32.982	4.253016683
33.99	2.415971171
34.991	2.501716505
36.0	2.277740337
37.001	1.144182178
38.011	1.897002938
39.012	2.205357143
40.021	0.4329970326
41.16	1.108522772
42.17	2.398523514
43.18	0.9621098901
44.181	2.017538763
47.83	2.128783217
48.832	1.809325349
49.84	1.805798347
50.89	2.505514371
51.891	2.257706349
52.893	2.231055556
53.9	0.3997176471
54.94	1.613410589
55.941	1.959118173
56.951	2.080663337
57.953	0.7542537463
59.08	3.903976024
60.16	0.8305580645
61.2	2.60047619
62.201	1.051057426
63.25	4.247344655
64.251	0.797132948
65.252	2.286320792
66.261	0.4922117647
67.271	0.9343748773
68.272	2.861634366
69.291	2.052491089
70.501	3.361062937
71.502	3.13150099
72.51	0.921029703
73.511	1.775016983
74.521	2.01568032
75.531	2.753921747
76.54	3.484637584
77.551	5.762489594
78.552	0.8218741259
79.561	0.8075184466
80.721	1.837910828
81.911	3.020154303
82.941	1.052811078
83.951	2.624824579
84.961	2.66443956
85.962	1.056253215
86.97	1.568063241
87.971	3.420291708
89.031	2.228965766
90.171	2.131498099
91.281	2.541343874
92.391	0.7219168317
93.401	0.4077176471
94.402	1.603027586
95.411	3.075260739
96.421	1.537065156
97.422	1.137038961
98.423	2.220528302
99.424	1.932197628
100.571	2.365359762
101.581	2.76098367
102.771	0.3630923077
103.783	4.165498502
104.791	1.491388235
105.801	1.525926805
106.821	3.140155844
107.831	3.140603397
108.851	2.169276511
110.031	1.496974052
111.041	1.3557003
112.211	1.208007937
113.301	0.7012660194
114.311	2.097618134
115.322	1.475571429
116.401	3.211236763
117.421	1.042285714
118.441	1.758857143
119.453	2.082158038
120.671	2.482693069
121.672	0.4637288136
122.691	2.125732535
123.841	4.121462537
124.892	2.029240833
125.902	1.222178218
127.082	0.1623738872
128.131	0.5946692088
129.141	1.158384158
130.432	2.197546454
131.439	1.225505097
132.462	1.325122877
133.471	2.538850299
134.472	0.488761165
135.473	2.74318254
136.481	1.586245872
137.483	2.143312687
138.491	2.022073926
139.521	0.4770461538
140.551	1.589718812
141.558	3.089182817
142.562	3.405978022
143.642	2.16236
144.842	2.493274725
145.843	3.316539461
146.852	2.682427146
147.872	0.7335500496
148.892	1.141132075
149.901	2.405274725
150.902	2.45748503
151.912	0.4334257426
152.922	0.4682268227
153.932	0.4334257426
154.941	0.1295841584
155.942	3.069042957
156.953	3.363036963
157.972	0.9567792208
158.982	2.197546454
159.992	1.759482353
161.002	0.7117566241
162.022	1.780571429
163.024	3.214263627
164.032	2.076995005
165.042	2.0704222
166.062	0.5201108911
167.063	0.6335744256
168.072	0.7290348567
169.074	1.498285714
170.075	1.062945491
171.082	2.342818632
172.084	1.579493069
173.092	2.330104847
174.102	1.47960995
175.123	2.005154845
176.132	1.271730159
177.142	0.5980327869
178.152	1.998097902
179.153	6.169154957
180.155	4.227622642
181.162	1.713728444
182.163	2.200127872
183.173	1.367928072
184.175	1.725180198
185.182	0.9676978654
186.183	1.433142857
187.184	2.268995409
188.193	2.551984016
189.282	1.151433628
190.293	2.679179667
191.302	1.651161677
192.502	3.212425871
193.513	1.842059406
195.993	0.4399058824
197.002	3.629778222
198.003	1.423057426
199.102	3.534337662
200.103	2.856134921
201.104	2.121014985
202.112	0.9563773585
203.123	2.396691309
204.133	3.344063809
205.143	1.973106893
206.153	2.672806723
207.202	1.366566337
208.213	1.837687129
209.215	2.032940711
210.223	1.419469307
211.238	2.667108028
212.363	2.517555556
213.364	0.8181544554
214.373	2.774015564
215.374	0.7871808192
216.375	1.373574572
217.383	0.909261477
218.395	1.905734266
219.397	1.448470588
220.403	1.958279485
221.583	1.848151848
222.584	0.8261647059
223.593	2.004196478
224.603	2.159122807
225.613	5.695680957
226.623	1.892947053
227.634	2.844982178
228.635	1.366644202
229.642	3.922317682
230.654	0.8333866667
231.655	1.038826561
232.783	6.978120673
233.794	2.568047525
234.803	2.124047904
235.823	2.256063618
236.853	2.169665015
237.854	3.171949952
238.863	2.459100899
239.874	1.354935194
240.875	2.258059406
241.883	0.8154352941
242.884	4.167768232
243.894	4.250309524
245.035	2.036591577
246.036	1.092215569
247.053	2.34049901
248.056	2.346687747
249.283	1.13214639
250.394	3.110513487
251.435	0.7575624376
252.436	2.854115385
253.439	1.373853465
254.444	0.9548051948
255.445	2.016308911
256.446	1.227712821
257.474	2.671279208
258.513	0.3743420523
259.514	1.998754491
260.515	3.33416983
261.614	2.093954046
262.615	1.80338553
263.616	0.5947274529
264.943	2.011252747
265.945	2.703776271
266.946	2.060812686
267.948	2.307992079
268.949	2.321451852
269.951	2.101161538
270.955	1.745215492
271.956	0.9916114965
272.957	1.064033103
273.958	2.123786139
274.961	1.932150495
275.962	1.171803536
277.154	1.650893107
278.604	2.007603568
279.643	1.462811881
280.655	1.287529412
281.665	1.978885115
282.674	2.143030785
283.675	1.453415263
284.676	1.009054945
285.677	2.683654419
286.685	2.328743257
287.695	1.084352294
288.696	0.8985014985
289.704	0.6967286974
290.705	2.361542458
291.707	1.843655786
292.714	3.521302697
293.715	2.583362963
294.716	0.5792665406
295.717	1.105877228
296.725	1.687050445
297.744	2.820731269
298.745	1.507020979
299.925	1.596348515
300.936	2.94729505
301.937	2.7468
302.944	1.856983017
303.955	1.749290709
304.965	0.9414193548
305.974	1.410365634
306.984	1.971284715
307.985	1.132003956
308.986	2.012067393
309.996	2.029495513
311.004	1.940910345
312.006	1.706394366
313.024	2.056623377
314.236	1.866917647
315.294	1.916331668
316.304	1.170249505
317.324	2.294884273
318.325	3.005498501
319.375	3.443806133
320.378	2.470526733
321.514	0.9334588235
322.515	2.302177822
323.525	3.181522478
324.536	2.400463536
325.545	2.165956292
326.546	2.146986667
327.555	3.422017982
328.556	0.5505197645
329.565	1.062001998
330.566	2.505163121
331.575	2.263078972
332.585	2.050140733
333.59	2.908340594
334.595	2.193230222
335.605	1.842059406
336.615	0.9130033898
337.625	1.82874
338.677	0.3792475248
339.865	0.2483092437
340.935	0.3825087379
342.146	1.007714851
343.155	3.618845155
344.165	1.241205154
345.255	2.092435644
346.256	0.4772408325
347.265	0.8403885035
348.276	0.9850682493
349.284	2.275485149
350.295	2.778626747
351.296	0.9177777778
352.305	0.7902195846
353.306	3.965845545
354.316	1.368871129
355.325	1.168126984
356.345	2.953355798
357.375	1.343304695
358.565	1.232023529
359.585	2.641281899
360.596	1.131262719
361.605	1.698770149
362.625	1.904194613
363.635	1.10131219
364.645	1.321012758
365.685	2.569270729
366.695	2.198618762
367.715	0.6768364718
368.716	1.748183267
369.725	2.879928072
370.726	1.900506931
371.735	1.327928713
372.736	1.967952048
373.745	1.978885115
374.755	1.847192079
375.766	1.877243297
376.775	1.607160839
377.776	1.892643357
378.805	3.407405148
379.806	0.1852504854
380.825	1.214884404
381.846	0.9996323676
382.847	1.830559868
383.856	2.022969031
384.886	1.151384615
385.895	1.874079365
386.896	1.323829534
388.085	1.247857284
389.576	2.080306542
390.596	1.966774067
391.606	1.414140455
392.776	2.256244042
393.806	3.634077922
394.538	1.981415263
