0.0	2.112663337
1.02	0.2738360656
2.05	2.146644628
3.08	1.56179021
4.279	0.5162973241
5.28	1.716491508
6.49	2.06634965
7.52	3.808864031
8.69	2.099401388
9.911	1.980623853
11.09	2.924423077
12.092	3.072191808
13.1	1.132015842
14.15	0.3304055391
15.151	2.141732535
16.161	1.545719008
17.35	1.066092429
18.55	0.564011893
19.551	4.430961039
20.552	2.080443564
21.57	1.571168317
22.571	1.430954338
23.572	1.7116743
24.581	3.003592814
25.582	0.6507829534
26.59	1.995630586
27.601	0.2388026193
28.62	1.404609901
29.71	1.267770297
30.82	4.29375272
31.921	2.004196478
33.0	3.876
34.101	4.643893175
35.102	1.676035679
36.103	4.437653122
37.111	1.289441584
38.112	1.626957384
39.121	1.49783017
40.131	2.898086622
41.14	0.4356349515
42.153	3.255224775
43.16	1.699172881
44.17	3.480535465
45.171	0.363375
46.172	1.602089021
47.181	2.073468254
48.191	1.846045142
49.192	0.7943225806
50.193	2.394565435
51.195	3.47632111
52.242	3.527856287
53.243	2.276422507
54.251	0.9761744301
55.252	1.9906703
56.271	1.663326065
57.272	2.503672328
58.273	1.501805941
59.462	1.568031403
60.463	1.877746032
61.472	1.873814186
62.561	0.2510091743
63.562	2.137376271
64.563	2.353731877
65.641	1.596408318
66.642	2.316347652
67.653	3.337942058
68.66	1.782665335
69.661	4.421362637
70.662	2.048626363
71.681	3.371684316
72.771	0.4376848365
73.772	1.647017822
74.78	1.342321678
75.791	1.190826561
76.801	2.270370239
77.811	1.498846383
78.821	2.632239521
79.831	1.253211519
80.833	2.931516484
82.031	1.749557978
83.032	2.170504673
84.033	0.1816034934
85.041	0.8045541942
86.052	1.516510386
87.142	2.254481518
88.271	1.349058941
89.272	2.025813136
90.273	3.827460539
91.282	1.267424094
92.302	2.199920635
93.303	1.896237624
94.304	0.4953304868
95.311	1.865966034
96.351	2.720183816
97.353	1.794771896
98.361	1.64835964
99.362	1.700739261
100.381	1.443164835
101.382	5.496982178
102.431	1.552495504
103.432	3.122706349
104.611	3.818093906
105.621	2.802666667
106.631	4.110833167
107.641	2.956622398
108.651	0.4720941176
109.673	1.35579782
110.681	1.96353238
111.682	1.78208991
112.693	0.5565474525
113.701	2.019428571
114.712	6.03221838
115.721	0.4399058824
116.742	1.572324752
117.743	2.464596078
118.781	0.2688
119.791	3.496
120.802	0.3791953802
121.812	2.146682493
122.821	1.050017804
123.823	2.018198234
124.824	1.433142857
125.94	2.657565045
126.942	2.000751249
127.962	1.711585831
128.973	2.315497006
129.982	2.158306627
130.983	4.411824351
131.991	1.563428571
133.052	3.587388611
134.054	4.524498504
135.082	0.661629336
136.092	1.916269307
137.292	2.072217984
138.383	2.60206993
139.394	2.016641584
140.412	1.049966667
141.442	1.700023762
142.462	1.033108911
143.672	2.536471528
144.681	1.907073267
145.682	2.38754046
146.683	0.6014415842
147.685	1.418065282
148.692	2.285010989
149.702	1.349025243
150.703	1.956883117
151.712	2.241835294
152.762	2.667668332
153.772	1.907073267
154.773	0.9729285714
155.774	1.447844358
156.793	0.4624458834
157.795	0.8139495146
158.802	0.5929960784
159.812	4.701333333
160.822	3.205754246
161.832	1.342290801
162.833	1.521509434
163.842	0.4552941176
165.042	1.054818363
166.043	0.5851247525
167.052	2.431777557
168.103	4.154565435
169.104	3.096680038
170.105	3.658889552
171.112	1.884884044
172.125	0.9076203796
173.132	1.547964392
174.153	3.546772881
175.162	1.82646953
176.613	2.03710099
177.652	3.369221557
178.653	0.9978671952
180.094	2.082445554
181.096	6.956690732
182.103	1.248261905
183.104	1.393140655
184.113	1.53410464
185.115	0.2354754098
186.131	0.4537549407
187.212	1.446297248
188.213	2.157393333
189.283	4.220163836
190.993	2.138857143
192.003	0.6162761001
193.013	1.612130823
194.193	4.185766234
195.195	1.552714426
196.203	0.2104688427
197.213	2.828838323
198.222	0.2868815534
199.223	2.130674221
200.224	1.380015238
201.283	4.360868526
202.285	2.52470495
203.293	1.744538614
204.473	2.671809335
205.474	1.944134653
206.493	0.9391167812
207.513	2.030191304
208.521	1.512630739
209.522	1.50082735
210.532	1.290446154
211.533	1.574285714
212.541	4.11913834
213.552	1.295885823
214.553	2.06411893
215.561	1.048526946
216.562	2.075012884
217.563	0.3600066116
218.573	1.577605242
219.574	1.473647525
220.581	1.287529412
221.582	4.622412574
222.592	1.76636963
223.593	2.264492063
224.594	2.512095808
225.601	0.3433411765
226.602	2.413262745
227.612	1.66620854
228.613	2.572435564
229.621	2.942201798
230.631	0.4024535465
231.632	2.722091743
232.641	3.593301587
233.642	0.8368941176
234.652	1.94618981
235.661	1.69381746
236.662	1.082212044
237.663	1.88242957
238.852	4.0999001
239.853	2.677156436
240.861	4.485522478
241.862	1.933534838
242.871	0.537039805
243.872	3.341532934
244.873	4.548155844
246.053	1.005658153
247.081	2.525538462
248.312	1.968680702
249.452	0.8989970268
250.453	3.031701961
251.633	0.5407952048
252.642	1.207079256
253.643	1.94523138
254.682	1.227176238
255.684	0.5531655104
256.721	3.358990749
257.722	2.041606394
258.734	2.06490566
259.742	0.8126732673
260.782	1.562534653
261.792	2.031848152
262.793	0.3416284889
263.794	1.764
264.802	2.576655345
265.803	3.027585977
266.804	0.5923055828
267.805	2.752387735
268.823	1.998234234
269.824	1.672183816
270.832	1.043241063
271.833	1.191704296
272.834	3.744423576
273.837	2.118661386
274.842	0.8757861386
275.962	2.364511397
277.107	0.489837037
278.132	4.477333333
279.133	1.721023729
280.134	1.680356789
281.137	0.3230178218
282.139	2.034085914
283.143	2.109531746
284.157	2.106117882
285.159	1.982922772
286.163	1.066868526
287.164	2.978141858
288.165	4.000497217
289.172	1.978885115
290.924	1.831480519
292.052	1.753649805
293.053	3.60792008
294.064	1.527825743
295.073	1.773740337
296.074	2.816031968
297.075	2.148411588
298.081	2.963766105
299.083	2.251661417
300.084	2.123786139
301.085	2.477061876
302.093	2.056783217
303.453	1.92688547
304.455	1.100483516
305.463	3.006593407
307.893	0.6472266667
308.992	2.45994006
309.993	3.586957043
311.003	2.667668332
312.023	2.737574426
313.043	3.419717974
314.283	0.7517958783
315.423	1.742813056
316.433	1.50015534
317.443	0.4569065606
318.454	2.294185814
319.464	3.990569431
320.473	1.599057884
321.474	2.383841584
322.483	1.434927593
323.634	2.142494624
324.669	2.044483516
325.673	2.109092338
326.774	1.365291089
327.775	0.1534502924
328.783	1.742813056
329.793	2.104311688
330.803	2.091756244
331.813	0.5247872128
332.823	1.835891742
333.833	3.145407143
334.834	1.997852302
335.835	3.755948052
336.893	0.6061958457
338.063	1.717866134
339.065	1.475611111
340.066	1.063261905
341.073	1.20680396
342.083	0.4838628571
343.084	1.326875248
344.085	1.737911155
345.104	1.18762038
346.113	1.105235644
347.114	2.769365079
348.125	1.198628571
349.133	1.956307692
350.144	1.78208991
351.153	3.596122894
352.155	1.714778443
353.156	1.319717647
354.163	1.975571429
355.176	1.597718812
356.193	0.3825087379
357.213	3.71769031
358.384	3.581698302
359.543	1.916563492
360.567	1.361300686
361.573	3.437277445
362.603	0.3831801879
363.613	3.017072493
364.643	0.8460178394
365.663	1.420203922
366.674	0.5823780607
367.683	1.421490944
368.694	2.951126984
369.703	1.678946535
370.704	1.670530288
371.713	2.60206993
372.734	0.9336980817
373.753	0.300129285
374.803	3.824287712
375.824	1.10423976
376.833	2.051916084
377.834	2.075084242
378.854	3.339097804
380.013	3.43739165
381.184	1.782553447
382.193	3.796851149
383.274	3.689862138
384.283	1.869554446
385.303	1.168776699
386.313	2.576558882
387.314	1.619848612
388.323	2.38102994
389.335	1.311112871
390.374	8.951517731
391.413	2.536471528
392.434	0.8302337662
393.464	1.233766234
394.554	1.58200396
395.565	1.596227772
396.634	2.037954046
397.654	2.938865554
398.02	4.277474104
