0.0	0.1473230769
1.009	0.8932594059
2.019	0.1529101796
3.031	0.4644995122
4.033	1.861597855
5.131	1.380491089
6.309	0.1114666667
7.42	1.465030969
8.421	1.037038462
9.422	0.1071890304
10.539	0.5346901961
11.66	1.907073267
12.68	0.3481192843
13.682	1.863730693
14.684	0.171334638
15.69	0.3694459725
16.811	0.6553293413
17.812	0.1061580381
18.87	1.98602997
19.871	1.830371257
20.872	0.1127505864
21.91	1.939580198
22.912	0.1084540541
23.915	3.367384615
24.916	1.657853465
26.27	0.4574759568
27.281	0.9123168317
28.282	1.914089021
29.381	1.173607018
30.39	0.7631185113
31.401	3.381194907
32.412	0.5412462908
33.57	0.1785489443
34.571	0.8803079885
35.582	0.141988024
36.583	0.1198147612
37.591	0.1856766467
38.731	1.069391477
40.001	1.78008207
41.031	0.10944
42.033	1.290101898
43.034	1.158267062
44.132	0.1394823529
45.133	0.9997589893
46.134	0.4796175299
47.136	0.3821230769
48.137	1.101449951
49.273	0.1050287908
50.274	2.028441926
51.276	0.3886245059
52.383	1.635059761
53.385	2.541637265
54.392	0.8465475957
55.492	0.2925623762
56.493	0.2340962567
57.494	0.1194977252
58.504	1.766209901
59.514	0.1860169972
60.516	1.542157434
61.802	2.621665206
62.805	1.443573832
63.812	0.1430538462
64.814	0.3965994123
65.824	0.1071890304
66.825	0.152
67.826	0.1385316456
68.833	0.7643348837
69.834	0.1576093609
70.835	0.3091038108
72.003	0.2503870353
73.005	1.287758989
74.015	1.349370297
75.024	1.395369261
76.025	3.138195609
77.027	0.1031479736
78.028	2.842669307
79.033	0.2826484375
80.034	0.1892334294
81.035	0.9659592629
82.073	0.7844673267
83.084	0.1079169811
84.094	0.2214104046
85.793	0.5825934066
86.804	0.1092215569
87.974	2.052188679
88.975	1.059105882
89.994	1.340847525
91.056	0.914439604
92.074	0.1622835959
93.224	1.39615873
94.244	0.1114666667
95.254	2.80351142
96.265	2.972757185
97.274	0.163668993
98.304	1.677076621
99.324	0.7762477522
100.334	0.1744063745
101.364	0.1578461538
102.725	1.310413994
103.985	0.9101374885
105.104	1.58845954
106.405	1.046067327
107.435	0.2911157895
108.515	0.1799303675
109.936	0.1534004376
110.985	0.9126553447
112.207	0.7158612488
113.225	0.6974117647
114.415	1.306631405
115.426	2.613002997
116.436	0.6239445545
117.476	1.063254171
118.496	0.4438219585
119.516	2.460787213
120.536	2.467372401
121.596	1.778806739
122.756	0.1399232877
123.786	0.1554792453
124.836	1.907073267
125.876	0.5588960155
126.896	1.516990099
127.897	0.1168776699
128.898	0.1449536424
129.907	0.155280077
131.117	0.8824455544
132.783	1.708958416
133.787	1.188037037
134.807	0.6631341048
135.927	0.2218378378
136.937	0.1673678845
138.016	0.845180198
139.318	1.285119093
140.324	1.335079365
141.326	1.143936571
142.328	0.105433526
143.386	0.1720078585
144.396	1.257045545
145.398	3.052506931
146.406	1.825260177
147.407	0.2214104046
148.427	0.5412462908
149.428	2.088215784
150.436	3.031728571
151.547	0.1364345503
152.557	1.683692308
153.616	0.4542890511
154.617	2.673166833
155.618	3.434801187
156.637	0.4938421578
157.647	0.1871611161
158.648	0.8388277228
159.662	2.20174902
160.667	0.1037345972
161.687	0.1820430528
162.697	0.1370635838
163.867	0.6162640777
164.877	0.1275029126
165.878	2.132329966
166.897	0.104928092
167.907	1.077165354
168.917	1.548168793
169.918	0.155307474
170.927	0.4077176471
171.937	0.136537428
172.958	0.1176007866
173.967	2.000751249
174.968	0.2596347951
175.978	0.1058243352
177.049	1.664372646
178.058	1.226545094
179.068	0.6388277228
180.078	0.9610709291
181.188	1.486897103
182.198	0.1202637363
183.208	0.134557377
184.228	0.1072941176
185.248	1.397362637
186.249	1.579060939
187.268	0.1031479736
188.288	0.5659397473
189.31	0.684
190.312	0.4208712871
191.338	0.1465714286
192.349	2.513150849
193.378	2.976703297
194.399	0.4438219585
195.409	0.2883805825
196.428	1.78611276
197.429	1.549811695
198.439	0.4661902913
199.459	0.1478918919
200.479	0.1259137105
201.489	2.758977023
202.499	2.099148851
203.519	1.552495504
204.529	1.842725275
205.549	1.609918082
206.559	1.423021359
207.56	1.182255699
208.57	1.235686819
209.58	2.149706294
210.59	3.04
211.611	0.450957043
212.62	0.1171525424
213.621	0.5534109926
214.63	2.163484515
215.64	0.4748435644
216.72	0.1658181818
217.721	1.603144554
218.73	3.378973451
219.731	0.81998002
220.741	0.1290058939
221.76	2.110081918
222.88	0.139473237
223.91	0.1853538462
224.92	2.547404595
225.921	0.7725176471
226.931	0.1147347741
227.951	0.9923885035
228.96	1.625346535
229.961	1.673558442
230.971	0.3540705882
231.981	0.7437115526
233.581	0.6671587302
234.582	1.038222222
235.601	0.3935904096
236.611	2.026573427
237.612	1.323258672
238.621	0.1743292035
239.641	0.1474648701
240.661	2.264055944
241.662	0.1967952048
242.672	0.3118994132
243.692	2.205024534
244.693	1.76388024
245.702	1.816364356
246.722	0.1288792934
247.732	1.348865079
248.733	0.897617443
249.734	0.4220313725
250.742	0.3654257426
251.942	2.645802198
252.962	1.281607273
253.973	1.769306931
254.982	0.5095169738
256.102	0.9968792079
257.113	0.8591952895
258.123	1.845903066
259.153	0.8309130869
260.154	0.136922252
261.303	0.8901750842
262.304	1.80989434
263.325	2.240458952
264.472	2.350609391
265.473	1.748400396
266.483	0.1656705254
267.503	0.6204515485
268.513	1.721928854
269.533	2.887777998
270.543	1.756432111
271.544	0.563827451
272.553	0.7708343313
273.554	1.767808192
274.763	0.1073994112
275.773	0.1876784314
276.783	0.1749290709
277.793	1.766291417
278.794	1.573222222
279.804	0.3297029703
280.814	0.6284673267
281.824	3.046233766
282.833	1.707247016
283.834	0.5526178218
284.844	0.7228859813
285.854	2.146891089
286.864	0.2766686449
288.173	0.1537019608
289.184	0.2204546763
290.194	0.7756427184
291.204	2.313188435
292.205	0.3985774226
293.215	0.5309465347
294.234	1.213592079
295.235	0.1173619303
296.236	0.1204914934
297.245	0.1680650406
298.255	0.1216
299.274	2.093351833
300.285	0.2575058824
301.296	2.081197225
302.305	0.1212631579
303.318	0.1135073466
304.336	1.534968254
305.355	1.408633663
306.356	0.1013333333
307.375	0.3762516189
308.376	0.5466640548
309.405	0.9101940594
310.575	1.589734653
311.585	0.1912309142
312.587	1.797387755
313.595	0.5595106796
314.596	1.169789474
315.606	0.6485113078
316.615	0.7572993631
317.616	2.438073926
318.826	0.2179773585
319.846	1.624920354
320.856	1.804531746
321.876	0.1587524932
322.906	0.680015534
323.907	0.1286901961
324.916	1.976621359
325.917	1.171644356
326.936	0.1031479736
327.937	0.1067707317
328.947	1.495318812
330.066	0.8042788991
331.076	0.387862069
332.086	0.4482557443
333.087	0.6603262136
334.096	0.9766690909
335.117	0.171948244
336.287	0.1421298701
337.307	1.755374257
338.312	2.029029703
339.321	1.099103632
340.327	1.655813259
341.337	0.1219189833
342.347	0.2313307692
343.357	0.7228271845
344.358	0.6359384615
345.367	0.2536372646
346.377	1.547564436
347.567	1.290581147
348.568	0.8335192878
349.577	1.861402597
350.598	0.1537798595
351.608	1.300277228
352.617	1.350174757
353.677	0.3408585559
354.678	0.8047058824
355.698	1.493839763
356.708	0.5594352941
357.718	0.1612573674
358.741	1.125792285
359.749	2.057972277
360.768	0.9863736264
361.778	2.925106893
362.828	4.478377622
363.988	0.4781359223
365.058	0.1654821944
366.068	0.10944
367.078	0.3808792079
368.099	0.8040495575
369.108	0.4252239316
370.128	0.1096393443
371.139	0.1052307692
372.159	0.1822213516
373.179	1.180771229
374.19	1.010303624
375.209	0.85745
376.229	0.109739289
377.249	0.5339485149
378.429	0.1754565435
379.449	0.3777098039
380.47	0.1514666667
381.669	2.002392079
382.679	2.590385614
383.689	0.4314217822
384.7	0.1265614386
385.709	2.586973027
386.71	0.9200149393
387.719	2.177398946
388.72	0.3913851852
389.739	2.001357143
390.75	0.7273353116
391.769	1.229988024
392.78	1.8655778
393.79	0.80771737
394.8	0.2406538462
396.01	0.1720078585
397.02	2.269349565
398.027	1.085831405
399.35	0.3665132075
400.361	1.051057426
401.391	0.1129217541
402.4	0.5447948535
403.47	1.144729435
404.531	1.580629171
406.031	0.5431545988
407.135	0.1201610738
408.141	0.163996004
409.19	0.4677227723
410.322	0.1651924528
411.324	0.3641897233
412.391	0.1115699722
413.411	0.1369316651
414.811	0.1087479675
415.821	0.3962876847
416.841	0.1138921476
417.891	2.129774257
419.041	0.2925623762
420.061	0.5737210682
421.071	0.7538376238
422.121	2.201687929
423.161	1.882964706
424.212	2.035086053
425.371	1.486897103
426.372	1.289441584
427.412	0.8126732673
428.432	1.596003972
429.442	0.2253176471
430.682	0.8640830189
431.692	0.1157538462
432.702	1.24636963
433.712	0.2896941176
434.722	0.105129683
435.742	1.614415686
436.743	0.4665030928
437.773	0.5047772326
438.782	0.109112662
440.153	1.566203759
441.162	1.386962376
442.192	0.7335453695
443.392	1.55320396
444.393	0.8633834443
445.453	1.5715
446.493	1.629026973
447.783	0.3433411765
448.793	0.4005222552
449.833	0.1552988314
450.953	0.8390155865
451.959	0.1854915254
452.973	1.289441584
453.993	0.7126953047
454.994	1.77643956
456.103	0.8159208704
457.113	0.1152891451
458.124	0.1967595819
459.153	0.9733436893
460.154	0.6803694628
461.184	1.583288889
462.214	1.049574426
463.444	1.061893069
464.466	0.3612582524
465.474	1.71645954
466.475	2.88632967
467.494	2.166746032
468.495	2.072285431
469.525	1.072941176
470.535	1.139035897
471.644	0.1038688525
472.655	1.769411765
473.825	0.9137142857
474.954	1.257302697
475.955	0.8970511408
476.965	0.1027857829
477.966	0.3714465162
478.985	0.9725954046
479.986	0.6819703264
481.175	0.1317333333
482.195	0.1339661017
483.205	0.1518593895
484.215	0.2820059465
485.225	0.9643722772
486.235	2.153814186
487.285	1.169774226
488.295	0.9168435374
489.315	0.3027111111
490.316	0.4506645161
491.325	2.701266733
492.335	0.1502117647
493.365	0.7961808696
494.386	3.158764995
495.425	0.1768444444
496.435	0.5764936337
497.486	1.932456198
498.496	0.4373226773
499.506	2.039119921
500.526	0.6013186813
501.536	0.8274258065
502.537	1.917108911
503.546	0.3648
504.556	0.1651924528
505.557	0.2280313725
507.226	0.8659940653
508.256	1.991808192
509.257	1.76308055
510.297	1.92421978
511.306	0.1292207084
512.416	0.2235642023
513.417	0.1295737705
514.438	0.2597982196
515.457	2.777978153
516.458	0.6644677899
517.467	0.983976024
518.477	0.5538181818
519.487	1.418065282
520.527	0.1497810219
521.547	0.1899633558
522.697	0.904570297
523.708	0.5685194805
524.717	2.489732938
525.718	1.147442137
526.778	2.104022684
527.779	1.187308691
528.788	0.7893069307
529.798	0.727654902
530.799	0.105129683
531.808	0.1513091266
532.809	0.553833887
533.818	1.709082917
535.028	1.436333007
536.038	0.1929875092
537.128	0.5793882353
538.138	2.290705455
539.148	1.24636963
540.158	0.1292365693
541.159	0.1098979079
542.178	0.1827583497
543.188	1.345536634
544.558	0.4184470588
545.559	0.8776258065
546.569	2.864463536
547.579	0.1883478261
548.599	1.898116947
549.619	0.3607912088
550.702	0.1442711864
551.709	0.1892334294
552.749	0.3623877367
553.754	0.6122517483
554.763	1.10423976
555.933	0.1619833488
557.094	1.845799404
558.444	0.4050851485
559.458	0.1147607245
560.459	0.7031377246
561.465	0.4221721068
562.474	0.9695104895
563.475	2.645802198
564.476	3.278001998
565.554	0.1071890304
566.555	0.5097799802
567.557	0.2512095808
568.914	1.095906796
570.014	0.1074697218
571.015	2.718336634
572.026	0.7296
573.504	1.921171484
574.535	1.267108028
575.554	0.1241285444
576.565	2.104215784
577.566	0.3792475248
578.567	1.950415842
579.576	1.457770813
580.58	0.8425054509
581.596	1.339653262
582.605	0.5903856144
583.685	1.020160598
584.686	0.1115699722
585.695	0.216991009
586.705	2.17568032
587.945	1.515489614
588.965	1.848792233
589.976	1.553965125
590.985	0.1505068762
592.125	3.115965753
593.13	1.39779802
594.136	0.29015
595.185	1.621174873
596.186	0.136537428
597.187	0.3467405941
598.198	1.79733578
599.376	2.105435084
600.556	0.973042957
601.557	1.03760479
602.558	0.4194923077
603.567	0.9578980121
604.568	0.1867222749
605.577	0.129455869
606.587	2.34049901
607.607	0.5019264
608.736	4.021700599
609.737	0.3433411765
610.747	0.148142132
611.823	3.517381238
612.976	0.7125830904
613.977	2.027282458
615.007	2.110081918
616.097	0.9656470588
617.098	1.047803077
618.617	1.386823529
619.748	0.1132137931
620.897	1.376126733
622.218	0.3870176817
623.237	1.750696191
624.297	0.1092215569
625.307	0.126802139
626.797	1.651313609
627.816	1.404176298
628.828	0.8569358491
629.847	1.424317355
630.867	0.2110703954
632.447	3.378317682
633.467	1.843988361
634.477	1.093986014
635.667	0.3078331717
636.878	0.4628175865
637.897	1.073615842
639.017	0.4222117647
640.057	0.2008073395
641.248	0.1699027027
642.487	3.56417982
643.668	0.1513431288
644.678	0.381938255
646.297	0.169019305
647.298	0.7215824176
648.299	0.6941137766
649.317	0.5432470588
650.468	2.391952096
651.479	1.339722222
652.547	1.671349851
653.548	0.10533205
654.549	1.525093069
655.558	1.886853801
656.798	1.794938614
657.799	0.1901467181
658.8	0.8087316652
659.848	1.596227772
660.849	2.212915758
661.859	1.019808529
662.86	1.277623301
664.298	1.563428571
665.299	2.020451548
666.379	0.2601325536
667.399	1.051057426
668.608	1.531452381
669.62	1.811244755
670.661	0.1074857143
671.67	0.4515245283
673.099	1.3174
674.659	0.4701966102
675.66	0.1416393443
676.669	0.9871058824
677.839	1.126906931
678.841	1.458676208
679.859	2.179277978
680.869	2.229531832
682.109	0.4992316832
683.11	2.33197225
684.12	1.377490585
685.139	1.585294705
686.147	0.21888
687.157	1.057301162
688.158	0.9549176471
689.167	1.92155045
690.168	0.1365561497
691.17	1.577318855
692.198	3.419840319
693.209	0.8889271339
694.219	0.2924901777
695.228	0.9742083897
696.348	1.076962227
697.358	0.1202035088
698.387	0.4250097087
699.458	2.58715727
700.747	0.1440633663
701.748	0.447444995
702.838	2.236942116
703.839	0.8484435644
704.84	0.4334923077
705.841	0.7912070658
706.863	3.596979021
707.868	1.548974052
708.869	1.903472527
709.879	2.804781065
710.919	0.1098394161
711.92	1.904970432
712.999	1.175624266
714.019	3.465782218
715.23	0.1311968032
716.241	0.1076106195
717.242	1.940239148
718.349	1.506154455
719.36	0.5439764706
720.639	0.2203495146
721.64	0.2368666667
722.641	1.722019646
723.649	1.595165183
724.67	0.5737210682
725.68	0.162
726.689	0.4407701375
727.7	0.1198248175
728.701	0.4564875125
729.71	1.242883168
730.72	1.311968032
731.74	2.585788235
732.8	0.983976024
734.01	0.1136737831
735.011	0.1370825336
736.019	0.1610991168
737.02	0.1843885035
738.03	0.7788071496
739.031	0.1155316699
740.032	0.5591681244
741.033	0.8443442137
742.041	2.145930487
743.13	1.171409316
744.14	1.409655446
745.141	0.1854915254
746.181	0.1180235294
747.182	2.544862275
748.2	2.420563492
749.201	0.8802848665
750.202	0.2141682975
751.216	0.8298534653
752.311	1.180771229
753.321	0.9572427572
754.323	1.410029732
755.341	1.902146535
756.342	0.163996004
757.361	0.2465347698
758.371	0.1133114754
759.382	1.007576885
760.431	0.3544180569
761.442	0.608959041
762.451	0.1261556196
763.462	0.8965114885
764.471	1.71136255
765.481	0.1982139535
766.492	1.517043137
767.662	2.785161923
768.672	0.6336
769.692	0.8936246499
770.702	1.366213439
771.703	2.733338661
772.732	0.1548679245
773.734	0.7802455446
774.742	0.7106493506
775.743	0.105129683
776.752	0.8002529644
777.763	1.008626363
778.842	1.299606897
779.852	0.1885090909
780.863	1.668689109
781.883	0.1783777565
782.893	1.462811881
783.894	0.1936153846
784.903	0.2152212389
786.033	0.6826455446
787.044	1.111417166
788.053	0.1950415842
789.054	0.171
790.063	0.8668514851
791.073	1.827497527
792.183	0.1259137105
793.193	0.6278456973
794.204	0.6613409524
795.208	0.8474137623
796.213	0.1464080268
797.215	3.123148851
798.224	0.2473596838
799.234	0.2259823009
800.303	0.3105332086
801.313	0.1759187817
802.325	0.1216
803.345	0.5202736842
804.354	1.89248249
805.355	0.1265202312
806.364	1.546316418
807.365	0.1095395814
808.374	2.201815659
809.388	0.375827451
810.394	0.6997940594
811.405	0.9511768232
812.445	1.175048951
813.614	1.516403058
814.815	1.740390083
815.816	0.1622835959
816.834	1.982441558
817.835	0.1929402547
818.836	0.2887049505
819.837	0.8018376238
820.845	0.2708910891
821.855	2.171668332
822.856	1.250373626
823.964	0.2137320388
824.965	0.8736420696
825.975	2.457456625
826.976	0.1267644788
827.985	2.103493069
828.995	1.368871129
829.996	1.356031683
831.005	0.7197227723
832.006	1.211236043
833.015	0.7081411765
834.026	0.703580198
835.027	0.1861928166
836.028	1.056507433
837.086	0.6686891089
838.087	2.720062136
839.095	0.1893306693
840.106	3.061706294
841.165	0.9721212121
842.168	0.3814262735
843.181	0.3433411765
844.397	0.9142137862
845.426	0.1265202312
846.427	1.508763237
847.447	1.014202335
848.466	1.407178761
850.369	1.489501285
851.376	1.10599604
852.387	0.1343456091
853.466	0.124042186
854.467	0.1619833488
855.477	0.3430208955
856.816	3.08750499
857.952	0.1404318584
858.956	0.2972182347
860.107	0.1074846154
861.108	0.1038688525
862.109	0.1486091174
863.147	1.911377246
864.157	0.1614159292
865.158	0.2672282076
866.169	0.796955045
867.236	2.032482645
868.244	0.4993864078
869.25	0.8914823529
870.251	0.1863689688
871.257	0.8335192878
872.297	1.547964392
876.168	2.297792308
877.247	0.1387843137
878.25	2.0008
879.278	1.082373626
880.418	1.579996004
881.435	1.963412587
882.438	0.1369316651
883.458	1.587892108
884.469	1.107300589
885.998	0.1895976901
887.088	1.014977205
888.099	1.126105894
889.1	1.141772052
890.269	0.7215824176
891.279	0.1468993289
892.59	2.197546454
893.809	0.2255387635
894.878	1.486897103
895.879	0.1095395814
896.88	0.5042823529
897.909	0.6404039604
898.915	0.1152
899.919	1.235436563
900.939	0.2056735905
902.09	0.1430588235
903.099	0.1366932084
904.12	1.170249505
905.13	2.012577148
907.109	0.1370447227
908.158	1.742036511
909.185	0.6854484789
910.685	0.5112068637
911.696	0.1183135135
914.081	0.8182429907
915.105	1.53809901
916.186	1.101190476
917.238	2.388571429
918.266	0.3221982336
919.276	0.1240039177
920.277	0.1073994112
921.278	0.7999128713
922.286	1.030406343
923.386	0.1066666667
924.387	1.299668332
925.388	3.23450497
926.397	1.137742574
927.416	1.516774578
928.466	1.19812884
929.607	2.274077922
930.638	0.128
931.647	0.8460277228
932.657	1.510414272
933.706	0.322625323
934.847	0.4221721068
935.877	4.194579926
936.879	0.1179079334
937.955	2.855247691
938.956	1.034580392
939.966	1.470105263
940.976	0.8663029229
941.986	0.8287207921
943.077	0.1071890304
944.087	0.3169453197
945.246	1.622987611
946.247	3.972555445
947.256	1.353115727
948.336	0.4552235294
949.337	0.5473333333
950.476	2.088735265
951.516	0.1150980392
952.886	1.560332673
953.913	1.113727184
955.023	1.559830932
956.044	0.1715024486
957.065	0.3031015385
958.274	2.336720862
959.305	1.823809901
961.124	0.3267389491
962.152	0.620614876
963.243	1.239362963
964.252	0.9402437562
965.392	2.347219029
966.432	0.8752156863
967.491	2.627857708
968.691	0.4464378698
969.751	1.367359488
970.951	0.1240113314
971.962	0.728055336
972.971	1.062945491
973.981	2.674467066
974.982	1.529956303
976.003	1.635059761
977.012	0.1509682387
978.022	1.167541818
979.032	0.5257411765
980.11	0.8799522388
981.21	0.1392872727
982.241	1.832761538
983.34	1.321580838
984.4	0.1287529412
985.78	0.900362739
986.841	0.7725176471
987.849	0.1661142857
989.18	2.422121878
990.26	1.495437624
992.379	0.105433526
993.439	0.1309351944
994.477	2.0115334
995.64	0.7758169685
996.902	0.1011460259
997.985	1.943548515
999.167	0.1827562044
1000.186	0.1824
1001.409	0.8621107872
1002.449	2.195433102
1003.506	0.1642969141
1004.541	1.712031683
1005.585	1.054023141
1006.623	0.7401620746
1007.644	0.2397257143
1008.663	1.334085064
1009.666	0.1530629371
1010.726	0.3088888889
1011.885	0.2362883549
1012.984	0.1077852593
1014.027	1.708717542
1015.167	0.1312699029
1016.205	0.7017108911
1017.387	1.11010464
1018.406	0.4613647059
1019.643	0.2834043796
1020.645	1.201566766
1021.723	1.832332344
1022.777	2.035774034
1023.847	3.084075924
1024.936	1.021181088
1025.957	0.1092215569
1026.977	0.2422637151
1028.068	0.2684308866
1029.157	0.1810689655
1030.167	1.070371257
1031.297	0.1650367578
1032.298	0.8925203884
1033.299	0.1136672851
1034.308	1.814575668
1035.479	0.4398056075
1036.498	0.1831445545
1037.499	1.872712166
1038.508	0.2287146866
1039.528	0.2479921182
1040.529	1.851833002
1041.538	0.108080292
1042.549	0.6121766438
1043.558	1.102338279
1044.688	0.1861928166
1045.698	0.613631068
1046.699	2.378809487
1047.708	1.134892508
1048.709	0.5509755687
1049.728	2.131604396
1050.729	0.1744695652
1051.808	0.1762791946
1052.809	1.820388119
1053.819	0.1927117702
1054.929	0.488761165
1055.93	0.2600554455
1056.938	1.14227762
1057.939	1.623421782
1058.941	0.1028571429
1060.248	0.2273234421
1061.25	0.7083173359
1062.269	2.175576424
1063.328	0.1368
1064.329	1.304863137
1065.339	2.174974533
1066.389	0.1241285444
1067.561	0.1093405995
1068.57	0.1495081967
1069.571	0.5372447968
1070.572	0.5860015117
1071.619	0.1610991168
1072.62	2.389809524
1073.63	0.1579980751
1074.631	0.1685312801
1075.64	1.125766337
1076.65	0.1302510121
1077.849	0.1034404537
1078.86	1.137038961
1079.87	0.9435247525
1080.91	0.8621298701
1081.911	0.5779089109
1082.92	0.9436352825
1083.93	2.001030969
1085.01	2.173774977
1086.02	1.195466135
1087.03	1.098605941
1088.031	0.7181665034
1089.041	1.147972028
1090.042	0.1699529412
1091.05	0.2923759526
1092.051	1.542011742
1093.052	0.8484470588
1094.071	0.707945117
1095.072	0.5138541459
1096.151	1.596227772
1097.152	0.470453379
1098.153	0.5626172185
1099.161	0.8566731898
1100.171	0.1309351944
1101.181	2.099003922
1102.201	2.159088206
1103.621	0.2492615385
1104.622	0.101239593
1105.632	0.1401473684
1106.641	0.491497006
1107.642	2.931428571
1108.643	0.2501104762
1109.652	0.4620539245
1110.662	0.1072941176
1111.691	1.519696304
1112.712	1.569614243
1113.714	1.438023445
1114.721	0.1529101796
1115.722	1.49783017
1116.811	0.1894153846
1117.813	3.011693532
1118.822	0.9402437562
1119.832	1.654185075
1120.842	1.107877585
1121.852	0.5417187197
1122.863	0.8126732673
1123.873	1.325122877
1124.893	1.665391304
1125.894	1.605962339
1126.903	4.286562066
1127.932	0.1614159292
1128.943	1.495318812
1129.944	0.6750135922
1131.123	0.7274588235
1132.133	0.5782970297
1133.612	1.299619672
1134.613	0.2300272865
1135.623	1.409070367
1136.643	1.104982178
1137.974	2.280974257
1138.975	1.821071429
1139.983	0.5643555556
1140.994	1.403956479
1142.004	2.423781388
1143.533	2.31781019
1144.534	1.737941061
1145.535	0.2141682975
1146.543	0.1096393443
1147.544	0.1036363636
1148.624	0.1394823529
1149.629	2.493294545
1150.634	0.1096393443
1151.644	3.083855856
1152.647	0.2077282717
1153.705	0.322226087
1154.715	1.505454545
1155.716	1.215722222
1156.717	0.1319689922
1157.724	1.746330033
1158.735	0.1865454545
1159.905	0.5793882353
1160.915	1.863730693
1161.917	1.901954046
1162.924	0.3447608233
1163.925	0.1502117647
1164.935	0.1584078431
1165.945	1.625346535
1166.946	2.166214876
1167.947	2.986415094
1168.955	2.315497006
1169.997	1.003004995
1171.175	0.7801663366
1172.176	0.1573944223
1173.185	1.785783945
1174.186	0.1138921476
1175.187	1.162849545
1176.375	0.422590099
1177.376	3.481142857
1178.377	1.840182359
1179.395	0.7106493506
1180.396	0.4659326733
1181.408	0.6182438057
1182.418	0.1295147929
1183.626	2.828352542
1184.627	1.603382178
1185.636	0.176373892
1186.637	1.429090188
1187.638	0.5330809756
1188.646	0.3893538462
1189.667	1.087116932
1190.668	0.1578461538
1191.687	0.7393126761
1192.688	1.880487512
1193.706	0.1933189401
1194.707	1.306545094
1195.766	1.027708292
1196.767	0.9431221374
1197.768	0.1055351977
1198.776	2.538473736
1199.887	2.197546454
1201.597	0.8827732268
1202.607	0.4753142857
1203.617	2.607803922
1204.618	0.1905145068
1205.666	1.787869177
1206.667	0.5228313725
1207.678	1.451236763
1208.687	0.773158209
1209.688	0.1782068966
1210.887	0.3187572816
1211.897	4.032726547
1212.898	0.1116734694
1213.899	0.3474856762
1214.977	0.5847192661
1216.02	0.2709465347
1217.037	1.26651632
1218.038	0.925025641
1219.039	1.668689109
1220.657	1.116015873
1221.658	0.2510166503
1222.747	0.9447229862
1223.748	0.1338400753
1224.908	1.954669284
1225.91	1.089085217
1226.948	0.1720542373
1227.958	0.8104110672
1228.978	0.1052307692
1229.979	0.1418464606
1231.095	0.8037544554
1232.099	1.722629371
1233.418	1.152797607
1234.419	1.528135864
1235.439	1.321672944
1236.44	1.530273267
1237.449	1.90896333
1238.698	2.375992008
1239.699	0.883328807
1240.729	0.314716141
1241.759	2.755132867
1242.76	1.394772277
1243.769	0.8586928361
1244.778	0.7225283019
1245.828	0.5187339806
1246.868	0.9219425173
1248.258	2.568047525
1249.268	1.613949105
1250.288	2.313001739
1251.308	0.109112662
1252.429	0.2186613387
1253.638	0.1236273292
1254.679	2.470873127
1255.688	0.185641357
1256.879	0.7465490196
1257.929	1.419035847
1258.949	1.184623377
1260.029	0.2258219306
1261.039	0.3962113503
1262.155	0.8901333333
1263.479	0.3111529412
1264.529	0.4750970297
1265.539	0.1072941176
1266.599	1.627832335
1267.609	1.908779221
1268.64	1.980506379
1269.66	2.296599401
1270.67	2.897572854
1271.739	0.3437305893
1273.199	0.1228601036
1274.43	2.862777589
1275.44	1.349697329
1276.46	0.7247747915
1277.47	0.1468336315
1278.48	0.7696475248
1279.52	1.049897205
1280.67	0.1180235294
1281.68	0.1295737705
1282.71	0.9074301295
1283.741	0.1721769912
1284.76	0.1394823529
1285.88	0.1391186441
1286.881	0.1288792934
1287.91	0.4116149312
1288.92	2.844395604
1289.94	0.1141080569
1290.961	0.1113635523
1292.08	0.1342273099
1293.09	1.611159664
1294.091	0.1156426513
1295.12	0.6073974232
1296.441	1.271508911
1297.471	0.108126251
1298.491	2.071096135
1299.521	0.6193283706
1300.771	1.412027424
1301.811	0.6251540726
1302.821	2.877663366
1303.881	0.1368
1304.891	0.1957684004
1305.971	0.1091357202
1307.001	1.958991063
1308.022	0.126802139
1309.392	1.390790514
1310.512	0.3969882353
1311.522	1.804734856
1312.561	0.7026521308
1313.644	3.184903097
1314.645	2.843228771
1315.655	1.587952941
1316.683	1.241663366
1317.804	0.3130246305
1319.094	0.3873761468
1320.104	1.032029879
1321.284	1.057576238
1322.294	0.300159378
1323.304	1.815616384
1324.314	2.297534466
1325.315	1.97691018
1326.344	0.119280654
1327.354	1.270794846
1328.355	0.1614159292
1329.364	0.4965148515
1330.365	3.11357037
1331.374	0.7762477522
1332.375	1.883116883
1333.385	0.9206873127
1334.386	0.6170207715
1335.387	0.5252
1336.395	0.1202637363
1337.406	1.617054945
1338.415	1.39462924
1339.436	0.1034404537
1340.445	1.177652695
1341.465	1.781277592
1342.466	0.1159768786
1343.477	0.8832792079
1344.478	1.820421242
1345.615	1.122730585
1346.616	0.7427157748
1347.617	1.382246667
1348.626	1.515861523
1349.758	4.617542458
1350.766	0.167243553
1351.776	0.6983576424
1352.777	0.2912299065
1353.786	1.834499002
1354.866	2.021821815
1355.867	1.635718095
1356.877	0.4524923077
1357.886	1.213282717
1358.887	1.546005946
1359.907	0.3783785927
1360.918	2.004225966
1362.126	0.5685194805
1363.136	0.3242132982
1364.146	0.6386706231
1365.147	0.2304421053
1366.158	1.726518812
1367.166	0.1072941176
1368.186	0.5921009919
1369.216	1.131396603
1370.226	1.230986028
1371.227	0.1547219604
1372.257	0.7773032385
1373.327	2.338819802
1374.337	0.8471528472
1375.358	0.6007905138
1376.367	1.511666667
1377.377	0.1486451613
1378.387	2.306877123
1379.397	0.3684785047
1380.567	1.253893069
1381.577	1.45415873
1382.607	0.2525538462
1383.627	0.1031479736
1384.628	2.1888
1385.697	0.1570909091
1386.698	0.1146969432
1387.708	1.224831169
1388.787	0.9221333333
1389.798	0.1059980714
1390.898	1.731391879
1391.908	1.533389222
1392.918	1.475964036
1393.928	0.165376
1394.948	0.6019372549
1395.949	0.1202637363
1396.989	0.1395409836
1397.999	2.23474331
1399.448	0.105433526
1400.449	0.9594013605
1401.459	0.1483965351
1402.579	0.1853067729
1403.58	0.8668514851
1404.589	0.7112712871
1405.599	0.1265202312
1406.608	1.690164519
1407.609	2.613002997
1408.699	1.354455446
1409.701	0.3711627907
1410.702	0.1782226117
1411.709	1.483014837
1412.779	0.1827384045
1413.781	1.455896104
1414.789	1.388336967
1415.791	0.5459643564
1416.8	0.2077282717
1417.801	0.1093306693
1418.802	1.91598002
1419.82	1.39779802
1421.162	0.7421307692
1422.17	1.481598417
1423.18	0.4371881188
1424.181	2.141050949
1425.19	1.068325171
1426.201	1.547012987
1427.33	0.9861668302
1428.34	0.5150117647
1429.341	3.436051948
1430.342	0.1412736661
1431.35	0.1505068762
1432.48	2.338925075
1433.483	0.3218823529
1434.5	0.8498095238
1435.682	0.2229333333
1436.684	2.856615385
1437.691	0.1857017893
1438.702	0.6927952522
1439.703	0.3218823529
1440.704	0.1607835455
1441.73	1.311968032
1442.731	3.017526474
1443.741	0.9011089109
1444.9	0.4466733267
1445.911	0.8043412759
1446.931	1.273430569
1447.932	0.1057855888
1448.942	0.3179607843
1449.943	0.5526178218
1451.011	0.4874516129
1452.012	0.1920603774
1453.022	2.113226667
1454.031	1.842624381
1455.032	0.1481343669
1456.033	3.230914757
1457.041	0.1756827195
1458.101	2.263144855
1459.102	1.14770916
1460.103	0.2128
1461.152	0.2487272727
1462.162	1.388336967
1463.332	0.104928092
1464.333	0.7027327502
1465.353	0.1827583497
1466.362	0.109739289
1467.402	0.3253914767
1468.413	0.4720941176
1469.432	1.466931001
1470.453	0.5857046581
1471.562	0.2140516129
1472.563	0.5805538462
1473.572	0.9968792079
1474.573	1.600764179
1475.582	0.1800311688
1476.583	1.716491508
1477.623	0.1251292876
1478.633	0.7913608074
1480.143	0.9309436202
1481.165	0.1219387187
1482.183	0.1573921381
1483.193	0.172951712
1484.433	0.2018285714
1485.443	0.1601560976
1486.463	0.9456466019
1487.578	2.019552918
1488.594	0.2262047244
1489.603	1.766209901
1490.615	2.684581602
1491.623	1.093306693
1492.703	0.1806291262
1493.705	1.569614243
1494.724	1.590136769
1495.893	2.832
1496.904	2.004594059
1497.905	2.220988235
1498.914	0.1266422372
1499.974	0.9653280476
1500.975	0.1243636364
1501.995	1.087627723
1503.164	2.014567164
1504.304	0.5252262488
1505.305	1.202637363
1506.316	0.4257443013
1507.317	2.015936064
1508.319	1.313110889
1509.515	2.022617383
1510.516	0.7910019802
1511.555	0.9763617391
1512.585	1.718838966
1513.586	0.4409313433
1514.595	1.352997009
1515.596	0.109739289
1516.685	0.6332241715
1517.686	1.273210084
1518.755	2.116211788
1519.765	0.7899327434
1520.775	0.9007957932
1521.825	0.1203236994
1522.846	0.12140729
1523.875	1.085037624
1524.885	2.398484127
1525.956	1.128719281
1526.966	0.134557377
1527.985	0.979390099
1528.986	1.365421488
1530.296	1.664126858
1531.316	0.103245283
1532.906	1.163742319
1533.911	0.3522509804
1534.946	2.508075924
1535.956	0.1711671554
1537.176	0.346055336
1538.186	0.4237137177
1539.226	0.2076164384
1540.228	0.1071136802
1541.237	0.6167971275
1542.367	3.341746254
1543.371	1.492630113
1544.386	1.366530938
1545.398	2.711400599
1546.407	0.9192647353
1547.408	0.1291327434
1548.41	0.1310658683
1549.437	0.1292598425
1550.438	0.1395754961
1551.487	0.3863816794
1552.497	0.3780536149
1553.507	1.131411649
1554.587	1.148840864
1555.607	0.5472
1556.617	0.1476069364
1557.828	1.012578218
1558.837	0.1552988314
1559.847	0.6596679842
1560.867	1.235436563
1561.878	1.947932338
1562.927	0.7483410853
1563.937	0.5433821782
1565.217	1.385590504
1566.278	0.5254290759
1567.394	0.151059246
1568.418	0.6013186813
1569.429	0.7050148662
1570.468	1.306695738
1571.478	0.6627426471
1572.498	0.1780363636
1573.524	0.102020339
1574.528	1.366409496
1575.588	0.7325154845
1576.599	1.138433759
1577.608	1.257302697
1578.719	1.192114286
1579.728	1.088884578
1580.779	0.4767683168
1581.849	2.174228037
1582.909	0.1658181818
1583.918	0.3314806739
1584.939	1.530631785
1586.088	0.4152
1587.132	0.1521408712
1588.349	0.9969254902
1589.529	0.1562253944
1590.619	1.592665347
1591.62	2.722333666
1592.621	0.1197850746
1593.719	2.06973027
1594.739	1.948931507
1595.779	1.01649901
1596.809	1.836118812
1597.87	0.6197740337
1598.89	0.2940806142
1599.998	0.6864156863
1601.0	2.263144855
1602.06	0.7996612127
1603.07	0.4334257426
1604.071	1.894362018
1605.16	0.2387526882
1606.161	0.1444071631
1607.181	0.4308785047
1608.401	2.968966337
1609.42	1.421298701
1610.59	0.4768871287
1611.831	1.941140655
1612.832	1.856188235
1614.02	0.6693902913
1615.021	1.785942058
1616.101	0.9752079208
1617.361	0.2828498528
1618.461	0.1235612903
1619.481	0.2038588235
1620.491	1.658661386
1621.501	1.219148289
1622.511	0.4828235294
1623.512	0.655984016
1624.521	0.1076779964
1625.821	0.3355727003
1626.862	1.494326848
1628.051	0.9527497585
1629.061	1.704571429
1630.071	0.8014653465
1631.072	0.1392872727
1632.091	0.1849964413
1633.102	0.1118909445
1634.112	0.4159161905
1635.113	2.113742258
1636.122	0.8722877123
1637.252	0.6280479042
1638.272	0.3786533467
1639.273	0.3112513761
1640.282	1.552974257
1641.302	0.1129835758
1642.313	2.366857143
1643.314	1.495318812
1644.333	1.851280899
1645.533	1.529339941
1646.535	1.581908911
1647.553	1.186332737
1648.583	3.31932549
1649.593	0.8720940386
1650.613	0.1638323353
1651.834	0.6355884116
1652.853	1.393941618
1653.873	0.2010286554
1654.883	0.1411521926
1655.893	0.1030508475
1656.894	0.1033427762
1658.043	0.1527577268
1659.048	0.484527288
1660.264	0.7981138861
1661.284	0.8134786918
1662.285	1.306081893
1663.293	0.1135698113
1664.304	0.7147961165
1665.314	0.1290832632
1666.315	0.6152007992
1667.334	0.1157538462
1668.464	0.1529101796
1669.484	1.399432567
1670.494	2.361615842
1671.505	0.6917841021
1672.974	0.3799115179
1674.055	1.912648649
1675.086	2.120854147
1676.175	2.165598425
1677.284	1.696925926
1678.285	0.1128247423
1679.286	0.8957602398
1680.295	0.5294305694
1681.298	0.5411989199
1682.305	0.1240323887
1683.385	0.6531168317
1684.405	0.1678849473
1685.655	0.104928092
1686.665	1.327790262
1687.675	0.8261647059
1688.755	0.103245283
1689.765	0.1502117647
1690.775	0.1427478261
1691.835	0.1760428954
1692.836	0.1262769231
1693.906	3.403760563
1694.916	0.6418449304
1696.065	0.8021657459
1697.086	0.7144451039
1698.335	1.149615686
1699.336	0.4007661972
1700.337	0.1086305254
1701.536	0.106079556
1702.537	1.604871287
1703.538	0.7510588235
1704.546	0.2575058824
1705.556	3.826756436
1706.557	0.2378563107
1707.558	0.1622835959
1708.566	1.070371257
1709.577	0.6990179641
1710.579	0.9949090909
1711.597	1.949266019
1712.598	0.3164105359
1713.786	1.295584216
1714.796	2.56975223
1715.807	1.911540139
1716.846	2.175344655
1717.848	0.5357202797
1718.857	0.1442821735
1719.863	1.475528931
1721.097	0.3481219048
1722.137	0.8804705882
1723.147	0.4701218781
1724.148	1.854769841
1725.157	1.52631454
1726.168	0.1655231317
1727.169	0.3218823529
1728.178	1.010449558
1729.198	0.1030871632
1730.208	1.515489614
1731.209	3.242125874
1732.21	0.1207741935
1733.218	0.9634183976
1734.227	0.1774152154
1735.228	1.635083883
1736.229	1.804195804
1737.237	1.645237525
1738.238	1.478891089
1739.248	0.1283753666
1740.249	4.399096903
1741.258	0.4935529412
1742.259	2.11870099
1743.268	1.213592079
1744.269	0.9178113208
1745.369	1.298258824
1746.379	1.062529471
1747.389	0.7352303207
1748.399	0.8443041386
1749.409	1.721163205
1750.619	2.015272727
1751.62	0.9183776224
1752.629	0.1240113314
1753.639	0.1653484419
1754.64	1.966319921
1755.659	2.140742515
1756.669	0.1536
1757.799	0.4549991877
1758.8	0.1092215569
1759.809	0.9503223301
1760.81	1.145682951
1761.811	0.4942497503
1762.83	1.616111001
1763.839	0.5880875357
1764.84	0.1036363636
1765.849	2.171341974
1766.85	0.4795390156
1767.851	0.7586357143
1768.86	0.1583559633
1769.861	1.255691395
1770.87	2.328743257
1771.986	1.279873142
1773.0	1.583571853
1774.001	1.495318812
1775.02	0.2186613387
1776.2	1.430802395
1777.21	1.372859141
1778.22	0.2856583417
1779.52	0.1179079334
1780.525	1.166114851
1781.53	0.2840871287
1782.536	0.1380324324
1783.54	2.705994018
1784.551	1.136207585
1785.553	0.105433526
1786.561	1.259919192
1787.562	1.446468254
1788.564	0.1234431336
1789.57	0.161974026
1790.571	0.1612573674
1791.572	3.40007992
1792.581	0.2984727273
1793.671	0.1036695485
1794.681	1.921367793
1795.691	0.837213771
1796.692	0.2975067961
1797.702	2.659307616
1798.871	1.063003077
1799.872	0.7066957384
1800.873	0.6208615385
1801.892	1.130086622
1802.901	1.244656834
1803.902	1.659435294
1804.903	0.5431222222
1805.912	0.3923478261
1806.922	0.1072551272
1807.932	0.1302217782
1808.934	1.428368682
1809.942	1.950203593
1810.952	0.1265202312
1811.954	0.9356482759
1812.962	2.667668332
1813.963	0.1436220472
1814.965	0.1344725898
1815.972	1.041805692
1816.982	1.049574426
1817.985	0.584649505
1818.992	0.159620784
1820.113	1.574361638
1821.133	1.056174257
1822.134	0.8558493558
1823.143	1.722949051
1824.153	2.541621407
1825.283	0.4791741935
1826.284	0.8076594059
1827.286	0.1048275862
1828.303	1.229244357
1829.304	1.872712166
1830.343	0.2670368932
1831.423	1.939580198
1832.433	0.1824
1833.434	2.754800365
1834.443	0.1957781753
1835.863	0.1048275862
1836.874	1.647025855
1837.883	0.1211428571
1838.903	0.1249722675
1839.913	0.143789781
1841.063	1.39779802
1842.064	1.174619608
1843.203	1.311968032
1844.204	1.177363726
1845.206	0.1180235294
1846.244	0.6298640777
1847.254	1.513126667
1848.264	1.558789318
1849.275	0.4876039604
1850.284	0.250712381
1851.285	0.1308047809
1852.295	3.268987013
1853.314	1.944143856
1854.315	1.591264095
1855.325	0.9455104895
1856.326	0.1345998108
1857.328	1.0944
1858.335	0.1238431373
1859.345	0.9776950495
1860.355	0.163996004
1861.365	0.1317333333
1862.366	0.1528388589
1863.375	1.445234765
1864.376	0.4591888112
1865.377	0.1402430087
1866.385	1.126906931
1867.395	3.705790099
1868.405	0.4879360639
1869.406	0.1082492582
1870.407	0.1508031496
1871.416	1.10423976
1872.426	0.6940534125
1873.436	0.8469061876
1874.445	0.2708627451
1875.446	0.1522487725
1876.705	1.60052549
1877.725	0.7852387612
1878.726	1.807403337
1879.736	1.652329412
1880.746	0.6652235294
1881.747	0.1017100372
1882.756	2.066782953
1883.766	0.8746453546
1884.776	0.1648813559
1885.786	0.2431837488
1886.787	0.7204035608
1887.796	1.692203796
1888.797	0.171334638
1889.806	1.544530693
1890.927	0.9101940594
1891.936	1.356443556
1892.947	1.856180392
1894.346	0.4169142857
1895.347	0.1686936416
1896.357	0.1750216369
1897.826	1.58200396
1898.837	0.1321002786
1899.847	0.1398190568
1901.517	1.627964392
1902.527	1.45110757
1903.528	0.3335929204
1904.577	0.4222884072
1905.607	1.946085914
1906.667	1.884866469
1907.687	1.505902098
1908.707	2.573162837
1909.9	0.1316114709
1910.918	2.738392982
1911.937	0.3467405941
1913.138	0.1744063745
1914.437	2.689902874
1915.438	0.1095395814
1916.458	1.1628091
1917.678	2.291187314
1918.688	0.1095395814
1919.708	0.1155316699
1920.888	1.213592079
1922.028	2.110081918
1923.038	0.1052307692
1924.04	0.9443756244
1925.048	0.1426402071
1926.049	1.308955045
1927.069	1.534320792
1928.148	1.156438938
1929.289	3.021098901
1930.299	0.5613384615
1931.329	0.1581788618
1932.339	0.3963099631
1933.349	2.656013344
1934.369	0.3825087379
1935.379	1.718243323
1936.589	0.1827384045
1937.59	0.2940458624
1938.599	1.415584416
1939.6	0.6826455446
1940.609	1.826779596
1941.659	2.035086053
1942.66	0.3373795837
1943.669	0.6403365469
1944.679	0.9183776224
1945.68	0.1341832669
1946.69	1.85225974
1947.7	0.2422637151
1948.71	0.7840477612
1949.73	0.3325510406
1950.74	1.116953876
1951.75	0.1318554217
1953.171	0.1345179982
1954.19	0.2413346117
1955.4	0.4071528472
1956.56	1.226817699
1957.561	0.3445843102
1958.57	0.9201186944
1959.581	0.3098693069
1960.68	1.410533467
1961.681	1.137038961
1962.683	1.258468966
1963.691	0.5281490196
1964.695	0.8161758242
1965.711	3.181522478
1966.721	0.2896941176
1967.731	2.308804142
1968.741	1.819364635
1969.761	0.1481779497
1970.781	0.7259881188
1971.831	0.1753515551
1972.833	2.446305882
1973.842	1.124532374
1974.843	0.1122970966
1975.851	2.849774257
1976.853	2.411428571
1977.865	0.804452902
1978.872	0.105433526
1979.882	0.9573594515
1980.884	1.409562005
1981.891	2.400071928
1982.894	0.9535366337
1983.973	0.1004958678
1984.992	0.6990840966
1985.993	1.326297376
1987.082	0.8212726018
1988.083	1.211417544
1989.097	1.970136499
1990.102	0.3448526413
1991.112	2.495984016
1992.122	0.1091861663
1993.312	0.1386745098
1994.313	1.78943083
1995.314	2.206633071
1996.323	1.751477745
1997.324	0.3448528926
1998.332	1.288814371
1999.333	0.7074476004
2000.452	2.864463536
2001.454	1.119120707
2002.472	0.1621333333
2003.483	0.1530629371
2004.523	0.1092413793
2005.832	1.422281188
2006.876	0.2076660342
2007.896	0.1579980751
2008.917	2.538053518
2009.936	2.408415199
2010.956	0.1200239282
2011.966	2.565722523
2013.017	4.245194805
2014.027	1.561477407
2015.136	1.008042068
2016.147	0.1972827324
2017.157	0.1311968032
2018.167	0.8746453546
2019.356	0.1561288136
2020.367	0.136537428
2021.387	0.1093306693
2022.887	0.141988024
2023.897	0.8110208127
2024.907	0.1182554028
2025.937	0.1347351779
2026.947	0.7643774834
2027.957	0.5754885115
2028.977	0.1416044362
2030.002	1.778165834
2031.017	0.1078226601
2032.027	1.36752381
2033.477	1.464792079
2034.978	1.842111111
2035.988	2.099148851
2037.397	0.1500646425
2038.408	0.5182257426
2039.848	2.154657785
2040.858	0.2488
2041.888	0.81808
2043.078	2.700749257
2044.088	1.406674651
2045.218	2.064502453
2046.219	1.440416094
2047.238	0.1458075866
2048.249	0.1048275862
2049.258	0.2330054645
2050.288	3.64689022
2051.428	1.596227772
2052.499	0.6122745098
2053.521	1.177173333
2054.749	3.286185814
2055.761	0.2450944499
2056.769	0.2718119491
2057.77	0.6121745455
2058.869	0.1305279092
2059.87	0.1318554217
2060.941	0.6216792079
2061.949	2.099148851
2062.959	0.3218823529
2063.989	1.141367691
2065.0	0.1868487805
2066.019	1.859342574
2067.02	0.1076779964
2068.03	2.269142857
2069.04	0.4458529131
2070.06	0.4761238761
2071.39	0.1010526316
2072.4	1.443094266
2073.42	0.6376421053
2074.432	0.1361000962
2075.44	0.2296538462
2076.65	3.578933067
2077.651	1.665875371
2078.67	0.6386706231
2079.681	1.705558442
2080.84	0.3411921569
2081.851	2.153814186
2082.862	1.246223984
2083.882	0.1366071085
2085.011	2.375228389
2086.031	0.5513521772
2087.041	1.394823529
2088.131	0.1413953488
2089.161	0.1073994112
2090.221	0.4482557443
2091.291	1.367270588
2092.302	0.1619833488
2093.351	0.1069794721
2094.361	0.1824
2095.409	0.1524537313
2096.429	0.1335925926
2097.869	0.1133114754
2098.904	1.416831683
2099.988	3.196884044
2101.009	0.1400511883
2102.139	1.49778242
2103.149	1.0360999
2104.16	1.563428571
2105.269	0.2211973051
2106.27	0.2059078081
2107.271	0.8702075298
2108.28	1.295183513
2109.399	0.838632613
2110.4	1.881726274
2111.415	2.301714286
2112.42	0.9062777778
2113.449	2.074748759
2114.469	0.1724263207
2115.48	0.2066855524
2116.489	0.1416393443
2117.51	1.048030799
2118.521	1.828875125
2119.54	0.6337881438
2120.55	2.322312221
2121.56	2.143134921
2122.77	2.893116832
2123.89	0.1052307692
2124.901	0.1299541985
2126.38	0.9402437562
2127.4	0.1394823529
2128.41	2.497233831
2129.421	0.2705407407
2130.66	0.4399058824
2131.661	1.087120879
2132.67	1.516990099
2133.721	0.1007834395
2134.722	0.1447571429
2135.741	1.40362038
2136.742	1.172632727
2137.751	0.1120893855
2138.901	2.135769841
2139.902	0.4476686799
2140.911	3.277982196
2142.011	2.798144712
2143.022	1.505320388
2144.023	0.1316114709
2145.041	1.254678536
2146.071	0.5201108911
2147.072	0.8343445545
2148.073	0.1443026188
2149.223	2.011369202
2150.232	0.1155316699
2151.251	1.965858845
2152.262	0.2951928072
2153.263	1.791571543
2154.283	0.9293106893
2155.284	0.6645719882
2156.292	0.1273697404
2157.432	0.206490566
2158.443	1.907073267
2159.472	0.1311968032
2160.533	2.691064151
2161.653	2.65860576
2162.662	0.8869109244
2163.673	1.722867327
2164.684	0.8238993711
2165.692	0.4500336449
2166.703	1.068859141
2167.724	0.5150117647
2168.803	0.4431524752
2169.885	0.1686936416
2171.133	0.5463790087
2172.223	0.1092215569
2173.643	0.1186588824
2175.224	0.6712633663
2176.263	1.303318137
2178.523	0.2689900272
2179.743	2.717764123
2180.753	1.017543027
2181.924	0.1088955224
2182.954	0.1505623388
2183.965	0.6018666667
2184.984	2.030285714
2186.045	1.384094118
2187.345	1.672759241
2188.364	0.1156426513
2189.974	0.1265202312
2191.104	0.5186588235
2192.124	1.385590504
2193.224	2.060762963
2194.275	0.7825933333
2195.277	0.1149384615
2196.464	1.10318335
2197.535	1.149716551
2198.555	0.9208712871
2200.064	0.1797199654
2201.185	0.1492363636
2202.186	1.592839604
2203.266	0.1888447001
2204.305	0.1517190388
2205.375	0.9307697715
2206.455	0.2128
2207.645	2.121319658
2208.935	0.8866245614
2209.965	1.673983349
2211.504	0.3874693069
2212.505	1.318001982
2213.508	1.569696789
2214.626	0.9454981273
2215.705	0.1108367529
2216.824	0.7010333651
2217.825	2.161470529
2219.125	1.850841612
2220.742	1.941772052
2221.746	2.177964356
2222.981	0.78703207
2224.042	0.3002901961
2225.099	0.6655357493
2226.206	0.3086092715
2227.345	0.3906161322
2228.388	1.78208991
2229.767	1.166971429
2230.809	2.61039521
2231.844	0.7158612488
2232.887	3.063722222
2233.99	0.6826455446
2235.189	0.1604986251
2236.228	2.395270588
2237.773	1.132594547
2238.82	0.2259831618
2239.911	0.3341679389
2241.167	0.7992554455
2242.19	1.23666
2243.249	0.1105741935
2244.269	1.189090909
2245.289	1.151552941
2246.292	0.1071890304
2247.371	0.3433411765
2248.589	0.3324906667
2249.609	1.108528302
2250.692	1.387142857
2251.75	1.105129412
2252.911	0.2682352941
2254.151	1.780571429
2255.152	3.106129611
2256.191	2.238537463
2257.29	1.389032385
2258.347	0.1155316699
2259.393	1.939025948
2260.574	1.366644202
2261.576	0.3543771429
2262.597	0.2549389313
2263.617	1.346846154
2264.674	0.5771360947
2265.796	0.1410991136
2267.058	2.058533467
2268.079	0.2154330709
2269.216	2.732290196
2270.217	0.1944418985
2271.232	1.771156843
2272.295	0.7147572816
2273.333	0.1311968032
2274.475	2.250059406
2275.554	0.655984016
2276.713	1.669144954
2277.837	2.138093906
2278.977	0.1338400753
2280.059	2.840849242
2281.095	0.1311968032
2282.217	1.247028037
2283.257	0.1563927273
2284.356	0.9438492063
2285.418	0.2416871287
2286.479	1.014373796
2287.559	0.9430348747
2288.597	0.8181370407
2289.636	1.64577023
2290.679	0.174754491
2291.714	0.1755169811
2292.759	0.6825609065
2293.795	0.3078331717
2294.814	0.5364705882
2295.954	0.3187572816
2296.972	0.5526178218
2298.012	2.357354781
2299.013	0.1163493106
2300.208	1.362525475
2301.266	0.3272847425
2302.325	0.5793882353
2303.363	0.5369970559
2304.401	1.234869725
2305.422	0.122190746
2306.605	0.2383841584
2307.665	0.7188705882
2308.79	0.1038688525
2309.948	0.105433526
2310.967	0.158552988
2312.13	0.2349661437
2313.168	0.1114666667
2314.347	1.760223776
2315.547	0.2435449541
2316.566	0.9352691552
2317.645	0.2597982196
2318.728	0.7910019802
2319.824	3.191309524
2320.898	1.402933598
2321.946	2.153814186
2323.004	0.1691826087
2324.027	2.714285714
2325.063	0.1072941176
2326.084	1.038641359
2327.182	2.012603397
2328.305	0.8086074074
2329.327	2.664495505
2330.343	0.4891017964
2331.363	0.7325154845
2332.503	0.8826223092
2333.524	0.5285
2334.545	0.663048951
2335.625	0.1132492944
2336.66	2.424047572
2337.721	1.482337241
2338.898	0.1978745098
2340.458	1.317442557
2341.539	1.07424854
2342.6	0.1014991922
2343.641	0.5417821782
2344.682	0.9427009901
2345.839	1.272744554
2347.002	0.2941390176
2348.1	0.4659636364
2349.163	0.973042957
2350.244	0.141988024
2351.263	0.4659326733
2352.361	4.313286713
2353.362	0.5262093863
2354.379	2.547404595
2355.417	0.3580411361
2356.643	1.989818182
2357.741	0.2208880734
2358.745	3.023733086
2359.823	1.80571869
2360.961	1.268235764
2361.984	0.4873405299
2363.003	0.6354951456
2364.037	0.1074857143
2365.062	0.1895976901
2366.078	0.1536
2367.079	1.738055556
2368.163	0.321024
2369.361	1.148578218
2370.38	2.427140859
2371.42	2.711400599
2372.438	0.3724
2373.439	0.7522960222
2374.5	0.2106641001
2375.539	1.083670588
2376.559	0.6693824613
2377.598	0.420609901
2379.079	0.6619722772
2380.238	1.178766355
2381.258	2.157434565
2382.481	1.357142857
2383.521	3.301786214
2384.582	1.623306667
2385.623	0.1716705882
2386.723	1.766209901
2387.78	0.5060843672
2388.8	1.634720539
2389.864	0.3685584906
2390.882	2.31781019
2392.041	1.485413174
2393.078	0.9294368932
2394.119	1.840237389
2395.139	1.805921028
2396.298	0.642636284
2397.316	1.426589411
2398.417	0.1000698254
2399.435	0.92401998
2400.473	0.921029703
2401.54	0.1191724138
2402.658	0.4183785927
2403.878	1.609010945
2404.958	1.811559921
2406.054	1.358982107
2407.056	0.174754491
2408.074	2.123412587
2409.176	0.4117544554
2410.177	0.8856861365
2411.336	1.222257426
2412.497	0.1127847565
2413.537	1.682011976
2414.636	0.9309960784
2415.674	1.338461538
2416.898	0.1515789474
2417.978	0.1933189401
2419.019	2.33197225
2420.078	2.452839604
2421.256	1.561248555
2422.301	1.919388235
2423.419	1.088134787
2424.457	0.1369316651
2425.556	1.614378287
2426.738	0.1840294272
2427.801	1.331220779
2428.82	0.7558372881
2429.857	0.537984127
2430.919	0.1014272475
2432.258	1.774415534
2433.34	3.170071795
2434.342	0.6652235294
2435.561	1.456874685
2436.577	1.790056807
2437.599	2.110860534
2438.72	0.1070841487
2439.739	0.2727735369
2440.8	0.9766256109
2441.92	2.774363456
2443.04	0.1283753666
2444.082	1.212359281
2445.12	1.328655345
2446.142	2.22212987
2447.269	1.668011988
2448.324	0.1259180036
2449.348	1.810172448
2450.368	0.4442613861
2451.602	0.7910019802
2452.645	0.3959733333
2453.646	0.1017316896
2454.669	2.072665347
2456.028	2.70179802
2457.047	2.116253465
2458.058	0.1750216369
2459.12	0.1529101796
2460.218	1.123301695
2461.261	1.279873142
2462.263	1.892852329
2463.362	2.701356863
2464.383	0.9854409449
2465.443	1.313239216
2466.501	2.305332012
2467.52	0.8405714286
2468.602	0.1752627451
2469.721	0.8143333333
2470.762	1.657614386
2471.803	0.3790358974
2472.841	1.48708982
2473.859	1.21357043
2475.079	1.041252725
2476.116	0.2889496157
2477.159	2.068122894
2478.197	0.1858415094
2479.239	0.4291764706
2480.321	0.1071890304
2481.484	1.188994175
2482.501	0.1392214765
2483.502	1.259421429
2484.601	1.040755005
2485.708	1.643916084
2486.842	2.278006623
2487.88	1.966436508
2488.881	2.328743257
2489.901	0.5092752475
2490.942	1.184666006
2492.002	1.324725471
2493.042	0.9643722772
2494.078	0.2752357143
2495.098	0.1415553759
2496.135	0.1274675541
2497.198	0.4734592
2498.201	2.820731269
2499.318	1.105235644
2500.335	2.781450777
2501.416	1.344951437
2502.435	0.2899784102
2503.546	0.1022803738
2504.561	0.1396192345
2505.577	0.1993307692
2506.616	0.1818947368
2507.638	1.884626984
2508.676	0.8384955224
2509.695	0.1028571429
2510.836	0.1397563851
2511.859	1.659332667
2513.115	0.1115699722
2514.116	2.725185771
2515.118	0.9195996075
2516.157	1.946085914
2517.158	0.3524177546
2518.179	0.4932507042
2519.262	0.31465625
2520.376	1.273918401
2521.379	0.627960396
2522.52	2.504754286
2523.556	0.4386123894
2524.599	2.578883168
2525.619	0.9299425173
2526.64	1.635469231
2527.662	0.148519084
2528.881	1.007318519
2529.96	1.0192111
2531.083	0.155307474
2532.14	0.7212927002
2533.198	2.701896825
2534.278	2.127135778
2535.338	0.1013333333
2536.457	2.668329039
2537.458	0.1227143985
2538.46	2.897262737
2539.48	1.101003774
2540.821	0.4642495413
2541.86	3.006593407
2542.905	0.1073994112
2543.942	0.6233719333
2544.978	1.038641359
2546.085	0.1377981952
2547.24	1.0990462
2548.241	0.6307631318
2549.261	0.8010445104
2550.281	1.418492035
2551.301	0.7866640548
2552.323	1.126382557
2553.362	0.3259254237
2554.379	1.495376623
2555.94	0.2139589443
2556.943	0.1476069364
2558.044	2.029510673
2559.102	1.293247059
2560.26	0.1156426513
2561.264	0.1645714286
2562.342	0.1421298701
2563.362	3.802983051
2564.404	1.988840864
2565.481	0.8847683168
2566.483	0.4313302326
2567.566	1.202637363
2568.587	1.543064935
2569.903	0.3537725948
2570.905	2.088215784
2572.066	1.181085149
2573.548	1.581574092
2574.586	0.9318653465
2575.603	0.5882967359
2576.623	1.314907692
2577.645	1.089805692
2578.705	0.1502117647
2579.715	0.6257857143
2580.825	0.6704426079
2581.826	0.1438977384
2582.835	0.3880145455
2583.905	2.305342657
2584.975	0.5369970559
2586.036	0.1266422372
2587.106	1.679098305
2588.108	1.798716832
2589.496	0.7118912621
2590.596	0.1885090909
2591.615	0.3654716981
2592.639	0.163996004
2593.646	1.663184314
2594.656	2.480926398
2595.657	0.3648
2596.658	2.637454906
2597.666	0.5004030483
2598.668	0.2106641001
2599.676	0.5433925926
2600.686	1.171207921
2601.696	0.1038330171
2603.006	0.565178626
2604.016	1.717722278
2605.196	0.1114666667
2606.197	1.935152847
2607.636	0.3657152542
2608.647	2.000151848
2609.676	2.694253846
2610.686	1.398497932
2611.687	0.6182438057
2612.697	1.410365634
2613.807	2.232142574
2614.817	1.213861386
2615.827	0.1551606805
2616.837	2.808799201
2617.847	0.2005168756
2618.848	2.134352239
2619.857	0.1970534653
2620.858	0.9146588921
2621.867	0.1579980751
2622.878	0.2835928571
2623.879	0.4373226773
2624.898	2.041142857
2625.927	3.243068385
2626.938	2.672603774
2627.967	0.6330352941
2628.978	1.499928713
2629.98	0.1721769912
2631.118	0.1899633558
2632.128	0.7541852198
2633.138	0.1678849473
2634.148	1.007714851
2635.158	1.609134921
2636.168	0.1101778222
2637.368	1.636182178
2638.369	0.1601734213
2639.558	1.168110891
2640.559	1.260019822
2641.608	1.030170297
2642.619	0.1243636364
2643.628	0.2349661437
2644.639	1.257302697
2645.738	2.082505451
2646.739	0.3797426192
2647.749	0.1001530782
2648.759	0.6701985294
2649.76	0.5848836292
2650.769	1.488647353
2651.77	2.381929412
2652.919	0.9573568627
2653.984	0.7871808192
2654.999	0.1072941176
2656.0	0.1330307942
2657.16	1.451976238
2658.619	0.7308143885
2659.62	1.842059406
2660.639	0.1319777365
2661.669	0.5829981308
2662.69	0.3277105263
2663.72	0.5029210789
2665.519	3.305830206
2666.52	1.475964036
2667.53	0.9173782178
2669.47	0.4350853778
2670.49	0.5452941176
2673.041	0.7491428571
2674.111	0.6664
2677.91	0.1262769231
2678.921	0.12768
2679.96	1.684776238
2681.031	1.322901099
2682.161	3.064919081
2683.291	1.493204337
2685.011	0.8652688172
2686.041	0.3068851149
2687.411	0.5843883495
2688.421	1.06084273
2689.943	1.836755245
2691.091	0.4654005935
2692.391	1.083422609
2693.401	2.04604995
2694.412	0.7230032701
2695.829	2.145457426
2696.849	0.8119128713
2697.93	0.3767681862
2698.973	0.158150289
2700.053	0.7910019802
2701.087	2.153614815
2702.093	0.1579980751
2703.094	0.1083564356
2704.134	0.703620178
2705.164	0.7910019802
2706.284	0.1197065637
2707.294	0.292272997
2708.314	2.899386746
2709.675	1.250727817
2710.784	1.946653347
2711.785	0.6565465347
2712.875	0.9309436202
2713.944	1.325886792
2714.975	1.942388833
2716.035	0.5874352941
2717.055	1.723337958
2718.105	0.4767683168
2719.185	0.6061958457
2720.285	1.603084242
2721.595	0.1682254545
2722.645	1.0944
2723.675	0.1394823529
2724.814	0.6851736997
2725.824	0.9039446093
2726.834	1.443164835
2728.225	1.861684836
2729.345	0.1686936416
2730.385	2.514559694
2731.466	1.377793651
2732.521	1.704407592
2733.565	1.446327056
2734.606	2.186613387
2735.665	0.8379380619
2736.688	0.2312853026
2737.689	0.1706644628
2738.692	2.876084211
2739.73	1.503341176
2740.768	0.228342651
2741.789	0.5182862488
2742.809	0.3467960396
2743.871	0.2250969638
2744.969	1.522098246
2746.013	0.1818227848
2747.015	1.343619802
2748.017	0.6825344995
2749.036	0.1668010161
2750.135	0.4129811321
2751.179	2.055416583
2752.235	0.1039585492
2753.255	0.1822213516
2754.352	0.1237775683
2755.354	1.892549565
2756.364	0.8172435644
2757.424	2.341642358
2758.464	0.5995221953
2759.484	0.89959429
2760.51	0.879237037
2761.571	1.126382557
2762.576	0.636090999
2763.612	2.031619425
2764.654	0.1620253921
2765.715	1.26697006
2766.753	0.4506352941
2767.771	0.1688563163
2768.776	0.1180235294
2769.872	0.1394823529
2770.936	0.8138395303
2771.973	0.1092215569
2772.975	0.8692836114
2774.071	0.8986743961
2775.074	2.274077922
2776.171	1.667512367
2777.272	0.5625916586
2778.369	1.760223776
2779.389	0.1158652551
2780.488	1.38626973
2781.568	0.2052
2782.587	0.1397563851
2783.59	1.889099901
2784.628	0.1263984601
2785.666	2.085050949
2786.746	1.385598402
2787.767	1.512263473
2788.868	1.856711289
2789.869	1.913286713
2790.89	1.377566434
2791.891	1.636182178
2792.99	1.388499501
2794.01	1.557885149
2795.011	0.6284673267
2796.111	2.863254708
2797.193	0.1073994112
2798.45	0.2029335976
2799.493	0.4465755534
2800.595	2.334473526
2801.656	1.957018981
2802.858	0.1464338028
2803.915	0.5298972332
2805.054	1.410197802
2806.096	0.5660756547
2807.133	2.966029674
2808.135	0.1299508082
2809.318	0.8897585868
2810.356	0.129455869
2811.39	1.021602398
2812.429	0.8150530035
2813.587	1.470112621
2814.667	0.1013333333
2815.707	2.032698413
2816.726	0.5314648167
2817.767	1.570423039
2818.826	0.4149378151
2820.048	0.5183145401
2821.347	2.104435644
2822.445	0.6011881188
2823.446	1.290058939
2824.463	0.1211512915
2825.543	1.195694892
2826.623	0.3540399619
2827.626	0.5208711289
2828.664	0.4832973503
2829.728	0.1101480949
2830.729	0.3118714044
2831.787	2.596111776
2833.028	1.163276723
2834.148	1.161277778
2835.267	0.3969882353
2836.324	0.5102291262
2837.344	1.585294705
2838.365	0.1072941176
2839.386	2.022897103
2840.547	1.088246729
2841.766	1.10423976
2842.828	1.95234886
2843.869	0.1011460259
2844.887	0.127483871
2845.907	0.9218198362
2846.908	1.258318497
2847.929	0.1093306693
2849.128	1.600534381
2850.186	2.136479371
2851.206	2.295944056
2852.21	2.069607921
2853.227	1.595074783
2854.268	1.65720354
2855.269	0.133281097
2856.366	0.1310658683
2857.506	1.618661339
2858.688	0.193699115
2859.75	1.468247012
2861.132	0.7960633663
2862.15	2.594268767
2863.151	0.7374375
2864.43	1.600356436
2865.55	0.7990336634
2866.728	0.8746772277
2867.909	0.1183856502
2868.967	1.407240356
2869.968	1.806569431
2871.111	0.6255403296
2872.151	1.060507493
2873.175	0.9950574257
2874.371	0.1751864407
2875.391	0.1194977252
2876.45	1.476665347
2877.609	1.231928783
2878.868	0.2600554455
2879.907	0.5177324083
2880.969	2.476140351
2881.971	0.2842597403
2882.993	0.2786914789
2884.109	0.8551928783
2885.188	0.9119207136
2886.268	1.793554241
2887.325	1.541562438
2888.363	0.4960317146
2889.365	1.718390579
2890.385	0.1043074039
2891.487	0.8251428571
2892.585	0.1296784314
2893.666	2.328743257
2894.717	1.507920635
2895.743	1.592435644
2896.943	1.978255172
2898.105	0.1685312801
2899.147	0.7258718447
2900.167	0.1940608519
2901.226	0.5242634731
2902.289	0.9461010902
2903.49	2.005971429
2904.505	0.1311968032
2905.525	0.1432929624
2906.527	1.016775225
2907.667	1.344767233
2908.688	0.9741115538
2909.985	0.1321002786
2911.004	1.613450549
2912.427	0.3893538462
2913.467	1.385974026
2914.484	1.711381566
2915.663	1.019294118
2916.704	2.416348515
2917.843	1.622134387
2918.882	0.2864246154
2919.883	3.186405594
2920.884	1.880679321
2921.94	1.237522124
2923.5	0.9870412214
2924.52	1.724131868
2925.54	0.6123679525
2926.62	1.345027654
2927.701	1.822472799
2928.903	0.2145882353
2929.905	0.5314633682
2931.085	1.282867327
2932.306	0.1286268364
2933.346	1.6756
2934.389	0.498439604
2935.43	0.1032790029
2936.548	0.1461984733
2937.605	0.1341646235
2938.628	2.125364798
2939.631	2.045857143
2940.671	0.258567033
2941.707	0.1236610169
2942.786	3.507611881
2944.002	0.2255387635
2945.042	0.1093790476
2946.126	1.484483168
2947.205	0.1073994112
2948.303	0.1938216319
2949.323	0.1636485981
2950.381	0.5711470844
2951.438	1.978885115
2952.518	1.528607393
2953.597	0.5396145931
2954.636	4.0999001
2955.712	1.277616683
2956.732	2.27211988
2957.734	0.8269754661
2958.896	0.1198248175
2959.913	1.441140594
2960.935	1.431882353
2961.937	0.2104615385
2963.231	0.671809901
2964.375	2.09477106
2965.455	0.1885090909
2966.531	1.866917647
2967.574	0.7425016949
2968.857	0.9527611497
2969.912	0.8628502994
2970.95	2.289537341
2971.955	0.7871808192
2973.051	0.6860097943
2974.172	1.470231913
2975.19	0.3502803738
2976.254	2.342618253
2977.411	0.6906407767
2978.611	0.7259881188
2979.727	1.341176471
2980.785	0.9147061144
2981.926	0.1521408712
2982.965	0.1758857143
2984.004	1.327816367
2985.021	0.7237642358
2986.143	0.5685892351
2987.181	1.051667327
2988.384	1.170142292
2989.402	0.1245896414
2990.422	1.869554446
2991.423	1.235263366
2992.446	1.681314851
2993.484	1.191704296
2994.7	1.138870168
2995.717	1.880239316
2996.957	0.2291365902
2998.22	1.315457851
2999.237	0.6495540139
3000.297	0.1369140951
3001.367	0.1102897103
3002.538	2.580577502
3006.119	1.062211765
3007.12	1.732823762
3008.121	0.9183776224
3009.309	0.3403805825
3010.311	1.287914397
3011.312	1.10423976
3012.491	0.3636392468
3013.492	0.678531894
3014.571	1.389360748
3015.691	0.1191920792
3016.87	0.8683658052
3017.871	0.5417821782
3018.872	1.913614386
3019.88	1.607160839
3020.89	0.4534901961
3021.892	0.5195964392
3023.113	0.8198498024
3024.18	4.687912088
3025.392	0.6829838249
3026.394	0.9877740337
3027.531	2.140869911
3028.532	1.810843564
3029.592	0.7693306931
3030.593	0.1368
3031.594	0.1530629371
3032.609	0.1617339901
3033.629	0.1455328583
3034.634	0.9540650246
3035.655	2.470946108
3036.853	1.321948515
3037.855	0.149187926
3038.862	0.822694362
3040.072	1.33567733
3041.073	0.1093488759
3042.093	0.6401838162
3043.095	1.01851145
3044.103	0.1494615385
3045.104	1.317635821
3046.141	1.187932607
3047.142	0.1560641711
3048.155	1.530612245
3049.162	0.1170071197
3050.172	1.022901818
3051.182	2.852885799
3052.192	1.060134921
3053.222	1.493098255
3054.292	0.2255387635
3055.355	0.116736
3056.822	0.8594194831
3058.022	0.8746158246
3059.032	0.1818651026
3060.034	2.7398798
3061.042	0.4438219585
3062.043	2.387132867
3063.053	1.999712288
3064.054	0.1513431288
3065.112	2.392308605
3066.123	1.042035644
3067.153	0.1828223749
3068.154	1.851244806
3069.203	0.47025
3070.213	0.9653280476
3071.372	2.098725664
3072.393	1.682011976
3073.543	0.8014574257
3074.563	0.136922252
3075.577	1.449892051
3076.583	0.1098394161
3077.584	0.1792369942
3078.643	0.1597664234
3079.644	0.4497176471
3080.645	1.023548515
3081.744	0.5309465347
3082.755	0.1088955224
3083.763	1.971675248
3084.764	0.7320099092
3085.834	0.3144695305
3087.263	0.9055664336
3088.264	1.071440559
3089.265	0.2143780607
3090.266	2.629578422
3091.284	0.1245814361
3092.315	0.233528613
3093.444	0.7134495726
3094.464	0.7259881188
3095.474	1.660827173
3096.476	0.2186613387
3097.524	1.451096974
3098.533	0.8790257426
3099.545	3.50070495
3100.546	0.1858230563
3101.614	0.4124444444
3102.633	0.8269754661
3104.074	0.2763923077
3105.085	1.690360396
3106.087	2.265045908
3107.096	0.1342822086
3108.098	0.1408633663
3109.115	1.48890566
3110.145	1.475964036
3111.215	0.1165288376
3112.225	0.6609742574
3113.246	0.2075209581
3114.265	0.8343445545
3115.276	0.4238490566
3116.475	1.318289109
3117.506	1.426333884
3118.647	0.1004036697
3119.665	1.158905095
3120.685	0.2009517241
3121.727	2.405716567
3122.776	1.2275005
3124.116	0.1394823529
3125.146	1.995415385
3126.147	0.7657705882
3127.195	1.935152847
3128.206	0.8418461538
3129.255	0.1792369942
3130.326	0.9183776224
3131.517	0.7049188119
3132.586	0.3028303448
3133.616	0.1056370656
3134.626	0.1095395814
3135.636	0.3506330097
3136.645	0.5901176471
3137.646	0.3935904096
3138.676	2.000286482
3139.686	0.3680474777
3140.706	0.4905132075
3141.746	1.071440559
3142.747	0.174870317
3144.018	0.4077176471
3145.036	0.1093333333
3146.068	0.1758487713
3147.156	0.2925623762
3148.197	2.001153153
3149.219	1.922819672
3150.286	0.1072941176
3151.287	0.4429647059
3152.466	1.35538523
3153.468	2.479329341
3154.507	3.269698302
3155.607	0.5247872128
3156.618	0.440925816
3157.647	1.299732268
3158.659	2.591136863
3159.667	0.134557377
3160.677	2.10122288
3161.687	1.87699002
3163.077	2.503672328
3164.088	0.2510091743
3165.142	2.06551049
3166.159	2.513518482
3167.168	0.7081411765
3168.179	0.4236466667
3169.195	0.1527577268
3170.207	2.040546535
3171.208	1.10012549
3172.209	0.5734945491
3173.219	0.8383049505
3174.248	0.308
3175.26	0.1638016838
3176.268	1.060507493
3177.298	0.9860435644
3178.301	0.4601989906
3179.348	0.1579980751
3180.508	0.6870491159
3181.518	1.894362018
3182.608	0.6828293546
3183.609	0.978180531
3184.648	2.384630739
3185.668	1.355788212
3186.671	0.4720941176
3187.673	0.8653956149
3188.68	1.499420579
3189.729	1.140914622
3190.731	0.7640353982
3191.909	0.923499515
3193.089	0.7175529412
3194.1	0.111106599
3195.101	0.9752079208
3196.13	0.4070583581
3197.137	0.5378832839
3198.141	1.08221704
3199.149	1.071819608
3200.199	4.253117764
3201.33	0.327992008
3202.341	0.8633346535
3203.349	1.181085149
3204.452	1.249224348
3205.461	0.3563807655
3206.462	1.682247619
3207.48	1.614510891
3208.5	0.4418376238
3209.51	0.2370113208
3210.52	0.7981138861
3211.54	0.9408296296
3212.56	0.9478374628
3213.642	0.5291748252
3215.09	0.5418873786
3216.102	1.056662069
3217.12	2.126755203
3218.142	0.1335887324
3219.143	0.6435428571
3220.16	0.1319777365
3221.17	0.1345179982
3222.191	0.1115699722
3223.201	0.891304918
3224.211	0.1395409836
3225.221	0.9308627451
3226.301	0.1895976901
3227.411	2.31781019
3228.431	2.130729073
3229.44	0.5571612903
3230.46	0.1341646235
3231.472	0.2203489933
3232.511	2.05178022
3233.52	0.109112662
3234.532	0.9535366337
3235.62	1.579493621
3236.761	0.1474648701
3237.811	0.9525934718
3239.0	0.4764955401
3240.011	0.7977068161
3241.381	1.0524741
3242.401	0.3139228487
3243.411	1.977766234
3244.421	0.2439477325
3245.432	0.8458037661
3246.433	1.18423125
3247.473	0.1252788226
3248.553	1.679524752
3249.571	3.544719281
3250.581	0.1445433962
3251.621	2.508
3252.633	0.7801663366
3253.692	1.194845155
3254.693	0.2152212389
3255.703	0.1495061964
3256.721	0.7476594059
3257.852	1.55111811
3259.272	0.1177925636
3260.282	0.5750500491
3261.342	0.1257333333
3262.352	0.1075577396
3263.372	0.2395839058
3264.373	0.129027451
3265.382	0.3250693069
3266.392	0.6617883699
3267.413	0.1159768786
3268.433	1.650893107
3269.442	3.25578635
3270.462	0.1176774194
3271.873	0.6934811881
3273.002	3.873758242
3274.11	1.199039385
3275.111	0.6481398058
3276.112	1.469622857
3277.13	0.1574080242
3278.14	1.854580773
3279.141	1.063608392
3280.15	0.1487533981
3281.18	0.8308118812
3282.201	0.4106943396
3283.21	0.1286268364
3284.46	1.868377065
3285.462	0.1286268364
3286.48	1.791247525
3287.481	1.217839445
3288.531	0.7832470588
3289.681	0.498439604
3290.741	0.6587650485
3291.86	0.1390344828
3292.866	1.00561039
3293.883	1.216079523
3294.891	0.1517190388
3295.951	1.302037886
3296.971	1.695223762
3297.981	0.5515607843
3298.982	2.447529412
3300.002	0.9270811881
3301.031	1.382732673
3302.051	0.808183908
3303.062	1.454857143
3304.072	0.6501386139
3305.081	0.9427009901
3306.092	0.5409254902
3307.311	1.234041543
3308.342	1.4238002
3309.351	0.1249552807
3310.362	2.925145505
3311.382	0.1504914286
3312.462	2.557211881
3313.522	1.380384314
3314.552	1.471553785
3316.683	2.192775225
3317.692	0.9370459082
3318.793	1.392718563
3319.813	1.348509735
3320.823	1.044663914
3321.824	1.935201597
3322.863	1.571168317
3323.874	1.404176298
3324.934	1.11982521
3325.993	0.4470415842
3327.215	0.2386204163
3328.392	0.862001998
3329.396	0.2047546501
3330.595	0.4767683168
3331.654	3.150053412
3332.712	1.433227723
3333.715	1.083316683
3334.953	0.1688563163
3336.057	1.929157582
3337.136	1.19351049
3338.293	0.1492363636
3339.491	0.3042196078
3340.53	0.1578461538
3341.549	2.912984127
3342.569	2.325477833
3343.607	0.1196065574
3344.612	0.1822213516
3345.671	0.1269152542
3346.71	1.421475229
3347.753	0.1056927129
3348.791	0.1530629371
3349.848	0.8993584158
3351.072	0.1873024631
3352.254	0.6848
3353.349	0.5480307692
3354.351	0.1749290709
3355.428	0.1287529412
3356.63	0.2096551724
3357.647	0.4720941176
3358.692	1.321948515
3359.697	1.946345924
3360.793	0.2595259259
3361.829	1.349966102
3362.83	0.4233571997
3363.868	2.10813986
3364.888	0.7562514735
3365.931	2.239041916
3366.971	1.425396065
3367.991	0.7318970297
3369.028	2.349722278
3370.072	0.1051435897
3371.128	0.142394052
3372.132	1.939580198
3373.21	0.3106566038
3374.249	1.050017804
3375.269	0.5698772277
3376.312	0.1321050903
3377.357	1.625778664
3378.415	0.3770673255
3379.432	1.240583417
3380.492	0.6737029703
3381.51	1.673788235
3382.574	1.73596004
3383.655	2.236113837
3384.689	0.5840318408
3385.691	1.082373626
3386.753	1.122485514
3387.778	0.29184
3388.795	1.639958974
3389.796	1.3050432
3390.975	0.7047841584
3392.053	1.000071217
3393.153	0.411427451
3394.17	2.044483516
3395.192	1.867746535
3396.334	0.109112662
3397.574	0.1180235294
3398.657	0.1747586207
3399.755	0.1004036697
3400.756	1.967952048
3401.776	0.2645075529
3402.806	0.1446798867
3403.82	1.978885115
3404.899	0.1368
3405.941	1.158905095
3407.04	0.1986026667
3408.042	1.59186548
3409.122	0.1115699722
3410.123	1.201566766
3411.244	0.4845529075
3412.245	0.1267644788
3413.325	1.043591675
3414.443	0.9419606557
3415.567	2.080443564
3416.646	0.755145
3417.845	1.159413861
3418.864	0.5257411765
3420.009	0.1072941176
3421.086	0.4287561215
3422.207	0.8576543457
3423.268	1.247461386
3424.426	0.6008470588
3425.505	0.905029703
3426.526	0.9401410993
3427.547	0.1875794786
3428.746	1.472095904
3429.749	1.269026759
3430.803	1.014713333
3432.007	0.1634706398
3433.008	0.3788724036
3434.045	2.241366633
3435.447	2.394341658
3436.688	0.1156426513
3437.727	0.6067960396
3438.887	3.238001803
3439.966	1.976071928
3440.97	1.298139776
3442.186	0.564011893
3443.187	1.3332
3444.226	0.1792369942
3445.263	0.4924635514
3446.307	0.1106387625
3447.328	1.777045545
3448.347	0.5228737864
3449.507	0.1162352941
3450.529	0.1039585492
3451.708	2.169585388
3452.972	0.5963052527
3454.026	0.1760151372
3455.549	1.516990099
3456.568	0.5570299401
3457.588	0.5700939061
3458.645	0.530421365
3459.77	1.762260442
3460.851	0.5816461538
3461.973	1.134431683
3463.011	0.5225558853
3464.013	0.1254840295
3465.076	0.1526055777
3466.172	0.9183776224
3467.193	1.515396825
3468.274	1.323258672
3469.375	0.422590099
3470.453	1.016775225
3471.532	0.1542857143
3472.535	1.217146089
3473.539	0.7368237624
3474.659	1.533079365
3475.778	0.2145882353
3476.878	0.1576945245
3477.934	1.842073195
3479.058	2.924295409
3480.177	2.561140594
3481.22	0.2383841584
3482.377	1.290101898
3483.459	0.4092831683
3484.697	1.455944112
3486.179	0.1267644788
3487.218	1.726778443
3488.299	0.439993298
3489.338	1.095822368
3490.578	1.342069238
3491.759	0.2125048544
3492.8	1.378652095
3493.817	0.1095395814
3494.837	1.398312871
3495.838	2.8476
3496.919	0.2506259542
3497.937	0.2800226202
3499.059	0.1789957204
3500.078	2.427184158
3501.079	0.8732176991
3502.097	0.1072941176
3503.115	0.6936912281
3504.119	0.1183627288
3505.256	1.705558442
3506.478	0.2579081967
3507.637	0.1563428571
3508.798	0.1505098039
3509.938	0.2216792079
3510.977	0.1112606285
3512.176	2.148223553
3513.298	1.199928144
3514.301	1.891266601
3515.321	0.7229045495
3516.357	0.2075209581
3517.399	0.3022257115
3518.476	4.164531469
3519.572	2.099364635
3520.771	0.1375938104
3521.81	0.6013186813
3522.853	0.3575762376
3523.894	0.5416054956
3524.995	2.831664336
3526.196	3.203334653
3527.29	2.494667988
3528.348	0.727933945
3529.351	2.675657337
3530.388	3.360650407
3531.408	1.760093863
3532.487	0.105433526
3533.543	0.765554717
3534.582	2.315337958
3535.621	1.441918731
3536.657	1.404958416
3537.759	0.5376605042
3538.877	3.252387612
3539.895	0.1724263207
3540.916	0.1261556196
3541.956	0.680015534
3543.021	1.910178482
3544.143	0.1610991168
3545.164	1.116071287
3546.207	1.709285429
3547.228	0.2367692308
3548.645	1.761015873
3549.708	0.4283164919
3550.848	0.436380198
3551.908	0.8682311459
3552.964	1.376191617
3554.042	1.63996004
3555.063	1.487248751
3556.284	0.1506548673
3557.324	0.8370223518
3558.342	0.1792369942
3559.461	0.6793559651
3560.464	1.553502857
3561.564	2.34049901
3562.601	1.364583178
3563.643	2.000751249
3564.663	1.783535836
3565.785	1.637955791
3566.802	1.135346795
3567.804	1.15712253
3568.902	1.971402799
3569.944	1.111641221
3570.945	1.552221782
3571.963	0.6598219585
3573.001	0.1526055777
3574.1	0.2816854147
3575.28	0.3858153846
3576.36	0.1853419355
3577.37	1.34559041
3578.371	0.8682311459
3579.46	0.1135698113
3580.47	0.1075049116
3581.66	0.1619833488
3582.661	1.595738614
3583.662	1.399432567
3584.672	0.2712526215
3585.68	0.1503591757
3586.77	0.2077282717
3587.861	1.122287179
3588.862	0.8552936937
3589.863	0.3467405941
3590.871	2.20777037
3591.91	0.8273791749
3593.19	0.9624972376
3594.191	0.8080555556
3595.221	2.223167812
3596.421	0.9277462834
3597.422	0.700502947
3598.431	2.019160319
3599.432	0.6803777778
3600.441	2.047936634
3601.451	1.876424182
3602.842	0.104928092
3603.851	2.863952239
3604.861	0.176516129
3605.872	0.7476594059
3606.881	1.538661386
3607.931	0.8074001874
3608.962	2.700855446
3609.981	1.420876115
3610.982	0.1030508475
3612.341	2.148091908
3613.362	0.9643722772
3614.382	1.851905882
3615.482	1.182255699
3616.483	0.6384136752
3617.485	1.854526733
3618.622	2.107433102
3619.632	1.173026759
3620.633	0.7434485514
3621.642	0.921029703
3622.843	0.4934960212
3624.042	1.027708292
3625.252	0.2944
3626.253	0.4613647059
3627.262	0.1656613056
3628.382	0.536190099
3629.383	1.686349206
3630.393	0.2623936064
3631.394	0.2246019802
3632.403	1.243070423
3633.404	2.004594059
3634.405	0.7458231827
3635.423	1.299584314
3636.443	0.1771885714
3637.444	0.2788280255
3638.453	1.384350598
3639.454	0.8529188119
3640.456	0.1545762712
3641.463	0.1129217541
3642.464	1.310763132
3643.465	0.1056370656
3644.474	0.4433111111
3645.484	2.602698318
3646.513	2.029786214
3647.517	1.729806194
3648.524	0.1430597302
3649.525	0.1422618384
3650.594	0.7591254811
3651.604	0.8550729271
3652.624	0.1288792934
3653.635	1.702882061
3654.664	0.4037592233
3655.665	0.1417846154
3656.674	0.5715889908
3657.684	0.3502230769
3658.704	0.1071032028
3659.725	1.016353635
3660.744	2.623119843
3661.756	0.1551606805
3662.774	1.105025243
3664.395	0.1251708292
3665.405	0.4852679245
3666.475	0.4494785215
3667.485	0.7834693069
3668.594	1.0944
3669.605	0.1612573674
3670.755	0.1076816935
3671.756	2.689534466
3672.945	1.197148515
3673.955	0.5364705882
3674.956	0.8164448306
3675.985	1.807311828
3676.986	0.8215899904
3677.987	0.104928092
3679.005	0.4380039604
3680.006	0.7832470588
3681.036	0.2147988224
3682.056	1.846289109
3683.265	2.106849853
3684.266	0.8686545455
3685.277	0.1388952381
3686.278	2.493090909
3687.597	0.17328
3688.606	0.3472615385
3689.616	0.1716876764
3690.627	1.02168545
3691.637	1.749290709
3692.638	1.030875248
3693.677	0.4353302498
3694.686	1.967952048
3695.986	0.163996004
3696.987	0.4751703704
3697.997	0.2445627119
3699.077	1.978885115
3700.257	0.5873821782
3701.268	0.2441353846
3702.377	0.1056
3703.378	0.2653734239
3704.456	1.017717647
3705.458	0.5312621359
3706.46	0.1982608696
3707.468	1.106213935
3708.469	0.9752079208
3709.478	1.421442557
3710.497	0.141988024
3711.688	0.1036899225
3712.7	2.996226843
3713.707	2.667668332
3714.708	1.684120755
3715.709	0.2946461538
3716.718	0.1168776699
3717.719	1.960191808
3719.209	0.1655542857
3720.227	0.703620178
3721.228	0.9948039604
3722.427	1.123869436
3723.428	0.8170373281
3724.439	1.840178814
3725.448	0.4797922078
3726.449	0.2765544554
3727.459	2.24940519
3728.468	0.516445276
3729.582	1.804043956
3730.583	2.761366354
3731.588	2.158728165
3732.589	1.480483647
3733.599	0.5794525475
3734.629	1.940652591
3735.648	0.1093405995
3736.852	1.444282528
3737.869	0.5220990826
3738.894	1.563428571
3739.899	0.5042823529
3740.901	0.6371377602
3741.959	0.2069014925
3742.969	0.2096551724
3743.999	0.1309351944
3745.029	3.357618382
3746.28	1.875789891
3747.281	2.042443114
3748.299	0.1221519757
3749.31	0.1337142857
3750.32	0.7296
3751.33	0.8261647059
3752.69	2.117678431
3753.699	2.762069376
3754.829	2.024261128
3755.941	0.7938851485
3756.95	0.8698039216
3758.05	2.64632967
3759.06	1.550946108
3760.11	0.1397563851
3761.12	0.8870415842
3762.131	0.4773518335
3763.132	1.104047013
3764.27	2.548483516
3765.271	0.2398087649
3766.281	0.2842597403
3767.282	0.4314909091
3768.402	1.065558442
3769.403	0.1529010774
3770.56	2.489837624
3771.563	1.275356643
3772.571	1.545758242
3773.6	0.1160887175
3774.602	0.3776
3775.612	2.945022977
3776.621	1.793022977
3777.771	1.993165669
3778.783	3.123562624
3779.982	3.01412884
3780.983	2.778574257
3782.201	0.6357942857
3783.203	0.2023388495
3784.204	0.8746453546
3785.207	1.810693307
3786.221	0.1515789474
3787.222	0.6796594059
3788.242	0.1474648701
3789.243	1.811436563
3790.245	0.1698206897
3791.342	2.112335329
3792.452	0.3298980538
3793.453	0.8993584158
3794.462	0.121825603
3795.463	0.2630769231
3796.472	0.1562033898
3797.522	0.6658763494
3798.662	1.477738262
3799.663	1.344738095
3800.664	0.1594754098
3801.672	0.3969882353
3802.684	1.508763237
3803.685	0.1072941176
3804.703	2.580203796
3806.004	1.811345887
3807.013	3.216230616
3808.023	0.1421298701
3809.292	0.7833108911
3810.293	0.1262769231
3811.402	0.6835664258
3812.403	0.1065163636
3813.404	0.1576470588
3814.406	1.697117939
3815.412	1.015321905
3816.482	2.40178999
3817.483	0.1075049116
3818.493	0.1173619303
3819.502	1.816872151
3820.503	0.1590408719
3821.512	1.357453831
3822.523	1.620654545
3823.632	0.6311628753
3824.633	1.859428571
3825.773	0.5309465347
3826.774	0.1004648007
3827.783	0.1182554028
3828.784	1.650893107
3829.785	1.020467532
3830.952	0.7486542196
3831.953	1.970413586
3832.954	2.368510978
3833.955	2.402204996
3834.963	0.1288792934
3836.103	1.451976238
3837.104	2.634869131
3838.105	0.7732757606
3839.113	1.452615929
3840.114	0.3945584158
3841.243	2.159936064
3842.244	0.8403784787
3843.293	0.576245266
3844.304	3.430753247
3845.314	2.47289243
3846.494	0.4696148148
3847.516	0.9152580962
3848.523	0.2255387635
3849.923	0.2141682975
3850.925	0.5145073457
3851.954	0.4286071429
3852.984	0.1111578947
3853.994	0.8126984127
3854.995	0.5315657143
3856.005	0.1419981464
3857.164	1.223281437
3858.165	0.1360152964
3859.166	0.1470403071
3860.244	0.1393457395
3861.255	0.1369140951
3862.294	0.1549484277
3863.305	0.751809901
3864.435	1.439643564
3865.436	0.8261647059
3866.554	0.8785569871
3867.615	0.1014272475
3868.834	2.073714286
3869.835	0.2974039216
3870.845	0.7933196581
3871.925	0.9394319527
3872.926	3.492571429
3873.945	1.705976471
3874.965	0.114
3875.975	1.564523477
3877.035	0.103245283
3878.045	1.574720314
3879.047	1.366633367
3880.066	1.760223776
3881.075	0.5685194805
3882.095	0.2147988224
3883.105	1.029082353
3884.126	1.763758341
3885.166	1.038641359
3886.176	1.808367632
3887.196	0.1201437126
3888.206	1.26245508
3889.207	0.1013333333
3890.236	0.204
3891.256	1.585294705
3892.296	3.06105638
3893.306	0.2918384615
3894.326	2.256468719
3895.336	0.8040633663
3896.417	0.1092215569
3897.426	0.7826653426
3898.437	0.9445809617
3899.457	0.2817267327
3900.458	0.5592833496
3901.467	0.18
3902.557	0.109112662
3903.617	0.6412407574
3904.956	0.8943126735
3905.957	0.5766181818
3906.967	3.316563437
3908.007	0.2480357462
3909.017	2.328743257
3910.247	0.3450033898
3911.347	0.8855784216
3912.378	1.492963037
3913.387	0.119280654
3914.547	1.430304951
3915.747	3.312719281
3917.801	0.5047772326
3918.82	0.1581016949
3921.104	0.1758487713
3922.19	0.6336491576
3923.191	2.357501976
3924.361	1.211236043
3925.37	1.083564356
3926.381	2.028273538
3927.5	4.093090909
3928.501	0.1323108808
3929.52	0.1916603774
3930.521	1.214794846
3931.541	0.101761623
3932.562	0.1096393443
3933.581	1.178542574
3934.583	1.824751249
3935.591	0.2338686131
3936.592	0.1410139104
3937.71	2.144395648
3938.711	1.016775225
3939.712	0.1897803468
3940.721	0.1925630499
3941.922	0.8134786918
3942.931	0.6297142857
3943.932	0.1087090755
3945.081	0.1418464606
3946.101	0.1853419355
3947.111	0.8929991297
3948.112	3.491113772
3949.12	0.8375843137
3950.121	0.1715024486
3951.132	0.6760824338
3952.141	0.1076779964
3953.152	0.1685312801
3954.171	0.1056046967
3955.182	1.266325234
3956.192	2.159199327
3957.222	1.74622002
3958.223	0.970954726
3959.224	1.996906278
3960.322	0.3836099502
3961.333	0.1759187817
3962.413	0.9673956563
3963.472	0.155307474
3964.488	3.210536779
3965.532	0.1640634921
3966.722	0.1611168317
3967.733	2.03249501
3968.821	1.170788119
3969.823	1.100729026
3970.824	0.9374735013
3971.843	2.589718812
3972.943	2.135152941
3973.953	0.1138921476
3974.963	1.386962376
3975.964	1.160300395
3977.013	0.1072941176
3978.024	0.1075817694
3979.053	0.9343748773
3980.064	1.580439169
3981.133	1.664689792
3982.143	1.095028856
3983.214	0.3851862836
3984.215	1.042703667
3985.223	1.826843564
3986.293	0.4552030361
3987.294	0.1265202312
3988.733	1.082492582
3989.735	1.041360684
3990.736	1.13402381
3991.803	0.2277740337
3992.815	2.505514371
3993.816	0.5417821782
3994.935	0.6636594059
3996.015	0.6328897059
3997.034	0.5102039216
3998.035	0.1095395814
3999.134	0.4767517241
4000.135	4.413457426
4001.147	1.607168831
4002.344	0.1392156863
4003.345	0.1586086957
4004.365	1.423782524
4005.375	0.5413463415
4006.425	0.7541998022
4007.435	0.113462771
4008.455	1.910582178
4009.456	1.127162617
4010.585	0.9810638704
4011.755	1.429692441
4012.795	0.6109774731
4013.925	1.49783017
4014.926	0.8418461538
4015.975	2.112261128
4016.986	2.503672328
4017.987	0.1092413793
4018.995	1.825822178
4019.996	1.017543027
4021.026	1.144758037
4022.035	1.558795225
4023.046	0.7938980392
4024.047	1.320372277
4025.056	0.1305958702
4026.066	2.940995005
4027.166	1.339009901
4028.176	0.1398938053
4029.216	1.302121429
4030.226	1.457770813
4031.246	1.297462537
4032.256	0.1440693642
4033.596	0.1678849473
4034.597	0.1711058824
4035.606	1.445974485
4036.626	2.174473282
4037.646	1.672
4038.666	0.1963512748
4039.747	1.615449902
4040.776	1.684129915
4041.937	1.416633663
4043.027	0.1092215569
4044.067	1.117817476
4045.087	0.1551606805
4046.137	0.2679725759
4047.237	0.2820438356
4048.307	2.486585415
4049.557	1.388336967
4050.587	2.711289358
4051.627	1.849264957
4052.647	0.5523009901
4053.657	1.342825225
4054.667	0.1716705882
4055.668	0.171
4056.687	0.1158652551
4057.727	0.1890327273
4058.758	0.3033980198
4060.028	0.1249300567
4061.228	1.0944
4062.428	2.377696729
4063.618	1.034075248
4064.638	0.9232666006
4065.658	0.4223128713
4066.678	0.1978954955
4067.728	1.304719281
4068.839	0.8018376238
4069.888	0.1098394161
4070.918	1.121222777
4072.738	3.032613592
4073.928	1.767270588
4075.008	1.159413861
4076.009	0.1609411765
4077.029	0.1413953488
4078.098	1.83299802
4079.099	0.9742433234
4080.108	0.6826455446
4081.419	0.2187417476
4082.429	2.149514486
4083.439	2.211564436
4084.619	1.786653465
4085.62	0.6231848152
4086.649	0.4564388835
4087.659	2.855696304
4088.67	1.498629371
4089.749	0.7484
4090.76	0.2462724014
4091.78	0.2589866667
4092.789	0.1636306069
4093.82	0.2682352941
4095.019	1.524422939
4096.03	0.4203960396
4097.07	1.657853465
4098.29	1.750471287
4099.53	2.932090999
4100.54	0.1245897436
4101.57	3.156187812
4102.74	0.1413431734
4103.951	1.927722498
4105.02	1.430025974
4106.05	0.132964486
4107.331	0.1368
4108.431	1.769678322
4109.53	0.1058745098
4110.631	2.033518482
4111.811	0.2868815534
4112.851	0.163996004
4113.881	0.1093306693
4114.921	0.3004235294
4115.991	1.585294705
4117.001	0.366302554
4118.05	0.1154209012
4119.06	0.1538069498
4120.091	2.272355885
4121.101	1.506154455
4122.131	0.171334638
4123.211	0.1436456112
4124.641	1.964371831
4125.661	0.1834295652
4126.671	0.157534293
4127.851	2.176793951
4128.881	1.943040959
4129.891	2.12168546
4130.892	2.405274725
4131.911	1.186075248
4132.923	0.1311968032
4133.962	1.60611059
4135.031	1.212391691
4136.062	2.151849057
4137.091	2.072815842
4138.092	0.4674509804
4139.102	0.105433526
4140.112	0.1152
4141.122	2.730538922
4142.132	0.6175542857
4143.142	0.805512605
4144.143	0.1108901013
4145.162	0.1993633749
4146.393	2.232142574
4147.402	0.1394823529
4148.412	1.643772102
4149.413	1.758566337
4150.453	0.172107308
4151.473	0.8235089109
4152.493	0.1262769231
4153.503	4.024711289
4154.523	1.758713287
4155.573	0.8401674975
4156.593	0.12
4157.623	0.1809712794
4158.643	1.235436563
4159.693	0.864692437
4160.793	1.895165839
4161.813	0.6501386139
4162.823	0.105433526
4163.844	1.481207843
4165.013	0.1796652286
4166.033	0.1344725898
4167.213	1.983255979
4168.224	0.8905411765
4169.293	0.2833118881
4170.574	0.4442613861
4171.654	0.1336296296
4172.674	0.4513425743
4173.916	0.8170640777
4174.964	1.729510934
4176.024	1.378331021
4177.044	0.9393588741
4178.094	1.182978218
4179.124	0.6109720885
4180.334	0.1398938053
4181.444	0.779424
4182.475	2.080443564
4183.494	0.1071890304
4184.504	1.137742574
4185.545	1.227968504
4186.565	0.7954734774
4187.585	1.595552542
4188.605	0.1686214356
4189.635	0.2086558627
4190.665	1.591264095
4191.685	0.1075049116
4192.825	1.100695821
4193.915	1.057875371
4195.095	0.1248111888
4196.115	1.456990099
4197.195	1.664690873
4198.225	0.1656613056
4199.715	1.163809231
4200.725	0.8607900797
4201.825	1.850465162
4202.835	2.733288404
4203.892	2.789544554
4204.93	0.1114666667
4205.931	0.2911307087
4206.974	0.2121509434
