0.0	2.453354455
1.001	3.77530297
2.002	0.900387855
3.011	1.748894118
4.012	0.5787881188
5.02	2.012582524
6.03	1.662352475
7.031	0.6097223796
8.041	0.4318614052
9.042	1.864298625
10.051	0.8690823529
11.07	1.289441584
12.071	2.195322101
13.08	0.2151910112
14.11	2.420747253
15.111	2.390707631
16.12	3.339124875
17.121	0.8009991994
18.131	2.759484638
19.141	0.2789647059
20.15	2.17568032
21.151	2.210471287
22.16	2.820731269
23.161	1.82219227
24.17	2.438073926
25.18	2.12618002
26.19	1.798716832
27.191	0.7325154845
28.201	0.3755294118
29.202	2.049966303
30.22	0.2979272097
31.222	1.566536779
32.24	1.120823762
33.261	4.151923518
34.27	2.519144855
35.271	1.261032385
36.28	1.047833168
37.29	1.891774034
38.291	0.9427009901
39.3	2.583382178
40.35	1.018550495
41.351	1.744538614
42.352	2.722333666
43.36	0.4045447471
44.361	2.164747253
45.362	1.655432567
46.37	0.3648
47.371	0.595960396
48.38	1.863160839
49.39	0.530421365
50.4	1.778806739
51.401	0.4400466019
52.42	2.262409496
53.43	1.334105055
54.431	1.814051485
55.44	1.478146535
56.441	2.20847952
57.45	1.540186323
58.451	4.305774226
59.46	0.2525538462
60.461	1.99628091
61.462	2.058772277
62.47	1.902353646
63.48	1.008564706
64.481	0.3262153846
65.49	0.6997162837
66.491	0.2742217782
67.499	2.206147203
68.5	1.0944
69.51	1.405403066
70.511	1.650285714
71.52	0.7360949555
72.521	1.744538614
73.53	1.58200396
74.531	1.586653465
75.54	4.749490509
76.55	1.272775225
77.6	2.490785714
78.65	3.984175824
79.72	2.223952048
80.73	4.022766169
81.731	4.180947053
82.74	1.797562438
83.752	2.688889772
84.819	1.491936508
85.82	1.086987141
86.821	2.584743257
87.839	1.954938614
88.84	1.445639604
89.85	0.8624551724
90.86	1.128023786
91.94	4.323321357
92.941	2.505813333
93.949	1.894688911
94.95	0.5609126984
95.951	1.605264618
97.04	4.137238761
98.041	1.982922772
99.049	2.420747253
100.05	0.3081320388
101.059	0.4921029703
102.06	3.39379021
103.069	2.290819802
104.07	2.021930624
105.071	2.584743257
106.079	1.306746269
107.081	1.507647175
108.089	2.383841584
109.09	0.2383841584
110.099	2.683140859
111.1	0.8280079208
112.109	1.488982178
113.119	3.356035679
114.12	2.18021978
115.139	2.584743257
116.149	0.5525126214
117.159	0.3897285852
118.16	1.530629371
119.169	1.371147671
120.179	0.7484003964
121.18	1.308988235
122.29	2.57381019
123.291	2.523365079
124.299	1.041252725
125.3	2.726945491
126.309	2.617542458
127.319	3.804507937
128.32	1.694859406
129.329	2.285010989
130.33	0.448760396
131.339	2.152087215
132.34	0.4555480674
133.349	2.300483516
134.359	2.420747253
135.36	3.710849151
136.379	0.3718834951
137.38	0.578820764
138.389	1.074857143
139.398	0.351412844
140.399	0.9797069307
141.4	1.0944
142.409	1.566382557
143.41	2.219412587
144.429	2.898906188
145.439	1.041774289
146.459	2.933026759
147.468	1.592407843
148.469	2.453546454
149.473	2.547404595
150.474	2.109511286
151.484	1.016775225
152.524	1.600507937
153.533	1.182255699
154.534	2.431683168
155.535	2.377504951
156.544	2.519144855
157.554	0.1173186467
158.564	2.206155054
159.584	0.9643722772
160.604	0.8902857143
161.704	1.207255446
162.723	1.510653465
163.733	1.935152847
164.734	0.7617882353
165.743	1.506572549
166.755	1.681189296
167.763	1.027708292
168.764	1.917826174
169.773	2.551944056
170.783	2.387948052
171.793	1.143381566
172.794	2.197546454
173.804	0.174415534
174.813	1.403972028
175.833	3.120665347
176.843	2.470873127
177.863	0.5003579767
178.893	1.235263366
179.914	2.733266733
180.923	0.5530495627
181.933	1.792380198
182.934	2.420747253
184.063	0.7863952096
185.083	2.258312871
186.093	2.141248761
187.103	0.5925572139
188.113	0.4009188119
189.116	0.889668952
190.123	4.92441958
191.134	2.434093162
192.143	4.246569431
193.153	0.5369970559
194.173	0.6393029703
195.193	1.247711239
196.203	2.390707631
197.213	2.519144855
198.223	2.285099065
199.243	1.879065347
200.253	2.505700599
201.263	1.387113772
202.273	2.748739261
203.294	2.50935167
204.303	2.740507937
205.314	2.847136863
206.334	1.115858824
207.343	0.8821861386
208.373	1.213592079
209.393	0.2443805825
210.423	3.302839216
211.433	0.633656526
212.453	2.355833663
213.463	2.841040715
214.483	2.238858276
215.493	2.080443564
216.503	1.922299401
217.513	1.776549558
218.522	2.86779782
219.523	1.976586139
220.543	1.213592079
221.546	2.879936064
222.562	2.108701685
223.573	1.863730693
224.574	2.724198807
225.602	2.803404595
226.613	2.442613387
227.623	0.8885227723
228.632	0.6544941176
229.643	1.11083449
230.653	1.123804608
231.662	1.574361638
232.664	2.253176471
233.672	1.38854902
234.673	1.629273262
235.682	3.218861139
236.702	1.072728713
237.703	2.158353646
238.712	2.814337662
239.713	2.344191808
240.722	3.514053946
241.732	2.71594006
242.743	0.1036363636
243.752	4.159104895
244.762	1.535365079
245.763	1.019294118
246.772	1.642307235
247.792	0.7088079208
248.832	0.7521584158
249.864	2.962861139
250.872	1.364442718
251.884	1.376126733
252.912	2.562877123
253.942	2.451282458
254.962	0.2925623762
255.982	2.361542458
257.013	1.431722498
258.022	2.831664336
259.032	1.6416
260.062	2.347322101
261.082	0.6652235294
262.092	3.148723277
263.097	1.805002973
264.102	0.4880872151
265.103	2.372475524
266.112	0.4343081967
267.172	0.5782156281
268.183	2.376991009
269.192	1.611320158
270.203	1.272775225
271.213	0.6813385214
272.223	1.115172827
273.232	3.131273081
274.238	1.805002973
275.248	2.197546454
276.288	2.548899901
277.308	2.486345654
278.338	2.767588119
279.368	2.726873127
280.398	0.519083004
281.408	2.925623762
282.448	0.4291764706
283.458	2.483821606
284.478	0.6405714286
285.518	1.946085914
286.528	0.9968792079
287.548	2.689902874
288.568	2.214857143
289.607	2.919287129
290.608	2.070889111
291.628	4.196443556
292.648	1.289441584
293.668	2.908451485
294.678	2.864463536
295.688	0.8551691395
296.698	2.021930624
297.708	2.762222222
298.728	2.784760396
299.738	1.301565907
300.767	0.1245848453
301.768	1.512150644
302.777	0.7637502478
303.787	1.005842158
304.808	1.261842158
305.817	1.131405941
306.847	1.506154455
307.868	2.618481665
308.869	0.8235089109
309.878	0.9511768232
310.888	2.627583497
311.898	0.8613676908
312.916	0.5598764479
313.918	1.289441584
314.927	1.072728713
315.958	3.93404995
316.968	2.925723258
317.977	1.486897103
318.978	2.011684316
319.987	1.071440559
320.988	0.9264459861
321.997	2.7441998
323.008	2.281326791
324.017	1.772463826
325.037	2.551944056
326.047	3.929582418
327.057	0.1060465116
328.077	2.230222222
329.097	1.883145709
330.104	0.7368237624
331.144	0.690460333
332.174	1.019294118
333.194	3.334342914
334.234	3.492187812
335.266	2.672215784
336.296	0.3170589411
337.306	2.530077922
338.316	1.913466799
339.326	2.71898008
340.486	0.7208622754
341.488	1.162092067
342.548	0.6303396226
343.549	4.694825175
344.558	2.197546454
345.559	2.008949533
346.568	2.327936508
347.569	1.196419802
348.578	1.952752941
349.579	1.982922772
350.588	2.547404595
351.598	2.335396078
352.608	2.792471528
353.618	0.6501386139
354.628	1.347258182
355.638	3.175128871
356.648	1.023049505
357.649	1.677298701
358.658	2.242978218
359.659	0.8134786918
360.668	2.132507937
361.678	2.491236043
362.688	0.5417821782
363.689	1.858621379
364.708	2.156293069
365.709	0.6546759721
366.788	1.731890196
367.789	0.3355727003
368.798	1.719619787
369.868	1.449892051
370.878	0.5164031621
371.888	2.071659068
372.89	1.311968032
373.898	1.214794846
374.908	0.3102404692
375.918	1.989396078
376.938	2.849767619
377.939	1.322901099
378.948	0.6115764706
379.958	0.3826573427
380.959	1.1491737
381.968	3.052201869
382.969	0.2896941176
383.978	1.759873267
384.988	1.738357642
385.989	2.225335922
386.99	1.749290709
387.998	0.6759529412
389.007	1.608174257
390.008	0.7981138861
392.658	4.78228971
393.659	3.514053946
394.66	0.3683076923
395.668	3.083124875
396.669	1.622633367
397.67	3.120471528
398.672	1.120570297
399.678	4.256570297
400.679	3.196514851
401.68	5.022817183
402.688	2.398881119
403.689	0.2582206801
404.698	0.5805714286
405.699	1.473647525
406.708	1.153421008
407.738	1.772463826
408.739	1.43915211
409.747	0.9535366337
410.748	1.739924678
411.759	0.7368237624
412.767	1.244611765
413.768	2.032777007
414.777	1.612913947
415.787	0.4871216617
416.788	0.6752908913
417.789	1.902620416
418.798	1.73820198
419.898	1.169838162
420.9	0.6826455446
421.908	2.141707556
422.909	3.024648863
423.911	2.661274725
424.917	0.3033980198
425.918	2.847136863
426.928	1.696539148
427.929	1.594418236
428.937	2.416341748
429.938	0.9502275449
430.947	1.95430969
431.948	1.750610402
432.949	0.1193102081
433.957	2.314782953
434.967	2.076162537
436.408	2.416207792
437.417	2.488325074
438.418	2.317079365
439.427	1.723610338
440.428	1.73370297
441.437	0.5309465347
442.447	0.5042823529
443.466	1.316915758
444.467	0.6559365079
445.468	2.585942517
446.477	2.715868132
447.487	1.425838162
448.507	1.447072349
449.508	1.260162216
450.517	1.292
451.657	2.058772277
452.667	1.170249505
453.677	0.8885227723
463.845	0.6826455446
464.865	0.8798117647
465.946	0.9472
466.985	1.163912871
467.986	0.9264459861
469.015	0.3515877106
470.025	1.939692308
471.026	1.858621379
472.035	2.279984158
473.045	1.522997027
474.065	0.2337553398
475.095	1.626957384
476.115	2.976412289
477.135	1.896237624
478.145	1.508763237
479.984	2.656735265
480.985	1.256934653
481.995	1.699164835
483.005	2.618481665
484.015	0.8010445104
485.024	1.58650297
486.025	2.705006993
487.035	1.470222222
488.055	2.694406343
489.056	1.214794846
490.065	2.792023786
491.066	2.047056974
492.068	2.83260198
493.076	2.27590864
494.086	0.1524051639
495.096	1.427478261
496.106	2.325629336
497.126	0.6866823529
498.387	2.18021978
499.396	0.2422637151
500.416	0.1716705882
501.426	4.836955045
502.436	3.120761905
503.446	1.298258824
504.456	1.072941176
505.466	2.108701685
506.486	3.623384615
507.496	0.5252262488
508.536	3.120463536
509.566	2.303936571
510.577	0.7497628319
513.388	1.208451933
514.637	0.1331105235
515.648	2.883055856
516.657	2.295365079
517.658	1.023049505
518.667	2.238858276
519.677	1.174748515
520.678	1.436763237
521.687	2.054469772
522.697	4.589003745
523.706	1.455658252
524.726	0.1368
525.727	0.9108910891
526.746	0.8476235294
527.747	1.115172827
528.757	1.170249505
529.776	2.661274725
530.778	0.248792233
531.786	2.56
532.787	2.835409316
533.797	0.3431009524
534.806	1.04577998
535.817	0.5534355275
536.836	1.659496531
537.846	2.451282458
538.856	2.661867195
539.857	1.770685149
540.862	2.793056604
541.871	1.467310891
542.881	1.842059406
543.893	0.5839683794
545.112	0.6170207715
546.123	2.64839604
547.124	1.224427723
548.145	1.729078295
549.151	2.366081918
550.161	1.916124646
551.191	4.711984032
552.211	1.631460852
553.221	4.717813176
554.242	0.6826455446
555.312	0.5092752475
556.322	1.214794846
557.323	1.510653465
558.332	0.7118912621
559.333	3.098597403
560.341	4.301234765
561.342	1.781544554
562.343	0.3442146161
563.351	2.081822178
564.352	1.501304262
565.372	0.2373647059
566.381	1.245125749
567.382	2.726873127
568.391	0.6763089109
569.392	2.377986261
570.393	0.8690823529
571.401	2.801142857
572.402	2.434093162
573.411	2.065316155
574.412	1.240474074
575.421	0.9511768232
576.424	1.55399604
577.492	1.464261645
578.551	0.5634534653
580.442	1.798716832
581.461	2.047936634
582.491	2.225087379
583.501	2.547404595
584.511	0.4184470588
585.521	0.5742891089
586.523	3.022793651
587.534	1.244866469
588.542	1.436225966
589.561	0.5476108949
590.582	1.24099108
591.61	3.627133201
592.63	0.7353675889
593.642	2.825270729
594.651	0.5514418605
595.69	2.279984158
596.691	2.766065934
597.711	2.988075472
598.721	2.803404595
599.722	2.737806194
600.742	1.238337255
601.751	2.345766438
602.752	0.2244392157
603.761	0.684
604.771	0.7499825535
605.78	2.748638256
606.781	1.989391477
607.801	2.455785927
608.881	0.8596875
609.901	1.0944
610.91	0.5573829579
611.94	2.792471528
612.97	0.854431068
615.61	0.8854699507
616.72	3.054865135
617.74	2.097855302
618.741	2.050405539
619.791	3.522222222
620.8	0.3630204878
621.82	0.7259881188
623.04	2.069607921
624.065	0.5952633663
625.08	1.683692308
626.112	1.574361638
627.131	1.869554446
628.17	0.1950415842
629.18	1.480503496
630.19	2.32234965
631.2	2.394341658
632.24	1.49783017
633.263	1.657853465
634.291	2.162933598
635.32	2.449006993
636.331	2.035469231
637.64	1.235263366
638.72	2.394341658
639.74	4.690140733
640.755	1.399432567
641.77	1.928759241
642.78	1.805026759
643.8	2.260886228
644.81	0.6284673267
645.82	1.488982178
646.856	0.8560158416
648.01	0.3326117647
649.011	0.9885154845
650.02	3.04394006
651.021	2.43168032
652.03	2.510017839
653.09	2.901802198
654.091	0.2841230769
655.11	0.845180198
656.111	4.3559001
657.12	1.899105882
658.14	1.605264618
659.15	1.924649057
660.16	2.7441998
661.17	0.5877333333
662.179	1.856188235
663.18	1.652329412
664.25	4.115260952
665.251	3.437522478
666.26	2.897615842
667.27	1.410029732
668.271	2.672207792
669.28	3.787380619
670.29	2.683140859
671.32	0.6629538462
672.33	2.900487612
673.339	0.6531856171
674.34	2.056507937
675.35	0.8198901961
676.36	1.519696304
677.361	2.599365079
678.38	2.241278721
679.439	2.405274725
680.459	1.956852329
681.63	0.9643722772
682.631	1.082373626
683.639	0.8393941748
684.65	2.453546454
685.669	0.1473230769
686.709	1.388336967
687.73	0.8894033697
688.739	0.7981138861
689.74	0.265631068
690.78	0.1306799601
691.82	2.551944056
692.832	3.069526264
693.839	4.648672332
694.849	0.9152170062
695.869	2.407409182
696.884	3.746690328
697.969	2.135185965
698.97	2.503033663
699.971	0.6810755643
700.972	1.830249264
701.979	3.139228487
702.989	2.901802198
703.999	1.998754491
705.089	2.293090188
706.109	2.923668332
707.129	1.295222993
708.139	2.557211881
709.142	1.169505882
710.149	1.322901099
711.389	1.523821359
712.39	1.713068794
713.399	0.8901178821
714.4	3.106753709
715.419	1.637803766
716.429	1.916011869
717.439	1.540344954
718.44	1.49783017
719.441	2.088215784
720.449	2.285010989
721.459	1.077227723
722.469	0.7188705882
723.599	3.514053946
724.609	2.442613387
725.619	3.218861139
726.62	0.822694362
727.632	0.43598002
728.639	0.1394823529
729.649	2.774227545
730.659	0.9870208127
731.669	2.212662042
732.679	1.731988131
733.689	1.870995314
734.69	0.3156769811
735.699	2.015429703
736.7	1.850222222
737.709	1.486571148
738.719	2.518368317
739.729	0.4880872151
740.73	0.6335936571
741.749	2.503672328
742.759	1.19760555
743.778	0.5484288499
744.789	0.3263372549
745.813	4.019101254
746.853	0.7297645895
747.873	0.3007183513
748.893	2.555936508
749.905	0.5361046729
751.103	2.064501961
752.113	0.3998769231
753.123	3.055365079
754.134	2.32234965
755.143	1.785079365
756.169	0.1487533981
757.243	0.6038068966
758.253	0.4336313725
759.254	2.512507937
760.263	0.6934811881
761.293	2.606609391
762.323	3.371924076
763.333	3.391936508
764.335	1.069569017
765.344	0.4568854369
766.365	4.136975223
767.374	2.548352127
768.375	2.147420579
769.383	2.180122894
770.473	0.5838431373
771.484	4.508963037
772.493	0.7510588235
773.494	2.269148515
774.495	1.826695738
775.543	0.4935529412
776.544	1.702882061
777.553	2.023936508
778.554	0.4725574092
779.555	0.3566967742
780.563	2.420847525
781.564	1.434407767
782.565	2.726945491
783.573	0.498439604
784.583	1.913286713
785.593	1.066392079
786.603	2.125554446
787.604	2.337630189
788.613	2.436507937
789.623	0.9905425743
790.653	1.351905882
791.673	3.53592008
792.793	2.781177403
793.794	1.559744256
794.803	1.045685437
795.813	0.4767683168
796.814	1.256934653
797.823	2.683140859
798.843	1.690360396
799.863	2.438073926
800.864	0.4263896104
801.873	1.39641543
802.883	2.783936508
803.902	2.160571429
804.913	2.607635282
805.933	1.196243756
806.934	2.647672655
807.943	0.4338553023
808.944	1.8655778
809.953	0.4810549451
810.954	2.481362376
811.962	4.902553447
813.053	0.4589330669
814.063	3.25166034
815.065	2.059956044
816.073	3.232285998
817.075	0.3540705882
818.083	1.613866667
819.084	3.448455544
820.103	2.344215784
821.104	1.650893107
822.112	0.8090894942
823.113	1.574361638
824.114	1.343619802
825.115	1.027708292
826.124	1.191920792
827.125	1.946085914
828.133	0.7510588235
829.134	1.630870588
830.135	2.455785927
831.142	2.382222222
832.143	0.6393029703
833.153	1.664
834.154	4.4623667
835.155	1.413132673
836.163	2.974409543
837.164	0.7584950495
838.173	2.562877123
839.174	1.935152847
840.175	2.049022977
841.184	1.688231768
842.193	1.546811881
843.202	2.449006993
844.203	2.606609391
845.204	1.46957043
846.213	2.223952048
847.223	0.3648
848.225	2.469079365
849.243	0.5851247525
850.352	2.195472745
851.362	1.533843409
852.364	1.24636963
853.373	1.815849356
854.375	1.805002973
855.382	3.940443556
856.383	1.716530693
857.392	2.470134387
858.402	2.147420579
859.403	1.436225966
860.404	1.410365634
861.405	1.054113886
862.442	0.7267076313
863.443	2.453546454
864.472	2.228011893
865.532	0.8848142999
866.533	2.809798202
867.552	0.9816507937
868.553	4.913486513
869.554	2.047936634
870.562	0.671809901
871.563	1.202637363
872.572	2.306877123
873.583	1.757113974
874.592	2.241079365
875.593	1.276618146
876.602	1.73370297
877.603	2.488325074
878.623	1.126906931
879.732	3.149795276
880.733	2.726873127
881.742	2.785149701
882.762	2.618481665
883.771	3.007428571
884.777	1.439078451
885.782	0.6711454006
886.783	0.5686588235
887.792	2.471505455
888.801	2.446222222
889.812	2.679407407
890.823	1.476667333
891.824	3.173815355
892.831	1.764763237
893.832	1.127693817
894.851	1.424984615
895.871	2.945634578
896.881	1.142241584
897.891	2.299928429
898.901	1.255341176
899.931	1.427011765
900.933	2.43168032
901.942	0.4191842365
902.962	0.3759301649
903.971	1.137742574
904.972	2.427140859
905.981	0.7353675889
906.982	1.790045802
907.983	2.492739261
908.992	2.349650794
909.993	4.892777667
911.002	2.645802198
912.042	2.60206993
913.072	1.557079365
914.101	3.061258741
915.112	0.6786976744
916.123	1.939580198
917.142	2.03355045
918.143	0.3566480447
919.144	3.065798202
920.145	2.169276511
921.152	2.594217822
922.153	3.099366375
923.162	0.9427009901
924.163	0.5067665025
925.164	1.354455446
926.182	1.75077106
927.183	2.200989918
928.184	0.8418461538
929.185	2.46447952
930.312	2.882486056
931.314	3.782373281
932.323	3.345189296
933.331	4.488562934
934.332	1.724574827
935.333	0.2774943396
936.334	1.75077106
937.345	1.40229703
938.361	1.060507493
939.381	1.75383017
940.382	1.480503496
941.383	0.2762196846
942.384	1.376126733
943.391	0.1662992126
944.402	1.580439169
945.411	2.092755245
946.412	2.547404595
947.423	0.4291764706
948.431	1.485113725
949.432	0.9472
950.433	0.2542948816
951.434	0.7801663366
952.443	2.561710891
953.511	2.306877123
954.512	4.015301587
955.513	0.3969882353
956.522	0.8134786918
957.523	0.1999384615
958.525	0.6116407186
959.527	3.350057942
960.532	2.641319741
961.542	1.798716832
962.545	1.984888008
963.591	1.635446154
964.592	0.4879599332
965.651	2.497278721
966.652	0.3433411765
967.653	2.295944056
968.654	4.518488625
969.671	2.213018981
970.721	1.567938462
971.722	0.5685153617
972.731	0.916454902
973.732	0.4529278152
974.733	2.293090188
975.741	1.499809901
976.742	1.841294705
977.743	1.608174257
978.744	0.4270891089
979.745	1.1491737
980.751	0.3218823529
981.752	1.354455446
982.761	0.8637122877
983.762	2.366081918
984.763	2.748688557
985.771	0.46639445
986.781	0.2550058252
987.782	0.8993584158
