0.0	1.153077228
1.001	3.983557674
2.011	2.99566034
3.012	1.843885035
4.02	2.310279485
5.021	1.277351889
6.03	3.164195804
7.031	2.152087215
8.04	2.683351244
9.041	0.988
10.042	0.8583529412
11.07	3.125312253
12.071	1.391277014
13.072	2.082505451
14.08	1.321948515
15.101	4.490718598
16.12	3.173815355
17.13	3.174977023
18.132	0.275390099
19.14	2.193142857
20.15	2.814337662
21.151	0.564011893
22.16	2.03808991
23.17	2.114621379
24.18	2.572546535
25.19	0.2994113208
26.191	0.9346415094
27.2	3.710849151
28.201	1.226857143
29.202	2.46447952
30.21	0.4767683168
31.22	2.337341317
32.221	2.790934888
33.23	1.826695738
34.24	2.722333666
35.241	2.208314342
36.25	0.4568854369
37.26	0.1449390382
38.27	1.93574902
39.271	2.377014985
40.28	2.803396603
41.29	2.18021978
42.3	1.852227772
43.301	2.486345654
44.309	2.57189662
45.31	0.83103305
46.311	2.88632967
47.33	2.783936508
48.331	0.8039177277
49.34	4.2140998
50.349	1.293349301
51.35	2.726873127
52.351	2.877142857
53.359	1.256934653
54.36	0.8368941176
55.361	3.061258741
56.38	0.2103762376
57.396	1.082373626
58.399	0.9968792079
59.4	0.671809901
60.41	3.794522954
61.679	2.247477228
62.68	1.15422002
63.7	0.6609742574
64.71	2.361542458
65.711	0.9447832168
66.72	2.290819802
67.729	2.617542458
68.73	0.941768546
69.839	2.667668332
70.84	2.119548067
71.849	2.745023423
72.85	2.820731269
73.93	1.343619802
74.931	0.2841230769
75.939	2.792471528
76.94	2.312334305
77.949	3.022065934
78.97	2.639408591
79.971	1.15422002
80.989	0.9949090909
81.999	2.593085828
83.207	0.8134786918
84.209	2.256751249
85.309	0.7481786408
86.31	3.306325674
87.319	2.220988235
88.339	2.548793774
89.34	3.423169661
90.349	2.522207715
91.359	1.266070588
92.369	2.070889111
93.449	2.55340337
94.45	2.011084242
95.451	2.836203796
96.463	1.863160839
97.469	2.691738614
98.471	3.646247403
99.489	0.8309130869
100.49	2.325629336
101.509	4.455936508
102.519	0.9747924528
103.53	3.148723277
104.539	2.20847952
105.549	0.21498971
106.569	2.063271287
107.579	3.091258383
108.58	2.767713718
109.589	2.353665015
110.609	2.128285149
111.649	1.21357043
112.659	3.776447552
113.669	2.482399206
114.679	2.500963037
115.68	1.478146535
116.689	0.6539901088
117.699	1.037141165
118.7	1.478146535
119.709	2.21716551
120.71	2.17377998
121.719	2.859936508
122.739	2.979133667
123.749	1.693714286
124.75	0.5201108911
125.758	1.492872072
126.759	1.454097902
127.819	2.428059583
128.82	1.626957384
129.829	2.683964602
130.838	2.108701685
131.839	1.123302064
132.84	0.1095130087
133.849	2.437742772
134.859	1.213356388
135.869	1.692035679
136.878	2.401554014
137.879	3.062738523
138.88	2.360507937
139.889	1.618093906
140.89	1.863730693
141.899	0.9327888999
142.919	2.43168032
143.968	0.6067960396
144.969	1.044871287
145.978	0.8560158416
146.989	4.410565435
147.999	1.474491018
149.006	2.951928072
150.009	0.2820059465
151.018	0.7629940594
152.128	1.744538614
153.138	2.449006993
154.158	2.398881119
155.362	3.041490585
156.368	2.519144855
157.398	1.81772549
158.4	1.225641229
159.408	2.705006993
160.438	0.9688712871
161.448	1.926834331
162.468	4.49802997
163.469	4.907068385
164.478	1.900736634
165.479	2.486285714
166.488	2.12168546
167.498	2.639408591
168.499	3.547455809
169.508	0.6176316832
170.518	2.372475524
171.528	1.54949703
172.548	0.2669330669
173.561	2.1888
174.568	1.879065347
175.588	1.749546454
176.598	0.1005153374
177.608	3.744138289
178.618	1.994357642
179.638	1.817650794
180.658	3.281181637
181.668	0.7325154845
182.678	1.662352475
183.71	2.716099108
184.718	2.890869131
185.738	3.984175824
186.748	1.56017495
187.758	2.056735905
188.779	0.1188322756
189.788	0.6341178821
190.798	3.10953047
191.808	1.880927651
192.849	1.06084273
193.858	2.021930624
194.868	1.46957043
195.878	2.551944056
196.879	2.079744511
197.888	1.682011976
198.897	2.7441998
199.898	0.399920398
200.908	2.967400599
201.917	1.238337255
202.947	2.814337662
203.988	3.371924076
204.997	0.6568518877
206.048	2.368316206
207.068	1.337037924
208.077	4.191904096
209.098	0.8697018182
210.108	3.467936508
211.117	4.224703297
212.128	2.726873127
213.147	0.2231300971
214.148	1.078909438
215.158	2.759672328
216.168	3.273526474
217.198	3.477780439
218.207	1.287529412
219.277	0.532
220.297	3.685079365
221.323	2.03808991
222.327	2.011727821
223.337	1.759873267
224.348	4.160190855
225.357	0.6393029703
226.367	3.772701685
227.378	2.562877123
228.387	1.49783017
229.394	2.314782953
230.397	4.749490509
231.417	1.876424182
232.427	2.420747253
233.437	0.6974117647
234.447	1.49783017
235.578	0.7413227723
236.848	3.765514486
237.857	1.39109434
238.877	1.005842158
239.887	0.9665947007
240.897	1.163444555
241.907	2.534214286
242.917	2.081822178
243.937	1.603876923
244.977	0.7617882353
245.987	2.256751249
246.996	2.125554446
248.016	1.120313725
249.046	3.240727273
250.057	2.803404595
251.066	0.1156056338
252.076	2.043623389
253.086	0.5782156281
254.096	2.349805169
255.106	0.5037980583
256.136	0.8463856144
257.156	2.351334653
258.166	2.158353646
259.176	1.976
260.186	2.930894632
261.196	2.21716551
262.216	2.076162537
263.246	2.503672328
264.256	2.471531281
265.276	2.767832335
266.286	1.917418073
267.306	2.964442718
268.326	2.95399619
269.346	2.355833663
270.356	2.7441998
271.366	2.550875248
272.367	0.9763764706
273.376	1.547972576
274.386	1.871936508
275.396	3.240727273
276.406	1.019294118
277.407	0.8443442137
278.416	2.162933598
279.417	0.3156923077
280.426	4.045732535
281.436	0.1607835455
282.446	4.000609524
283.456	2.387948052
284.466	2.789259406
285.476	3.988715285
286.486	3.95349503
287.496	2.971908821
288.506	2.708694611
289.507	1.003836491
290.516	2.688229696
291.526	2.847136863
292.546	2.354196078
293.551	0.7653146853
294.552	0.4291764706
295.555	2.161066667
296.586	3.262617383
297.606	2.271397423
298.626	2.449795432
299.646	0.791582266
300.656	0.2866032978
302.063	0.2262047244
303.066	0.7939764706
304.566	2.541002997
305.576	0.605638835
306.606	2.927984111
307.626	2.147420579
308.659	2.737806194
309.696	0.9146930693
310.716	2.271397423
311.717	0.8460178394
312.736	2.121014985
313.746	2.182463366
314.806	0.2321774349
315.824	2.307992079
316.834	0.8842666667
317.835	1.239762376
318.864	3.339124875
319.894	2.637560396
320.925	1.495318812
321.926	0.108954281
322.934	2.92722453
323.935	3.366882061
324.945	0.5137742574
325.994	2.245818182
327.054	1.941502478
328.059	0.7584950495
329.086	3.156210526
330.129	1.261842158
331.174	3.026743281
332.183	2.123786139
333.194	2.18478551
334.243	2.070195074
335.244	0.7517958783
336.245	3.426589411
337.253	1.717978196
338.254	1.960969014
339.263	2.128878431
340.274	2.694406343
341.275	0.8154352941
342.283	0.9356248804
343.293	1.635781818
344.303	2.580203796
345.345	1.202756436
346.353	2.794793651
350.225	3.904382851
351.233	3.098793651
352.234	2.416207792
353.243	2.512507937
354.244	1.255691395
355.279	0.9255287129
356.312	2.825270729
357.333	1.158905095
358.399	0.3903366337
359.773	1.201694118
361.194	0.6393029703
362.205	0.7476594059
363.271	2.983365807
364.283	0.4291764706
365.342	1.002290196
366.373	1.353232581
367.382	2.864463536
368.403	2.705252725
369.672	2.344215784
370.703	2.492739261
371.772	1.446259481
372.862	2.887984032
373.863	2.517605496
374.872	0.6115764706
377.513	0.8331883495
378.522	2.814337662
379.533	0.7043168317
380.544	2.711400599
381.553	1.096571429
382.563	0.7725176471
383.572	0.9643722772
384.573	2.099148851
385.803	0.6182438057
386.842	3.007428571
388.262	1.622633367
389.292	2.867948464
390.854	1.145176703
391.992	2.247477228
393.033	1.883537092
394.062	2.12618002
395.072	1.376126733
396.082	2.551944056
397.092	0.3013097345
398.093	3.859622642
399.103	2.603131814
400.112	3.181081511
401.113	2.536471528
402.122	0.9584329089
403.123	2.361542458
404.133	2.680463074
405.142	0.7610421156
406.143	0.6269850746
407.144	1.82853493
408.152	0.7109050949
409.163	1.99628091
410.172	3.831112887
411.182	0.9752079208
412.212	4.007507692
413.213	2.551944056
414.222	2.759672328
415.223	1.054188679
416.232	3.193339941
417.242	2.672207792
418.243	1.672759241
419.244	0.9763764706
420.252	0.5092752475
421.262	2.301663366
422.263	0.709518335
423.272	1.207255446
424.273	1.976578218
425.282	0.911984016
426.283	0.9039221927
427.284	3.819153923
429.222	0.9427009901
430.224	2.514605395
431.232	0.3624275862
432.242	1.997714286
433.243	4.468784158
434.244	0.4892361516
435.253	0.8134786918
436.254	0.7469198813
437.256	3.895229394
438.262	3.350057942
439.263	2.230222222
440.264	0.7181665034
441.282	2.960149533
442.283	2.032313725
443.292	1.030648544
444.301	3.533079365
445.302	1.772090285
446.322	1.75383017
447.332	0.8810397672
448.341	3.565404975
449.352	2.339676324
450.362	2.117449505
451.372	2.751365079
452.392	3.503120879
453.394	1.097596884
454.401	1.519696304
455.412	0.5678490566
456.421	0.6447952048
457.422	2.784760396
458.442	2.814337662
459.462	0.1681536492
460.482	0.3792475248
461.492	3.260586667
462.501	4.683892108
463.521	1.713728444
464.532	0.7815775701
465.561	2.613002997
466.571	2.680463074
467.572	3.674155919
468.732	2.121014985
469.751	4.282692991
470.911	0.4720941176
471.921	0.3862588235
472.922	2.357167315
473.931	0.3553882353
474.933	0.7247465619
475.941	1.061893069
476.961	0.7802529915
477.971	1.781544554
478.972	1.546551521
479.981	1.760223776
480.982	0.964490566
481.991	4.399632368
482.992	2.249704658
484.001	1.051057426
485.016	0.7042557443
486.026	2.697079365
487.031	1.629026973
488.041	1.597338614
489.061	3.247120879
490.081	2.737806194
491.091	0.7144451039
492.121	2.562877123
493.131	0.1813333333
494.161	2.781116832
495.171	1.467310891
496.181	1.250292444
497.191	2.537540741
498.201	2.950098232
499.202	1.731964036
500.211	0.4921029703
501.221	0.6008470588
502.525	1.3557003
503.661	2.64839604
504.672	3.011936508
505.691	0.9703666343
506.721	1.137742574
507.722	1.249066667
508.731	0.5742891089
509.732	0.2443805825
510.74	3.236725471
511.761	2.221732535
512.762	2.0416
513.78	1.969650794
514.8	3.808414815
515.81	2.232436941
516.811	4.443364635
517.82	1.034909812
518.821	3.874845155
519.842	1.976586139
520.85	2.519144855
521.86	0.4786005831
522.89	1.358883168
523.891	2.57381019
524.901	0.3111529412
525.911	0.6941684836
526.931	0.5965510406
527.941	2.541010989
528.951	1.994357642
529.961	2.243674074
530.981	4.657601586
531.991	3.339124875
533.002	4.596427572
534.021	2.201815659
535.031	4.482618762
536.04	0.4720941176
537.221	1.056602577
538.238	1.456475248
539.25	0.1084638256
540.251	2.362609207
541.262	4.738557443
542.271	0.6693902913
543.295	1.045215686
544.301	2.390707631
545.31	3.087664336
546.32	2.475025743
547.321	2.145493545
548.322	2.31781019
549.353	0.4500336449
550.362	0.1945144995
551.434	0.7605681382
552.453	1.452646707
553.522	2.631936508
554.539	2.147583746
555.549	2.471531281
556.55	1.535168831
557.749	2.301655446
558.759	2.890869131
559.77	1.182255699
560.779	0.8993584158
561.799	2.317079365
562.814	2.680463074
563.819	2.204134653
564.879	0.6495219512
565.89	1.36023976
566.9	1.332784158
567.919	0.4263896104
568.93	0.6223058824
569.959	0.8496792079
570.969	0.8785569871
571.999	2.267692308
573.079	2.409814186
574.105	0.2446180758
575.121	5.011884116
576.141	2.626724752
577.151	2.689534466
578.211	2.606457542
579.281	4.138161736
580.301	2.245818182
581.31	1.516990099
582.311	0.3170589411
583.34	2.158353646
584.341	2.803404595
585.361	0.4391937985
586.391	3.168506931
587.46	1.859234886
588.49	2.551944056
589.53	3.075872659
590.531	2.530077922
591.541	3.366298211
592.551	1.174748515
593.561	2.759484638
594.571	1.978545094
595.584	3.011764706
596.591	3.885778222
597.601	1.2768
598.611	2.41874331
599.631	1.064
600.632	1.6117003
601.802	2.225805941
602.811	3.108918406
603.871	2.651020813
604.88	0.6669170829
605.89	2.901802198
606.91	2.831664336
608.449	2.512507937
609.461	2.781538462
610.47	2.64017443
611.471	0.4170025402
612.473	3.557786214
613.48	3.076731269
614.491	1.433384768
615.501	3.710849151
616.51	2.091674074
617.511	3.482248262
618.512	1.414977023
619.52	3.186061938
620.521	0.4181783317
621.531	0.6944222002
622.54	1.21357043
623.541	2.383408591
624.551	1.115650485
625.553	1.961558442
626.56	3.004059583
627.561	2.659231683
628.571	1.607160839
629.573	1.24609901
630.58	0.7043168317
631.59	2.199802372
632.591	2.613002997
633.612	2.43168032
634.62	0.7551253644
635.63	1.02475368
636.651	1.360301288
637.66	2.792471528
638.67	0.7252700297
639.7	1.158905095
640.71	2.369014866
641.739	2.618481665
642.75	2.33197225
643.781	0.3758979392
644.783	3.185650794
645.79	3.114328713
646.791	2.32730566
647.871	3.28445954
648.881	2.369014866
649.89	2.195472745
650.9	1.605264618
651.901	0.6724757185
652.91	0.595960396
653.911	2.776999001
654.93	1.104142433
655.931	3.895137488
656.94	2.675365079
657.941	0.8682311459
658.95	2.790934888
659.96	1.120313725
660.969	2.420747253
661.97	2.204
662.971	2.45994006
663.979	0.9128845781
664.999	0.5201108911
666.073	2.842597403
667.14	2.570592666
668.149	0.498439604
669.169	1.012728358
670.174	1.994357642
671.189	2.645802198
672.19	0.9580356436
673.203	3.196507937
674.27	1.21357043
675.272	1.105235644
676.28	2.145457426
677.299	1.457181637
678.331	0.3568695652
679.34	3.001473267
680.349	3.39379021
681.35	0.7700931615
682.37	0.9327888999
683.42	0.8302344828
684.427	2.236571429
685.44	2.350609391
686.449	0.8154352941
687.47	2.059956044
688.489	2.453546454
689.499	1.947026393
690.5	1.126105894
691.52	0.9535366337
692.539	2.097855302
693.54	2.639408591
694.551	2.518368317
695.56	2.136487512
696.579	3.973242757
697.589	0.3142336634
698.59	1.688231768
699.599	1.837542121
700.76	2.711400599
701.779	4.798604559
702.789	0.4875529608
703.79	1.008713578
704.893	0.2648596321
705.899	0.2915555556
706.909	2.088899048
707.91	3.360999001
708.919	0.7043168317
709.929	1.191920792
710.939	1.540186323
711.949	3.002999011
712.959	0.8343445545
713.979	0.414384466
714.989	1.311112871
716.029	1.062945491
717.039	3.260497512
718.04	2.039119921
719.049	1.992339585
720.059	2.594217822
721.06	2.08700892
722.068	2.442613387
723.069	1.880927651
724.07	1.453415263
725.079	3.470321678
726.08	3.098597403
727.081	1.837542121
728.089	3.258053946
729.098	2.30045954
730.108	0.8694339623
731.118	2.169276511
732.218	2.125554446
733.219	3.696223553
734.228	3.229794206
735.229	0.4765490196
736.23	1.056286567
737.239	0.7824799216
738.24	4.332419802
739.248	2.219109792
740.259	1.26651632
741.26	2.591136863
742.269	0.9870208127
743.271	0.8235089109
744.278	2.582045142
745.279	3.482248262
746.289	3.125164356
747.29	2.030247439
748.298	0.9968792079
749.299	2.542556987
750.3	2.519144855
751.309	2.770605395
752.332	2.759672328
753.338	2.358168484
754.408	1.460631992
755.41	2.149956436
756.411	1.491936508
757.428	2.594217822
758.429	0.4275123885
759.438	1.120313725
760.439	0.7188705882
762.218	2.169286713
763.229	1.298258824
764.238	0.3687764034
765.239	2.806431683
766.249	1.73820198
767.258	0.8276059701
768.26	2.398881119
769.269	0.8993584158
770.278	0.7198627264
771.28	1.077227723
772.288	0.7630278884
773.299	0.8235089109
774.3	2.028273538
775.308	0.5678490566
776.31	1.524235764
777.318	1.898116947
778.32	2.32315239
779.328	2.425650794
780.329	2.466632309
781.338	2.245818182
782.339	0.4582731805
783.34	3.467290566
784.348	0.2446180758
785.371	0.4704316832
786.378	2.190947988
787.379	1.159413861
788.388	0.5531655104
789.389	1.874093906
790.39	0.2708910891
791.398	1.848388503
792.399	2.069607921
793.4	1.224427723
794.419	2.661274725
795.42	0.6284673267
796.429	3.240727273
797.438	3.28445954
798.439	2.256667992
799.448	1.859417476
800.449	2.784954274
801.458	2.631936508
802.459	1.78208991
803.46	2.403936508
804.468	2.639408591
805.469	2.72972549
806.478	2.606609391
807.48	2.258312871
808.489	1.298440678
809.498	0.8476235294
810.518	0.3790509666
811.519	0.9495662414
812.528	1.072728713
813.529	4.92441958
814.53	1.460731022
815.537	2.951433071
816.538	2.369022795
817.548	2.583382178
818.549	0.9229170829
819.551	2.052
820.638	0.6176316832
821.639	1.410029732
822.649	0.8126732673
823.65	2.787520317
824.658	1.771471698
825.659	2.85353047
826.668	2.672207792
827.669	1.208451933
828.67	3.072191808
829.678	2.49166634
830.688	3.783600798
831.689	2.504135055
832.69	2.505514371
833.692	1.24
834.698	1.09141765
835.699	2.759672328
836.708	2.060812686
837.709	0.9535366337
838.711	2.147420579
839.718	1.849913725
840.719	2.925513823
841.72	2.672207792
842.728	2.842597403
843.729	2.678601399
844.738	3.087664336
845.739	2.636774451
846.748	0.9012705882
847.758	1.714778443
848.787	0.7627405941
849.788	0.3051692308
850.789	2.575096135
851.79	1.479611497
852.797	2.912735265
853.798	1.351905882
854.799	0.3170589411
855.8	3.131396603
856.807	0.4656792079
857.809	0.3387029126
858.817	0.9643722772
859.827	1.845293458
860.828	1.608174257
861.857	1.023049505
862.858	0.8496792079
863.859	2.158430129
864.867	2.770605395
865.868	2.023936508
866.917	1.072728713
867.918	3.128271457
868.919	2.429589693
869.927	1.989818182
870.928	2.314782953
871.929	2.088215784
872.937	3.503120879
873.938	2.984727273
874.947	2.710924436
875.957	1.946085914
876.958	2.85806993
877.959	1.863160839
878.967	1.885026973
879.968	2.57381019
880.977	2.813716551
881.978	1.185584158
882.979	0.871350495
883.987	0.4989020369
884.988	2.360507937
885.989	2.694240796
887.017	2.582647116
888.096	2.46447952
889.097	0.1204844037
890.207	2.605583557
891.217	0.1328429752
892.218	0.4192031098
893.219	2.411389831
894.227	0.420518732
895.228	0.1290058939
896.229	3.317258741
897.23	3.688983017
898.277	1.121680872
899.365	1.128023786
900.377	0.9621098901
901.378	2.055416583
902.387	2.4909954
903.388	2.343607073
904.389	2.573142857
905.397	2.702574257
906.398	1.662352475
907.407	1.051057426
908.417	1.35579782
909.426	1.718231913
910.427	3.439770751
911.437	1.574361638
912.447	3.295392607
913.448	1.716491508
914.456	2.847136863
915.457	1.051057426
916.467	3.518731417
917.468	2.613002997
918.476	4.344967033
919.477	1.533843409
920.489	1.57094902
921.557	1.285650794
922.558	0.9713087379
923.608	1.631460852
924.61	1.052099108
925.616	0.8026323092
926.617	0.9128845781
927.618	2.325629336
928.657	2.401613199
929.876	1.957207843
930.877	1.290101898
931.937	0.9653280476
932.938	2.5967889
933.94	0.1235687438
934.941	0.8309130869
935.947	1.527825743
937.027	0.5950135922
938.037	0.768
939.038	0.671809901
940.087	2.584743257
941.088	2.503033663
942.097	2.866139721
943.496	0.9688712871
944.497	2.486345654
945.498	2.599365079
946.508	0.5195964392
947.517	1.327440559
948.519	1.372051333
949.52	0.1830101892
950.616	2.978333666
951.617	2.323428571
952.627	2.415077535
953.677	0.6176316832
954.678	1.560332673
955.687	0.8746453546
956.688	2.121014985
957.69	2.645418073
958.696	0.5901176471
959.707	2.245201189
960.708	3.262593407
961.71	1.126906931
962.716	0.467193707
963.776	3.315936508
964.777	4.164328502
965.778	2.260551041
966.785	0.7584950495
967.786	1.20051714
968.787	2.344215784
969.796	4.003900695
970.797	0.7701768707
971.798	1.944079208
972.807	0.7762477522
973.808	0.9860435644
974.826	1.007714851
975.827	0.4767683168
976.828	1.088063366
977.836	0.2258611632
978.846	0.8668514851
979.847	2.550875248
980.848	2.724245545
981.849	1.386962376
982.85	0.2341338661
983.855	1.75077106
984.856	1.010381618
985.857	1.474875
986.866	1.292
987.867	1.01955996
988.868	1.682857143
989.876	0.6826455446
990.916	0.4483575419
991.946	0.5537142857
992.947	1.289441584
993.948	0.4234285714
994.95	2.479936508
995.955	3.151262022
996.956	0.5634534653
997.957	2.672579048
998.966	2.561710891
999.967	2.781538462
1000.968	2.318827723
1001.976	0.1896437811
1002.987	2.49669703
1003.988	3.590585415
1004.995	0.954481665
1005.996	1.086077519
1007.006	2.442613387
1008.007	0.311337931
1009.008	2.875396603
1010.009	2.530077922
1011.016	3.131396603
1012.017	4.401861314
1013.018	2.070889111
1014.019	1.162761622
1015.025	3.131396603
1016.026	2.71594006
1017.027	1.202637363
1018.106	3.011132867
1019.115	0.8047058824
1020.116	1.907073267
1021.117	0.7476594059
1022.118	2.494667988
1023.275	3.197359528
1024.329	2.662931751
1025.356	2.46447952
1026.357	1.165915493
1027.36	2.099148851
1028.373	0.6778501499
1029.375	2.234885115
1030.376	1.138433759
1031.39	0.4625706052
1032.395	2.787932068
1033.397	0.9549176471
1034.411	2.236641584
1035.446	0.1717026759
1036.448	2.726873127
1037.449	2.735081188
1038.456	3.866465209
1039.457	1.408633663
1040.465	1.851729146
1041.466	1.163912871
1042.468	0.6106666667
1043.469	2.413958457
1044.475	2.358168484
1045.525	1.819428571
1046.526	0.6609742574
1047.527	1.407240356
1048.528	2.016223776
1049.535	2.078222222
1050.536	0.78703207
1051.545	1.083564356
1052.546	2.438073926
1053.555	1.852227772
1054.556	1.344951437
1055.565	0.4462601942
1056.575	0.7233019608
1057.645	0.9550198676
1058.655	0.3106653347
1059.656	4.356007952
1060.666	2.290819802
1061.674	2.897262737
1062.675	0.3370625602
1063.685	1.151912957
1064.686	0.6335936571
1065.687	0.7215824176
1066.695	4.132879208
1067.696	2.438073926
1068.697	1.203948464
1069.715	0.3546666667
1070.735	1.961558442
1071.736	3.120463536
1072.745	1.298991098
1073.746	0.4230089197
1074.748	3.707145709
1075.755	2.206319128
1076.874	1.879065347
1077.875	0.5276532508
1078.885	0.8746453546
1079.886	2.225805941
1080.894	4.191904096
1081.895	3.203388611
1082.896	1.642307235
1083.955	2.865108911
1084.964	0.7081411765
1085.965	0.2661777362
1086.966	0.3758979392
1087.968	0.921996008
1088.974	2.527552894
1089.976	2.325629336
1090.984	0.9011428571
1092.075	1.535365079
1093.076	2.043623389
1094.084	2.57381019
1095.095	1.62061447
1096.096	2.57381019
1097.097	0.8562693069
1098.104	3.032999001
1099.105	0.8247652174
1100.114	2.641319741
1101.115	2.325629336
1102.144	2.379861249
1103.146	2.661274725
1104.147	1.480503496
1105.154	2.379861249
1106.155	1.419469307
1107.156	2.141240833
1108.165	0.2188285994
1109.166	2.967400599
