0.0	1.550946108
1.001	1.560332673
2.02	3.568719281
3.021	0.6544941176
4.022	2.562877123
5.024	1.700920635
6.03	2.328743257
7.031	2.798865135
8.032	2.470873127
9.04	2.230222222
10.041	1.640681188
11.121	0.369254902
12.13	2.537527201
13.131	1.603689861
14.14	2.097855302
15.141	1.358946535
16.142	2.547404595
17.149	0.2467764706
18.15	3.995108891
19.151	0.4054178218
20.17	2.787520317
21.172	2.722333666
22.18	2.06634965
23.19	2.314790882
24.2	2.539885079
25.209	0.4314461538
26.21	1.795768463
27.211	2.293090188
28.22	1.283104951
29.33	1.779372627
30.34	2.848928571
31.341	1.141772549
32.35	1.095484638
33.361	1.961558442
34.38	1.230144698
35.399	1.012213861
36.45	0.4550970297
37.459	2.273234421
38.469	2.447365079
39.479	3.809246753
40.489	1.426330709
41.491	0.2433650794
42.499	2.711595639
43.509	1.841294705
44.51	1.886911153
45.519	1.946478431
46.52	2.897262737
47.521	2.252211788
48.529	2.175742385
49.539	1.856766467
50.54	2.568047525
51.549	1.814889111
52.559	1.321948515
53.56	1.354455446
54.57	2.149389153
55.579	1.605264618
56.599	1.15881393
57.6	2.71594006
58.619	1.90896333
59.62	1.187936508
60.629	1.418024779
61.63	0.6927952522
62.639	2.917676908
63.649	0.9057103448
64.659	1.627064677
65.669	1.289441584
66.68	2.299433102
67.689	2.814337662
68.7	2.923668332
69.709	1.255570577
70.828	1.786629371
71.829	0.1022803738
72.831	2.85696475
73.839	1.830361638
74.859	0.1022803738
75.86	2.595676324
76.869	1.640681188
77.879	1.529339941
78.881	1.867688623
79.889	0.3544920744
80.899	2.110793651
81.901	1.967698712
82.909	0.2001308951
83.929	1.323258672
85.02	1.563428571
86.021	0.9949090909
87.029	0.3218823529
88.039	0.5201108911
89.049	0.829574344
90.05	2.180304649
91.058	2.382222222
92.059	2.023936508
93.069	1.413140594
94.07	0.2711595639
95.071	2.978325674
96.079	0.9678367347
97.099	1.130645355
98.1	1.760223776
99.109	0.8527792208
100.119	0.3322859941
101.128	2.847136863
102.138	0.5472
103.139	1.524235764
104.148	2.084942574
105.158	2.31781019
106.168	0.9978352941
107.178	1.702882061
108.179	2.153988072
109.189	1.605264618
110.199	1.904507937
111.208	1.375179487
112.209	2.067560831
113.218	1.349454906
114.258	1.961558442
115.26	2.737806194
116.268	3.069526264
117.288	1.431722498
118.298	2.325629336
119.323	0.671809901
120.328	0.4029134328
121.602	0.422590099
122.612	2.038838966
123.632	0.4675106796
124.642	1.583571853
125.652	2.818323847
126.662	2.628475524
127.663	0.8068820614
128.682	1.74754491
129.692	2.213018981
130.712	2.442518812
131.722	2.617542458
132.732	1.543160396
133.733	2.147420579
134.742	1.759873267
135.781	2.438404412
136.782	2.082880317
137.783	2.284507937
138.792	2.520864222
139.802	0.729775945
140.822	0.2842597403
141.832	1.555536174
142.833	2.134355289
143.842	2.545079365
144.843	3.230322453
145.862	2.488325074
146.872	0.8135864136
147.882	2.136335664
148.883	1.564831683
149.892	2.538053518
150.901	0.9978671952
151.902	1.819428571
152.918	2.092755245
153.932	1.688231768
154.942	2.792023786
155.943	1.491436563
156.951	1.917826174
157.961	2.884512413
158.963	3.034074074
159.972	1.722867327
160.981	1.614510891
161.991	0.2253176471
162.992	1.368
164.021	2.32234965
165.031	0.1408633663
166.041	1.847688312
167.061	0.4009188119
168.131	0.5925572139
169.151	2.67692877
170.181	2.930894632
171.241	4.465238761
172.261	2.638797336
173.281	0.3293825243
174.291	1.572725471
175.311	1.475108028
176.321	0.9038574257
177.341	0.6826455446
178.381	1.377490585
179.411	2.912735265
180.421	1.787881188
181.431	2.559177052
182.441	0.4147692308
183.471	0.8776871287
184.472	0.2145882353
185.481	2.383408591
186.491	1.261433663
187.511	1.245664694
188.541	2.204
189.581	2.197312977
190.591	0.2557009346
191.621	2.700467532
192.641	2.987258672
193.651	0.7012660194
194.747	0.2868815534
195.781	3.083428571
196.811	1.480503496
197.851	1.737142857
198.861	0.8463856144
199.901	2.377014985
200.94	2.449006993
201.941	2.763089109
202.981	2.142881119
204.021	3.356035679
205.07	1.593970559
206.1	0.9880745829
207.12	2.927137725
208.14	2.594217822
209.15	1.71136255
210.201	2.121014985
211.25	2.162933598
212.32	0.477016683
213.37	1.420737255
214.44	2.17377998
215.48	2.751365079
216.53	1.324952381
217.54	2.199635644
218.56	0.8484553484
219.65	1.061893069
220.69	1.948388616
221.79	2.242447059
222.818	1.018550495
223.848	0.1842059406
225.119	2.800262165
226.139	1.524235764
227.148	1.630870588
228.158	1.018550495
229.168	1.121680872
230.178	1.768957468
231.188	1.490457879
232.199	2.333282717
233.208	1.308988235
234.228	0.773158209
235.238	2.256751249
236.256	1.909100298
237.268	0.5092752475
238.288	2.17568032
239.308	1.655161606
240.309	2.667668332
241.318	1.759873267
242.338	2.328857424
243.348	0.6297142857
244.358	2.464190099
245.368	2.967400599
246.378	2.694073926
247.379	0.9002497522
248.388	3.218861139
249.389	1.923985965
250.398	1.672759241
251.418	1.506572549
252.448	0.4697912195
253.468	1.560332673
254.488	0.8460178394
255.517	1.704007913
256.547	3.229794206
257.607	2.244647694
258.658	2.249660377
259.727	2.377014985
260.777	2.694073926
261.78	2.266893954
262.781	1.946005946
263.782	1.830361638
264.783	1.268235764
265.841	2.068822355
266.851	0.2575058824
267.861	0.6941684836
268.87	2.611390099
269.871	1.371147671
270.88	0.2708910891
271.881	1.285115128
272.89	2.241079365
273.9	2.312491089
274.911	1.041252725
275.912	2.499171457
276.92	0.9653280476
277.921	0.2443805825
279.011	2.276999065
280.021	2.314782953
281.022	0.4882870999
282.031	0.3329381747
283.04	1.922299401
284.041	1.813077844
285.052	0.8018376238
286.054	2.284579365
287.06	0.1502117647
288.061	1.690360396
289.07	0.8905411765
290.08	2.081822178
291.091	2.405274725
292.1	1.403972028
293.101	1.478146535
294.11	0.7151524752
295.111	0.7999444995
296.2	1.658410206
297.201	1.633566434
298.21	0.2616095618
299.231	2.829063788
300.331	2.705006993
301.34	2.123433134
302.39	0.4654718101
303.391	1.965750495
304.401	1.385452404
305.41	2.055416583
306.411	3.000902846
307.42	2.603569231
308.421	2.737806194
309.422	2.355148851
310.43	2.497278721
311.431	3.787380619
312.432	1.607160839
313.44	2.287265469
314.451	2.171796078
315.452	2.741417822
316.46	1.403972028
317.461	0.911984016
318.52	2.986143506
319.56	2.831664336
320.562	1.02374902
321.57	0.1535640786
322.571	2.293090188
323.579	1.598929633
324.58	0.2190285714
325.595	0.411347181
326.61	2.935960317
327.65	0.8600392927
328.652	3.1192
329.732	2.277740337
330.842	1.988472144
331.89	0.9300237154
332.891	1.228812561
333.9	3.041482656
334.91	2.52920396
335.911	1.793022977
336.912	1.692035679
337.92	3.951376623
338.929	1.731890196
339.931	2.88742115
340.932	1.684517647
341.95	2.81432967
342.96	0.4876039604
343.961	2.21716551
344.97	2.355148851
345.971	1.495318812
346.979	0.5692168793
348.03	2.269142857
349.031	1.792380198
350.032	1.690360396
351.039	1.040221782
352.04	1.202756436
353.041	0.2963558994
354.049	2.125890981
355.05	0.9698315164
356.059	0.4121625372
357.729	2.245818182
358.73	1.847688312
359.739	0.4477090909
360.75	0.8148740741
365.261	2.770605395
366.264	0.1354971429
367.271	2.569270729
368.291	0.9245422397
369.292	1.956852329
370.301	1.065046953
371.311	0.5655805581
372.312	0.6325291829
373.321	2.303621302
374.331	2.689534466
375.782	0.8154352941
376.841	3.058679881
377.862	1.668689109
378.867	1.869554446
379.871	1.545035294
380.872	0.3142336634
381.881	0.6871445545
382.891	0.7164034948
383.902	1.591221703
384.911	0.9481387512
385.921	1.775696304
386.922	2.71594006
387.941	0.5890405539
388.942	0.8905411765
389.951	0.4462601942
390.961	1.462811881
391.962	0.8198901961
392.981	2.510017839
394.001	1.441140594
395.011	0.3704448743
396.012	0.3792475248
397.021	1.749290709
398.031	2.519144855
399.032	2.399716814
400.04	0.8821861386
401.041	1.443164835
402.051	1.383365079
403.061	1.703856287
404.191	0.6329663366
405.192	1.414905095
406.193	1.377490585
407.201	2.416348515
408.202	0.1925630499
409.21	1.956852329
410.221	0.6053019608
411.231	0.8993584158
416.07	1.589834166
417.084	2.645802198
418.09	2.562877123
419.091	3.062429907
420.1	0.7617882353
421.114	1.484483168
422.12	0.9666493506
423.122	0.6008470588
424.13	2.92859725
425.131	2.634869131
426.2	0.856864222
427.22	0.2817267327
428.221	2.755132867
429.23	1.07598002
430.231	1.600507937
431.25	2.372475524
432.251	0.1204241414
433.252	1.473647525
434.26	1.552495504
435.28	1.119712288
436.31	1.358954455
437.32	1.516990099
438.331	0.1277509728
439.34	1.937661721
440.341	1.806793651
441.352	2.822107356
442.37	1.959528942
443.379	0.9020711462
444.381	0.1609411765
445.4	1.795018287
446.431	2.420747253
447.439	2.539085378
448.46	1.244866469
449.47	1.010381618
452.469	1.099791133
453.597	2.180122894
454.601	0.8637122877
455.609	0.1067234043
456.621	3.255192079
457.642	0.5787881188
458.659	1.48595441
459.679	2.751365079
460.681	1.008713578
461.704	0.8010528415
462.706	1.01172167
463.719	3.412560817
464.769	3.011132867
465.779	1.578901099
466.899	0.4423946102
467.969	3.39379021
468.989	1.89596004
470.028	1.764763237
471.038	0.9827583497
472.049	2.097855302
473.088	1.619009901
474.108	1.057650794
475.138	2.009093069
476.238	1.212423529
477.268	0.2787622642
478.288	1.327762141
479.468	2.353665015
480.478	0.1431925234
481.528	1.009398058
482.532	1.131405941
483.548	0.8744471469
484.55	2.847136863
485.558	2.46175272
486.578	0.3367384615
487.588	3.295392607
488.619	2.184626363
489.62	0.7913098039
490.638	2.223952048
491.648	2.475025743
492.658	1.302857143
493.659	1.833038652
494.693	2.451282458
495.698	1.947936508
496.704	2.613301681
497.738	2.172123077
498.748	1.49783017
499.828	2.512673849
500.868	1.90045509
501.877	0.1832145455
502.888	1.852227772
503.889	1.422131501
504.958	2.684581602
505.969	1.710431373
506.978	1.731964036
507.988	0.8776871287
508.997	2.595676324
510.008	1.760223776
511.018	2.049966303
512.037	1.967698712
513.078	3.313948104
514.118	0.3293825243
515.137	2.321125867
516.157	1.896237624
517.172	0.6546376238
518.177	1.657853465
519.178	2.897615842
520.179	0.1625346535
521.197	2.5536
522.198	3.501983441
523.207	1.527825743
524.218	0.1103266055
525.228	0.4045234765
526.229	1.203948464
527.237	1.456475248
528.247	1.643936508
529.257	2.202085914
530.267	1.073791873
531.277	1.054113886
532.311	2.514605395
533.317	0.6115764706
534.318	2.225805941
535.328	2.653650794
536.348	1.749290709
537.358	0.8267833002
538.367	0.6797001972
539.368	1.333834166
540.387	1.174748515
541.388	0.4304424779
542.397	1.322901099
543.407	2.210701092
544.437	2.119548067
545.457	1.902353646
546.488	1.21357043
547.502	1.306069376
548.522	1.255691395
549.528	1.546222222
550.983	2.191152847
551.992	1.557034965
553.003	2.297156436
554.012	1.983424575
555.091	1.808495504
556.103	1.815849356
557.104	1.557079365
558.112	1.921714286
559.113	1.327440559
560.114	1.441140594
561.122	2.750892308
562.123	0.2018796117
563.124	2.562853147
564.132	3.366458372
565.142	1.784050045
566.143	1.852227772
567.162	2.574455721
568.172	0.177019981
569.182	1.077561165
570.204	1.411428571
571.232	2.136737364
572.252	1.386962376
573.261	0.8677106046
574.312	2.011084242
575.341	1.564831683
576.342	2.136487512
577.361	1.293349301
578.362	2.295944056
579.372	2.797569017
580.382	1.841191658
581.392	0.7296
582.402	1.256573111
583.422	0.1667657143
584.431	1.676507937
585.442	0.845180198
586.452	2.846255699
587.453	0.3236788321
588.462	3.459388611
589.463	0.4339497099
590.472	2.475412587
591.491	2.890869131
592.501	3.232958084
593.503	2.070889111
594.528	2.321028684
595.531	1.647017822
596.551	2.517605496
597.662	3.14232967
598.672	0.7225165049
599.691	1.621731109
600.711	2.519144855
601.721	1.410029732
602.741	2.85806993
603.755	1.575667327
604.761	1.900793804
605.771	3.446198413
607.031	0.3574409222
608.041	2.729650794
609.071	2.975361277
610.072	2.197546454
611.081	1.01489901
612.082	0.9806778989
613.101	1.593665125
614.111	2.409814186
615.191	3.350057942
616.206	0.3612582524
617.221	1.986596226
618.273	1.486488189
619.291	3.153262737
620.301	1.835722772
621.312	2.225131313
622.321	1.75383017
623.331	2.106613861
624.341	3.848533333
625.353	1.998257426
626.361	2.57381019
627.366	1.63996004
628.371	2.789259406
629.381	1.227711177
630.391	3.207928072
631.392	2.388571429
632.401	2.128285149
633.411	1.809013292
634.421	1.027708292
635.431	1.436771229
636.45	2.300483516
637.452	3.57296333
638.461	1.381385519
639.471	1.299532875
640.481	0.2736
641.491	2.382222222
642.501	0.7476594059
643.521	0.671809901
644.531	1.679524752
645.541	2.726873127
646.551	1.771156843
647.571	1.974041625
648.582	2.390707631
649.591	1.421298701
650.593	0.6227472745
651.601	2.754882883
652.621	4.148171828
653.631	1.742897103
654.641	3.120463536
655.651	2.789259406
656.66	0.9698315164
657.661	2.486299213
658.662	1.983424575
659.67	2.514605395
660.671	2.594857143
661.701	2.03710099
662.71	3.050325674
663.72	2.156453202
664.741	1.961558442
665.746	2.708694611
666.751	2.260551041
667.811	0.9688712871
668.822	2.233540741
669.831	2.258312871
670.84	2.290857143
671.85	0.8637122877
672.852	2.158353646
673.861	0.3284740741
674.87	2.285010989
675.871	3.022065934
676.872	2.482399206
677.88	1.25059802
678.961	2.049022977
679.97	2.831664336
680.972	2.603131814
681.991	2.470186457
683.0	1.194625602
684.002	1.676860377
685.01	1.268557957
686.011	3.13779021
687.02	0.8418461538
688.03	0.983976024
689.04	2.628475524
690.041	2.335676768
691.051	3.003592814
692.06	1.897908925
693.071	0.8668514851
694.08	2.136737364
695.17	1.281142857
696.172	2.0579002
697.18	1.127693817
698.192	0.6437647059
699.2	0.1563428571
700.201	1.095473994
701.29	1.195419608
702.3	1.924313181
703.311	1.480701887
704.32	2.092755245
705.321	1.48595441
706.322	1.479611497
707.33	1.688231768
708.341	0.2736
709.389	3.721782218
710.391	3.148723277
711.392	2.291488288
712.411	0.1965988024
713.422	0.6368962173
714.439	1.930656095
715.46	1.430304951
716.462	2.347322101
717.463	1.894473282
718.471	0.4828235294
719.54	2.282243806
720.541	1.520577561
721.542	2.117449505
722.543	2.002611276
723.63	2.241278721
724.632	0.1473230769
725.633	1.015760479
726.71	2.519144855
727.711	2.000751249
728.789	2.054469772
729.89	1.658512463
730.901	1.163231373
731.909	2.425650794
732.92	1.033885149
733.921	0.5715435203
734.922	0.1193890909
735.93	2.541579568
737.079	2.049022977
738.08	3.239814299
739.081	3.218222222
740.082	2.805650794
741.083	2.554661339
742.089	2.459691089
743.099	1.572725471
744.1	1.366644202
745.109	1.369790099
746.119	1.924313181
747.121	0.2868815534
748.129	2.392658824
749.13	1.427011765
750.131	1.8655778
751.139	0.3540705882
752.14	1.764763237
753.141	1.965750495
754.142	2.453714286
755.15	2.026265347
756.159	2.213018981
757.179	2.672716418
758.18	1.24099108
759.181	2.213018981
760.182	1.21807262
761.189	1.690360396
762.19	2.110793651
763.199	1.491936508
764.239	1.173586548
765.241	2.606609391
766.249	1.783310208
767.33	2.721664377
768.34	0.2619607843
769.35	0.6115764706
770.351	2.503033663
771.359	2.305709199
772.36	1.449892051
773.361	1.202756436
774.369	1.922407921
775.379	3.317258741
776.38	0.3784980237
777.389	1.614510891
778.399	2.103688312
779.4	1.57722894
780.401	1.333834166
781.409	2.917862595
782.489	2.293090188
783.49	2.134041625
784.491	0.4394750245
785.499	0.3111529412
786.5	0.2730538922
787.509	0.9473910448
788.51	2.06364036
789.511	0.1250742857
790.512	0.1548679245
791.519	2.770605395
792.529	1.507647175
793.539	1.061110266
794.549	2.645802198
795.55	1.46783432
796.552	1.924289395
797.558	1.925019608
798.559	2.274077922
799.56	0.2712526215
800.569	0.5418873786
801.578	0.1667657143
802.588	2.486345654
803.589	2.214857143
804.599	2.662651839
805.609	0.2592852912
806.618	1.239976024
807.619	3.175128871
808.62	0.4786640159
809.698	2.617542458
810.7	1.99573439
811.718	1.789653122
812.719	2.295365079
813.735	0.5564745763
814.768	2.377014985
815.769	0.2190431373
816.809	0.6166359176
817.818	2.453354455
818.829	2.464058716
819.909	2.451282458
820.91	3.13150099
821.911	3.177990089
822.912	2.470873127
823.913	0.9264459861
824.918	1.557034965
825.919	2.617542458
826.921	2.054469772
827.928	0.4828235294
828.938	0.3900831683
829.939	1.186759167
830.94	0.215263572
831.95	2.230222222
832.959	1.478146535
834.128	1.876424182
835.208	0.7071172962
836.278	2.711400599
837.279	2.274077922
838.288	3.077322772
839.298	1.58200396
840.299	0.2209846154
841.309	0.921029703
842.31	2.202085914
843.318	2.638874074
844.328	2.249704658
845.329	2.106055906
846.338	2.898906188
847.339	2.134621782
848.341	1.597338614
849.418	1.685692765
850.458	0.2209846154
851.459	0.1188774108
852.468	0.3080047904
853.479	1.930306163
854.488	2.835409316
855.489	0.5851247525
856.498	1.759242604
857.508	0.8583529412
858.518	1.255691395
859.519	0.2295944056
860.528	2.71594006
861.529	2.718793651
862.537	2.727881306
863.538	0.3359049505
864.548	3.295392607
865.549	0.1391186441
866.558	1.729078295
867.568	1.567905419
868.569	1.636182178
869.638	0.655984016
870.639	3.10953047
871.641	0.1074196078
872.648	2.158353646
873.658	1.423782524
874.667	0.4097261084
875.668	2.278617383
876.728	1.116071287
877.749	3.033650794
878.758	2.863444995
879.898	2.143811395
880.909	1.251837463
881.918	1.456475248
882.928	0.1052307692
883.929	2.084942574
884.938	1.382105894
885.949	1.311112871
886.968	2.447365079
888.017	1.944079208
889.028	0.3467405941
890.037	0.9978671952
891.038	2.173803766
892.039	0.8930217822
893.047	1.755374257
894.048	1.051057426
895.057	1.229042957
896.058	1.56191068
897.337	1.467076923
898.338	1.386962376
899.347	0.9318653465
900.349	1.767960357
901.35	2.919287129
902.357	2.405274725
903.358	1.382105894
904.367	2.261176902
905.427	1.948678643
906.437	2.279984158
907.448	1.437650794
908.467	1.962509031
909.468	2.508211788
910.477	1.055556436
911.488	2.145517378
912.497	3.153801732
913.507	2.497278721
914.527	1.481079365
915.547	0.393516035
916.548	2.379861249
917.549	1.527825743
918.557	0.2422637151
919.567	2.726873127
920.577	0.8776871287
921.637	2.278617383
922.647	1.235436563
923.648	0.3684118812
924.657	0.1653484419
925.667	2.942881481
926.681	2.318827723
927.687	1.476571429
928.688	0.1306799601
929.697	1.48595441
930.698	2.649142857
931.707	2.908195804
932.708	1.848388503
933.71	1.228926733
934.727	0.8776871287
935.748	2.453354455
936.756	0.3826573427
937.757	1.98144511
938.758	1.235263366
939.759	2.55340337
940.767	1.614510891
941.776	1.426531343
942.777	2.090058939
943.786	1.266070588
944.787	2.953007407
945.788	2.058550149
946.797	2.077282717
947.807	1.935159564
948.816	2.414793651
949.817	0.1460591039
950.827	1.950625375
951.936	0.7763965015
952.937	2.026265347
953.938	1.935159564
955.156	1.876424182
956.158	1.128023786
957.167	2.022617383
958.206	2.560366063
959.207	0.1877536172
960.208	2.636750499
961.306	1.761617443
962.317	2.32730566
963.326	1.430304951
964.327	2.373005941
965.336	0.7725176471
966.337	2.518368317
967.346	2.766065934
968.347	1.066392079
969.349	0.7106493506
970.356	0.2084571429
