0.0	3.58157043
1.014	2.017129412
2.044	2.078385757
3.054	2.689030969
4.064	2.245201189
5.084	2.201122669
6.114	1.148578218
7.174	1.10025974
8.184	2.658107784
9.334	3.091095238
10.344	0.1076779964
11.384	2.037857263
12.474	2.256815035
13.484	0.5998153846
14.494	1.405154845
15.514	2.06634965
16.545	2.197546454
17.664	0.3174364641
18.665	2.76060885
19.814	2.121014985
20.825	2.81592016
21.827	1.666059406
22.834	0.1395409836
23.884	2.399332671
24.994	1.506502085
25.995	1.470992063
27.014	1.126105894
28.075	3.398313686
29.083	2.848253717
30.084	0.1052307692
31.154	0.7584950495
32.155	2.476814371
33.164	2.207740922
34.304	2.161546085
35.305	2.223508424
36.314	1.818555224
37.414	2.461994006
38.604	1.275549352
39.614	2.890997027
40.624	2.616055556
41.803	2.412605341
42.804	3.260515873
43.814	2.413716205
44.824	1.978447525
45.904	1.891420579
46.905	0.8560158416
47.907	1.554362735
49.024	0.1068181012
50.033	2.340123138
51.064	1.503785927
52.065	3.039392607
53.134	3.169118881
54.135	0.1114666667
55.136	2.083775044
56.294	1.40846779
57.295	1.420947053
58.303	2.3708
59.304	3.256215784
60.314	2.285010989
61.323	2.845615842
62.325	1.891599604
63.503	1.267770297
64.513	0.343896488
65.704	1.950415842
66.714	2.867187314
67.715	1.657853465
68.723	0.1470403071
69.724	1.800846011
70.763	1.42229703
71.764	1.923614367
72.765	2.082505451
73.773	0.9979047619
74.784	0.809046953
75.793	0.2087009524
76.932	2.159199207
77.933	1.652920635
78.943	2.011992016
79.953	2.660683317
80.954	1.065784563
81.963	2.869883053
83.003	1.117986125
84.013	2.671128871
85.022	1.64599604
86.224	4.0910499
87.233	0.1806291262
88.253	1.30770617
89.273	1.687412115
90.283	1.754821179
91.293	2.455047619
92.294	0.9752079208
93.314	2.551610964
94.315	2.350281739
95.343	1.934061457
96.344	0.2659343696
97.353	2.848161404
98.354	0.1153011414
99.483	1.528340257
100.484	2.707131814
101.485	1.650629371
102.487	3.558891326
103.488	0.210867052
104.493	1.235263366
105.503	0.3904697721
106.504	1.576063492
107.513	2.210775025
108.524	0.292852329
109.543	2.295944056
110.553	5.996771654
111.554	2.613221932
112.663	1.851290387
113.673	1.652787339
114.674	3.149785714
115.692	1.666904055
116.713	1.038641359
117.734	1.946009917
118.743	1.63414985
119.744	4.541354645
120.822	1.260130564
121.832	1.605164356
122.873	0.1888705657
123.875	2.470526733
124.876	0.7865154229
125.884	1.146156591
127.732	2.199635644
128.763	2.615032967
129.764	1.605106046
130.812	1.432687313
131.813	1.676681481
132.814	0.9863343225
133.822	2.964067932
134.823	2.536719281
135.824	2.101177403
137.022	0.1075049116
138.023	2.560828547
139.032	2.414905095
140.083	0.6902178218
141.092	2.406748515
142.103	2.191408591
143.162	1.102331337
144.167	0.9244039604
145.172	1.941978022
146.302	2.810821179
147.303	2.103602781
148.332	1.607160839
149.333	2.525538462
150.363	2.478908012
151.372	2.428574827
152.373	2.616499504
153.374	3.732448858
154.382	2.587532673
155.392	3.251412587
156.413	2.054613047
157.612	2.5020455
158.622	0.4876039604
159.802	1.484451485
160.803	1.438763132
161.812	2.744237624
162.963	1.359093596
163.972	0.2762563107
164.973	1.37072095
165.982	1.848285149
166.992	0.2231300971
168.002	0.3607912088
169.012	2.324434951
170.022	1.334105055
171.032	1.691206287
172.042	3.446487129
173.043	1.005842158
174.222	2.243564356
175.232	2.866555885
176.242	1.236487612
177.252	0.5526178218
178.262	2.23902284
179.272	1.87086166
180.282	0.1116734694
181.292	2.09978022
182.302	2.074479208
183.312	1.855854148
184.313	1.919770297
191.701	1.683628372
192.702	1.633741176
193.703	1.863723894
194.704	1.602170974
195.711	2.027396603
196.731	2.167128713
197.741	1.421298701
198.851	2.398480712
199.852	1.475964036
200.861	1.410365634
201.863	0.1073994112
202.871	2.58805103
203.881	1.33274026
204.892	2.286238095
205.902	2.229842158
206.922	2.35426973
208.132	2.126185814
209.141	2.80991009
210.142	1.350691774
211.144	2.679287129
212.151	2.124126733
213.161	2.383408591
214.168	0.4629620758
215.171	2.452891972
216.302	1.468333333
217.303	1.062176412
218.472	2.197307826
219.491	2.113430569
220.493	2.893008347
221.494	0.7991768232
222.501	1.578985075
223.521	1.668689109
224.531	2.923328699
225.533	1.33010109
226.541	2.517147511
227.552	2.37770297
228.752	2.075209581
229.761	1.421399119
230.771	5.982330366
231.781	2.387052527
232.831	2.210258824
233.832	2.614753247
235.011	3.242253746
236.053	1.178703667
237.061	2.243145709
238.062	2.97629336
239.07	2.722333666
240.071	1.599428571
241.081	2.747124875
242.171	2.176959448
243.172	1.269026759
244.174	2.024343184
245.181	0.9174610778
246.302	2.842597403
247.371	1.477898123
248.54	1.886888889
249.541	1.39779802
250.55	0.4506352941
251.551	1.63996004
252.552	2.003677612
253.691	2.24681746
254.701	2.402091816
255.702	2.163298315
256.721	1.755374257
257.731	2.953142857
258.733	1.507647175
259.735	1.625346535
260.751	0.5526178218
261.77	0.8283009901
262.771	3.42204995
263.772	0.1191920792
264.781	1.150339321
265.911	3.391744256
266.913	0.1285309417
268.01	2.159378486
269.011	0.113462771
270.07	0.3114582924
271.072	2.728222222
272.081	0.2512095808
273.082	1.311112871
274.083	1.199240759
275.13	1.283753666
276.131	1.512760396
277.14	2.164875125
278.141	0.10944
279.281	1.041774289
280.43	3.630506455
281.431	1.855119266
282.432	2.243324675
283.441	1.57663011
284.442	0.3341595855
285.443	2.219412587
286.45	0.4618174681
287.451	0.8049915174
288.452	2.735752248
289.46	1.410029732
290.47	2.099845391
291.631	2.010711596
292.632	2.627672655
293.64	0.2397355372
294.641	1.823846922
295.65	2.759207843
296.651	1.449892051
297.7	0.1947961165
298.71	1.538916335
299.711	0.2141682975
300.831	0.1159768786
301.85	2.566706587
302.851	2.149866667
303.86	2.087740705
304.87	1.68508226
305.872	1.734510092
306.873	0.1579980751
307.88	3.427456888
308.89	1.980043956
309.899	0.9029343936
310.91	2.104198216
311.92	1.466181818
312.921	2.508
313.999	2.385584158
315.009	0.8677106046
316.01	3.0839001
317.02	0.5257411765
318.021	0.2038588235
319.03	0.9549176471
320.031	1.289441584
321.039	1.62852292
322.175	1.774580392
323.18	1.617815659
324.191	0.7809395441
325.199	2.53168254
326.211	0.1146514286
327.219	1.148047059
328.22	1.525433663
329.229	2.124294985
330.23	2.010659881
331.24	0.3788724036
332.25	0.103538316
333.26	0.1285009785
334.27	3.672639361
335.29	1.78475368
336.291	1.345907023
337.299	1.493442557
338.31	0.9611257485
339.32	2.766339623
340.47	0.1180235294
341.6	2.077282717
342.61	0.1421939799
343.62	0.1395409836
344.75	1.535675569
345.751	1.377490585
346.759	2.006985015
347.76	0.2209846154
348.769	0.3403381924
349.771	1.691721448
350.78	2.005842158
351.789	2.659374257
352.799	2.882055308
353.8	1.072728713
354.949	2.644941634
355.95	1.889386667
356.959	0.2630769231
357.969	1.516990099
358.989	2.254767606
359.99	1.969254054
360.999	1.928959366
362.009	0.414384466
363.019	5.952545769
364.029	1.907544103
365.03	2.244939061
366.052	0.7071624266
367.059	0.5003294118
368.069	0.7476594059
369.099	1.618946108
370.129	0.3007183513
371.139	2.718683186
372.179	3.525234765
373.338	2.252851149
374.349	2.642021978
375.369	0.3344078431
376.379	2.076589147
377.389	0.7188705882
378.409	2.761022977
379.429	0.8748514851
380.449	2.555851327
381.489	1.654577075
382.49	2.168983017
383.509	2.361542458
384.518	3.054778443
385.559	0.845180198
386.578	1.99609505
387.589	1.976687313
388.619	0.3828804665
389.639	3.310835644
390.668	3.050336634
391.878	2.116613254
392.918	1.772567521
393.948	0.7679087719
394.988	1.944623377
396.008	1.291548515
397.026	2.442682493
398.046	3.306613387
399.056	1.918802775
400.096	2.34647505
401.146	2.45994006
402.276	0.3100283286
403.316	2.497358491
404.346	2.67640396
405.426	2.942001998
406.436	3.175952475
407.466	2.061613479
408.496	0.1518593895
409.536	1.998353646
410.566	1.692947053
411.596	3.521278721
412.626	2.717410664
413.666	1.510392079
414.767	3.036131868
415.787	2.387706422
416.797	0.4527229862
417.896	3.066117882
418.957	0.421734104
420.018	0.595960396
421.061	2.77740519
422.118	2.421618382
423.858	2.938548148
424.878	1.354455446
425.879	0.1597664234
426.961	2.500557864
428.059	1.672759241
429.177	2.391952096
430.279	1.126105894
431.317	0.9236349362
432.398	1.007714851
433.459	2.428638256
434.479	2.776575425
435.498	2.435640719
436.518	2.62861408
437.616	2.403531746
438.655	1.837496063
439.675	0.3931339806
440.718	0.2708910891
441.816	1.560332673
442.855	3.028625743
443.897	2.200327672
444.919	3.185960784
445.957	0.1061493695
446.958	0.1072941176
447.999	1.547429703
449.238	2.472655345
450.474	0.1096393443
451.504	1.46953047
452.737	2.45994006
453.739	0.1176774194
454.854	3.381210789
455.876	2.510202159
456.895	2.470526733
458.071	0.1997463977
459.236	2.370428571
460.418	0.2925623762
461.513	5.485454906
462.567	0.2946461538
463.617	3.051828856
464.733	0.9173964497
465.784	1.65007328
467.283	2.20847952
468.479	0.293816092
469.679	1.85167889
470.699	0.2077282717
471.908	0.2262376812
472.94	2.126244466
474.067	0.1041294006
475.147	3.202621648
476.286	2.031960278
477.666	1.572689109
478.674	4.122757243
479.676	2.362170297
480.684	1.867572428
482.614	2.603428571
483.624	1.363908275
484.674	0.3084314869
485.684	0.1065345133
486.694	0.1031479736
487.864	0.2269666349
488.944	1.573762832
490.074	1.89421001
491.244	0.1154209012
492.246	2.629886384
493.394	0.1168776699
494.404	1.200690873
495.413	1.153145129
496.584	2.733877228
497.585	1.146091089
498.654	0.5369970559
499.674	2.899076923
500.684	1.693560396
501.694	2.423524752
502.704	2.28858672
503.874	2.168071287
504.884	0.4733638095
505.887	2.758203593
506.894	1.794981019
507.933	1.234722222
508.934	2.792935065
509.944	2.902465534
510.963	2.769704566
511.964	2.091279208
512.974	1.979382178
513.993	1.670420635
514.994	0.1188804252
515.995	1.781053869
517.003	1.954285714
518.014	2.634869131
519.025	1.54949703
520.034	0.5509803922
521.044	2.643421782
522.045	2.256583417
523.054	1.93826055
524.065	1.105473267
525.074	3.353101796
526.084	0.8933877551
527.133	1.414490179
528.153	1.791428571
529.163	1.177230769
530.164	1.967952048
531.174	2.312571429
532.183	1.257302697
533.193	0.2443805825
534.197	2.066273267
535.334	1.800856293
536.343	1.829606838
537.359	2.14248381
538.373	1.651072356
539.383	1.974271556
540.423	0.1239439626
541.448	2.254027723
542.453	1.782945919
543.464	2.764749257
544.466	1.453524733
545.474	0.340007767
546.493	1.699528246
547.623	1.642909091
548.624	1.856766467
549.633	1.058277722
550.653	2.6287
551.673	3.620027972
552.692	0.6156663434
553.695	0.6398730159
554.753	1.734304951
555.793	1.359706931
556.805	2.999216783
557.983	2.004910891
558.984	1.902353646
559.993	1.571168317
561.013	0.4720941176
562.033	1.666259663
563.043	0.1031479736
564.053	1.973779439
565.055	1.752047337
566.093	1.37681665
567.104	1.624108567
568.123	2.400015826
569.133	3.09670495
570.143	2.268171828
571.192	0.5901176471
572.225	1.494368317
573.232	1.037880275
574.264	3.354558093
575.523	2.855428571
576.542	2.38755471
577.553	1.395188811
578.563	2.903952475
579.583	2.413514486
580.762	2.838938614
581.763	2.595988012
582.764	2.704504202
583.793	1.636182178
584.823	0.1157538462
585.842	2.1456
586.843	1.702495522
587.862	0.9609980198
588.873	2.028170466
589.882	2.842225743
590.883	2.854729271
591.902	2.377530228
592.912	2.879430267
593.933	1.916739862
595.052	1.739369673
596.053	1.921746154
597.062	2.28858672
598.073	1.923124875
599.082	0.4192691552
600.092	2.311246779
601.103	2.762629371
602.104	2.079576424
603.123	2.017307241
604.133	0.4828235294
605.143	1.291925854
606.144	1.152808362
607.152	1.79252381
608.292	1.680264078
609.302	2.058501499
610.312	3.419204724
611.322	2.220715044
612.323	2.634869131
613.332	1.952303249
614.342	1.432564706
615.344	1.72329179
616.367	2.195892514
617.382	2.247524281
618.383	2.631784216
619.384	1.570798811
620.392	0.4520158856
621.412	2.568713928
622.413	0.1801045499
623.422	3.696874751
625.594	0.1033339056
626.602	3.116677899
627.612	3.345254745
628.613	0.2943631124
629.623	1.760223776
630.624	2.965978196
631.632	2.104471429
632.642	1.483889109
633.653	0.3718834951
634.662	1.892241824
635.672	3.62025974
636.673	2.146160874
637.682	1.656673267
638.692	1.896295409
639.702	3.542313686
640.704	0.1418666667
641.842	1.812598612
642.852	2.307876124
643.862	0.3938676749
644.872	2.383841584
645.874	2.406429091
646.882	2.186954455
647.884	2.764091908
648.902	4.134430129
649.903	0.8764142733
650.912	2.598292359
652.052	2.739996004
653.053	2.866397602
654.062	1.742319128
655.072	0.5138541459
656.073	2.199968317
657.082	2.109410589
658.083	1.809552475
659.084	1.349774257
660.092	2.293803509
661.093	2.489771599
662.529	1.096665347
663.551	2.05158042
664.552	3.281932673
665.692	2.840343313
666.693	0.1292207084
667.703	2.730252632
668.704	0.1657228346
669.744	3.085354455
670.752	0.7603891051
671.762	0.2225149701
672.763	0.6008470588
673.772	1.24609901
674.792	1.650942932
675.802	2.303240759
676.811	0.1083564356
677.812	1.813270588
678.822	1.574660059
679.831	1.863619425
680.832	3.381698302
681.842	1.746780198
682.843	0.4720941176
683.852	1.427176238
684.855	2.39757043
685.862	2.263144855
687.022	1.538661386
688.032	0.1416044362
689.041	0.108764268
690.052	1.486819802
691.053	1.596823529
692.062	3.512655345
693.071	1.788931069
694.072	2.443698413
695.081	0.4113425743
696.101	2.985686314
697.281	0.4384633663
698.282	2.229171156
699.291	2.927129741
700.301	2.234845481
701.302	1.984941176
702.311	1.508763237
703.322	3.319245283
704.342	2.675463754
705.344	1.294049554
706.351	2.211643564
707.352	1.755892963
708.353	1.77449851
709.36	0.2443805825
710.362	2.227342574
711.363	1.604411588
712.372	1.848604206
713.381	0.6298885845
714.531	2.733637265
715.541	3.831326065
716.542	2.434103175
717.551	0.3896973294
718.561	1.826821179
719.562	1.243123885
720.571	1.614510891
721.581	2.098573427
722.583	1.301565907
723.591	2.099148851
724.592	2.357312977
725.601	2.529142857
726.611	1.935057426
727.621	1.267770297
728.628	0.1306799601
729.631	2.90731281
730.641	0.1999384615
731.651	1.621758416
732.652	3.015294351
733.661	0.6115764706
734.671	1.858621379
735.681	1.30643218
736.771	2.286750727
737.781	0.9998490566
738.791	0.1683692308
739.801	2.033595238
740.804	0.3900831683
741.821	0.1038330171
742.99	3.129736202
743.991	0.5651320755
744.992	2.159571429
746.196	0.3581040462
747.301	1.628571429
748.312	0.5309465347
749.32	3.22766034
750.331	1.950415842
751.341	2.015272727
752.351	1.934456415
753.381	2.051524752
754.382	1.732728713
755.391	1.077917808
756.4	2.899118644
757.401	1.498741306
758.402	3.485058941
759.411	0.1685312801
760.412	1.79602644
761.532	1.396190476
762.543	3.054545455
763.544	0.4025029703
764.553	0.3410079365
765.643	0.2380963618
766.645	1.565726733
767.652	1.042285714
768.742	1.539572277
769.743	1.076023762
770.754	2.58277106
771.755	3.612963037
772.772	1.418065282
773.823	2.473417822
774.832	2.498735714
775.843	1.68631454
776.852	0.4399058824
777.853	0.4209230769
778.862	1.048182178
779.863	1.179592814
780.873	1.993758416
781.874	1.47345098
782.882	0.1948486647
783.884	0.4037592233
784.885	1.899864177
785.897	0.1072941176
787.056	2.798967229
788.057	0.2379130435
789.058	0.583255814
790.066	3.112880079
791.076	0.9365014925
792.077	0.1083564356
793.086	2.921825397
794.088	2.785330693
795.096	2.222097126
796.098	2.438073926
797.099	2.560831169
798.106	2.234053846
799.116	2.618834151
800.126	2.728571429
801.136	0.1095395814
803.676	2.425347449
804.685	3.32374026
805.686	1.895659406
806.696	1.899616222
807.726	0.1191724138
808.736	1.991944554
809.738	0.491988012
810.746	2.109192157
811.755	1.893714286
812.762	2.427140859
813.765	0.1018477157
814.776	1.243521368
815.785	1.008713578
816.795	1.970756436
817.801	2.225300297
818.806	2.115652348
819.816	0.1169113307
820.826	3.036227772
821.836	1.857932673
822.847	1.750011881
823.856	1.948486647
824.866	1.52
825.875	2.842597403
826.876	0.2625113043
827.886	2.828504318
829.79	2.444516681
830.806	0.3367384615
831.815	3.005594406
832.816	2.310011788
833.818	1.636658824
834.825	2.369742574
835.835	0.1421298701
836.855	1.787468531
837.877	4.077506494
838.886	1.687960396
839.893	2.354919881
840.902	1.715900892
841.984	0.1589927361
843.152	2.84175223
844.153	1.382453915
845.163	3.026140733
846.168	1.759792208
847.172	0.9327888999
848.182	0.2018796117
849.183	0.1072941176
850.192	2.271108772
851.213	0.2467764706
852.222	1.621333333
853.223	2.189634366
854.224	2.777614386
855.235	0.9880745829
856.242	1.734857143
857.252	2.547623389
858.262	2.094547619
859.273	1.148047059
860.282	2.719119921
861.292	1.999112887
862.293	2.950257426
863.412	2.882281188
864.603	1.747445545
864.63	0.588962818
