0.0	1.040221782
1.549	0.7779884393
2.611	1.637544554
3.649	1.113363726
4.65	1.473647525
5.849	0.5015819431
6.929	0.1909333333
7.96	2.090901354
9.039	0.9427009901
10.04	2.569718282
11.041	0.8103777778
12.174	3.898315369
13.319	2.394341658
14.41	0.10944
15.519	0.2384862745
16.52	1.578473013
17.659	1.302737263
18.66	0.5613019608
19.669	2.196803197
20.679	3.29771029
21.68	1.190964706
22.7	2.05424975
23.701	2.735552294
24.879	0.422590099
25.881	2.861886792
26.898	0.7430569431
27.899	0.1103512881
28.9	0.5461592233
29.901	0.8213623762
30.909	0.2947249757
31.911	3.733250749
32.919	1.452336449
33.921	1.771156843
34.922	2.076251748
35.928	1.019294118
36.93	2.081321429
37.939	2.967696607
38.94	0.105433526
39.958	2.324284298
40.96	2.777369154
41.968	2.047841427
42.969	2.438073926
44.029	0.4442613861
45.03	1.365291089
46.031	0.6118057483
47.409	2.638285714
48.419	2.275355752
49.549	2.082654412
50.55	1.867428571
51.551	1.907193676
52.559	1.508763237
53.569	1.994477522
54.57	2.348263473
55.708	3.402392079
56.798	0.2043082569
57.799	0.4367715134
58.8	1.490301698
59.848	0.3648
60.859	2.548899901
62.018	0.3612582524
63.019	0.2525154845
64.02	0.1095242494
65.028	1.344578218
66.03	2.136737364
67.048	2.455413861
68.049	2.711400599
69.05	1.514786693
70.058	0.5075504762
71.078	2.118436606
72.079	2.16697502
73.538	2.453660377
74.539	0.6037465347
75.54	1.689561753
76.548	0.7001574803
77.549	2.381466533
78.638	1.891420579
79.639	2.295944056
80.649	2.990097902
81.65	2.283612388
82.798	0.5329230769
83.799	3.498669331
84.808	2.22811976
85.938	1.236836879
86.948	0.503623439
87.949	2.1223818
89.308	1.457982018
90.318	0.1298440678
91.398	1.35211988
92.399	2.084522772
93.403	0.9164401168
94.407	0.1311968032
95.408	2.10952381
96.418	1.74647619
97.428	4.413877095
98.438	1.96134127
99.439	1.331572428
100.44	2.264649505
101.447	1.953974026
102.449	3.70630969
103.458	1.272719281
104.468	1.45348105
105.469	2.961182817
106.47	0.1118810409
107.478	2.195823702
108.485	1.866517483
109.488	0.8134786918
110.658	0.3051692308
111.668	1.367888792
112.827	2.449006993
114.068	1.895667611
115.069	3.052779221
116.217	1.767960357
117.228	2.044178394
118.232	0.4334257426
119.233	2.180563437
120.248	2.760103896
121.417	0.2733266733
122.418	2.855589189
123.419	0.3156923077
124.427	1.733642857
125.428	1.683692308
126.438	0.1286171932
127.439	1.486897103
128.448	3.136791209
129.45	0.8488330579
130.477	2.222393638
131.478	1.418065282
132.487	1.909668979
133.497	2.080870175
134.498	3.488999001
135.499	0.5326990291
136.501	0.1137844991
138.208	3.843268731
139.217	0.3033980198
140.218	0.1288792934
141.227	2.27438961
142.228	1.399000961
143.229	1.987262745
144.232	0.3051692308
145.237	1.475341579
146.238	2.049158841
147.239	3.126857143
148.247	2.465793651
149.248	2.130685315
150.25	1.807611881
151.327	1.893439049
152.328	3.251380619
153.531	3.0224222
154.546	2.744364718
155.552	0.5851247525
156.558	1.886441558
157.559	2.600405567
158.567	0.6976083551
159.568	0.2797227723
160.576	2.074725275
161.586	0.4353742574
162.587	1.015548067
163.589	1.332035054
164.597	2.558363303
165.647	1.090885115
166.787	0.9012705882
167.797	0.481171678
168.857	0.5904262295
169.927	1.533879327
171.017	1.31384127
172.076	0.3900831683
173.077	2.844195804
174.107	1.267313052
175.116	1.963195243
176.117	2.299433102
177.206	0.2372027972
178.232	2.421498501
179.237	2.529333333
180.238	0.5085848871
181.239	3.034790191
182.241	2.205589693
183.447	2.624245788
184.648	2.005583557
188.166	2.970951914
189.167	2.747916084
190.168	3.415617674
191.178	3.304871287
192.179	0.6222896552
193.186	3.04
194.196	3.353014985
195.197	1.954365974
196.207	1.786107826
197.209	3.814217782
198.216	1.189867195
199.217	0.5632633663
200.231	0.3784373832
201.236	1.132594059
202.237	2.096863137
203.256	1.33745887
204.396	2.60206993
205.456	2.343349206
206.576	0.2896941176
207.597	1.663970909
208.599	2.161960317
209.617	0.8149776586
210.618	3.565314685
211.619	1.741442557
212.726	2.140779599
213.816	2.545462537
214.826	2.425956262
215.836	0.7098116947
216.846	2.093351833
217.855	1.884261905
218.866	2.732229965
219.867	0.8095302279
220.876	1.429285429
221.877	2.52222002
222.886	2.744119508
223.887	1.635756244
224.888	2.618487805
225.896	1.563646475
226.906	2.117260377
228.006	3.877290709
229.015	2.536471528
230.016	0.3826573427
231.017	0.2600554455
232.036	2.18919005
233.045	1.378260121
234.048	3.800367632
235.055	2.118121878
236.056	0.65198002
237.057	4.044912698
238.076	3.21588012
239.285	1.806801199
240.286	2.346471287
241.295	0.3756432111
242.306	0.5173940594
243.316	2.893421158
244.526	3.45385015
245.539	2.624007992
246.746	0.6514621849
247.756	1.445842158
248.775	1.064348515
249.785	1.096847153
250.786	3.134961039
251.795	3.415199207
252.796	0.2747339806
253.826	2.721422577
254.867	3.130813187
255.875	3.007696304
256.965	1.010290196
257.975	3.285428571
258.976	2.675261905
259.985	1.104142433
260.986	3.724015267
261.995	1.311928713
262.996	2.397581943
264.005	2.28858672
265.006	2.57050497
266.015	3.411340659
267.016	0.254572549
268.036	0.4404789009
269.045	3.898204163
270.046	1.479635644
271.055	1.572203922
272.056	0.5494425574
273.065	0.3928721311
274.075	0.2199137255
275.085	2.675864151
276.095	0.7940118812
277.105	0.4499650485
278.125	0.3460535183
279.145	2.164747253
280.16	2.137555556
281.165	0.9850682493
282.185	1.369347783
283.195	2.318065934
284.205	2.954541459
285.234	1.125792285
286.265	0.1558548621
287.275	0.7398533201
288.285	1.169838162
289.295	1.878194059
290.305	0.3579306244
291.314	2.309472441
292.315	1.858621379
293.334	2.153814186
294.335	0.2164985163
295.414	1.848135836
296.444	3.335005917
297.454	2.335936255
298.494	1.20469703
299.504	3.080638812
300.525	0.5379927273
301.537	3.439396825
302.554	2.071659068
303.594	2.381226773
304.875	2.621034965
305.905	1.251043228
306.927	1.062857143
307.965	1.723237598
309.005	2.201932628
310.035	0.2791655172
311.045	0.2728130393
312.064	1.073221743
313.065	3.332875125
314.066	1.068849315
315.075	3.084702595
316.085	2.230519765
317.086	3.624879121
318.105	2.20847952
319.115	3.443916084
320.215	3.139844156
321.235	0.4595777778
322.245	2.367928072
323.256	0.1563428571
324.275	1.060507493
325.283	0.230970297
326.325	3.486681319
327.365	3.549674326
328.367	1.162485514
329.386	0.2207129061
330.506	2.194029732
331.507	2.041742258
332.526	1.858621379
333.887	1.658365634
334.896	1.921341317
335.897	2.464277502
336.916	0.9227294118
337.917	0.9918734502
338.936	0.5755033948
339.947	2.192864222
340.967	0.8851089109
341.987	0.4467351779
343.016	0.784754717
344.027	2.342609607
345.176	0.4088133333
346.247	1.488690909
347.257	1.848609298
348.597	1.738011881
349.677	0.6501386139
350.696	0.3575762376
351.746	1.575040959
352.747	2.141419608
353.756	0.6253544621
354.796	1.244611765
355.806	1.96405994
356.807	1.678675917
357.876	2.856253215
358.926	1.461209118
359.946	6.266605395
360.956	2.430921079
361.968	2.17568032
362.976	2.894903674
363.996	2.998729271
365.016	0.4993646354
366.036	2.416207792
367.256	2.397056738
368.276	1.726961039
369.476	1.478472799
370.526	1.102114851
371.596	2.279352647
372.826	1.057018868
373.836	1.252745763
374.846	1.685579196
375.847	3.009598402
377.015	0.5725069307
378.016	2.992631772
379.025	1.045879803
380.176	2.60206993
381.186	2.497142857
382.345	0.2661777362
383.346	0.1603877349
384.356	2.171428571
385.365	3.56417982
386.366	0.595960396
387.566	2.438431373
388.576	1.471136634
389.578	0.4276737864
390.586	1.968222222
391.596	2.326945491
392.597	3.218154455
393.605	3.640711289
394.625	3.031408591
395.635	2.493518335
396.725	2.983588119
397.726	0.3684118812
398.735	2.237745391
399.745	0.609329852
400.746	2.699502913
401.755	2.260308911
402.765	0.1146514286
403.776	2.354685149
404.785	2.188955045
406.148	2.058772277
407.155	1.833710891
408.185	0.3926581783
409.205	2.47144664
410.215	2.795276723
411.225	0.4772408325
412.235	0.1147354839
413.245	2.619632047
414.246	2.330257426
415.256	0.1621627689
416.32	1.860860258
417.335	1.25681746
418.345	1.753542507
419.355	2.758043564
420.357	3.532235764
421.365	2.06634965
422.375	1.256934653
423.385	3.226125874
424.387	1.545470529
425.418	0.8141721068
426.567	2.572178042
427.597	0.3575762376
428.697	0.275207767
429.767	2.00561039
430.777	2.162811881
431.787	3.746021978
432.807	0.3061258741
433.817	0.5829782178
434.887	1.085984127
435.917	1.22429336
436.936	1.851090367
437.937	2.299964392
438.952	2.992838323
439.967	0.6201029703
441.037	2.578973027
442.176	0.2697843719
443.707	1.887270565
444.727	0.3700447036
445.737	1.552
446.956	2.665782218
447.966	0.6331655104
448.987	1.009569871
450.017	3.432333003
451.026	3.103424056
452.076	2.259725191
453.146	2.052856423
454.156	0.9365306931
455.166	3.561705179
456.176	0.5838150289
457.286	3.511368631
458.327	0.4131422964
459.387	0.3755294118
460.427	3.160467327
461.428	1.469050545
462.556	1.208679321
463.597	0.6951915303
464.607	3.317386296
465.728	1.483452547
466.736	0.2836815534
467.737	2.470873127
468.738	2.502983118
469.739	4.008431138
470.827	0.4326792453
471.828	2.411308691
472.836	3.541113974
474.897	1.703507271
476.046	2.645802198
477.047	2.322125331
478.057	0.5991437066
479.217	1.775128871
480.218	1.529339941
481.227	2.372475524
482.237	3.21321393
483.247	1.757113974
484.457	1.29530297
485.466	2.332963037
486.526	3.776380952
487.527	0.1716642857
488.547	1.876983486
489.557	2.77798004
490.566	3.008495504
491.567	3.222453915
492.627	1.42042002
493.636	0.2383841584
494.637	0.3379881188
495.646	1.432381651
496.666	1.95880354
497.697	2.197888889
498.916	2.494667988
499.936	2.189349301
500.945	2.150566337
501.955	3.237394605
502.965	1.258084896
503.966	4.373404975
505.025	0.9325445642
506.036	2.354037962
507.085	2.179498258
508.096	1.828546535
509.276	0.6425834862
510.277	0.8165861232
511.285	1.65522069
512.286	2.036227898
513.295	1.782132644
514.385	0.1617217848
515.546	1.883371901
516.575	2.453954046
517.576	2.125594406
518.596	0.6966313686
519.615	1.217207547
520.625	3.348335329
521.645	0.3061258741
522.655	2.391952096
523.656	0.5851247525
524.665	2.675968932
525.676	0.6229165849
526.696	2.916923077
527.705	1.138439216
528.715	1.908589091
529.716	1.86133863
530.725	0.6880958084
531.726	2.19447619
532.855	2.407841584
533.856	3.264514851
534.865	2.321682132
535.875	1.996162537
537.085	0.2248629738
538.096	1.626957384
539.105	2.423488511
540.115	2.746928571
541.125	0.3033980198
542.365	0.6048392511
543.385	2.98715873
544.415	0.2041476148
545.455	2.853803489
546.725	1.915744511
547.726	3.757189621
548.755	2.049267327
549.785	2.153934066
550.845	1.257158841
551.855	0.1062524272
552.865	0.2765247813
553.875	2.578883168
555.135	1.965735849
556.146	2.948677899
557.175	2.465094905
558.285	2.411988012
559.305	1.739230159
560.315	2.867428571
561.345	2.503672328
562.355	2.564447968
563.575	2.613002997
564.618	2.501226773
565.816	0.3965994123
566.845	1.976657426
567.895	3.232663248
569.215	0.2757162293
570.626	0.6118390579
572.004	2.507268731
573.033	2.596599801
574.176	1.92421978
575.213	0.3166055931
576.303	2.171381605
577.332	2.549600674
578.443	1.05261674
579.472	0.8178384615
580.513	3.760975025
581.553	0.6036203796
582.592	1.465942058
583.602	1.09260844
584.622	2.278518519
585.633	1.60980773
586.653	4.821075269
587.663	0.2079799666
588.763	0.1750352941
589.782	2.804833058
590.812	0.3293116012
591.972	1.768806149
593.163	2.110914286
594.182	3.207403774
595.192	2.886740525
596.212	2.255508424
597.343	2.719746535
598.372	0.871671028
599.402	2.333857143
600.442	1.315464151
601.452	0.2825279686
602.532	1.585294705
603.542	3.586611276
604.572	3.17673943
605.743	3.311428571
606.772	0.757683347
607.792	0.4081177625
608.812	3.164760784
610.003	3.246769231
611.012	3.012950495
612.123	2.308535183
613.142	2.308267732
614.282	2.03710099
615.992	2.138857143
617.003	3.52597003
618.004	0.7973173653
619.081	6.617128205
620.082	2.525538462
621.14	3.43972028
622.26	2.997386139
623.336	0.6122517483
624.436	2.372722222
625.459	1.578637624
626.488	1.751784216
627.699	3.598945055
628.709	1.65269703
629.759	3.106501499
630.859	3.142733927
631.949	2.58777669
632.95	2.297156436
634.089	0.436137164
635.099	1.727610725
636.1	1.841062888
637.219	2.999081188
638.22	1.535031459
639.229	2.253875124
640.239	1.605264618
641.241	1.768487073
642.389	1.934582178
643.4	0.9718495049
644.409	0.7325154845
645.599	2.665086587
646.601	1.993902098
647.678	0.8721166181
648.68	1.21357043
649.681	0.3366490744
650.682	0.2605714286
651.689	2.394627451
652.709	1.290716981
653.71	3.519453465
654.711	4.045234765
655.728	0.192
656.734	0.2848701754
657.768	2.633061386
658.769	1.385606394
659.77	2.276849206
660.778	0.6063049505
661.779	0.265631068
662.789	4.015888112
663.799	1.710946535
664.8	3.472047952
665.801	2.199968254
666.808	0.9664191617
667.809	0.3297026239
668.818	3.144555005
669.828	2.263144855
670.839	1.514138614
672.079	2.342818632
673.117	2.647136863
674.118	2.015111111
675.14	1.054530081
676.163	1.344343656
677.178	0.29404534
678.183	2.142555556
679.213	1.363940653
680.214	0.2469623762
681.228	0.4123608147
682.233	2.809350649
683.235	1.822464865
684.243	3.584103896
685.253	0.553639604
686.263	4.717151794
687.423	1.781430255
688.432	2.595290264
689.433	2.454833167
690.434	0.2776
691.443	3.245522478
692.444	1.484483168
693.453	1.447329341
694.463	3.411116883
695.474	2.307345887
696.502	3.877450549
697.503	2.833714286
698.542	6.624039643
699.562	1.953706349
700.572	2.099314172
701.582	2.117946482
702.591	0.1172571429
703.593	1.828530909
704.602	1.613785714
705.603	2.99566034
706.622	0.9549176471
707.682	2.921639409
708.703	1.113654346
709.713	1.905598402
710.722	0.4885946482
711.723	2.483358416
712.732	2.060812686
714.502	0.293185332
715.512	3.199608392
716.523	1.283173359
717.532	2.738381523
718.542	3.083124875
719.553	1.961273885
720.582	1.906761905
721.772	2.169179283
722.773	0.3606779661
723.972	1.527656344
724.988	2.303040634
725.989	3.933948104
727.032	0.6393029703
728.052	2.01020198
729.062	1.566388889
730.072	2.867972468
731.092	0.5331443756
732.102	2.16562735
733.103	2.256047572
734.112	0.7783843137
735.122	3.258053946
736.132	1.697902874
737.133	2.296295704
738.152	1.647616384
739.163	0.4651
740.171	0.7368237624
741.192	2.520385269
742.212	1.437513406
743.282	2.340641584
744.423	2.15024975
745.692	1.375944444
746.802	0.7660752475
747.803	3.298835443
748.812	0.7811089109
749.822	0.9784723032
750.922	1.33558483
752.083	0.2770745098
753.084	0.4566437684
754.591	3.44788012
755.592	0.4041516035
756.762	0.1202637363
757.763	2.570724138
758.764	1.684195804
759.772	1.683692308
760.782	0.5793882353
761.783	1.570410307
762.792	2.840837466
763.802	2.7072111
764.803	2.733266733
765.812	0.4295976448
766.961	1.830967509
767.963	1.365586414
768.971	3.821714286
769.972	1.677367691
770.973	2.698075248
771.974	0.956419802
772.982	3.422865135
773.992	0.3393492537
775.111	0.4659326733
776.122	2.515928571
777.123	3.654291417
778.131	0.3927251232
779.151	1.361014985
780.162	3.295952475
781.171	2.126328571
782.172	0.1422618384
783.181	3.361530228
784.183	3.704590381
785.201	1.901306852
786.202	2.809475655
787.211	3.727309524
788.213	1.167550296
789.223	0.1176774194
790.231	1.008713578
791.401	0.2803757472
792.412	1.626957384
793.413	1.124375865
794.421	2.002411816
795.422	2.344888889
796.551	2.57186055
797.552	1.78208991
798.561	1.407778218
799.562	0.5251060456
800.563	3.072571429
801.571	1.989818182
802.572	1.109805941
803.581	2.995833663
804.701	1.836804711
805.702	2.083236763
806.703	2.427140859
807.704	2.402545094
808.705	0.2288872727
809.722	2.617629358
810.723	0.6134019802
811.724	3.195169811
812.725	1.826077922
813.731	1.907073267
814.732	0.3701354269
815.733	0.7634489594
816.741	0.4184854369
817.751	1.688285431
818.761	2.24265873
819.771	3.27992008
820.772	0.2384314961
821.781	2.733266733
822.782	1.656007921
823.783	3.96373439
824.851	2.31781019
825.853	3.851164835
826.862	0.334919892
827.871	3.285063492
828.881	0.9182319128
829.882	3.305850449
830.891	1.071440559
833.23	0.8343445545
834.231	0.5693410405
835.251	0.2684518519
836.38	1.320753333
837.49	2.828469185
838.591	0.8905411765
839.592	0.3282901961
840.602	0.3540705882
841.611	1.241538157
842.613	0.9920475248
843.62	2.591136863
844.622	2.523017964
845.631	2.624999009
846.632	1.099292707
847.633	0.7430802775
848.642	1.994031873
849.651	2.132158416
850.66	0.2946793651
851.661	0.8417584158
852.671	1.579412587
853.681	1.876792079
854.8	3.093922078
855.801	0.2016612332
856.81	2.823065868
857.811	0.5169333333
858.812	1.136150644
859.92	0.2848564232
861.071	1.802642857
862.073	2.185088381
863.08	2.782123364
864.081	1.071440559
865.221	1.056662069
866.28	2.088758483
867.44	1.800499504
868.441	3.208971055
869.59	1.75799604
870.601	2.145490269
871.611	1.866794411
872.612	1.079508911
873.621	3.225782218
874.67	1.850970297
875.68	2.518636274
876.681	0.7719206349
877.682	0.5560258065
878.691	1.639193016
879.701	2.69787116
880.88	3.542313686
881.881	3.22861569
882.882	2.394677228
883.89	3.521086913
884.891	2.777980354
885.893	2.415501754
886.901	2.455872128
887.91	2.199635644
888.911	2.381266609
889.921	2.110620416
890.96	2.750568421
892.05	1.359104063
893.052	2.468407186
894.151	0.1731357202
895.16	3.729172277
896.161	2.701437126
897.35	2.01704
898.351	0.3142336634
899.52	3.468131868
900.639	2.427140859
901.7	2.250281188
902.73	1.170261905
903.731	2.706141858
904.74	0.7674797611
905.75	1.950687179
906.77	0.2310490566
907.772	2.952166337
908.774	1.74649505
909.98	1.622458114
911.17	2.549666334
912.18	1.766017982
913.19	2.134257742
914.2	0.4704897196
915.201	1.999611497
916.202	0.3868027478
917.209	2.32394006
918.23	1.849426471
919.32	2.024798403
920.329	1.940934132
921.33	1.043972028
922.419	0.4417828571
923.42	2.319827282
924.421	1.138880317
925.43	2.36547927
926.44	0.6997162837
927.45	0.108954281
928.451	1.129197225
929.459	2.121014985
930.46	0.6832607393
931.659	2.678601399
932.66	0.5309465347
933.669	0.6437647059
934.681	1.905894106
935.689	0.2694291262
936.76	0.3572225519
937.761	2.629433962
940.049	0.1894153846
941.051	0.7055905045
942.149	0.4304424779
943.15	2.388131868
944.16	0.2556
945.368	1.917534192
946.4	1.6395
947.409	0.3621386139
948.41	0.5386455446
949.411	2.854537463
950.412	2.059471845
951.419	1.460953511
952.479	0.3256555455
953.48	2.589892644
954.481	1.301922936
955.501	0.2931428571
956.509	0.1947154047
957.519	1.134505421
958.529	2.534441558
959.539	3.826796581
960.541	3.006593407
961.549	1.731190476
962.55	0.4537425743
963.559	2.525538462
964.56	2.605762238
965.569	3.347508492
966.57	1.399023256
967.579	3.195563492
968.58	0.9045909091
969.589	1.163716284
970.59	2.394341658
971.599	1.56528932
972.6	4.06228971
973.601	1.793570167
974.609	6.012127745
975.698	2.149359762
976.849	1.263352381
977.852	1.802717481
978.859	1.763825743
979.86	0.5907292707
980.869	0.3262153846
981.989	2.30236963
983.003	2.718788571
984.009	3.615296703
985.02	2.593986097
986.029	1.965721854
987.03	1.296444444
988.249	2.941223529
989.459	4.055092537
990.46	1.677250749
991.461	0.4440076923
992.469	2.470873127
993.47	1.480628684
994.471	2.44362054
995.479	2.007168831
996.481	3.708047525
997.489	1.844484127
998.499	2.034965035
999.5	0.971313052
1000.501	4.696526946
1001.509	0.7687933884
1002.609	2.779772228
1003.619	0.1070841487
1004.62	1.967952048
1005.63	2.571982127
1006.639	2.232142574
1007.668	2.09885998
1008.669	0.5965394605
1009.67	2.156926733
1010.689	1.9976
1011.698	1.712031683
1012.699	0.5718374628
1013.7	1.660609174
1014.701	1.795332024
1015.709	0.1989090909
1016.71	1.484959204
1017.718	0.2331757925
1018.858	2.002486594
1019.859	0.8673141724
1020.86	3.050857143
1021.861	2.40214985
1023.048	2.407595639
1024.049	0.2683230769
1025.058	0.1252078431
1026.068	2.06228971
1027.078	0.8261647059
1028.178	3.894033966
1029.179	3.376272904
1030.18	2.897262737
1031.181	0.5533817468
1032.188	0.2315076923
1033.198	2.487752248
1034.199	0.3616093294
1035.2	0.9364915758
1036.207	2.134641359
1037.218	2.765827552
1038.22	0.1858549967
1039.228	0.9318653465
1040.239	0.559292517
1041.248	3.069351833
1042.259	2.270057942
1043.268	0.4124560748
1044.319	1.956043956
1045.32	3.178139776
1046.328	0.3639058824
1047.329	0.1585657658
1048.338	2.284555445
1049.339	2.069569017
1050.34	2.328695048
1051.347	2.920370161
1052.348	0.2105393457
1053.358	0.5357202797
1054.359	3.032327672
1055.367	3.686945055
1056.368	3.378317682
1058.907	2.638865135
1060.339	0.3881381818
1061.348	0.1636485981
1062.358	2.457966034
1063.359	2.955789474
1064.368	0.4466938776
1065.369	0.2125770492
1066.378	0.3081320388
1067.388	2.768487512
1068.398	1.6256333
1069.399	1.224427723
1070.408	2.264649505
1071.417	0.2393917228
1072.418	2.838687443
1073.419	3.197258741
1074.427	0.9256119403
1075.447	3.208999009
1076.448	2.790285714
1077.747	2.186613387
1078.775	2.611390099
1079.777	2.905293413
1080.968	1.255865213
1081.97	2.185190809
1082.978	3.600143856
1084.077	1.845587265
1085.197	0.3648
1086.297	1.49484347
1087.387	0.8659009901
1088.537	0.1119939394
1089.708	3.586770459
1090.717	2.203017822
1091.718	1.366633367
1092.74	2.156293069
1093.747	2.784760396
1094.751	1.771810169
1095.757	3.47832613
1096.758	2.36952381
1097.517	3.076955045
