0.0	0.4447016848
1.009	2.486345654
2.019	1.786629371
3.02	2.260551041
4.099	2.506210117
5.1	1.284655674
6.109	0.8476235294
7.11	0.1716705882
8.111	0.7662431373
9.199	1.292660732
10.2	2.694073926
11.201	0.7050148662
12.21	3.453073559
13.248	2.52470495
14.249	2.107096267
15.25	0.6418449304
16.259	1.232673849
17.261	1.09889901
18.338	1.190964706
19.339	0.9245422397
20.34	1.202756436
21.348	3.25166034
22.35	2.453546454
23.359	0.2275485149
24.36	1.809552475
25.419	2.803404595
26.42	2.219412587
27.421	3.391936508
28.429	0.7871808192
29.43	2.481806194
30.438	0.1738766355
31.439	0.2127113703
32.44	0.2975067961
33.448	1.721898709
34.538	1.07598002
35.539	0.2125048544
36.54	3.951376623
37.548	1.269026759
38.549	1.804310108
39.551	1.454857143
40.558	2.661274725
41.638	0.9219425173
42.639	2.879936064
43.64	0.546693802
44.641	1.121623881
45.648	0.3467405941
46.649	0.9701019608
47.65	2.282243806
48.659	0.9447859649
49.66	2.103688312
50.668	0.8504109589
51.678	0.9701019608
52.688	0.5458823529
53.689	3.3030499
54.699	1.772090285
55.821	1.187218935
56.828	2.184626363
57.838	1.311968032
58.839	2.959265527
59.858	1.284376611
60.859	1.380726547
61.868	3.30907393
62.87	0.1382623907
63.878	3.247120879
64.879	0.7319365079
65.888	0.2792384691
66.898	2.043694545
67.909	0.2145882353
68.943	2.425650794
69.948	3.977242334
70.95	2.870793651
71.958	3.192
72.959	2.054469772
73.968	2.58564663
74.978	3.317266733
75.979	0.6229165849
76.988	1.311968032
77.989	1.778806739
79.008	2.184667321
80.018	1.181085149
81.028	3.013842158
82.037	1.531521866
83.058	2.393079365
84.059	2.451448151
85.068	2.729650794
86.077	3.131184762
87.078	1.517996262
88.079	0.1718390579
89.088	3.328191808
90.089	1.454097902
91.09	1.06084273
92.098	1.50285042
93.108	0.754392233
94.117	3.281181637
95.127	0.7265404878
97.687	3.010754579
98.908	3.688983017
99.917	0.3862588235
100.918	4.410565435
101.919	0.6711454006
102.928	0.2547584869
103.938	0.8746453546
104.94	2.164747253
105.947	0.5787692308
106.949	2.560177943
107.957	2.890869131
108.967	2.060596421
109.988	1.407240356
110.989	3.656183816
112.007	2.456474074
113.017	1.50236963
114.027	0.8885227723
115.037	1.716530693
116.038	2.015939048
117.057	0.3579306244
118.058	1.457918731
119.067	0.6246043738
120.077	3.164195804
121.097	4.176221782
122.126	0.1301565907
123.167	3.351833168
124.237	0.2736
125.286	0.146388443
126.296	2.892507937
127.366	1.710776564
128.386	1.856766467
129.396	0.4417761468
130.407	3.157671287
131.416	1.344951437
132.436	1.180771229
133.486	2.301655446
134.496	0.5425756677
135.506	1.056662069
136.516	3.433838162
137.524	3.457079365
138.526	3.069125748
139.536	0.5138541459
140.546	0.1824
141.576	0.3904697721
142.586	2.266893954
143.596	0.4880872151
144.626	1.228926733
145.646	0.6763089109
146.656	0.4869069307
147.666	3.630793651
148.676	0.2443805825
149.686	3.524987013
150.705	3.262593407
151.712	2.019928713
152.721	0.2977959184
153.84	2.776999001
154.841	3.787372627
155.851	0.2018796117
156.861	2.841040715
157.862	1.308430887
158.874	0.132964486
159.876	3.634317682
160.881	1.095484638
161.891	2.039580613
162.901	2.273650794
163.919	3.313948104
164.921	0.8885227723
165.922	3.181522478
166.933	3.214321678
167.951	3.382833167
168.961	0.7846653465
169.971	2.562877123
170.981	0.1980342857
171.992	3.663365079
173.011	3.038479208
174.02	3.017526474
175.03	1.007714851
176.051	1.158905095
177.06	1.645823237
178.071	2.838222222
179.09	0.3033980198
180.091	2.20847952
181.17	2.032777007
182.171	0.131862069
183.172	0.2683564356
184.18	2.605147708
185.201	1.290101898
186.211	2.176062868
187.22	1.603675248
188.226	0.2104615385
189.24	3.53592008
190.25	0.9049668976
191.251	2.027858824
192.261	0.249219802
193.27	1.21810989
194.271	0.6112950495
195.3	1.634701092
196.32	1.440217687
197.46	1.811345887
198.461	0.5742891089
199.471	0.7981138861
200.491	0.7375540139
201.501	1.789653122
202.511	3.173073874
203.52	0.1287529412
204.53	0.4161598402
205.54	2.355148851
206.551	3.244205941
207.552	3.076731269
208.56	0.7917859267
209.562	2.371365079
210.57	2.420747253
211.58	1.132527255
212.587	1.726285714
213.597	3.022793651
214.607	0.1755169811
215.627	2.176882353
216.649	4.016975025
217.657	0.3799843137
218.857	3.013969231
219.867	0.3692470588
220.888	0.7349740458
221.897	1.224427723
222.927	0.9314042553
223.937	3.612451548
224.947	0.1950415842
225.967	0.419996004
226.977	0.8993584158
227.978	3.332605607
228.987	3.270526733
230.007	2.870793651
231.008	3.557786214
232.009	2.747582198
233.017	0.1907669725
234.038	1.475108028
235.057	2.998105055
236.067	1.439715134
237.077	2.925079365
238.097	1.896237624
239.107	2.555936508
240.115	0.9905425743
241.127	0.6607698113
242.137	0.3998769231
243.157	2.245818182
244.166	0.7939764706
245.186	1.404752239
246.207	2.081822178
247.247	1.688231768
248.266	1.224427723
249.336	1.631460852
250.356	1.916011869
251.393	1.320842942
252.412	3.568719281
253.982	0.1306799601
255.042	2.956467532
256.062	0.1595335277
257.092	1.411734916
258.153	1.55399604
259.182	0.2058772277
260.202	2.876500994
261.212	2.584743257
262.242	3.091320755
263.273	1.174748515
264.312	0.8956167665
265.342	0.8677106046
266.362	0.5423191278
267.372	1.454097902
268.442	0.1093306693
269.602	1.626190383
270.632	0.3244281984
271.642	0.8668514851
272.652	0.4121625372
273.662	2.629328048
274.752	0.7057142857
275.762	0.6922361905
276.772	2.72972549
277.862	1.557034965
278.882	1.5896917
279.912	0.7786666667
280.942	0.1157538462
281.952	0.5477369971
282.972	0.1950415842
283.983	0.1806291262
284.992	2.344215784
286.082	2.060812686
287.102	1.608174257
288.122	0.5047772326
289.341	1.401241122
290.342	0.2040588813
291.343	2.119548067
292.351	0.5369970559
293.352	3.685301397
294.542	0.6345762712
295.602	1.824887129
296.642	0.8054955839
297.671	1.149716551
298.681	3.123606753
299.682	0.3862588235
300.691	0.1718390579
301.701	1.75383017
302.711	1.567968032
303.721	2.551944056
304.722	0.6778501499
305.741	1.13998419
306.751	2.607635282
307.771	3.072191808
308.802	2.57381019
309.811	3.003483043
310.83	2.458529412
311.831	2.475025743
312.89	2.979365079
313.891	3.356035679
315.15	0.8776871287
316.171	0.2708910891
317.181	1.105129412
318.19	0.9363643564
319.191	2.366081918
320.22	2.813716551
321.231	3.022065934
322.26	0.4154565435
323.28	0.31625
324.311	1.300277228
325.341	1.180771229
326.38	0.3927825475
327.411	1.386962376
328.431	3.732715285
329.46	1.209642857
330.47	0.1578461538
331.51	2.954733995
332.511	0.6223058824
333.53	0.2575058824
334.531	1.622633367
335.54	1.690360396
336.56	2.405512871
337.571	0.9293106893
338.59	1.239976024
339.62	1.382105894
340.621	3.218861139
341.63	0.6229165849
342.67	1.016312679
343.7	3.89449505
344.71	1.185584158
345.741	2.28955045
346.791	0.666251497
347.831	2.347322101
348.852	0.7910019802
349.861	0.4662767419
350.871	1.056602577
351.891	0.7360949555
352.911	0.2785495327
353.931	1.538760784
354.932	3.153262737
355.951	0.3653306693
356.982	0.4263896104
358.001	1.917826174
359.011	2.656735265
360.031	1.338608523
361.041	1.869554446
362.221	2.210471287
363.241	2.759672328
364.261	0.3452802498
365.271	3.105690682
366.311	0.9479633028
367.331	0.6545943925
368.351	1.874566337
369.511	0.9932723658
370.792	1.235263366
371.873	2.158281718
372.95	2.867948464
373.972	0.9318653465
375.002	2.1157684
376.032	2.968761905
377.142	1.846558416
378.151	2.339676324
379.211	2.585942517
380.521	2.434093162
381.541	2.114621379
382.981	1.819428571
384.003	0.5520712166
385.022	1.082492582
386.031	0.474887574
387.061	0.9773346418
388.071	2.890869131
389.082	4.180971029
390.091	2.38102994
391.092	0.4133711048
392.101	2.239903435
393.111	0.8460178394
394.141	1.001378218
395.161	0.8154352941
396.171	1.292
397.182	0.9576255393
398.183	1.096571429
399.191	0.3253914767
400.271	3.341877228
401.296	0.7434485514
402.336	0.2682352941
403.34	0.5628961424
404.346	2.358168484
405.347	3.854969277
406.356	2.057972056
407.357	0.8690823529
408.366	0.2058772277
409.377	2.836203796
410.496	3.175128871
411.497	1.279168831
412.502	1.677298701
413.507	1.486897103
414.516	3.761079365
415.527	0.8573186813
416.537	2.864463536
417.547	1.214548204
418.556	2.007953262
419.567	1.727366337
420.586	2.213018981
421.626	3.065294668
422.636	2.890869131
423.656	0.3833669634
424.676	3.236410887
425.757	0.9427009901
426.787	3.417726733
427.807	0.1171310345
428.897	1.348118812
429.926	0.5748793774
431.037	1.051057426
432.057	0.1212506938
433.067	3.207928072
434.086	3.589131797
435.116	2.028273538
436.127	2.678021847
437.147	1.109734653
438.307	1.48595441
442.438	1.847688312
443.452	0.2682352941
445.666	2.27590864
446.667	0.3506330097
447.687	3.688991009
448.688	2.278617383
449.708	2.260551041
450.718	2.300483516
451.788	0.6669170829
452.799	0.6826455446
454.098	0.2248767123
455.108	0.1788923077
456.109	1.285261841
457.118	2.070889111
458.127	1.336211973
459.128	1.056973503
460.138	0.7403294118
461.139	2.645802198
462.157	1.566403194
463.158	2.281326791
464.159	3.150115768
465.188	0.9219425173
466.189	0.921029703
467.198	0.3098352941
468.208	0.934513834
469.228	3.616408015
470.247	1.793022977
471.257	1.125484819
472.259	2.397050545
473.278	0.4720941176
474.327	2.740507937
475.328	1.239976024
476.337	1.653153617
477.338	1.137742574
478.339	0.9271843137
479.348	3.645250749
480.358	1.755374257
481.378	0.5201108911
482.379	1.447072349
483.388	0.7230529471
484.398	3.765514486
485.468	2.455785927
486.478	0.633656526
487.487	0.1950415842
488.488	2.979365079
489.498	1.616111001
490.617	0.3081320388
491.636	2.64389703
492.648	3.255192079
493.668	0.5257411765
494.677	3.032999001
495.797	2.919128871
496.807	3.273526474
497.818	0.5042823529
498.838	3.907644356
499.848	0.1139447942
500.858	2.475412587
501.978	2.49326713
502.988	2.034308145
503.997	2.214970297
505.027	2.138857143
506.178	2.136487512
507.299	2.383408591
508.309	1.885026973
509.318	1.852227772
510.327	3.703119921
511.859	0.2145882353
512.867	1.767960357
513.917	2.735081188
514.927	0.8508454811
515.937	0.697980198
516.947	1.447704296
517.967	0.9823920792
518.977	0.408920354
520.007	0.9146930693
521.087	0.8413490196
522.096	1.891774034
523.106	2.654025974
524.117	1.935159564
525.127	1.268235764
526.146	1.863160839
527.466	0.6819703264
528.506	2.589718812
529.546	0.1828752475
530.547	0.854431068
532.127	1.335428571
533.148	3.732715285
534.268	2.233958879
535.348	2.542556987
536.378	4.49802997
537.388	0.5201319108
538.448	0.2172091603
539.507	3.48619227
540.547	0.6544941176
541.556	2.943873142
542.586	1.250909091
543.656	2.879936064
544.859	0.2397148515
545.866	1.0944
546.876	1.941502478
547.916	0.3939431929
548.917	3.006238532
549.927	0.2736
550.937	1.976
551.946	0.4984965653
552.966	0.9968792079
553.976	2.726873127
555.137	0.7151524752
556.138	1.137038961
557.146	1.683692308
558.147	0.1841324841
559.157	2.076498573
561.026	0.6934811881
562.036	2.28955045
563.046	0.954481665
564.067	1.062945491
565.1	2.773079365
566.41	1.689561753
567.416	0.5417821782
568.417	0.9634183976
569.418	0.4603440487
570.427	2.951928072
571.477	2.372475524
572.478	1.186961194
573.536	0.2038588235
574.553	1.841294705
575.561	3.964373757
576.57	2.004472691
577.579	0.3965994123
578.58	1.334105055
579.594	1.715024486
580.599	0.2871603499
581.6	0.3367365328
582.601	2.530077922
583.61	0.5287984032
584.612	2.901802198
585.63	3.186061938
586.631	1.716530693
587.64	0.8484553484
588.65	0.7304871287
589.651	3.522222222
590.659	3.481254745
591.66	0.8343445545
592.67	0.3078331717
593.674	0.6844271845
594.68	1.784983957
595.689	0.2386204163
596.7	0.9643722772
597.701	0.9334588235
598.72	3.721774226
599.82	2.106613861
600.821	1.060507493
601.829	3.083124875
602.849	0.108954281
603.859	1.029386139
604.869	3.25166034
605.889	1.047940741
606.89	4.034810379
607.891	3.054658017
608.899	1.473647525
610.32	2.030764356
611.329	0.3616997167
612.339	0.7312111001
613.349	2.497007407
614.35	0.2781636219
615.37	0.2630769231
616.38	0.2171428571
617.389	0.5257411765
618.4	0.8776871287
619.409	0.2001308951
620.419	0.206490566
621.459	1.832627046
622.479	0.8768189911
623.48	2.091279208
624.499	3.927833168
625.501	1.510653465
626.529	1.803956044
627.54	2.396487026
628.549	1.169838162
629.55	2.333282717
630.569	2.095778218
631.57	0.7955009901
632.579	3.177990089
633.581	0.265631068
634.589	0.9465655977
635.593	1.508763237
636.599	0.4077176471
637.6	0.3142336634
638.649	2.675365079
639.659	0.4935529412
640.66	0.6714565435
641.819	2.541010989
642.833	0.1478918919
643.859	2.058029383
644.866	3.098597403
645.876	2.990637624
646.885	0.6116407186
647.896	4.137238761
648.897	2.740507937
649.916	1.35579782
650.925	0.5577860648
651.935	2.651020813
652.955	0.8756855721
653.965	1.594181818
654.985	3.583809713
655.986	1.840141593
657.015	1.365291089
658.016	1.373364706
659.025	2.869002997
660.04	0.7368237624
661.045	0.9812071429
662.046	1.060507493
663.055	0.6268893204
664.065	2.925714286
665.105	0.2767395626
666.135	2.798865135
667.136	0.6826455446
668.145	2.372475524
669.146	0.1824
670.155	0.5634534653
671.156	1.081549902
672.215	0.3250693069
673.225	0.4720941176
674.256	1.775696304
675.285	2.377014985
676.295	0.8496792079
677.446	4.03935778
678.475	0.7801663366
679.476	2.499572375
680.486	0.4077176471
681.495	2.859936508
682.505	0.4546468843
683.525	1.713728444
684.535	1.891420579
685.546	2.106285714
686.555	1.419469307
687.575	0.4527384615
688.585	0.1064
689.665	1.008564706
690.675	3.39379021
691.677	2.678601399
692.687	1.358954455
693.815	0.9535366337
694.845	3.131365079
695.865	0.5309465347
696.875	0.195234886
697.885	2.763305389
698.895	1.380226415
699.905	2.513391304
700.915	1.731111927
701.925	2.312491089
702.935	0.1168776699
704.005	0.3367384615
705.015	2.274077922
706.027	0.8885227723
707.115	2.334285714
708.125	3.53592008
709.126	0.7854667988
710.135	0.3519365079
711.136	2.282243806
712.137	2.32234965
713.145	1.157748503
714.165	2.873099901
715.175	3.065798202
716.176	0.2038588235
717.195	0.2166107446
718.205	1.655432567
719.215	1.272775225
720.216	2.591136863
721.217	0.821657689
722.226	0.9860435644
723.236	2.562877123
724.245	2.705006993
725.255	2.967400599
726.256	1.452184615
727.257	1.219298315
728.258	2.838246032
729.275	0.8573186813
730.276	1.946085914
731.285	1.116071287
732.286	1.651516832
733.295	0.2871603499
734.296	1.994357642
735.305	1.600251227
736.315	1.741650794
737.325	2.082505451
738.326	1.065046953
739.327	0.7476594059
740.328	3.590585415
741.335	0.5369970559
742.336	3.82017982
743.345	0.2684862745
744.346	3.164195804
745.347	2.084437098
746.355	0.2527969201
747.357	2.541010989
748.365	1.065901067
749.366	3.177946375
750.367	0.1419981998
751.375	0.1842059406
752.377	2.038097902
753.485	1.038641359
754.487	1.269026759
755.495	0.3807973749
756.502	2.764965243
757.506	1.721182817
758.507	0.1029370629
759.685	1.718223984
760.687	0.3762718447
761.688	0.6887832168
762.695	0.2509853085
763.696	3.069526264
764.698	1.484483168
765.725	3.08200572
766.726	2.672713578
767.735	1.787881188
768.736	2.639384615
769.737	3.120463536
770.745	3.514053946
771.746	3.67804995
772.755	0.9293106893
773.756	1.149716551
774.757	3.040742515
775.766	2.226879692
776.767	0.4555480674
777.775	3.381103175
778.785	4.132652259
779.786	1.986857143
780.795	0.2250969638
781.796	2.822299401
782.797	1.583571853
783.798	1.208518664
784.805	1.105025243
785.815	1.516990099
786.835	2.794793651
787.836	1.645001972
788.837	1.677298701
789.845	0.5105072886
790.846	2.295365079
791.847	3.226570858
792.855	0.7151524752
793.856	0.3575762376
794.857	2.589718812
795.865	0.1043279314
796.866	0.3657886179
797.894	1.670342914
798.986	0.8622222222
799.988	1.029014691
800.99	2.405512871
802.075	2.964439122
803.076	3.052344896
804.077	2.631936508
805.078	1.138870168
806.079	2.923668332
807.085	0.8443442137
808.095	2.61493014
809.105	1.70569505
810.106	2.591713433
811.215	2.131948052
812.216	0.8047058824
813.225	2.078222222
814.386	3.533079365
815.395	0.1927117702
816.396	0.1621333333
817.415	1.731964036
818.416	1.21810989
819.417	1.575667327
820.425	1.369790099
821.426	2.828838323
822.435	2.781538462
823.436	1.524235764
824.445	2.333282717
825.446	1.174748515
826.535	0.3004235294
827.545	2.726873127
828.555	2.099936508
829.556	2.210471287
830.565	2.256751249
831.635	0.954481665
832.645	0.422590099
833.655	1.930656095
834.656	3.01613945
835.765	1.501304262
836.775	2.845592661
837.787	0.1246752294
838.795	3.852011917
839.796	2.334458574
840.806	0.1368
841.807	0.2550058252
842.815	1.029386139
843.825	3.718067864
844.835	0.4009188119
845.836	0.2275417476
846.875	0.583992008
847.876	2.740507937
848.886	1.15422002
849.887	1.170249505
850.895	0.2271396226
851.896	2.593085828
852.897	1.311112871
853.898	3.01451497
854.905	2.7441998
856.005	2.453546454
857.006	0.4612970874
858.015	0.2525538462
859.026	1.343619802
860.027	3.426589411
861.035	0.8842666667
862.115	0.5418873786
863.205	1.239762376
864.255	3.001079365
865.257	0.4935529412
866.258	2.186613387
867.265	2.407896928
868.266	1.258180377
869.267	1.041774289
870.275	2.846217186
871.276	2.494762475
872.277	0.5201108911
873.285	1.540023952
874.295	1.838333988
875.296	1.574183267
876.307	0.5201108911
877.315	2.213018981
878.316	0.1819339806
879.317	2.301655446
880.325	2.540039604
881.326	0.2975067961
882.328	1.098854902
883.329	4.108507937
884.335	1.705558442
885.426	3.619936508
886.427	2.582064982
887.435	1.819428571
888.445	2.360507937
889.625	0.4237053824
890.626	0.709518335
891.628	0.9860435644
892.635	2.777077966
893.705	3.968981949
894.716	1.787881188
895.717	0.5720968054
896.735	0.4378341658
897.745	3.251972305
898.755	3.3788011
899.756	2.901802198
900.765	0.1933073352
901.766	2.978333666
902.767	2.718793651
903.824	0.7917202797
904.915	2.591136863
905.917	1.234041543
906.918	0.9410228856
907.926	1.338608523
908.935	0.6015506268
909.936	0.2628242075
910.964	1.950625375
911.965	0.1939443038
912.967	0.5201108911
913.975	0.3788307692
914.976	2.31781019
915.985	2.546376238
916.987	1.063715888
917.995	1.566382557
919.105	3.754581419
920.106	0.1943327103
921.115	0.9643722772
922.116	2.333282717
923.117	2.352798403
924.124	0.5106951456
925.125	2.809798202
926.126	3.360991009
927.135	0.9978671952
928.137	2.279976238
929.145	0.8668514851
930.155	0.5868096515
931.165	0.9012705882
932.264	1.944143713
933.265	1.648650149
934.266	3.855586481
935.335	1.224427723
936.336	1.651516832
937.345	2.410011881
938.346	0.4716317336
939.347	0.7698666667
940.355	1.078914286
941.356	2.333282717
942.357	0.8235089109
943.455	3.699916084
944.465	1.119712288
945.466	2.792471528
946.467	1.760223776
947.575	1.462811881
948.576	2.842597403
949.577	3.985125867
950.578	1.89596004
951.585	0.6284673267
952.586	3.382857143
953.595	0.1635059761
954.605	2.71594006
955.744	1.077227723
956.804	0.6443964671
957.815	0.6166270457
958.825	2.512507937
959.826	0.9012705882
960.866	1.90045509
961.867	2.232727273
962.875	1.24609901
963.877	0.8668514851
964.879	1.841294705
965.885	0.6375137255
966.895	2.722333666
967.905	1.774222222
968.914	0.982994012
969.915	1.891420579
970.917	1.413132673
971.925	0.8776871287
972.926	1.278605941
973.927	1.304776238
974.935	2.201815659
975.936	1.948486647
976.944	0.2038588235
977.945	0.1716705882
978.946	1.731058611
979.947	2.762222222
981.045	0.9394330097
982.054	0.238148368
983.055	2.595676324
984.056	0.4419692308
985.135	0.7801663366
986.136	1.870081269
987.137	3.743648352
988.144	3.123606753
989.185	0.3900831683
990.275	2.373526987
991.285	1.386962376
992.286	3.426589411
993.287	2.623936064
994.289	1.3557003
995.295	0.3284610169
996.305	1.137742574
997.314	1.985805278
998.415	1.762353877
999.535	1.564949416
1000.645	0.3430901961
1001.647	3.065798202
1002.655	0.7632848723
1003.656	1.891420579
1004.657	0.8126732673
1005.665	1.420876115
1006.714	2.145277445
1007.716	2.735073852
1008.717	3.503120879
1009.725	1.413132673
1010.734	1.978885115
1011.736	1.563518428
1012.787	2.488325074
1013.794	0.6622857143
1014.884	0.8690823529
1015.885	1.913466799
1016.886	0.2547584869
1017.894	2.831664336
1018.895	1.111334623
1019.896	1.040752941
1020.904	1.159413861
1021.905	0.9653280476
1022.906	0.6360275862
1023.914	0.482794897
1024.916	2.733266733
1025.917	1.365291089
1026.925	2.829800198
1027.934	2.696916335
1028.944	1.487428571
1029.954	0.5520712166
1031.066	0.7862679612
1032.067	1.622633367
1033.068	3.754581419
1034.069	3.091002979
1035.075	2.469079365
1036.076	2.613002997
1037.077	0.223207619
1038.085	3.14232967
1039.086	1.007714851
1040.094	1.412403932
1041.095	1.386962376
1042.114	0.3078331717
1043.124	0.3129940828
1044.127	0.7484003964
1045.134	1.07598002
1046.144	2.330248262
1047.164	3.584191808
1048.182	0.9255287129
1049.184	2.843437624
1050.195	0.8776871287
1051.196	1.946085914
1052.204	0.973042957
