0.0	0.4291764706
1.01	0.6277242757
2.011	0.4994285714
3.02	2.155687023
4.03	0.7368237624
5.042	1.025659023
6.05	1.479611497
7.06	2.234885115
8.08	0.448760396
9.183	1.976149166
10.19	1.082373626
11.2	0.3266622951
12.21	0.5950135922
13.221	1.853571709
14.23	0.9580356436
15.24	0.6826455446
16.25	1.039192878
17.26	0.4258642202
18.27	0.5051076923
19.28	0.6112950495
20.3	1.125484819
21.31	2.724151697
22.321	2.387948052
23.322	1.335428571
24.33	1.268729204
25.36	1.454097902
26.37	0.5526178218
27.38	1.031034347
28.39	0.680015534
29.4	0.6654732673
30.41	0.3142336634
31.42	1.161714286
32.421	1.431722498
33.429	0.671809901
34.439	1.712031683
35.44	3.467936508
36.45	1.408633663
37.47	0.4921029703
38.48	0.8476235294
39.489	0.5201108911
40.5	0.8189465347
41.599	3.590585415
42.62	0.8126732673
43.65	1.530629371
44.659	2.397113725
45.68	1.158905095
46.689	1.328525373
47.699	0.4847244094
48.71	1.892490119
49.729	0.3156156863
50.739	1.820388119
51.74	2.167128713
52.749	1.191920792
53.76	2.68355996
54.93	0.9074445554
55.939	0.9010509491
57.049	1.374712463
58.05	1.809552475
59.051	1.598682353
60.066	1.098351304
61.069	0.8443442137
62.07	1.263411765
63.079	2.778423762
64.089	0.3587047619
65.099	0.6604995005
66.1	0.8075184466
67.109	0.9653280476
68.11	1.288166172
69.119	2.492739261
70.129	0.809046953
71.13	1.181085149
72.139	1.09889901
73.149	0.6112950495
74.16	0.5742891089
75.169	1.34249264
76.179	1.141578422
77.189	1.001378218
78.199	0.807135778
79.2	1.115858824
80.219	1.040221782
81.229	0.3111529412
82.23	0.845180198
83.239	1.115858824
84.259	0.7188705882
87.14	0.8018376238
88.159	2.534222222
89.189	0.9698315164
90.202	2.698075248
91.232	1.116071287
92.242	1.300277228
93.262	0.9688712871
94.272	2.077282717
95.282	0.5526178218
96.302	1.016775225
97.322	3.521469062
98.332	2.68355996
99.342	1.207255446
100.362	2.121650794
101.392	0.8460178394
102.412	1.093306693
103.452	1.074857143
104.622	3.24388024
105.642	0.8309130869
106.643	1.574361638
107.711	0.8930217822
108.72	0.4056941176
110.021	1.088063366
111.031	0.759246779
112.721	1.53581158
113.73	0.6906407767
114.733	1.541562438
115.74	0.3563050847
116.75	0.2925623762
117.76	1.170249505
118.761	1.484483168
119.79	0.5417821782
120.814	1.038641359
121.84	1.20614902
122.871	2.767588119
123.881	0.81998002
124.891	1.381994054
125.902	1.376126733
126.91	0.6986719524
127.929	1.182255699
128.93	2.514605395
129.94	0.265631068
130.97	1.277341246
132.301	1.157748503
133.311	2.7187251
134.32	1.563428571
135.34	0.6393029703
136.35	1.657853465
137.352	0.5047772326
138.36	0.5150117647
139.37	0.9486431373
140.38	0.5417821782
141.381	3.753631683
142.39	1.181085149
143.404	0.7685697329
144.42	0.5686588235
145.44	1.148222951
146.701	2.165079365
147.74	0.9720718563
148.77	1.640681188
150.17	0.5950135922
151.179	0.5787881188
152.208	0.1306799601
153.248	0.7476594059
154.263	0.7693306931
155.277	1.185584158
156.284	1.278605941
157.297	1.538661386
158.307	1.093306693
159.317	2.213018981
160.337	0.7413227723
161.347	1.838340741
162.477	3.688738828
163.487	0.9343748773
164.517	0.9752079208
165.737	1.416207585
166.767	1.111936508
167.778	0.8885227723
168.787	2.278617383
169.798	1.201932075
170.837	3.865794175
171.887	3.761079365
172.897	0.5252262488
173.907	1.54949703
174.917	1.105235644
175.937	2.116678363
176.947	0.8091607843
178.047	1.327440559
179.057	0.3218823529
180.067	3.454229249
181.077	0.9539823702
182.087	2.051328754
183.097	1.462811881
184.117	1.798716832
185.137	1.672
186.138	1.079614195
187.147	3.126857143
188.157	1.377566434
189.167	1.707650638
190.187	0.7838892186
191.188	2.71594006
192.197	0.4025866409
193.217	3.143268527
194.227	0.4723809524
195.237	0.633656526
196.247	0.5838431373
197.257	1.293940594
198.258	0.3801269841
199.266	3.255192079
200.287	1.861079365
201.288	0.5364705882
202.297	1.269281097
203.318	1.078295342
204.327	1.423968317
205.337	0.7584950495
206.346	0.8993584158
207.366	3.328191808
208.376	1.427478261
209.396	0.7123313609
210.406	0.6115764706
211.407	1.278605941
212.427	0.9427009901
213.437	0.1743292035
214.438	0.6393029703
215.44	1.018550495
216.446	1.027708292
217.456	1.300277228
218.466	1.169091988
219.467	0.8026323092
220.477	2.912735265
221.486	0.9101940594
222.487	1.655432567
223.496	0.973042957
224.507	1.836755245
225.517	1.504664688
226.526	1.159413861
227.646	2.329663366
228.647	0.9038574257
229.656	0.491988012
230.666	1.650893107
231.667	0.7832470588
232.676	3.67804995
233.686	0.6073974232
234.696	1.450540059
235.697	1.410029732
236.706	0.5686588235
237.726	0.845180198
238.727	3.220143426
239.736	1.382105894
240.746	0.2537188119
241.756	0.9334588235
242.766	0.5201108911
243.776	1.688231768
244.786	1.95234886
245.796	2.906830525
246.806	2.604007984
247.816	0.7862679612
248.826	1.079365079
249.836	1.142893032
250.846	3.80544511
251.856	0.9580356436
252.857	1.685102362
253.866	1.62061447
254.876	0.4506352941
255.886	0.7050148662
256.906	1.817650794
257.916	0.7543816184
258.946	0.7832470588
259.956	1.051057426
260.976	1.106331021
261.986	1.060507493
262.996	0.5998654797
263.997	1.768957468
265.006	1.380625743
266.016	1.018550495
267.026	3.29105998
268.036	0.9817939156
269.046	1.126906931
270.056	1.555457086
271.066	2.242978218
272.096	1.115587302
273.097	1.32064095
274.106	1.077561165
275.107	1.293349301
276.116	1.21810989
277.136	1.309816024
278.146	0.4830165209
279.156	1.607160839
280.176	0.8914151129
281.186	0.9885154845
282.196	0.2443805825
283.216	0.9860435644
284.225	1.159413861
285.235	3.404723277
286.246	2.930122772
287.255	0.6934811881
288.265	0.6583668639
289.266	0.4659326733
290.267	1.630188679
291.276	0.8343445545
292.286	0.4876039604
293.295	2.195472745
294.316	1.44256888
295.335	0.8939068385
296.336	2.011684316
297.355	0.6176316832
298.366	1.956852329
299.376	0.4399058824
300.385	3.297493545
301.395	1.479888999
302.397	2.835797015
303.416	0.6693902913
304.417	3.196484127
305.437	1.388336967
306.445	1.142241584
307.455	1.372507937
308.465	3.306325674
309.475	1.142241584
310.485	0.4060991453
311.486	3.193339941
312.495	0.3142336634
313.505	1.072728713
314.515	0.6821386139
315.535	1.917826174
316.545	3.050325674
317.555	0.7910019802
318.565	1.224427723
319.575	0.4209230769
320.585	0.8821861386
321.595	0.8685714286
322.625	1.073791873
323.635	3.82017982
324.645	0.8488387735
325.695	1.131405941
326.705	2.946793651
327.715	1.523576471
328.725	0.8798117647
329.735	0.8894033697
330.875	1.322901099
331.885	0.7188705882
332.895	2.345766438
333.915	0.5317784257
334.955	3.13779021
335.985	2.056507937
336.994	1.061893069
338.174	2.141240833
339.185	0.6669170829
340.205	1.605274074
341.235	0.6864872727
342.245	1.159413861
343.287	1.105235644
344.295	0.498439604
345.314	1.842059406
346.324	4.530829171
347.325	1.353115727
348.327	2.451282458
349.335	1.067448959
350.345	2.85806993
351.346	1.749290709
352.374	1.148578218
353.385	1.836755245
354.395	1.486571148
355.404	2.409411765
356.42	3.087664336
357.45	1.869554446
358.46	2.265358491
359.49	1.230144698
360.51	1.986857143
361.54	0.6405714286
362.55	0.8261647059
363.58	1.527825743
364.6	0.8351714569
365.61	1.236487612
366.62	0.2892342857
367.64	0.4303820225
368.66	2.629328048
369.69	1.022037587
370.7	1.433007407
371.72	1.182255699
372.81	0.4506352941
373.819	1.302713725
374.82	1.479611497
375.83	0.8047058824
376.84	0.7088158416
377.91	1.312412289
378.94	0.9968792079
379.95	0.7976493634
380.951	1.278605941
381.96	2.165079365
382.961	0.8243250743
383.973	2.538053518
384.98	3.540424182
385.99	1.051057426
387.0	0.8343445545
388.01	1.388252991
389.011	2.956467532
390.03	1.12141315
391.05	0.9293106893
392.06	0.7259881188
393.08	0.9183776224
394.091	2.825270729
395.1	0.1725175388
396.11	2.015429703
397.117	0.2946461538
398.12	1.410365634
399.13	0.1784491496
400.16	4.323100899
401.17	1.034478431
402.19	1.126105894
403.2	0.4037592233
404.219	2.420747253
405.22	1.296507937
406.25	2.960848723
407.27	0.5262571148
408.28	0.9968792079
409.29	0.8235089109
410.31	1.124679842
411.46	0.2724313725
412.47	1.24099108
413.471	0.5257411765
414.519	0.4767683168
415.52	3.131396603
416.53	0.8554223541
417.539	1.071890304
418.54	0.21888
419.55	0.1306799601
420.559	1.055556436
421.58	1.11405988
422.61	2.520864222
423.62	0.4188577036
424.639	0.4930695397
425.679	0.911984016
426.748	0.9445714286
427.758	0.7413227723
428.768	0.7629940594
429.788	0.6826455446
430.789	0.8126732673
431.798	2.788840864
432.818	0.3935904096
433.848	0.2337553398
434.858	1.989391477
435.878	2.633061386
436.888	2.857102081
437.889	0.5623843137
438.89	1.443164835
439.898	0.7098810811
440.899	2.053772549
441.909	0.8613676908
442.918	0.6481398058
443.928	1.181085149
444.929	2.967400599
445.933	4.148171828
446.938	0.9293106893
447.978	1.507647175
448.979	0.845180198
449.98	1.316915758
450.988	1.311112871
451.989	2.683140859
452.998	1.301034965
454.058	0.4014431373
455.059	1.6565
456.069	0.5257411765
457.07	0.4379247525
458.082	2.273650794
459.088	1.033885149
460.098	0.7693306931
461.108	0.9038574257
462.118	0.6361536946
463.119	1.143373637
464.129	0.7543816184
465.138	0.7653146853
466.139	2.311416583
467.148	0.595960396
468.158	2.869002997
469.159	2.737806194
470.167	0.7794381085
471.168	0.7584950495
472.169	0.4054178218
473.188	2.084942574
474.198	0.4781359223
475.208	0.1331809524
476.209	0.4009188119
477.218	0.5417821782
478.237	0.9707936508
479.238	1.219298315
480.247	1.63996004
481.257	1.684023762
482.258	3.430500491
483.267	1.040221782
484.269	2.601411765
485.278	2.7441998
486.297	0.8443442137
487.298	0.6810755643
488.31	0.1287529412
489.317	2.372475524
490.327	3.247571853
491.337	1.229042957
492.338	1.191920792
493.347	2.334162376
494.349	1.873216879
495.709	0.759246779
496.719	1.597338614
497.729	0.7629940594
498.762	2.771260377
499.782	0.7801663366
500.792	1.589834166
501.802	3.041391304
502.812	1.631460852
503.813	0.6067960396
504.822	0.5742891089
505.832	3.685079365
506.842	2.653650794
507.843	1.189807407
508.854	2.745916832
509.862	1.982922772
510.882	1.49783017
511.902	0.7377924702
512.912	2.420747253
513.922	1.546101898
514.933	0.6941684836
515.962	1.371147671
516.972	0.7801663366
517.982	1.137742574
518.992	1.128023786
519.993	3.389718812
521.002	2.002339549
522.063	0.9427009901
523.072	3.371924076
524.082	1.592839604
525.092	0.916454902
526.093	0.9871058824
527.094	0.5293741362
528.102	3.951376623
529.103	1.353115727
530.112	0.6223058824
531.113	2.614264966
532.122	1.476571429
533.123	1.323258672
534.126	1.033885149
535.132	1.224427723
536.212	1.314310584
537.222	2.547404595
538.302	1.821280632
539.312	2.187153094
540.332	0.6264725823
541.333	1.41874717
542.341	2.165079365
543.342	1.315611881
544.352	0.9101940594
545.361	1.354455446
546.372	2.85806993
547.391	2.446562874
548.402	0.60025857
549.442	1.441140594
550.452	0.5138541459
551.461	1.115858824
552.471	2.442613387
553.481	0.8460178394
554.491	1.051057426
555.501	0.3111649123
556.511	2.293090188
557.521	1.78208991
558.522	0.8668514851
559.531	0.8235089109
560.533	0.4009578018
561.552	0.6974117647
562.561	1.105235644
563.572	0.9002497522
564.592	1.390085064
565.601	0.6654732673
566.631	1.508763237
567.632	1.516990099
568.651	1.361846154
569.661	1.376191617
570.672	2.530077922
571.681	2.832479401
572.691	0.809046953
573.692	1.223216617
574.711	1.885026973
575.721	1.388499501
576.722	0.1412674157
577.731	0.3931339806
578.751	0.7536507937
579.761	1.681189296
580.781	1.596
581.801	0.8776871287
582.811	3.317705882
583.821	0.8630784508
584.831	1.157085714
585.841	0.5950135922
586.851	1.642307235
587.871	0.9511768232
588.881	0.7584950495
589.981	1.290719524
590.991	0.2784568047
592.001	0.594195459
593.011	0.6112950495
594.031	1.24583317
595.061	0.4146281157
596.071	0.845180198
598.962	0.4043888354
599.972	1.358954455
601.042	0.9535366337
602.48	1.541562438
603.481	0.9227294118
604.83	2.086424474
605.85	0.3557354086
606.851	0.5361046729
607.86	0.2633090211
608.87	0.9881475728
609.873	0.3403381924
610.899	1.116071287
611.909	2.563566169
612.929	2.957650794
613.93	0.7510588235
615.019	0.7132953876
616.129	1.181085149
617.139	0.422590099
618.16	1.747307616
619.161	0.7693306931
620.169	0.8560158416
621.17	2.90939165
622.179	0.829574344
623.19	1.44256888
624.199	2.325629336
625.209	1.239552502
626.219	1.180771229
627.229	0.1860169972
628.246	1.787881188
629.249	0.954481665
630.259	3.222685149
631.269	0.2383841584
632.279	0.7801663366
633.289	1.105235644
634.31	1.283104951
635.33	1.561879088
636.339	1.917826174
637.35	1.235263366
638.359	2.371365079
639.469	0.5742891089
640.479	1.353115727
641.499	1.440565815
642.509	1.941502478
643.549	0.7910019802
644.559	1.126906931
645.569	0.2986666667
646.589	0.9101940594
647.59	1.066392079
648.599	1.067448959
649.6	0.5107924528
650.609	1.255341176
651.618	1.849913725
652.629	2.666028064
653.649	0.173370297
654.659	1.049574426
655.669	0.6605234765
656.789	0.7269281553
657.799	0.3433411765
658.8	1.386962376
659.801	1.535168831
660.809	0.3048784314
661.818	0.8894033697
662.819	0.1305247706
663.828	1.323258672
664.838	1.071440559
665.849	1.386962376
666.858	2.705006993
667.869	1.083564356
668.878	1.09889901
669.902	1.244611765
670.909	1.4214375
671.93	0.9860435644
672.938	0.6501386139
673.939	1.227607843
674.959	1.665391304
675.96	0.1188322756
676.978	0.6284673267
678.058	1.029386139
679.059	1.703856287
680.068	0.7844740741
681.078	0.9057254902
682.079	1.0944
683.088	0.3904697721
684.098	2.0416
685.1	0.265631068
686.108	0.2877836213
687.109	1.051057426
688.118	2.123433134
689.129	3.5295778
690.138	0.6544941176
691.149	1.040752941
692.158	0.5417821782
693.168	1.105235644
694.178	1.946478431
695.188	1.284376611
696.208	0.8501984733
697.218	3.28445954
698.228	0.6176316832
699.236	0.7304871287
700.238	1.607160839
701.248	0.5417821782
702.258	0.8318736426
703.268	0.8776871287
704.27	1.499817822
705.278	0.9318653465
706.288	0.8496792079
707.348	2.138857143
708.35	1.547757696
709.358	0.5525126214
710.36	0.2275485149
711.39	1.008713578
712.393	1.403972028
713.398	0.4716317336
714.399	0.1022803738
715.408	2.650333666
716.428	1.522997027
717.43	2.306222222
718.438	2.650795663
719.448	1.508784466
720.458	0.5257411765
721.468	1.235263366
722.469	1.173735849
723.488	3.360221563
724.497	1.792228571
725.498	2.984727273
726.499	0.4634610202
727.508	0.3900831683
728.518	1.462811881
729.527	1.311968032
730.528	0.5247872128
731.537	0.9698235877
732.547	0.5634534653
733.557	0.3352216216
734.57	2.494227498
735.597	0.422590099
736.607	0.6605736894
737.618	1.279168831
738.637	0.24
739.638	1.044720792
740.657	2.665568317
741.687	0.2925623762
742.697	2.247477228
743.707	1.35579782
744.717	0.7693306931
745.737	2.197546454
746.757	0.2320475248
747.758	2.410285714
748.767	1.162092067
749.847	0.4117544554
750.848	2.197546454
751.858	0.3900831683
752.887	0.8063366337
753.897	0.697980198
754.947	0.7434485514
756.037	4.060779221
757.057	0.904753221
758.077	1.458637363
759.087	0.414384466
760.097	1.008564706
761.098	1.130645355
762.107	1.152429891
763.108	1.202756436
764.117	0.8243250743
765.127	1.023049505
766.128	2.267684316
767.137	2.277740337
768.138	0.6243046875
769.147	2.355833663
770.157	2.481362376
771.167	1.43480396
772.177	0.8126732673
773.187	0.6067960396
774.207	3.381871414
775.217	0.7917859267
776.227	0.6284673267
777.247	0.9441882353
778.258	0.9334588235
779.267	1.054113886
780.277	1.083670588
781.306	0.6437647059
782.446	0.5092752475
783.457	2.477886792
784.497	1.295222993
785.507	0.3156078431
786.518	1.376191617
787.527	2.299433102
788.528	1.114765916
789.547	1.136617211
790.586	0.9092937685
791.587	0.4117544554
792.597	0.9010509491
793.627	2.85806993
795.517	1.626957384
796.526	3.072191808
798.306	1.655432567
799.317	1.247565049
800.336	3.178273521
801.356	0.3156923077
802.376	1.040221782
803.767	1.35579782
804.786	0.5851247525
805.806	1.253079365
806.807	0.6284673267
807.816	1.744538614
808.826	1.021584906
809.836	0.6501386139
810.866	1.10423976
811.876	2.206319128
813.207	1.295222993
814.228	3.128261645
815.236	0.8171722772
816.246	0.7653146853
817.256	1.365291089
818.266	1.131405941
819.276	1.525071639
820.296	1.126105894
821.306	2.748739261
822.307	2.49669703
823.326	1.472189911
824.346	0.7259881188
825.356	1.605264618
826.366	1.947936508
827.387	1.117177403
828.607	0.4447016848
829.626	2.756752475
830.636	0.9797069307
831.646	0.498439604
832.656	1.607160839
833.687	0.8063366337
834.746	2.219412587
835.766	0.595960396
836.776	1.095484638
837.786	1.24583317
838.806	0.9293106893
839.816	2.492739261
840.836	0.564011893
841.866	0.5092752475
842.996	1.224503496
844.006	4.301234765
845.016	0.8930217822
846.036	0.4169142857
847.046	1.185584158
848.055	0.2711787611
849.066	1.48595441
850.087	2.538467066
851.826	0.659595682
852.836	0.4458273521
853.837	0.703620178
854.855	1.863160839
855.856	0.8984688427
856.866	0.912
857.886	1.323258672
858.896	1.495318812
860.087	0.3430048972
861.106	0.2794666667
862.108	0.9860435644
863.116	0.6654732673
864.126	1.201308374
865.135	2.567462451
866.136	0.2682352941
867.145	0.9255287129
868.166	2.697537255
869.186	0.5462811881
870.195	1.345631373
871.206	2.595676324
872.225	2.517502982
873.235	0.3715227934
874.246	4.246569431
875.255	1.357691855
876.375	3.166516556
877.376	0.6606893866
878.377	2.740507937
879.605	0.6501386139
880.965	0.7420574827
882.095	0.9860435644
883.107	0.8851344455
884.116	0.3825087379
885.126	1.558789318
886.136	1.121680872
887.137	0.9589851338
888.145	1.159413861
889.155	1.159413861
890.156	1.398035928
891.165	2.745940594
892.166	0.9492801595
893.168	0.4058196234
894.175	1.709946054
895.176	0.8261647059
896.186	1.061893069
897.187	2.350609391
898.195	2.591136863
899.206	0.9363643564
900.266	1.463293694
901.275	0.671809901
902.276	1.109734653
903.285	2.438927507
904.286	0.9752079208
905.287	0.4270891089
906.296	1.069077228
907.306	2.694073926
908.307	0.3540705882
909.315	1.224503496
910.316	1.173960784
911.325	1.797562438
912.355	1.906893107
913.366	2.94388107
914.367	0.5551913912
915.375	0.8360744368
916.385	0.4077176471
917.386	0.7043168317
918.387	0.780007984
919.395	0.929180198
920.396	1.191704296
921.405	0.9481387512
922.406	0.9093538462
923.407	0.8343445545
924.408	0.6456637168
925.416	0.845180198
926.425	2.670067327
927.426	0.4675106796
928.435	1.170249505
929.445	1.062945491
930.446	3.297422046
931.455	1.491436563
932.465	0.845180198
933.475	0.2708910891
934.485	0.8000581818
935.486	0.7233254902
936.494	0.9978671952
937.495	1.332784158
938.515	0.7151524752
939.527	1.43480396
940.528	2.442613387
941.535	0.9486431373
942.536	0.3506330097
943.54	0.6176316832
944.541	1.236487612
945.545	1.636182178
946.546	0.9101940594
947.547	1.294568588
948.565	0.6109258903
949.568	1.713068794
950.575	0.1966930266
951.576	1.803215842
952.577	0.7325154845
953.586	1.238345098
954.595	1.049574426
955.596	2.410011881
956.597	0.4230089197
957.685	1.183428571
958.686	1.408633663
959.695	1.398035928
960.697	1.105129412
961.705	1.208451933
962.706	0.5742891089
963.707	0.7151524752
964.724	2.890869131
965.755	0.8894033697
966.765	2.30910978
967.766	1.49783017
968.767	3.918577423
969.769	0.8901178821
970.774	0.7368237624
971.775	2.757714286
972.776	0.4935529412
973.795	1.541714286
974.796	2.814337662
975.805	0.7955009901
976.806	1.05191401
977.807	0.9436352825
978.855	0.7304871287
980.054	1.354347305
981.055	0.6819703264
982.065	2.388340594
983.067	2.234885115
984.074	1.25059802
985.085	0.6059089109
986.086	0.8271889219
987.094	0.921029703
988.095	1.269026759
989.114	1.537139466
990.115	4.180971029
991.124	1.130645355
992.125	2.016223776
993.126	1.174772277
994.134	1.279873142
995.144	0.7151888112
996.145	1.071440559
997.155	1.44256888
998.165	1.126906931
999.166	1.349462834
1000.173	1.300277228
1001.174	1.031479736
1002.175	0.9038574257
1003.184	0.4263896104
1004.185	0.8993584158
1005.194	1.480503496
1006.195	1.21810989
1007.264	0.4291764706
1008.274	1.311112871
1009.284	0.5950135922
1010.294	1.516990099
1011.304	2.591136863
1012.305	1.052099108
1013.306	1.284107143
1014.363	2.7088
1015.365	2.297156436
1016.373	1.583712575
1017.384	0.3718834951
1018.385	0.1128247423
1019.386	4.027908092
1020.394	1.213592079
1021.424	3.885067729
1022.425	1.508763237
1023.434	0.7334105894
1024.454	0.4037592233
1025.463	1.831223762
1026.474	0.6826455446
1027.494	1.301819623
1028.495	0.1362794881
1029.534	1.174377622
1030.544	1.258180377
1031.564	0.9949090909
1032.565	1.92421978
1033.633	1.153077228
1034.714	1.327440559
1035.716	1.716491508
1036.735	3.852979021
1037.736	1.880927651
1038.744	1.495318812
1039.754	1.067448959
1040.755	0.845180198
1041.765	0.414384466
1042.773	1.27101088
1043.783	2.013079365
1044.785	0.7854430129
1045.787	0.594572549
1046.833	0.4270891089
1047.834	0.1068910594
1048.843	0.422590099
1049.853	1.81971003
1050.863	1.181393523
1051.865	1.941502478
1052.873	0.1023760524
1053.875	1.117177403
1054.893	1.363972522
1055.903	1.116071287
1056.904	0.6501386139
1057.905	3.12823301
1058.913	0.5793882353
1059.925	0.5843883495
1060.933	1.89596004
1062.013	0.1083564356
1063.023	1.819428571
1064.083	2.765827552
1065.085	1.841294705
1066.086	1.062211765
