0.0	1.760028855
1.059	1.390905095
2.06	1.441140594
3.139	1.308586667
4.141	1.452531746
5.15	1.373655446
6.151	3.613674326
7.152	1.813270588
8.21	1.890925075
9.229	1.095484638
10.23	1.356333913
11.233	4.121414585
12.234	0.8905411765
13.239	1.330616452
14.24	1.684207294
15.289	4.278007905
16.3	1.360191617
17.31	2.277754246
18.35	0.6142204568
19.37	1.929263538
20.371	1.591736264
21.373	0.2820059465
22.389	1.531552032
23.399	1.545006993
24.579	1.318044444
25.649	3.282581419
26.988	0.1076106195
27.989	1.301565907
29.019	1.617660637
30.198	2.057899902
31.209	1.438177822
32.21	0.2946461538
33.308	1.689970909
34.314	0.9103613596
35.315	1.059415652
36.349	2.196083916
37.35	4.517402597
38.359	2.014961039
39.371	0.1076779964
40.389	2.331092907
41.399	0.9752079208
42.4	1.751592408
43.469	4.407864136
44.548	1.118324786
45.728	1.332915085
46.729	1.742137862
47.73	1.463369261
48.909	1.044716472
49.911	1.776888008
51.038	1.45240396
52.039	1.887824351
53.05	1.27879801
54.059	1.348918812
55.06	0.8576412289
56.069	1.130147368
57.318	1.654427146
58.319	2.947340659
59.388	0.2575058824
60.389	2.44210109
61.39	6.192412051
62.391	1.332284298
63.498	2.69034965
64.668	1.426891743
65.679	3.181002997
66.788	1.304815185
67.8	1.206319128
68.802	1.347497006
69.869	1.148578218
70.878	1.802133333
72.029	1.122648276
73.03	1.392681188
74.031	0.8368941176
75.069	1.214714036
76.228	1.820388119
77.23	1.167953333
78.238	0.9101940594
79.399	0.1154024605
80.4	4.145293651
81.401	1.547173359
82.409	3.618845155
83.41	1.738357642
84.807	1.689516981
85.808	1.935152847
86.809	3.222843722
87.81	1.454187333
88.828	3.30434817
89.829	1.397442177
90.837	1.519659068
91.839	1.882078193
92.841	0.2835053554
93.858	1.138485514
94.859	0.7037728319
95.867	0.6501386139
96.869	2.615778437
97.887	1.984398406
98.977	1.562273267
100.238	1.555311054
101.247	3.537445699
102.248	1.549446182
103.408	2.78368932
104.409	0.856864222
105.468	1.17740339
106.469	1.507676324
107.47	1.049188119
108.478	2.766065934
109.479	0.2167128713
110.48	1.159413861
112.388	1.654833167
113.417	0.5673858425
114.427	1.744171963
115.43	0.595960396
116.45	1.689579661
117.457	1.917346653
118.468	1.609915596
119.588	1.480555556
120.589	2.416486752
121.59	1.475245873
122.598	0.8611314741
123.608	1.451523064
124.618	1.597584906
125.628	1.495715111
126.629	0.1771885714
127.63	1.856766467
128.637	1.310618916
129.798	0.7503232125
130.809	1.510227451
131.818	1.760736634
132.828	0.117572068
133.937	1.255016848
134.938	1.372691309
135.939	1.354121807
136.947	1.318319128
137.957	0.912
138.958	4.215515873
139.967	1.55965873
140.969	4.223728272
142.088	1.191076923
143.089	1.161442623
144.277	0.5287372549
145.28	1.674619796
146.288	1.664575425
147.457	3.346957384
148.458	1.547724276
149.459	1.885282717
150.467	1.484043956
151.507	1.452705455
152.508	1.195314172
153.517	1.556326667
154.657	1.655081836
155.707	2.805745391
156.797	1.618530452
157.817	0.9895143603
158.818	1.798716832
159.827	2.624695305
161.028	1.592180747
162.03	1.149243636
163.031	0.1265202312
164.036	2.056305882
165.156	2.892330059
166.157	1.081386469
167.158	1.380322643
168.159	1.920820684
169.177	3.381026759
170.178	1.332396336
171.186	1.813780439
172.187	0.249219802
173.188	1.62884585
174.196	2.848711289
175.318	2.587853441
176.326	1.557938062
177.327	1.735888112
178.328	1.796947053
179.467	1.417933142
180.477	1.639428571
181.487	0.8746453546
182.79	2.067724276
183.8	4.170219608
184.82	0.5417821782
185.821	0.2871603499
186.83	1.418290569
187.831	1.917714286
188.85	1.553014985
189.853	1.622944591
190.87	1.750257115
191.871	2.591713433
192.872	4.160375624
193.879	1.490605395
194.95	1.457679208
196.03	1.107477228
197.14	1.161288847
198.141	1.468467532
199.15	1.661552941
200.151	1.632074074
201.16	1.145122689
202.28	0.7106493506
203.42	1.134905847
204.639	1.13670495
205.649	1.083141104
206.65	1.332784158
207.651	2.099174603
208.652	0.6405714286
209.653	1.684147852
210.66	1.55922158
211.67	0.8309130869
212.729	4.010141858
213.739	3.552007984
214.759	0.8026323092
215.76	1.317172277
216.769	1.502061325
217.77	1.10824327
218.779	1.521220588
219.78	1.851062315
220.781	1.433107814
221.79	4.29158042
222.791	1.273771377
223.799	1.43311001
224.8	0.4334257426
225.809	1.038641359
226.81	3.806441352
227.819	1.475964036
228.889	0.3927526673
230.119	3.579460539
231.159	1.284942574
232.169	0.8585900783
233.179	0.340007767
234.189	4.294588702
235.219	2.940995005
236.22	0.2467764706
237.23	2.218021978
238.231	1.350047138
239.239	1.397922948
240.379	0.4158321678
241.389	1.451976238
242.39	1.415372549
243.414	3.579010824
244.419	0.9842756303
245.449	1.888649669
246.459	0.1757288136
247.46	1.364364356
248.468	0.7910019802
249.469	1.843645771
250.475	1.428293069
251.478	3.150169553
252.479	0.2592213175
253.494	1.253581764
254.509	2.668619381
255.518	2.563653846
256.529	0.9870490857
257.538	0.5092752475
258.549	2.018165834
259.558	1.394823529
260.758	4.242371257
261.768	4.458157842
262.848	1.792151848
263.85	1.678809191
264.858	1.692649174
265.868	3.36593007
267.07	1.732801418
268.078	1.578461538
269.088	1.337474727
270.109	1.657799802
271.118	1.840706349
272.119	4.504423576
273.128	1.224104673
274.129	1.24609901
275.133	1.457654346
276.143	0.8533915966
277.145	1.440695305
278.164	1.206641359
279.173	3.31633966
280.183	1.47387013
281.203	1.55399001
282.213	2.482525475
283.223	3.521661017
284.243	2.994783107
285.253	2.571968254
286.263	1.246027298
287.273	1.326127378
288.283	1.095624376
289.284	0.4698257118
290.293	1.24933459
291.303	1.018021804
292.305	0.3973778214
293.313	1.209279686
294.433	1.377252725
295.443	1.360463536
296.585	1.104388991
297.593	1.736308285
298.603	1.076033613
299.613	1.057142857
300.633	0.2462646265
301.643	1.254101961
302.644	1.079961089
303.773	1.18832101
304.783	1.588347826
305.803	0.8668514851
306.804	3.077618382
307.823	1.10352381
308.833	1.645645193
309.843	0.7183376623
310.844	1.538661386
311.853	0.8054955839
312.863	2.366857143
313.864	0.2420307692
314.872	4.312214286
315.903	3.066360396
316.932	3.150177822
317.933	1.334237168
318.943	3.764835165
319.944	1.321948515
320.963	0.8288336252
321.982	1.606787879
322.983	1.54516036
323.993	1.162998012
325.012	1.668689109
326.022	1.61415507
327.053	1.823440559
328.092	1.191920792
329.093	1.662867327
330.133	1.148578218
331.173	0.1070317848
332.233	1.693386613
333.262	1.501772052
334.302	2.17568032
335.505	0.2762563107
336.533	3.312719281
337.562	2.66698008
338.572	1.857957282
339.582	2.932207171
340.602	1.229291829
341.639	1.554915385
342.777	1.171752212
343.815	0.8154352941
344.894	1.415144855
346.121	0.4684202335
347.206	0.3900831683
348.324	0.4009188119
349.341	0.4979465875
350.38	3.371060939
351.478	1.437810981
352.595	0.5475164835
353.616	0.292852329
354.896	0.6154076851
355.933	1.121363726
356.945	1.074857143
357.964	1.544720792
358.973	1.595263366
359.994	1.711423221
360.995	2.46212884
361.996	2.232783217
362.997	0.7251140187
364.164	0.1005153374
365.165	2.92013706
366.174	1.280825397
367.175	1.425074286
368.214	1.464594495
369.363	0.8476981132
370.373	0.829063788
371.383	2.337726274
372.394	1.433961739
373.404	2.364971029
374.414	1.523896208
375.415	3.307708661
376.434	1.023889764
377.444	1.211419608
383.624	1.729174825
384.634	1.215880952
385.654	1.137317647
386.655	4.123852148
387.673	0.6615207921
388.674	0.8430244858
389.683	1.166912118
390.703	1.84788024
391.713	2.662978044
392.723	1.376629126
393.903	1.823599622
394.904	1.62792016
395.921	1.301064151
396.924	1.227901729
397.925	1.323639216
399.124	1.64823976
400.133	1.999472527
401.145	3.384471795
402.153	2.784375624
403.154	1.507753271
404.155	1.589167798
405.165	2.085578422
406.173	1.369298246
407.184	0.9643722772
408.186	0.1991628753
409.226	3.585555992
410.238	1.376555005
411.305	1.124211788
412.315	2.76035964
413.318	2.708563437
414.364	0.7852344214
415.686	0.2535681186
418.387	1.438904393
419.389	0.9039603175
420.402	3.022601399
421.65	0.7325154845
422.659	1.578427146
424.01	1.451156794
425.314	2.332876115
426.419	0.7717610186
427.54	1.137120543
428.589	1.449141777
429.599	1.270237404
430.601	2.548899901
431.749	1.294421053
432.759	1.190738432
433.769	1.196807143
434.789	2.414904724
435.809	2.348939544
436.829	2.376502947
437.839	1.54861629
438.869	2.867380952
439.889	5.266122772
440.919	2.586021632
441.92	1.499634951
443.019	1.106331021
444.039	4.246321678
445.049	1.408926733
446.059	1.0944
447.129	4.552343656
448.14	2.892917847
449.144	3.464827586
450.149	1.99573439
451.15	1.606985015
452.159	0.5300859141
453.179	1.289534466
454.199	0.9236349362
455.269	1.561894945
456.289	3.142803589
457.299	1.540939061
458.32	1.178815686
459.34	1.902060844
460.349	2.768188235
461.35	0.8560158416
462.969	1.529339941
463.979	1.291858156
464.999	3.19371029
466.019	3.325945763
467.029	0.8126732673
468.059	0.4951864407
469.069	0.6284673267
470.087	0.3577846154
471.091	0.7259881188
472.119	1.072113333
473.129	0.7903199215
474.139	1.833038652
475.149	1.201543027
476.249	1.13618087
477.26	1.383792857
478.27	3.247788027
479.288	1.851207921
480.317	3.912575425
481.336	1.017623762
482.367	0.9257857143
483.397	1.007054357
484.406	1.223552448
485.417	1.344229931
486.425	4.499115385
487.437	1.254111655
488.447	1.106331021
489.456	3.230769231
490.457	0.530421365
491.466	0.7368237624
492.477	0.1895236246
493.484	3.099691264
494.486	0.488572549
495.496	1.564403596
496.506	1.073231373
497.516	0.393516035
498.526	1.094145854
499.576	1.144378234
500.617	1.13797037
501.627	1.325869307
502.817	1.247328885
503.837	3.70623569
504.847	4.27367033
505.867	0.2339825073
506.947	2.945382324
507.949	2.512281481
508.96	0.671809901
510.041	3.826923364
511.042	3.558067299
512.07	1.172990099
513.071	2.189619048
514.219	1.386246957
515.22	0.8882796117
516.229	1.778005994
517.24	1.35358497
518.251	2.051380952
519.26	0.8720318725
520.262	1.286887273
521.299	1.557714286
522.398	0.7617882353
523.54	1.678274374
524.549	0.9588380765
525.749	1.985889823
526.76	1.907073267
527.779	1.487856287
528.929	3.094198413
530.139	1.145461664
531.149	0.7788758493
532.219	2.082749251
533.229	1.05251423
534.239	1.642811429
535.38	1.54353221
536.389	1.350377622
537.399	1.149716551
538.409	3.052265669
539.42	1.697004926
540.429	3.411516401
541.449	2.05859823
542.459	1.548707991
543.5	1.614758051
544.659	1.361145098
545.669	3.189578422
546.679	4.076044789
547.689	1.427011765
548.69	0.7389647059
549.709	0.4139183056
550.719	1.923804196
551.729	1.25692562
552.749	3.880079351
553.769	2.084595405
554.789	0.5436923077
555.799	1.836408163
556.809	1.17628263
557.823	2.228667333
558.829	2.231765817
559.839	1.871440559
560.848	1.240006969
561.859	2.142472792
562.999	0.5565148515
564.0	1.484771229
565.008	1.73370297
566.029	1.748509091
567.03	1.568125516
568.039	1.266325833
569.109	4.985478521
570.118	1.441724551
571.119	0.671809901
572.129	1.389213793
573.279	1.351518644
574.289	3.677942403
575.309	0.4221721068
576.319	0.2374641509
577.329	1.305950446
578.338	1.62854283
579.358	3.520655238
580.362	4.076395604
581.369	1.579918644
582.388	1.64659802
583.639	3.383961868
584.648	0.7049743102
585.679	2.299209581
586.688	1.929879088
587.698	1.334932372
588.718	1.056095238
591.248	0.6819703264
592.249	0.2190586396
593.25	2.591009174
594.32	0.8776871287
595.349	1.838845431
596.35	1.211243036
597.351	2.110537463
598.369	0.7081411765
599.49	0.5371326733
600.5	1.417831516
601.651	1.372251748
602.699	1.586706349
603.7	1.024892278
604.859	1.105025243
605.86	3.383407692
606.949	1.725790099
607.95	0.9664970646
609.059	2.241278721
610.06	1.7338389
611.08	0.6428594059
612.259	3.383825743
613.319	1.159207619
614.469	3.607924722
615.479	2.070649351
616.48	0.8015113749
617.759	0.5575864136
618.959	0.1115699722
619.96	0.9752079208
620.961	1.149438114
622.089	2.558337662
623.26	1.691761864
624.449	0.3078656126
625.45	1.510625375
626.549	2.03355045
627.55	0.1193890909
628.659	2.762677323
629.669	2.450149254
630.67	0.8335192878
631.672	2.711160396
632.673	1.295288889
633.678	3.586928571
634.868	0.5814124629
636.079	1.929988119
637.08	1.059902615
638.103	0.8115329236
639.118	1.975696304
640.128	2.309226361
641.268	1.572911765
642.269	0.4291764706
643.308	1.701615238
644.348	1.39087796
645.349	1.637706531
646.359	1.458447525
647.368	1.654166511
648.37	2.468211366
649.409	1.677042857
650.606	1.03203996
651.729	1.323333975
652.738	1.873267925
653.768	1.191711111
654.779	1.515288297
655.789	1.053082353
656.848	1.974451098
657.928	3.8199001
658.939	0.1187246377
660.029	0.10533205
661.038	3.907966942
662.058	1.348531469
663.209	1.72034635
664.228	1.149716551
665.248	1.920699748
666.249	0.6067960396
667.251	1.830511443
668.259	3.578919298
669.268	2.004594059
670.278	0.4230089197
671.428	3.187684316
672.609	0.9110961348
673.678	1.790915254
674.679	1.568420303
675.708	1.526364912
676.71	0.8899340659
677.928	1.705382617
678.947	0.9677227723
679.948	1.333839119
681.118	1.866917647
682.128	1.323188026
683.318	0.7034504348
684.328	1.294985015
685.348	0.9588153846
686.358	1.130627451
687.552	2.360261905
688.558	1.456967033
689.578	1.847235398
690.586	0.7678102767
691.589	4.218255193
692.59	2.706073486
693.599	1.094442533
694.659	1.24636963
695.669	1.579507692
696.677	4.355492507
697.728	2.022185814
698.832	2.029522478
700.058	1.62945098
701.078	0.6978613861
702.08	3.261724551
703.088	1.701637265
704.09	1.235279412
705.108	1.968623377
706.109	2.503672328
707.167	1.515028741
708.169	3.63252329
709.248	3.377663366
710.268	1.512887113
711.287	1.541714286
712.398	0.7519546742
713.518	2.12415873
714.528	1.150582185
715.539	1.865557312
716.678	1.811260504
717.717	4.471320679
718.718	1.088222002
719.728	1.662420198
720.737	1.317026973
721.738	1.414496538
722.747	1.453930624
723.757	0.467057226
724.758	1.755020979
725.907	1.021315333
726.909	0.758828322
727.927	0.9273606394
729.098	2.299552032
730.107	1.496575425
731.127	0.6342789784
732.137	1.420568224
733.147	3.754906931
734.148	1.25468106
735.317	1.656031715
736.318	1.732689109
737.319	1.452196503
738.507	2.606450844
739.517	1.407047619
740.658	4.017430569
741.667	0.9864756657
742.717	2.11215984
743.718	1.018550495
744.727	1.066867408
745.728	1.712671329
746.887	1.220976991
747.888	1.343223762
748.959	1.699421782
749.987	0.5697760314
750.988	2.334296919
752.097	0.3607912088
753.197	0.930170297
754.247	0.7693306931
755.248	3.595996004
756.417	1.896237624
757.567	1.774268606
758.585	1.479208619
759.726	1.831223762
760.727	1.983548067
761.776	2.911464535
762.777	2.153252725
763.927	0.2925623762
764.929	4.627241517
765.936	0.8855784216
766.937	1.155276723
767.967	4.374033831
768.968	0.5126730402
770.137	1.590314286
771.296	3.19907178
772.457	0.7869436202
773.627	0.5634534653
774.827	1.693554446
775.947	1.143874263
776.948	1.968111001
777.966	1.862473526
778.997	2.272503497
780.017	2.395192079
781.018	1.408230991
782.106	3.338953846
783.286	0.4077176471
784.287	1.184386768
785.289	3.485029703
786.301	3.842485514
787.307	1.450512511
788.308	1.445649219
789.32	2.614473282
790.326	0.7151524752
791.328	0.9930074074
792.338	1.66458431
793.377	1.222658824
794.386	1.235436563
795.387	1.517756487
796.407	3.253429142
797.409	1.210300294
798.417	1.167708475
799.456	1.717098901
800.646	1.505975678
801.651	1.483057884
802.656	0.9515228628
803.686	2.689534466
804.688	1.844515873
805.697	1.225357285
806.698	1.836234826
807.736	1.060070962
808.737	2.945412698
809.867	1.334105055
810.868	2.574444008
811.869	1.464143856
812.871	1.596411588
813.966	0.3735505397
814.967	0.2216239151
816.096	1.982922772
817.097	0.7708571429
818.098	1.964307692
819.277	3.135611111
820.336	2.571435294
821.346	1.676127745
822.347	1.041086913
823.457	1.481610536
824.458	1.79435514
825.546	4.385190809
826.547	1.17387156
827.548	2.581439049
828.587	2.973450549
829.656	0.9549176471
830.766	1.088104771
831.776	4.011476523
832.786	1.774815664
833.906	1.777467597
834.946	2.016246787
835.957	1.372787213
836.958	1.241323364
837.959	0.8659218303
839.136	1.840380952
840.226	1.629130869
841.307	1.54949703
842.377	0.6437647059
843.446	1.451479759
844.477	1.038164748
845.585	1.483446667
846.587	0.9687540057
847.595	1.461328063
848.596	1.75922069
849.597	2.036110891
850.605	3.277302505
851.766	1.47520802
852.966	0.2405274725
853.967	1.224511489
854.976	3.823280719
856.005	1.604554455
857.095	2.241278721
858.306	1.414211765
859.485	1.365798291
860.487	2.328743257
861.685	0.6182438057
862.686	2.241278721
863.725	1.316958416
864.727	1.416396825
865.745	1.242535681
866.746	1.123869436
867.845	1.230335878
868.905	3.46579021
870.115	0.9686233766
871.215	0.8905411765
872.216	1.19385034
873.217	0.6073974232
874.237	1.229956436
875.297	1.239869974
876.366	1.258328713
877.376	0.1092215569
878.436	0.1286268364
879.438	1.082714286
880.605	1.327672328
881.606	1.431184965
882.607	3.230622886
883.608	0.3101246708
884.785	0.4263121387
885.786	3.738013986
886.787	0.6661565217
887.996	3.355907143
889.015	0.2948261682
890.065	1.950840353
891.276	0.24795
892.278	2.416348515
893.325	1.4769501
894.366	3.804621167
895.564	1.903096903
896.567	2.795612388
897.685	1.494817183
898.686	1.292112625
899.755	3.165333333
900.756	1.212203796
901.805	3.382162571
903.006	1.10423976
904.165	1.452528571
905.305	1.491170093
906.326	1.481342657
907.335	1.711801784
908.386	1.668766467
909.387	0.6609742574
910.388	3.224674603
911.389	0.6990179641
912.526	0.3939778598
913.527	1.592729849
914.605	0.3503287129
915.607	1.630239841
916.645	1.546442748
917.655	1.457013861
918.665	1.358637979
919.675	3.897642436
920.685	3.105894106
921.775	1.333928225
922.915	3.180665377
923.916	1.463017822
924.925	0.680015534
926.065	3.676887129
927.066	1.035686197
928.144	0.3060520733
929.224	1.444376611
930.294	0.7510588235
931.304	1.577526474
932.405	1.433443013
933.555	1.272469421
934.556	2.505533267
935.565	1.083184314
936.585	1.256648649
937.715	2.619664671
938.804	1.139917241
939.915	0.9128253968
941.1	1.952958416
942.164	0.5513320388
943.294	3.508223602
944.295	0.4230089197
945.305	3.450648167
946.314	1.571190476
947.324	1.557803766
948.395	1.3947098
949.504	0.6934811881
950.664	1.615778437
951.794	0.5603250743
952.974	1.370859406
954.064	1.317727905
955.085	1.50384127
956.086	2.839920635
957.095	2.905095238
958.156	2.085910828
959.254	3.92452381
960.255	1.370190746
961.284	1.847688312
962.295	1.767112887
963.404	0.7000072464
964.405	3.074500495
965.494	1.643172827
966.504	1.603504425
967.554	0.1914402332
968.596	1.505494505
969.685	1.128023786
970.696	0.8978253968
971.697	1.822794411
972.734	2.657446553
973.914	1.280792934
974.915	1.650941059
976.004	1.980691892
977.105	1.195904762
978.114	0.6317268293
979.244	2.7077003
980.394	1.443901478
981.565	1.907764236
982.694	1.481156436
983.804	3.638817183
984.817	1.791713718
985.864	1.384182178
987.034	1.007776224
988.035	3.687130435
989.204	1.605202797
990.234	1.238646801
991.235	1.317642358
992.316	3.443576657
993.324	1.479649805
994.334	1.766163606
995.504	1.482946176
996.644	0.1787204611
997.645	3.711464535
998.693	1.438601399
999.695	0.1395409836
1000.696	1.722730539
1001.704	1.629586936
1002.804	2.210360917
1003.893	1.458479763
1004.895	1.116324752
1005.896	2.053962038
1006.983	1.557013752
1008.053	0.9742433234
1009.073	1.747631318
1010.234	2.400988235
1011.236	1.649789264
1012.243	1.634542581
1013.304	0.9842810811
1014.414	1.089502498
1015.415	1.437499029
1016.514	1.716771229
1017.523	1.334778989
1018.673	1.052099108
1019.674	0.943336339
1020.795	1.952983017
1021.803	1.099081188
1022.814	1.08210989
1023.903	1.556466667
1024.904	1.16
1026.094	1.632333333
1027.283	0.3004235294
1028.284	0.4767683168
1029.404	1.39779802
1030.594	0.8047058824
1031.615	3.750433566
1032.894	1.359477228
1033.895	3.618392079
1035.034	1.72255489
1036.143	1.488609389
1037.144	1.538463215
1038.173	1.278068481
1039.333	1.691110747
1040.534	1.727424575
1041.535	1.315716364
1042.563	1.444236099
1043.763	0.6103744
1044.764	0.8522037962
1045.773	1.635681416
1046.783	1.591944112
1047.834	1.292747253
1049.004	1.80259375
1050.063	1.498557443
1051.083	1.072941176
1052.183	2.920618434
1053.184	3.373545876
1054.193	1.263505085
1055.213	1.37010087
1056.214	1.084734053
1057.373	2.027572428
1058.383	1.524806324
1059.393	1.76211946
1060.504	1.67746087
1061.523	1.243153071
1062.553	4.608799201
1063.554	1.371163528
1064.664	1.316739261
1065.733	1.059009901
1066.883	1.532603397
1067.884	1.037829703
1068.893	1.523301086
1069.894	1.542137638
1070.913	4.150065934
1072.093	1.184081013
1073.094	0.4747881188
1074.272	4.277322677
1075.393	1.322253333
1076.573	1.479936064
1077.583	1.274236249
1078.585	1.531656687
1079.593	2.333970268
1080.673	2.252211788
1081.674	1.421781076
1082.683	1.314363811
1083.783	0.808239521
1084.784	1.41539258
1085.914	0.4979071884
1086.923	3.563205993
1088.082	0.108954281
1089.193	0.8980701754
1090.302	1.660717542
1091.303	0.9658117647
1092.352	1.071440559
1093.393	0.8404227911
1094.554	1.480540901
1095.682	0.7389306931
1096.683	2.438691774
1097.763	0.2633301251
1098.932	1.111884282
1099.934	1.763179283
1100.943	1.790682635
1102.122	3.68015873
1103.123	1.559848152
1104.192	1.521030137
1105.193	0.1258437616
1106.203	0.9086275197
1107.383	1.368428189
1108.392	1.861039683
1109.483	2.105028459
1110.503	1.515192079
1111.522	0.3680474777
1112.523	3.248127872
1113.524	1.290101898
1114.533	0.5114697406
1115.543	1.585632959
1116.554	1.160562934
1117.562	2.431593973
1118.566	1.180235294
1119.572	3.134711456
1120.672	1.404625743
1121.872	1.325863561
1122.983	1.768398804
1123.153	2.767296703
