0.0	0.9988571429
1.002	2.230267565
2.11	3.893851338
3.111	3.739108891
4.13	0.1530629371
5.239	0.907567889
6.38	2.981671993
7.382	2.49207362
8.43	3.865190809
9.579	0.1072941176
10.769	4.13444955
11.78	4.149162837
12.829	3.243756244
14.019	1.64835604
15.22	0.3142336634
16.23	3.413098901
17.233	0.3033980198
18.349	0.7154592659
19.35	1.644693438
20.351	0.1077743957
21.352	2.831664336
22.359	3.013470763
23.369	3.599984143
24.37	0.1155316699
25.549	2.318927022
26.699	0.1476069364
27.7	3.498117882
28.71	1.438801199
29.72	2.406529471
30.721	0.1092215569
31.729	2.769638389
32.889	3.403193043
33.89	2.635657143
34.891	4.245594406
35.919	2.977799283
36.949	2.788035964
37.95	3.744179775
38.961	1.992860529
39.962	3.540860258
40.969	3.539020979
41.97	2.677766337
42.979	2.135081188
43.989	2.973794206
44.999	0.1502117647
46.0	1.083564356
47.009	1.399432567
48.039	3.388723277
49.04	6.954059406
50.06	1.126867327
51.061	2.425958042
52.069	0.1800968858
53.07	3.790497503
54.071	3.083804196
55.072	3.03068254
56.269	2.421912698
57.298	0.11598486
58.46	1.619494585
59.469	2.46833966
60.47	2.774067895
61.478	2.947076923
62.479	2.03710099
63.559	2.299433102
64.58	0.1153011414
65.581	2.185170231
66.583	3.349407777
67.598	2.899376849
68.748	2.881980198
69.749	3.195505882
70.75	3.773954046
71.751	0.3053265045
72.94	3.980627373
73.949	3.148539683
74.95	0.1573921381
75.959	2.572301587
77.008	2.274085914
78.209	3.251796204
79.218	3.468131868
80.219	0.139473237
81.408	3.038139721
82.409	2.844283097
83.41	3.068839216
84.411	1.21357043
85.438	0.4037592233
86.441	3.108251748
87.619	3.003662745
88.629	2.830737263
89.63	2.337854258
90.748	2.829469062
91.749	0.3247477745
92.75	3.094683544
93.789	3.203044955
94.878	3.132091179
95.879	3.757282717
97.441	2.343124415
98.471	3.517435115
99.472	3.923212787
100.474	0.8031934959
101.63	3.234977114
102.631	3.414162059
103.641	4.059604396
104.81	1.221542121
105.811	0.163996004
106.82	0.1502117647
107.821	2.724693756
108.93	6.093478692
109.95	2.794045954
110.951	2.940995005
111.952	2.853402597
112.96	3.843804196
113.962	0.1545762712
114.97	3.520447552
115.981	3.549219802
116.982	1.643210991
117.99	2.628023762
118.991	1.174897103
119.992	3.891452217
120.994	1.751379784
122.0	0.3367384615
123.01	1.321948515
124.18	0.2709942857
125.181	3.072380198
126.19	2.821937332
127.31	3.670732448
128.311	0.1056370656
129.32	2.961815659
130.321	3.32
131.33	2.4272
132.331	3.932315684
133.332	1.479506958
134.34	3.052934653
135.341	3.397261477
136.509	0.158150289
137.51	3.691535253
138.53	0.1931294118
139.531	2.318499139
140.532	3.681778641
141.54	0.1547219604
142.55	2.704919081
143.551	0.1547219604
144.552	2.937353116
145.553	0.6782742857
146.56	2.903240759
147.689	0.9466044704
148.69	0.3142336634
149.7	2.164747253
150.701	2.470859219
151.77	3.4191556
152.785	2.095428571
153.789	3.809054945
154.829	3.526273726
155.883	1.550946108
156.89	0.2217098943
157.9	4.10447952
158.969	3.957186813
159.979	2.919128871
160.98	3.890141858
161.99	0.1824
163.0	3.482733267
164.001	2.570923664
165.002	0.111389313
166.009	2.424417451
167.01	1.631873016
168.011	3.127349851
169.012	2.663502913
170.019	4.29361039
171.02	1.481481188
172.03	3.205618677
173.039	0.8018376238
174.04	3.276971259
175.059	3.378317682
176.229	2.918828571
177.23	0.1419981464
178.24	3.616554455
179.249	2.273725025
180.26	0.8993584158
181.36	1.116071287
182.369	3.741682318
183.37	3.382265734
184.389	3.835784861
185.39	3.531380619
186.391	3.061624628
187.4	2.163120792
188.409	0.6575100095
189.41	3.398188177
190.411	3.398937063
191.412	2.660388889
192.509	0.1261556196
193.529	2.33201998
194.539	2.171274529
195.589	2.666333666
196.69	2.764041739
197.829	0.158150289
198.839	3.724408325
199.849	0.158150289
200.859	2.410307235
201.872	1.902353646
202.879	3.109301587
203.889	4.036883117
204.91	3.018612245
205.911	3.359416583
206.919	1.798820717
207.93	1.837756194
208.938	3.011223762
209.939	0.1445433962
211.169	2.928627607
212.17	0.3912458698
213.179	3.930046154
214.189	0.7016018059
215.389	2.841502498
216.399	2.213938553
217.4	1.099196803
218.409	0.1866969943
219.579	2.960345098
220.58	0.6188571429
221.581	4.045234765
222.699	2.812807921
223.709	1.28732
224.719	2.507964036
225.869	3.436267732
226.87	0.1609411765
227.871	0.9264154251
229.038	2.405138861
230.069	3.017966034
231.07	0.2222669246
232.079	3.027889724
233.088	0.158150289
234.189	1.923032577
235.191	3.063308838
236.27	3.232348515
237.278	3.039326906
238.279	1.670917516
239.288	2.576
240.298	3.123015873
241.299	2.301402597
242.308	3.662077458
243.309	0.1348549763
244.318	3.984687313
245.328	2.093726733
246.329	2.409261477
247.33	4.513486513
248.331	0.1160887175
249.338	2.518553447
251.621	3.80091018
252.628	3.074629371
253.629	2.137723546
254.798	2.430747275
255.799	0.1011460259
256.8	0.3684118812
257.808	2.692865455
258.809	2.897974026
259.889	4.08683449
260.89	1.203508911
262.059	0.155307474
263.061	1.256934653
264.062	4.108750745
265.063	2.200361138
266.068	0.1228601036
267.069	0.1187246377
268.118	3.407760718
269.119	2.756395604
270.126	3.225078921
271.128	0.1055351977
272.129	3.336882759
273.143	2.121014985
275.358	3.558776564
276.368	3.41400999
277.369	3.782945055
278.51	0.104928092
279.519	3.324058169
280.52	2.283548209
281.521	0.1202637363
282.528	2.822899145
283.538	3.303408591
284.539	3.607616384
285.54	4.002117882
287.598	4.237682318
288.607	2.254023529
289.608	0.1822312673
290.618	2.774366387
291.647	2.555606112
292.668	1.66516551
293.677	0.1502117647
294.687	2.442849853
295.697	2.696222609
296.707	2.738341658
297.708	2.591291408
298.728	4.082282306
299.737	3.221122877
301.137	2.838945491
302.147	2.222881119
303.151	2.99745633
304.181	0.1607835455
305.191	2.922873016
306.201	2.091348148
307.241	1.49241958
308.251	3.779508911
309.261	1.946085914
310.302	3.736532803
311.533	5.772123138
312.553	0.1513992095
313.582	0.1441354657
314.602	3.466333666
315.652	2.442685315
316.663	0.1054150613
317.767	2.622361638
318.804	4.588019822
319.84	2.63992087
320.982	3.770821179
322.025	2.791200799
323.062	1.24636963
324.383	0.2682352941
325.462	2.678601399
326.641	2.595577778
327.78	1.787881188
328.801	0.2552536443
329.842	2.011462579
331.019	3.527574979
332.053	3.676891109
333.134	3.279328671
334.154	2.612091429
335.174	3.37559604
336.235	3.568838323
337.273	4.798857143
338.316	3.585174825
339.373	2.407896928
340.393	0.4287561215
341.455	0.1292573674
342.493	2.979972305
343.555	4.088967033
344.556	2.155417245
345.605	1.519696304
346.763	2.617240757
347.775	3.205988119
348.796	1.963876124
349.838	3.006249505
350.955	3.100534903
352.072	0.9101940594
353.09	2.497198801
354.172	3.205426018
355.227	2.766984733
356.229	1.778806739
357.385	3.23020979
358.423	4.041373253
359.483	2.518248075
360.503	2.521094017
361.541	3.387841584
362.604	3.155572428
363.642	2.114867925
364.662	3.007420635
365.663	2.773924752
366.664	3.247944056
