0.0	1.120570297
1.009	2.103688312
2.01	1.090222222
3.019	1.792380198
4.02	1.451976238
5.029	0.7259881188
6.03	0.6763089109
7.049	2.070889111
8.05	0.4291764706
9.051	1.089141724
10.059	3.186061938
11.061	1.480865058
12.068	2.0416
13.069	2.258312871
14.079	0.1145423406
15.08	1.421298701
16.089	1.115172827
17.099	2.076162537
18.109	1.098854902
19.11	2.245818182
20.119	1.180235294
21.126	4.674075996
22.129	2.026265347
23.13	4.137230769
24.14	0.3648
25.149	0.4555585673
26.159	0.4104
27.169	0.8235089109
28.17	2.250170297
29.179	1.863730693
30.189	1.572725471
31.19	2.46447952
32.209	1.532324752
33.21	1.410365634
34.219	0.1836604146
35.23	1.919809713
36.249	1.688231768
37.259	2.504569288
38.26	1.454097902
39.268	2.080443564
40.269	2.386204163
41.274	0.2896941176
42.289	2.406323734
43.3	0.9102152642
44.309	2.664507937
45.31	1.396192345
46.319	1.766209901
47.321	4.410565435
48.339	1.487428571
49.34	1.881268195
50.348	1.673188119
51.349	0.3156923077
52.359	0.5901176471
53.36	2.943873142
54.369	2.470873127
55.378	1.826695738
56.379	1.991348381
57.389	2.551944056
58.399	4.579267709
59.408	2.56308055
60.409	1.36023976
61.41	0.6067960396
62.418	1.998257426
63.429	4.655632368
64.439	1.702882061
65.459	0.2360470588
66.469	1.491388235
67.478	1.138870168
68.479	0.7693306931
69.48	4.431889219
70.488	0.4506352941
71.489	1.256934653
72.498	1.616111001
73.499	0.3472615385
74.508	3.275757696
75.509	2.269142857
76.519	3.352712871
77.528	2.293090188
78.529	1.117177403
79.53	1.208451933
80.539	0.845180198
81.548	2.109464181
82.549	1.072728713
83.558	1.757113974
84.559	0.1537078652
85.568	2.781357214
86.569	1.731964036
87.578	5.106640159
88.588	1.594418236
89.598	2.263144855
90.599	4.788439122
91.6	1.722867327
92.608	2.267684316
93.618	2.314782953
94.619	1.469771429
95.628	1.337283168
96.638	1.428412943
97.648	0.5793882353
98.658	1.136617211
99.668	1.324172549
100.669	0.5257411765
101.678	1.564831683
102.688	0.3253914767
103.689	0.2275485149
104.698	1.334105055
105.708	2.214970297
106.709	3.551520958
107.718	0.132964486
108.769	2.393079365
109.778	1.072728713
110.779	3.677606299
111.788	2.009093069
112.798	1.310658683
113.808	2.526702275
114.818	1.300277228
115.828	2.002611276
116.838	2.032777007
117.848	0.605638835
118.858	2.475428571
119.868	1.35579782
120.878	0.5884981132
121.889	2.442613387
122.898	1.933243564
123.9	4.377766234
124.908	0.3187564356
125.928	0.7476594059
126.938	1.894362018
127.948	1.182255699
128.958	1.571168317
129.959	0.6191043711
130.967	1.359033932
131.968	2.060812686
132.978	4.974677165
133.988	0.4550970297
134.998	1.746267592
136.008	2.681714286
137.028	1.088426168
138.067	1.92421978
139.078	1.140861538
140.079	3.503120879
141.087	0.7510588235
142.097	2.082505451
143.098	2.004594059
144.107	0.8830604559
145.108	2.579513725
146.109	2.942584071
147.123	0.7167624633
148.128	1.689040715
149.138	2.740487611
150.148	1.395035573
151.149	1.337283168
152.158	0.8993584158
153.177	0.5100116505
154.188	1.566382557
155.199	1.126588235
156.207	5.243306244
157.228	0.4617890909
158.237	4.304894995
159.238	2.522207715
160.247	3.754581419
161.258	1.407240356
162.377	1.967698712
163.537	0.7669715407
164.547	0.9691518119
165.557	2.518857143
166.567	0.103245283
167.587	2.536596078
168.597	1.963549567
169.617	2.238858276
170.627	1.628571429
171.717	2.234885115
172.727	1.213592079
173.737	1.321948515
174.739	2.082505451
175.747	4.913486513
176.757	1.880487512
177.767	0.4009188119
178.787	1.70738553
179.807	1.625778664
180.808	2.164747253
181.817	0.954481665
182.827	0.1502117647
183.837	0.2925623762
184.844	0.9845810945
185.854	0.6233650794
186.855	5.31800999
187.864	0.3138534653
188.874	1.946940834
189.884	0.5052730845
190.894	2.063271287
191.904	0.759246779
192.914	4.323321357
193.915	4.016975025
194.934	2.131948052
195.944	1.19760555
196.954	1.108636993
198.074	1.163444555
199.084	1.515489614
200.085	0.5872448598
201.094	4.207888557
202.113	2.85353047
203.134	1.85289505
204.143	2.394341658
205.154	1.060507493
206.164	2.321125867
207.186	1.657853465
208.204	0.9318653465
209.224	4.744372646
210.273	1.413132673
211.313	2.092755245
212.344	2.177964356
213.346	2.084942574
214.353	2.533032641
215.393	4.885226773
216.397	4.232853755
217.403	2.152095144
218.433	2.407896928
219.453	2.180122894
220.474	2.164747253
221.493	0.3540705882
222.523	1.126906931
223.543	1.917826174
224.573	0.5206368932
225.583	0.6284673267
226.593	4.353902874
227.603	0.1311968032
228.643	0.2209846154
229.653	1.642140178
230.683	0.39699339
231.703	1.834857143
232.723	1.878652712
233.743	5.164947053
234.753	1.440508946
235.773	1.057030244
236.793	0.6008470588
237.803	2.282243806
238.823	0.8630784508
239.833	2.333282717
240.853	0.7261218781
241.863	0.3250693069
242.873	4.716691309
243.893	2.065316155
244.913	0.3241821782
246.013	0.3612582524
247.033	0.1300277228
248.053	4.042191889
249.103	0.6974117647
250.113	0.9110961348
251.133	3.10953047
252.143	1.073791873
253.144	0.1005153374
254.153	0.5221789264
255.154	1.544689792
256.163	2.471531281
257.173	1.78208991
258.174	0.7151524752
259.193	0.7196514851
260.203	1.913466799
261.213	0.2494667988
262.223	1.941502478
263.244	1.710097902
264.263	1.819428571
265.303	2.081822178
266.313	1.612913947
267.323	2.323428571
268.333	0.983976024
269.583	0.2229333333
270.593	3.920047572
271.603	4.937648855
272.633	1.224427723
273.643	0.6720633663
274.663	1.683692308
275.683	1.137742574
276.703	3.733015873
277.713	2.659231683
278.723	0.4184470588
279.724	2.490793651
280.733	2.0579002
281.734	0.3931339806
282.743	2.030764356
283.763	0.2405274725
284.773	2.275485149
285.793	0.9662857143
286.801	1.002370664
287.813	1.007714851
288.823	2.068822355
289.833	1.047940741
290.853	2.523886163
291.863	1.019278166
292.903	0.8309130869
293.993	0.249219802
295.043	0.5996712329
296.074	2.867948464
297.084	2.267684316
298.174	0.5417821782
299.194	2.343607073
300.315	0.4291764706
301.325	0.5100116505
302.344	0.4230089197
303.354	0.9393053892
304.374	1.891420579
305.375	0.4317357798
306.395	1.583571853
307.435	2.061771429
308.436	2.336475719
309.454	2.204134653
310.485	0.4009188119
311.494	2.483821606
312.514	1.023049505
313.536	2.37535778
314.604	0.6572405567
315.624	2.479936508
316.714	1.331752699
317.784	2.388726202
318.793	1.657853465
319.803	1.713728444
320.873	0.5793882353
321.883	0.7917202797
322.893	1.925019608
323.903	4.869754246
324.92	1.035163528
325.923	2.290819802
326.933	2.054469772
328.003	5.03375025
329.013	5.252411588
330.014	0.9011428571
331.023	2.679310208
332.033	1.211236043
333.058	0.8484553484
334.063	0.9653280476
335.073	0.2520908379
336.082	0.4466938776
337.085	0.6821418581
338.103	1.40090999
339.113	1.421298701
340.122	2.585942517
341.133	0.2866032978
342.144	0.3900831683
343.145	1.597338614
344.152	1.34126713
345.153	5.103888112
346.154	0.9535366337
347.163	1.939692308
348.172	2.121014985
349.182	1.848388503
350.193	0.5890405539
351.203	2.045455268
352.212	1.041252725
353.232	2.604007984
354.252	2.1888
355.262	0.6121766438
356.263	2.070889111
357.272	2.334162376
358.282	1.961558442
359.303	1.70738553
360.312	0.1042285714
361.323	2.106613861
362.332	4.637562809
363.342	1.688231768
364.343	0.7936
365.352	4.344967033
366.362	0.5462811881
367.372	2.20847952
368.382	1.652329412
369.393	2.435896208
370.402	0.1004036697
371.412	0.8235089109
372.432	1.867171598
373.442	0.8818951456
374.443	0.6501386139
375.452	2.076162537
376.485	5.18041958
377.512	0.1018623771
378.552	1.128023786
379.562	1.160562934
380.572	1.371416667
381.592	1.456467327
382.612	1.75077106
383.642	2.055416583
384.672	1.564831683
385.692	2.321125867
386.752	2.7441998
387.761	3.492187812
388.801	2.000237859
389.802	3.900605108
390.822	0.4828235294
391.852	0.2143780607
392.892	3.568791209
393.922	2.011084242
394.937	0.9634183976
395.951	0.5793882353
396.973	1.596227772
397.993	3.666915958
399.022	2.005314685
400.031	0.7259881188
401.041	2.28
402.051	0.9363643564
403.061	0.2467764706
404.071	0.7375540139
405.081	1.0944
406.091	1.554019802
407.111	0.7259881188
408.121	1.710097902
409.182	0.6437647059
410.294	4.81395441
411.321	1.182255699
412.372	1.388336967
413.422	0.6941684836
414.502	2.323428571
415.552	1.644499501
416.562	1.163912871
417.572	5.799064935
418.642	5.005490509
419.702	0.1761254902
420.742	5.143080919
421.753	3.816367265
422.792	4.957218781
423.812	1.618093906
424.833	1.852227772
425.862	0.1516990099
426.882	0.3111529412
427.922	1.950415842
428.952	2.453354455
429.973	0.3862588235
430.982	3.780194638
432.002	2.03355045
433.022	2.336475719
434.052	4.310748515
435.062	1.072941176
436.082	1.578901099
437.122	2.919128871
438.202	0.3931339806
439.262	5.03375025
440.272	2.164747253
441.332	1.283104951
442.362	5.066549451
443.832	0.2311404959
444.882	0.9074445554
445.895	0.2045607477
446.932	1.563428571
447.982	0.8368941176
448.983	1.071667656
450.102	1.285650794
451.112	1.207255446
452.122	0.298376699
453.132	0.5194666667
454.142	1.49783017
455.143	0.9511768232
456.152	0.828768932
457.154	1.055556436
458.172	1.239976024
459.182	1.313435514
460.192	2.208284866
461.202	0.340007767
462.212	2.551944056
463.213	0.8091607843
464.232	2.599365079
465.234	0.9643722772
466.242	2.026265347
467.253	0.498439604
468.255	0.2231300971
469.261	2.19329901
470.262	1.738357642
471.272	4.596427572
472.281	2.089079365
473.282	0.8965517241
474.294	0.1515489614
475.302	0.5634534653
476.311	1.731964036
477.333	4.918025974
478.351	2.505052423
479.372	3.623384615
480.402	1.170249505
481.431	2.547404595
482.451	2.223952048
483.471	1.013217047
484.481	0.4876039604
485.511	1.488982178
486.531	0.6997162837
487.541	3.831112887
488.561	2.074106931
489.583	0.372969815
490.592	2.320077295
491.601	2.070889111
492.611	0.1899633558
493.621	1.925019608
494.622	2.442637363
495.641	2.455785927
496.689	2.21716551
497.69	0.8887984344
498.7	4.308210526
499.71	0.1506055046
500.73	1.674846383
502.034	2.134355289
503.04	2.629328048
504.049	1.906893107
505.06	0.498439604
506.07	0.1771885714
507.079	0.3683076923
508.08	1.09889901
509.089	0.3550446602
510.402	0.4796175299
511.43	1.478146535
512.44	1.860643137
513.52	1.062211765
514.53	2.475412587
515.54	4.423034347
516.56	1.707409316
517.569	2.453354455
518.579	2.002194495
519.58	2.022617383
520.589	1.105129412
521.59	1.180771229
522.599	2.46212884
523.6	1.179079334
524.609	2.650341658
525.632	1.313714286
526.639	4.731865079
527.709	0.8600392927
528.71	1.119712288
529.719	2.49669703
530.72	1.063199207
531.74	1.82853493
532.749	1.70738553
533.75	0.3305056604
534.76	2.333282717
535.769	0.9229250749
536.779	0.8894033697
537.789	2.030764356
538.799	1.381994054
539.829	0.4636374384
540.859	5.143080919
541.87	0.921029703
542.909	1.132527255
543.919	2.490793651
544.92	1.366644202
545.929	2.056057143
546.93	0.9850682493
547.939	0.5092752475
548.94	0.9797069307
549.949	1.841294705
550.95	5.164947053
551.959	1.825822178
552.969	2.624824579
553.979	5.226306163
554.98	3.61634886
555.989	1.09332811
556.999	1.846558416
558.029	2.352798403
559.04	2.08700892
560.049	1.865749533
561.059	1.419469307
562.069	1.666365634
563.07	1.228075472
564.089	1.236487612
565.1	2.497278721
566.109	0.7598629396
567.119	2.378443781
568.139	0.3176183206
569.149	2.055416583
570.189	1.831223762
571.199	1.257302697
572.2	1.994357642
573.209	0.5417821782
574.219	2.973465347
575.229	1.170249505
576.339	0.7259881188
577.34	2.162933598
578.459	0.1131384615
579.469	1.030023529
580.479	0.8047058824
581.5	1.781544554
582.509	2.103688312
583.518	3.656135055
584.519	0.3326117647
585.529	1.933243564
586.538	0.4720941176
587.539	4.946285714
588.549	0.3755294118
589.559	0.2708910891
590.569	2.700467532
591.579	0.1418666667
592.589	3.031816915
593.598	1.109734653
594.619	1.092215569
595.628	0.5462732673
596.66	0.8247652174
597.678	0.3403207856
598.679	0.9621098901
599.738	0.1065628043
600.748	0.2034598826
601.758	4.290301698
602.802	1.26697006
603.819	1.836755245
604.839	2.689534466
605.849	0.4250097087
606.884	2.21716551
607.888	2.904990733
608.908	1.35579782
609.938	1.668689109
610.948	1.99134053
611.978	0.3000436075
612.988	0.3290630456
613.998	0.2405274725
615.018	0.3426692759
616.028	0.1912543689
617.058	0.9255287129
618.068	0.5267740668
619.083	1.945056604
620.088	2.416207792
621.108	0.4259640719
622.168	0.8279650824
623.178	2.169286713
624.188	1.936410811
625.258	1.880927651
626.318	2.335026497
627.319	0.2360470588
628.328	2.28356778
629.398	1.516990099
630.518	2.275485149
631.528	1.27740198
632.538	4.251446766
633.598	4.312167832
634.608	1.407240356
635.618	0.3931339806
636.619	1.869283019
637.739	4.382305694
638.758	2.5967889
639.76	5.307076923
640.768	0.127942446
641.769	4.710297702
642.77	1.858621379
643.778	0.2679725759
644.779	0.2911706422
645.788	1.672759241
646.798	1.600767233
647.808	2.497278721
648.81	1.344767233
649.878	2.321028684
650.888	0.7476594059
651.889	1.029386139
652.898	2.20847952
653.988	1.857394059
654.989	0.4855944056
655.998	4.809188119
656.999	2.589718812
658.0	2.180262425
659.008	0.8500194175
660.009	0.537524558
661.069	0.3755294118
662.078	1.965750495
663.088	3.382857143
664.123	2.091279208
665.128	1.073791873
666.129	2.328743257
667.139	0.9318653465
668.159	2.160792079
669.16	2.013436202
670.168	0.2166107446
671.179	1.636182178
672.19	1.968422287
673.198	1.508763237
674.208	2.470186457
675.217	1.283104951
676.22	1.777045545
677.228	3.771599214
678.239	0.9245422397
679.248	2.387948052
680.258	1.312412289
681.267	1.684023762
682.268	1.414905095
683.269	1.189798237
684.287	1.688625
685.298	0.5472
686.311	2.123409182
687.317	0.3234829932
688.327	3.262593407
689.328	2.125890981
690.352	2.113143992
691.357	1.507647175
692.377	2.197546454
693.378	2.267684316
694.379	2.650341658
695.387	2.032777007
696.397	0.7331417476
697.398	3.171888224
698.399	0.4506352941
699.407	0.8343445545
700.438	3.2408577
701.439	0.9102152642
702.447	5.049230769
703.457	0.719576055
704.46	0.4880872151
705.467	2.311416583
706.477	0.3711627907
707.487	2.405274725
708.488	2.448855446
709.497	1.743284491
710.507	2.665568317
711.527	5.432846307
712.528	1.784485082
713.547	0.7873174312
714.548	1.293940594
715.549	0.2658892128
716.557	0.9535366337
717.567	2.03710099
718.597	0.845180198
719.687	0.7917859267
720.909	1.721030969
721.917	0.6804078431
722.918	1.870585462
723.927	1.984888008
724.94	0.528852071
725.947	1.906893107
726.948	2.282243806
727.957	1.422131501
728.967	1.819428571
729.969	2.266087619
730.977	1.560205331
731.987	1.803956044
732.988	2.453546454
733.997	1.593044865
735.067	2.089079365
736.077	0.6711454006
737.087	2.32234965
738.11	0.4735384615
739.116	0.6544941176
740.147	2.366669307
741.177	1.261032385
742.186	2.253813861
743.227	0.1516990099
744.246	0.9860435644
746.357	1.969650794
747.358	0.6268893204
748.367	0.3404039604
749.387	2.634869131
750.397	0.6984521895
751.506	1.170249505
752.517	0.6340096
753.518	0.3575762376
754.527	1.408633663
755.549	0.7081411765
756.826	1.06084273
757.84	0.5844160942
758.848	2.934601399
759.87	2.088215784
760.877	0.2168150943
761.886	2.501650794
762.897	0.6317964775
763.906	0.8993584158
764.916	1.345805447
765.917	2.369014866
766.937	0.4101301775
767.938	1.061893069
768.957	1.300277228
769.966	0.4230089197
770.967	0.4121346535
771.976	2.339541376
772.977	0.4984745437
773.986	1.43480396
774.987	2.64839604
775.988	1.742897103
776.996	2.645776459
778.244	0.4054178218
779.246	0.8243250743
780.247	2.766065934
781.266	2.561710891
782.267	0.7016156863
783.286	4.546583486
784.287	0.4250097087
785.296	4.683892108
786.297	1.0944
787.306	0.2488450971
788.307	1.73820198
789.316	1.721160784
790.326	0.2104615385
791.327	1.256934653
792.336	1.335704885
793.337	0.4659326733
794.346	0.3369056604
795.356	0.1651924528
796.357	0.9968792079
797.358	0.4250097087
798.366	1.716705882
799.367	2.28858672
800.376	1.170837736
801.377	2.551944056
802.428	1.180771229
803.436	1.725070647
804.456	0.3510339623
805.457	1.400651619
806.466	1.044720792
807.467	1.516990099
808.476	0.422590099
809.477	2.355148851
810.486	2.164747253
811.596	1.566382557
812.615	2.206188679
813.617	0.9192437811
814.628	0.7151524752
815.646	1.974041625
816.647	3.93404995
817.656	1.365291089
818.657	2.339676324
819.676	0.2591658584
820.686	1.414905095
821.687	2.284507937
822.696	4.269251241
823.705	2.925623762
824.706	0.4312906404
825.725	2.313546614
826.746	2.469079365
827.747	0.3616093294
828.836	1.399432567
829.845	1.552308605
830.855	1.478146535
831.857	1.430304951
833.155	0.9870208127
834.165	0.1866718903
835.185	2.364511397
836.215	2.279984158
837.225	0.5787881188
838.227	0.5832713026
839.235	1.271772326
840.245	0.4334257426
841.246	0.1227364486
842.255	0.8393628319
843.256	0.7910019802
844.265	1.191920792
845.275	1.861079365
846.285	0.6330352941
847.286	3.798865455
848.294	2.071659068
849.295	0.595960396
850.304	4.847888112
851.305	0.8476235294
852.314	0.8126732673
853.315	2.134621782
854.445	0.3655166994
855.446	0.5851247525
856.454	0.4104
857.455	0.1369316651
858.456	1.447704296
859.465	1.965750495
860.466	2.015429703
861.484	1.148578218
862.485	2.369014866
863.494	1.21810989
864.495	2.472942116
865.505	1.994357642
866.506	4.404171828
867.507	2.485861386
868.514	0.9038574257
869.516	1.521489109
870.517	2.416207792
871.524	1.185852797
872.535	0.3442821735
873.544	0.1761254902
874.545	3.787380619
875.635	3.39379021
876.636	0.6826455446
877.637	4.490455446
878.638	2.063271287
879.639	1.560332673
880.644	0.7296
881.694	1.236526126
882.704	2.245818182
883.705	0.851515873
884.706	0.3969882353
885.725	4.235636364
886.726	1.174748515
887.727	1.029386139
888.735	1.238337255
889.736	2.103688312
890.737	0.5939902057
891.738	2.182818692
892.825	2.672207792
893.835	0.4442613861
894.836	0.6759529412
895.895	0.6670628571
896.906	0.1563428571
897.907	0.1250742857
898.915	2.950572283
899.92	0.8171722772
900.925	2.708910891
901.927	1.169091988
902.928	2.210471287
903.929	2.262793651
904.935	1.797562438
905.936	1.354455446
906.937	1.722867327
907.938	2.125554446
908.939	0.3788307692
909.965	0.1950415842
910.967	2.562877123
912.046	1.819428571
913.047	2.242978218
914.048	2.325629336
915.055	2.225714286
916.056	1.332784158
917.057	1.970081553
918.058	0.9318653465
919.074	4.480190855
920.076	0.6921106719
921.085	2.497278721
922.104	2.492739261
923.115	2.56617931
924.116	1.946005946
925.117	2.331339806
926.118	2.372475524
927.125	0.7484003964
928.126	1.946478431
929.135	1.819428571
930.136	1.642307235
931.184	2.043623389
932.185	1.54959292
933.186	0.4117544554
934.187	0.6167912088
935.188	0.5369970559
936.194	1.906893107
937.195	0.6361154229
938.196	0.8168408225
939.205	2.438073926
940.206	0.2501485714
941.213	2.149956436
942.225	0.9227294118
943.412	0.9246132542
944.414	0.1622153846
945.415	1.196419802
946.431	2.011084242
947.434	0.8730555556
948.435	2.616571429
949.454	0.4078406374
950.455	5.46013986
951.465	1.305574426
952.474	1.159413861
953.484	1.018295788
954.485	2.55562038
955.492	1.664690873
956.494	2.347892108
957.594	2.282243806
958.595	0.2600554455
959.596	0.7420574827
960.597	2.534230159
961.603	0.3648
