0.0	2.067453744
1.088	1.219629851
2.109	0.8468571429
3.129	0.1553627119
4.201	1.119712288
5.208	1.777018727
6.22	0.8743945044
7.228	0.1475912409
8.268	0.106047619
9.3	1.75949004
10.304	0.5794525475
11.321	1.972679842
12.328	1.498285714
13.329	1.181768924
14.333	0.6997162837
15.34	1.507667984
16.361	1.296507937
17.368	0.8007866273
18.388	1.575849057
19.392	1.654577075
20.4	2.087146245
21.401	1.665650794
22.441	0.1317333333
23.449	0.7301275761
24.46	0.1621654135
25.588	1.401962264
26.6	0.8803018868
27.708	2.245482072
28.709	1.956226415
29.712	0.4248447205
30.728	0.519083004
31.748	0.7708571429
32.752	1.606884462
33.76	1.698222222
34.768	0.6058160237
35.781	1.190964706
36.789	1.15712253
37.792	0.1062939068
38.8	0.7461818182
39.801	0.1040926641
40.808	1.217207547
41.812	0.6972698413
42.82	1.643762846
43.829	1.613258964
44.84	0.6239841112
45.853	0.1797333333
46.864	1.773533597
47.868	1.290101898
48.88	1.316923687
49.888	0.7137391304
50.892	1.773533597
52.02	1.254450593
53.029	1.098854902
54.12	1.708648221
55.121	0.7678102767
56.128	1.423283582
57.148	1.082373626
58.16	1.745802592
59.161	0.4781886792
60.168	0.3648395062
61.24	1.118285714
62.248	1.509142857
63.26	0.1020245979
64.268	0.6986719524
65.269	0.1599846154
66.288	0.1229754386
67.308	1.852059701
68.361	1.655432567
69.368	1.488453901
70.38	0.8476981132
71.4	0.3262153846
72.448	0.9885849802
73.64	0.5147936508
74.709	1.423698113
75.716	1.031428571
76.729	0.6544941176
77.753	0.1832260652
78.768	1.881
80.209	1.751905138
81.216	1.340964427
82.236	0.1229179331
83.256	1.535558621
84.276	1.076630372
85.296	1.765464956
86.316	0.1161863014
87.396	1.345454545
88.408	1.49096063
89.428	0.718229249
90.477	2.065307393
91.497	0.6032125984
92.508	0.8994117647
93.516	2.12168546
94.528	0.1503591757
95.529	1.828454902
96.537	1.569657371
97.556	1.710097902
98.689	1.225295163
99.696	1.546434783
100.716	0.3589565217
101.728	1.209650794
102.768	1.242408687
103.948	1.384094118
104.949	1.048980237
105.957	0.9939269497
106.968	2.195320755
107.969	2.334285714
108.976	1.076162216
110.088	0.1753515551
111.109	1.726285714
112.116	1.92421978
113.136	1.513302697
114.14	0.1518873239
115.153	1.265191658
116.189	1.566536779
117.197	0.8813135509
118.208	1.677306693
119.22	1.656860558
120.229	1.10423976
121.236	1.467169811
122.256	0.4196740741
123.268	0.1374431373
124.276	2.138608175
125.288	1.52
126.3	1.618093906
127.308	1.002290196
128.376	1.560197433
129.388	1.418464606
130.396	1.772041083
131.401	0.9994485514
132.408	1.501732283
133.416	0.8902857143
134.428	0.8718096916
135.436	1.290101898
136.449	0.384285078
137.461	1.656436941
138.596	0.6419076923
139.608	0.5216603774
140.668	1.373734239
141.669	0.1180235294
142.7	0.1267463271
143.708	0.1523163842
144.716	1.422285714
145.728	0.1585882353
146.908	0.6145891626
147.917	1.650285714
148.928	2.058029383
149.929	0.545201581
150.936	1.490457879
151.956	0.5149357798
152.969	0.1502117647
153.976	0.7617882353
154.996	1.546101898
156.008	1.394222222
157.012	1.038166008
158.02	1.752507937
159.028	0.2523112392
160.26	0.3574409222
161.261	1.040752941
162.296	0.6086037736
163.297	1.384221344
164.301	1.615450442
165.309	0.6164110672
166.316	1.481079365
167.388	1.880487512
168.396	0.1602079851
169.416	1.088246154
170.42	1.622134387
171.421	1.010716981
172.468	1.380130049
173.469	1.529339941
174.476	2.032301887
175.489	0.2177910448
176.496	1.172426877
177.516	0.4180372184
178.529	0.5243205575
179.536	0.5579294118
180.54	1.544953069
181.541	0.9236996047
182.556	0.1797333333
183.568	1.291746753
184.576	0.9228571429
185.588	0.4772408325
186.597	0.1603125
187.608	0.7423255814
188.609	1.190298211
189.668	0.9441882353
190.669	0.4310317003
191.716	0.762239367
192.757	0.916454902
193.768	0.4379169811
194.796	0.1239708029
195.828	0.5934705882
196.836	1.583367589
197.849	0.1611155378
198.868	1.195471698
199.869	1.449106719
200.876	1.967952048
201.896	1.746267592
202.908	1.738867925
203.916	0.9011806515
204.92	0.1205434222
205.988	0.1592125984
206.996	1.563283877
208.008	0.8830079435
209.009	0.9294045802
210.017	1.612965243
211.029	0.1704126984
212.036	0.3329721116
213.037	1.426793651
214.048	0.1052307692
215.068	0.1969090909
216.076	1.008564706
217.169	1.177079365
218.176	1.422559842
219.188	0.1373085211
220.208	0.2358158668
221.228	2.047682224
222.229	0.8368941176
223.236	0.1040304183
224.256	1.850222222
225.268	0.1292787213
226.556	2.271396226
227.568	1.814889111
228.569	0.1247179487
229.576	0.1526037736
230.596	1.325886792
233.056	0.4720941176
234.597	1.707650638
235.609	0.4230089197
236.624	0.5980319489
237.628	0.7635348837
238.648	0.1160609865
239.656	1.356175299
240.728	1.665391304
241.808	0.6100869565
244.256	1.479883608
245.26	0.1611155378
246.276	0.1732742242
247.288	1.809466135
248.301	1.03547667
249.316	1.762719368
250.32	1.23174502
251.328	0.1317593985
252.348	1.806793651
253.353	0.6698203356
254.357	1.785886567
255.369	1.209650794
256.457	0.4342857143
257.469	0.4451428571
258.488	0.1903304348
259.508	1.356268775
260.536	1.068507937
261.568	1.254450593
262.577	1.673660377
263.596	1.524806324
264.597	0.836
265.608	0.139772682
266.788	1.806793651
267.796	1.223216617
268.797	1.535426866
269.809	1.533037037
270.829	1.754964143
271.838	1.191704296
272.849	1.248007333
273.861	0.8966949654
274.87	0.5726511628
276.005	1.751631734
277.01	0.1268705882
278.017	0.9192094862
279.021	1.521992453
280.03	1.602097319
281.069	1.403972028
282.129	1.1952364
283.13	0.8261647059
284.137	0.1535088968
285.138	1.688231768
286.337	1.030023529
287.358	0.1298074074
288.365	1.553930209
289.377	0.5466533467
290.489	1.498285714
291.497	0.1962071713
292.509	0.8111553785
293.657	1.819455809
294.67	1.589834166
295.677	0.105129683
296.681	1.268235764
297.689	1.133650794
298.69	1.043180819
299.697	2.0492749
300.71	0.5042823529
301.729	0.1797333333
302.737	1.745007874
303.741	0.1530368969
304.749	1.439715134
305.751	0.8515820896
306.757	1.2768
307.769	0.9074985193
308.77	0.1348
309.789	1.350793651
310.793	1.417342602
311.797	0.1175581395
312.809	0.8460178394
313.889	1.765864542
314.917	0.1080982456
315.937	1.645960159
316.938	0.1548679245
317.95	1.305574426
318.957	1.10423976
319.969	0.8628078431
321.117	1.737142857
322.129	1.890294821
323.137	0.9964621514
324.149	0.4154565435
325.15	0.1797333333
326.157	0.2042424242
327.161	0.8739463754
328.169	1.767209486
329.17	1.050017804
330.177	0.7353675889
331.181	0.1283809524
332.249	2.117142857
333.257	0.6008470588
334.297	0.3516521739
335.301	0.959372549
336.317	1.529296443
337.321	1.972491508
338.337	1.167936759
339.35	0.8326956522
340.357	1.644499501
341.378	1.867428571
342.389	1.286893281
343.397	0.1150990359
344.41	0.973042957
345.418	1.183428571
346.429	1.217207547
347.437	1.401855072
348.449	1.656436941
349.45	0.1526037736
350.457	1.967952048
351.469	0.6731428571
352.478	1.405079365
353.49	1.622134387
354.529	1.041626851
355.541	1.296426456
356.569	1.499373878
357.617	0.6864648863
358.637	0.6812964427
359.642	0.4184470588
360.649	1.734766798
361.658	1.268235764
362.669	2.48281791
363.678	0.1615748032
364.689	1.681189296
365.69	0.8314347399
366.697	1.849233202
367.769	1.683692308
368.797	1.546434783
369.798	1.529247387
370.801	0.5257411765
371.809	2.171428571
372.818	0.9083952569
373.829	0.1073898305
374.83	1.98387251
375.837	1.541562438
376.849	1.691509881
377.857	0.1300321543
378.861	0.9978352941
379.869	2.055416583
380.87	1.170868526
381.889	1.287529412
382.89	1.741650794
383.897	0.9882589928
384.921	1.405079365
386.109	0.9563773585
387.118	0.1394823529
388.129	1.687365079
389.137	0.6514285714
390.149	1.205142857
391.157	0.8539064677
392.169	0.6696950421
393.177	1.07598002
394.189	0.3848897716
395.197	1.399525692
396.278	1.856571429
397.297	0.1427788162
398.302	0.4673207547
399.305	0.4803162055
400.309	1.851223881
401.31	0.8154352941
402.317	1.315018868
403.329	1.780571429
404.33	0.2645132075
405.338	1.013737052
406.35	1.910857143
407.358	1.203680158
408.369	0.684
409.37	1.192669323
410.377	1.501693978
411.39	1.979003953
412.397	1.002370664
413.409	1.692416254
414.41	1.469595506
415.422	1.644284921
416.429	1.687019763
417.437	0.1206973555
418.461	0.458007722
419.482	0.2503870353
420.489	1.294641359
421.509	1.437420896
422.51	1.333219858
423.518	1.781082353
424.55	0.6223058824
425.557	1.445433962
426.562	0.6381341108
427.569	1.626957384
428.598	0.1073034826
430.177	0.4524092409
431.197	1.698222222
432.209	1.102037886
433.217	1.24583317
434.469	1.667760956
435.477	0.6704822134
436.489	0.1611155378
437.497	0.2525538462
438.517	0.2633301251
439.529	0.150374502
440.537	1.629026973
441.55	1.906399206
442.737	1.138433759
443.789	1.655940741
444.793	1.163231373
445.809	1.368
446.829	2.083548577
447.849	1.215660079
448.857	1.665650794
450.037	1.529339941
451.049	2.137248283
452.069	1.205142857
453.081	0.1755169811
454.089	0.2001780944
455.09	0.6759529412
456.121	0.6341178821
457.13	1.784347826
458.137	0.5514418605
459.157	0.1474375
460.169	1.748
461.177	1.286893281
462.19	1.292598425
463.197	0.5737210682
464.209	0.6488537549
465.217	1.624596078
466.218	0.9525934718
467.221	0.4470588235
468.229	0.491988012
469.237	0.1632393567
470.241	0.2713756098
471.249	1.524507937
472.257	1.086987141
473.261	1.646054902
474.265	0.3383652174
475.278	1.138858835
476.281	0.1271006346
477.289	0.1114666667
478.297	1.467169811
479.298	1.497057627
480.317	1.307365079
481.33	0.6539901088
482.337	0.582247012
483.357	0.4217549407
484.369	1.792191235
485.381	1.150798419
486.389	1.411632774
487.39	1.694625375
488.409	1.534305882
489.421	1.651924528
490.429	1.368
491.437	1.260679245
492.441	0.1722666667
493.449	1.075098814
494.45	1.009554465
495.462	1.137317647
496.477	2.000751249
497.49	1.086792453
498.497	0.7733205005
499.501	2.162716981
500.502	0.1585882353
501.517	0.8079365079
502.522	1.316507493
503.53	0.3676837945
504.537	1.097660377
505.577	0.2608301887
506.582	0.1394945274
507.59	1.068721435
508.609	2.236335637
509.689	1.558625621
510.697	2.377014985
511.709	0.5906967615
512.71	1.471553785
513.73	0.1013962901
514.741	0.1691345455
515.749	2.010607407
516.757	0.1132794118
517.762	0.5977358491
518.769	1.813992032
519.781	0.9155905512
520.798	1.666322827
521.81	1.086792453
522.829	1.025079365
523.837	1.509517241
524.842	1.14
525.849	0.1317593985
526.85	0.147870715
527.862	0.1418947368
528.87	2.193121422
529.89	0.2642627737
530.897	0.392372093
531.902	1.297079043
532.91	1.803338583
533.941	1.295400749
534.949	0.5579294118
535.957	1.02361791
536.969	0.1162980392
539.889	0.1073520362
540.897	0.1268705882
541.917	0.4473307985
542.949	1.376604975
543.989	0.7137391304
545.001	0.6520754717
546.009	2.238792453
547.029	1.279305035
548.037	0.1562898551
549.049	0.7840157017
550.069	1.15712253
551.11	2.128
552.129	1.481549407
553.137	1.453596838
554.157	1.410677291
555.161	0.5579294118
556.177	0.5587765641
557.189	1.622134387
558.209	0.9949090909
559.217	0.5407114625
560.229	1.495376111
561.23	1.975530348
562.265	0.174442953
563.277	1.187936508
564.289	1.074857143
565.357	1.073223436
566.37	1.71136255
567.389	0.8816
568.39	1.467076923
569.409	0.1072941176
570.429	0.6670625
571.477	0.5754285714
572.518	0.1057254902
573.537	2.140981132
574.589	0.8074336989
575.597	0.8659940653
576.609	0.7877019608
577.61	1.152
578.621	0.8306196078
579.629	1.858009814
580.63	0.3759389313
581.637	1.49783017
582.641	0.1322566038
583.649	1.681174789
584.657	1.006033966
585.67	0.9958931751
586.677	1.180235294
587.681	0.655984016
588.689	1.715888446
589.697	0.1526037736
590.698	0.1635488152
591.702	1.951171315
592.71	2.347471698
593.717	1.086199806
594.729	0.9020711462
595.737	0.1324350877
596.749	1.214523077
597.77	0.2654328358
598.777	1.543245283
599.789	0.109837037
600.798	1.362635294
601.81	2.11814902
602.817	0.589372206
603.849	1.651924528
604.909	1.184713725
605.917	1.667304866
606.922	0.9662857143
607.93	1.725657765
608.937	0.6082082429
609.949	1.162867925
610.95	0.2812140078
611.957	0.9707936508
612.97	1.042285714
613.977	1.143247863
615.081	2.033075099
616.11	1.254795613
617.126	0.3414101291
618.53	1.470222222
619.909	0.1480156863
620.961	1.665880509
621.985	1.761617443
623.065	1.24583317
624.085	0.1267644788
625.226	1.282415094
627.598	1.788837945
628.942	0.1374431373
629.985	1.682857143
631.085	0.4847244094
632.206	1.651924528
633.286	1.628571429
634.39	2.441689243
635.49	0.8197354086
636.506	1.869283019
637.51	0.9500218471
638.606	1.738357642
639.63	1.449106719
640.69	1.715888446
641.746	2.115355094
642.766	0.9057254902
643.786	0.1306746269
644.791	1.863968127
645.826	1.666365634
646.887	1.400571429
647.923	1.242222222
649.003	1.702882061
650.043	1.009714286
651.048	1.67817279
652.084	0.5183936064
653.163	1.754964143
654.183	1.607160839
656.178	0.9771428571
657.182	0.4366760563
658.498	1.458637363
659.518	0.4333344566
660.762	1.824
661.782	1.48698008
663.078	0.1458705314
664.098	0.2610687023
665.118	1.617714286
666.149	1.921714286
667.313	0.4141423221
668.453	0.1273700787
669.593	1.274793651
670.614	1.352997009
671.826	0.6066983051
672.846	1.459365079
673.866	0.1057254902
675.006	0.1041294006
676.086	0.10944
677.266	1.308663357
678.271	1.704571429
679.328	1.590477295
680.431	1.600505929
681.452	0.1795830116
682.592	0.5704401544
683.612	0.2216507937
684.633	1.308047809
685.796	1.814889111
686.8	0.4490305085
687.936	1.350581783
688.976	0.7510588235
689.977	0.5971428571
690.981	0.1375780177
692.016	0.7817142857
693.04	1.481549407
694.045	0.1090434783
695.064	1.237714286
696.124	1.509142857
697.181	1.481647291
698.285	0.5042823529
699.34	0.5092365064
700.4	1.346285714
701.404	0.6652235294
702.508	1.350793651
703.544	1.417342602
704.564	1.544908193
705.584	0.7057142857
706.649	1.503177866
707.728	1.967952048
708.732	0.3845079365
709.828	0.5429416342
711.112	1.319335968
712.132	0.9256119403
713.152	1.037141165
714.328	1.255341176
715.392	0.1139208883
716.408	1.356268775
717.532	0.1204398625
718.672	0.5726511628
720.055	1.6503125
721.091	1.986857143
722.151	1.357142857
723.175	0.1268705882
724.551	0.1198222222
726.631	1.43915211
727.747	0.1451692308
728.811	0.7283237907
729.927	0.6103384615
730.987	2.260173913
732.051	0.7536605238
733.108	1.898116947
734.111	0.1521408712
735.207	0.1449462366
736.527	1.847688312
737.632	1.847688312
738.712	0.8965114885
739.732	0.1000140351
740.932	1.352402878
742.948	1.73648269
743.969	0.8251428571
745.084	1.09564462
746.264	0.11584375
747.284	1.292
748.304	0.106875
749.368	0.4397559322
750.448	1.636930324
752.244	0.531030303
753.264	1.075924528
754.387	0.9949090909
756.563	1.313443137
757.623	1.716491508
759.999	1.735284047
