0.0	1.14
1.004	0.1764740741
2.005	1.138167331
3.052	1.045207843
4.2	0.1591368631
5.204	1.549399801
6.212	0.1278753651
7.22	1.594181818
8.232	0.8034285714
9.244	1.449106719
10.252	2.119203187
11.261	0.1147972028
12.272	0.1449536424
13.28	0.9988571429
14.292	1.431968379
15.293	0.1052307692
16.3	0.1525650558
17.312	1.297625
18.32	0.1989496545
19.333	0.9402437562
20.34	1.257302697
21.352	1.27987251
22.36	0.1547219604
23.365	1.14
24.376	0.1265765125
25.384	0.1155147541
26.393	1.414905095
27.492	1.345454545
28.493	0.9257304965
29.525	0.9010509491
30.533	1.14
31.54	1.21447012
32.544	1.510641509
33.552	1.257302697
34.56	1.268235764
35.577	0.6514285714
36.692	0.1795830116
37.693	1.678661355
38.701	0.206676259
39.712	0.8502310757
40.713	1.479611497
41.732	1.351649402
42.74	0.1243636364
43.764	1.23750349
44.772	0.1270285714
45.784	1.29770751
46.792	1.484023857
47.8	0.2271396226
48.812	1.115858824
49.832	0.4993460076
50.84	0.2147988224
51.841	1.856571429
52.852	0.6694274981
53.892	1.083670588
54.9	1.395606753
55.904	1.513992095
56.912	1.770390438
57.924	1.791428571
58.925	1.878285714
59.929	1.678243137
60.933	0.3849976762
61.944	1.760979269
62.945	1.373364706
63.952	0.6526989141
64.96	0.270088845
65.964	1.325111771
67.044	2.285677626
68.152	0.1586086957
69.172	1.062211765
70.18	1.513650794
71.184	1.335685039
72.192	0.4399058824
73.193	1.220507937
74.2	1.693714286
75.204	1.362326241
76.213	0.784744186
77.216	0.9047330677
78.22	0.1644840764
79.232	0.5838060606
80.244	0.1548679245
81.253	1.141772549
82.344	1.257302697
83.352	0.9327888999
84.361	1.103051383
85.372	1.270285714
86.373	0.1589157793
87.512	1.486039526
88.52	0.1548679245
89.524	1.454857143
90.565	0.218225324
91.585	1.093317507
92.593	0.458687747
93.652	1.263936508
94.659	0.4295976448
95.663	0.5211428571
96.674	0.1656613056
97.698	0.686041791
98.707	1.308988235
100.314	0.1572413793
101.327	1.710097902
102.658	0.1229582947
103.667	0.1844494382
104.678	0.1583027965
105.806	0.1578461538
106.839	0.2324015444
107.887	0.8571118644
108.898	0.1450909091
109.946	0.1417051793
111.146	1.73027668
112.178	1.892895522
113.258	0.1607835455
114.266	1.311267662
115.278	0.3075348837
116.286	1.249066667
117.298	0.1548679245
118.318	1.158267062
119.339	0.1168398577
120.346	0.7353675889
121.366	0.1526055777
122.378	1.493418073
123.387	0.1373281853
124.426	1.454857143
125.458	1.465030969
126.506	1.423698113
127.518	0.2057142857
128.526	1.335960435
129.534	1.586716981
130.538	0.4012330009
131.546	0.7454452122
132.554	1.367208191
133.574	1.363629393
134.579	0.1180235294
135.598	1.505096964
136.618	1.432231768
137.626	0.1933189401
138.638	0.6164110672
139.654	0.1609411765
140.659	2.139374257
141.667	2.17568032
142.678	1.118285714
143.679	1.561879088
144.686	1.738357642
145.698	0.6008470588
147.438	0.9237735849
148.446	1.020571429
149.458	0.1525650558
150.466	1.654793651
151.467	1.599120073
152.479	0.1342188679
153.486	1.042656126
154.506	1.657429418
155.527	1.12390864
156.543	0.1578461538
157.546	0.1554545455
158.558	0.4889429658
159.562	0.1609411765
160.566	1.418065282
161.575	1.523301086
162.578	2.251936508
163.706	0.1467586207
164.727	0.1344
165.746	0.1508031496
166.758	1.410365634
167.775	1.286893281
168.787	1.57887747
169.806	1.850222222
170.835	1.447704296
171.854	1.661142857
172.878	1.178750988
173.938	0.7894387352
174.946	1.834857143
175.966	2.117142857
176.979	1.162761622
177.986	1.769045412
179.066	0.4399058824
180.078	1.693714286
181.094	1.427286099
182.098	0.2244375
183.106	0.5903856144
184.126	0.160248062
185.127	0.1931294118
186.146	1.869283019
187.158	1.282415094
188.166	0.1578461538
189.167	1.615810277
190.178	0.1363738318
191.179	1.710431373
192.246	0.4129811321
193.247	1.749767442
194.258	1.469283317
195.259	0.1570909091
196.267	1.189116187
197.278	0.2112741313
198.286	0.8048595989
199.29	0.8066294821
200.298	0.1632
201.306	0.1591384615
202.318	0.131628866
203.326	0.1056
204.338	0.1503591757
205.346	0.5520712166
206.358	0.8476981132
207.386	1.650285714
208.395	0.1394823529
209.398	0.144
210.406	0.4091076923
211.426	0.1744063745
212.431	1.047944719
213.458	0.1886896552
214.486	2.021433962
215.498	1.465030969
216.506	0.9445714286
217.518	0.152
218.526	1.558625621
219.538	0.1914440154
220.539	1.502117647
221.546	0.1526055777
222.555	1.526652131
223.559	0.9978352941
224.567	0.1199043825
225.679	1.591264095
226.686	1.726285714
227.718	1.373450199
228.726	0.1925333333
229.739	0.1362758621
230.746	0.458687747
231.758	0.6457199603
232.766	1.21825603
233.858	1.209944223
234.866	0.1619833488
235.878	0.655984016
236.879	1.209650794
237.886	0.1389375
238.898	0.77092607
239.899	1.815050049
240.906	1.050017804
241.919	0.8651383399
243.006	1.405849802
244.018	0.5074605395
245.019	0.1502117647
246.046	1.215683794
247.07	0.912
248.086	0.1193890909
249.099	0.1165915769
250.106	1.563428571
251.126	0.1417051793
252.138	0.6188571429
253.139	1.261842158
254.146	1.399432567
255.158	0.1554545455
256.186	0.1755169811
257.214	1.073834497
258.226	0.807079646
259.234	0.1874022989
260.246	0.1238943396
261.254	0.5799568204
262.267	1.116519731
263.294	0.1114666667
264.306	0.1570909091
265.314	0.7064150943
266.326	0.6542638298
267.334	1.48595441
268.347	1.786852036
269.374	0.8187936508
270.394	1.324571429
271.415	1.183249012
272.426	0.6425296443
273.558	1.281142857
274.574	1.160252149
275.634	0.734054902
276.746	0.117
277.766	0.1563428571
280.106	1.298258824
281.154	1.845458824
282.155	1.875351779
283.159	0.8938326693
284.166	1.416664032
285.226	0.8947936508
286.227	0.1292598425
287.234	1.057437214
288.235	0.327992008
289.238	0.1609411765
290.246	1.217207547
291.306	0.6866823529
292.31	0.1498245177
293.314	1.378771654
294.327	0.1586086957
295.334	1.626957384
296.446	0.5686588235
297.447	1.474265487
298.506	1.564981132
300.058	0.6355275591
301.098	1.54939388
302.118	0.9271843137
303.126	1.364003895
304.138	0.1502117647
305.146	1.431968379
306.167	1.60845283
307.186	2.173584906
308.198	0.121362963
310.007	2.347471698
311.018	0.5004180561
312.026	0.5623399209
313.046	1.319717647
314.058	1.059794466
315.066	1.526055777
316.078	0.1578461538
317.086	0.1409381747
318.326	0.1153103448
319.406	0.1651924528
320.418	0.9925079365
321.426	0.9451148184
322.446	1.063254171
323.459	0.6223058824
324.466	0.5537142857
325.467	0.9192094862
326.558	0.7296
327.559	1.619182401
328.566	1.204159688
329.818	1.507667984
330.826	1.55238247
331.846	1.091221684
332.859	1.436771229
333.866	1.661142857
334.879	0.1610991168
335.886	1.133650794
336.887	0.1748571429
337.966	1.143402985
338.979	1.242222222
340.038	1.331835721
341.039	0.1394823529
342.046	0.9988571429
343.066	0.855
344.078	1.844489209
345.087	1.611373016
346.099	1.194285714
347.106	1.082373626
348.118	0.6652235294
349.126	1.905911155
350.13	0.3537238002
351.146	1.308655412
352.158	1.303992149
353.166	1.137038961
354.198	0.1583027965
355.207	0.150746988
356.218	2.003143139
357.219	1.503177866
358.338	1.666357642
359.346	1.464411067
360.358	1.395860973
361.366	1.454857143
362.386	0.1054545455
363.406	1.335960435
364.418	0.1418666667
365.426	0.5226985075
366.442	1.427478261
367.458	0.1348732394
368.478	1.917354331
369.538	1.934490566
370.558	1.552495504
371.566	1.071440559
372.59	1.009714286
373.606	0.2467764706
374.607	0.5892923077
375.898	0.7817142857
376.899	0.1502117647
377.906	1.077396078
379.078	1.57722894
380.086	0.1572413793
381.099	1.932571429
382.158	0.7382857143
383.246	1.427952191
384.259	0.8091607843
385.275	0.1890518234
386.278	0.9939269497
387.279	1.793022977
388.286	1.719936508
389.287	1.387332675
390.298	1.841294705
391.306	1.14
392.318	2.043889328
393.326	0.1167058824
394.338	1.687019763
395.479	2.008368989
396.526	0.8735372549
397.546	1.558625621
398.559	0.5696444886
399.586	0.9137157107
400.587	1.169505882
401.599	0.1152
402.618	2.116785643
403.626	0.117
404.639	1.560311067
406.519	0.9408379447
407.766	1.311968032
408.786	0.8509606299
409.799	0.1265511811
410.806	1.628685259
411.818	0.1554545455
412.826	1.383365079
413.838	1.048980237
414.846	1.862584615
415.858	1.444
416.859	0.1609411765
417.862	1.071667656
418.866	1.803956044
419.867	0.1610991168
420.87	1.509142857
421.878	1.206425197
422.886	1.51880315
423.898	1.12916996
424.906	2.416207792
425.918	1.253079365
426.919	1.167936759
427.923	0.152
428.926	1.800754717
429.946	0.5793882353
430.966	0.5271317829
431.979	1.296426456
432.986	0.1795830116
433.998	1.549347632
435.019	1.604216607
436.026	1.027351779
437.027	1.101079365
438.038	0.1450909091
439.046	1.373407115
440.047	0.1514391144
441.058	1.148047059
442.158	2.011684316
443.159	1.266070588
444.166	1.046793651
445.186	0.1570909091
446.195	2.321028684
447.198	1.30723001
448.206	1.704571429
449.226	0.1502117647
450.246	0.1560456274
451.286	0.1368
452.306	1.276059583
453.318	1.341176471
454.319	0.1378604651
455.326	2.216916996
456.338	1.178750988
457.346	1.346285714
458.526	0.7499308983
459.53	1.222007905
460.538	1.836755245
461.566	1.15021336
462.578	0.1591854545
463.586	1.564981132
464.598	1.373364706
465.606	0.5473618677
466.618	1.809466135
467.626	0.9925079365
468.638	1.635059761
469.746	1.269026759
470.766	0.1494375
471.778	1.1952364
472.786	1.10217279
473.798	1.238943396
474.806	0.1609411765
475.826	0.6558202247
476.846	0.67974143
477.858	0.967245283
478.866	0.2084571429
479.918	0.1697518248
480.939	0.1578461538
481.946	0.7009032258
482.958	1.530857143
484.026	1.552571429
485.038	1.297795432
486.046	1.175912785
487.058	0.1180235294
488.066	0.1816875
489.079	1.437650794
490.099	0.1609411765
491.107	0.1473230769
492.126	1.719462451
493.246	0.1584555985
494.258	0.8588142292
495.266	1.361300686
496.279	1.068507937
497.286	1.861079365
498.299	1.025079365
499.306	0.1267644788
500.326	1.571000987
501.346	0.7396043095
502.359	0.1997463977
503.366	1.632948617
504.378	1.253545817
505.386	1.454857143
506.398	1.281142857
507.399	1.371147671
508.407	1.258940711
509.426	1.077165354
510.43	0.1824
511.438	1.530629371
512.447	1.340589147
513.458	1.849913725
514.478	0.6921106719
515.486	1.058701092
516.498	1.027708292
517.506	1.362635294
518.507	0.149625
519.518	1.335908745
520.519	0.1963512748
521.575	2.095889437
522.579	0.1609411765
523.586	1.367075697
524.598	1.388711462
525.606	0.6115764706
526.626	1.07005258
527.635	1.313011858
528.638	1.563283877
529.646	0.3446943062
530.659	0.1584555985
531.666	0.1621333333
532.678	0.1989818182
533.998	0.1609411765
534.999	1.719936508
536.006	0.6405714286
537.018	0.1131428571
538.038	0.1445433962
539.054	1.478449612
540.058	1.416664032
541.066	0.9949090909
542.07	0.1465714286
543.078	0.1962071713
544.086	1.448065514
545.099	0.8476981132
546.119	1.28056917
547.126	0.1530629371
548.138	0.3176183206
549.139	1.486897103
550.146	0.2069014925
551.298	1.540110672
552.306	0.3263372549
553.406	0.134557377
554.41	0.1609411765
555.418	0.1967952048
556.426	0.5343873518
557.446	0.1473261649
558.451	0.2088549618
559.459	0.5389090909
560.466	1.050017804
561.486	0.8150943396
562.498	1.411428571
563.507	1.34015748
564.598	0.1267644788
565.606	0.1554545455
566.626	1.449106719
567.639	0.1826509804
568.646	1.639428571
569.658	0.3111529412
570.666	2.201880478
571.726	0.9490793651
572.727	0.1153103448
573.739	0.6380395257
574.746	0.1872047952
575.759	0.1067707317
576.766	0.8288285431
577.778	1.105466135
578.779	0.8259622642
579.786	0.3294358974
580.799	0.7854050992
581.806	1.362444444
582.826	2.358339623
583.878	1.026337611
584.886	1.055937255
585.899	1.924932806
586.946	0.8867667984
587.966	1.600505929
588.998	1.265264822
590.326	0.1417051793
591.331	1.763365079
592.338	0.5472
593.346	1.691509881
594.358	1.106331021
595.366	0.12768
596.386	0.1609411765
597.398	0.1241481481
598.399	0.991936255
599.415	1.591458167
600.419	0.6122517483
601.451	0.7074476004
602.471	1.385590504
603.479	0.6674558093
604.491	1.405849802
605.5	0.830381323
606.503	0.7569960474
607.511	1.667760956
608.519	1.457347985
609.532	1.899105882
610.539	0.1545259042
611.548	1.100476534
612.552	0.1993633749
613.572	0.1365714286
614.58	0.1040559441
615.592	1.483932203
616.599	0.6258486056
617.619	0.1609411765
618.631	1.892490119
619.651	1.167936759
620.652	0.6885079365
621.671	0.8354525475
622.691	0.1201621622
623.699	0.1554545455
624.711	1.602358566
625.719	1.596
626.72	1.66733813
627.732	1.626624506
628.739	0.816235525
629.751	1.357142857
630.752	0.8476235294
631.755	1.101055556
632.759	0.78016
633.763	1.187936508
634.772	0.1189565217
635.791	1.493418073
636.799	1.997714286
637.811	0.1193890909
638.819	1.509142857
639.832	1.182255699
640.839	0.1607835455
641.911	1.852227772
642.919	1.502117647
643.971	1.276079051
644.979	1.21357043
646.151	1.346285714
647.159	1.482454183
648.171	0.144
649.179	1.422285714
650.192	1.118285714
651.203	1.558756972
652.211	0.1098394161
653.22	1.220801579
654.232	1.567936508
655.239	0.9840948617
656.251	0.2128
657.255	1.228812561
658.259	1.661142857
659.272	1.890621915
660.279	1.133650794
661.291	1.889142857
662.299	0.1609411765
663.311	1.754661402
664.319	0.1610991168
665.331	0.8399227392
666.339	1.152511489
667.351	1.625778664
668.352	1.661142857
669.363	0.1348732394
670.391	0.5617847976
671.459	0.144
672.52	0.1410309278
673.619	1.238943396
674.655	1.384094118
675.659	1.73648269
676.695	1.491936508
677.719	0.1502117647
678.975	0.6049990128
679.995	1.352142716
681.059	1.182953846
682.139	1.791428571
683.199	1.469417323
684.28	0.7595205047
685.435	0.1312472325
686.499	2.200087388
687.579	1.176071642
688.719	1.3557003
689.74	1.211193676
690.743	0.1322230483
691.779	1.885026973
692.875	1.104142433
693.899	0.1715024486
695.035	2.249359684
696.055	0.2072727273
697.1	1.219298315
698.136	1.122793651
699.176	0.8905411765
700.195	1.188237154
701.215	0.4251155378
702.235	1.053142857
703.299	0.4669356388
704.795	0.1158652551
705.815	2.772357977
706.835	0.4511175899
707.876	1.510641509
708.919	0.5787195467
709.975	0.5428571429
710.98	0.2051764706
711.999	0.1609411765
713.0	0.1653735849
714.019	0.1362758621
715.067	2.095428571
716.135	1.226405485
717.139	0.9129056604
718.255	0.1655231317
719.335	0.1340923657
720.438	1.053142857
721.658	0.1609411765
722.778	1.658512463
723.994	0.5949250749
725.078	0.1999384615
726.338	0.29925
727.339	0.1267644788
728.499	1.802332016
729.618	0.1477744241
730.658	1.384221344
731.678	0.3346716981
732.714	1.994076851
733.838	0.1578461538
734.978	0.1579980751
736.194	0.2822857143
737.214	0.1615748032
738.258	2.290857143
739.278	1.293283019
740.394	1.444
741.459	0.6641581028
742.478	0.1298440678
743.518	0.3832529183
744.574	1.901886792
745.578	1.02374902
746.602	1.201176471
747.618	1.419751234
748.682	1.459920949
749.718	0.2244375
750.862	0.6405714286
751.922	0.129770751
753.002	2.044937188
754.218	0.3881846154
755.358	0.1683692308
756.402	0.8079365079
757.422	1.648062992
758.502	1.454278884
759.558	1.22171996
760.722	0.9236996047
761.742	0.1434965035
762.778	0.9625525292
763.858	0.1287529412
764.958	1.916011869
766.002	1.232822134
767.042	1.14
768.118	1.415936508
769.138	1.444
770.142	1.617714286
771.178	0.722894198
772.218	1.30723001
773.338	0.6711454006
774.358	1.583367589
775.502	1.535620553
776.559	0.1554545455
777.603	2.051318046
778.659	1.324571429
779.679	0.9228571429
780.739	0.2076235294
781.759	0.1576945245
782.799	0.1287529412
783.844	0.6978285714
784.923	1.824
786.003	1.604588679
787.059	1.305598402
788.139	1.527786772
789.183	1.336754717
790.203	0.954481665
791.259	0.1536
792.279	0.7981138861
793.339	0.5042823529
794.383	0.1237775683
795.444	0.9666493506
796.52	0.8452740741
797.547	0.6438013632
798.572	1.068507937
799.648	0.9698315164
800.667	1.400515362
801.731	1.752507937
802.787	1.232822134
803.808	0.1502117647
804.827	0.3631539225
805.847	1.606857143
806.867	1.19074184
807.911	1.21807262
808.952	0.7166792453
809.987	2.415940741
811.007	1.101079365
812.067	0.1554545455
813.087	2.070889111
814.107	1.321012758
815.127	1.513992095
816.167	1.363002979
817.187	0.1176774194
818.191	1.254738432
819.235	0.2134798822
820.271	1.367083004
821.291	2.465644269
822.491	0.1234285714
823.571	1.3359375
824.591	1.210852036
825.655	0.7137627119
826.751	1.580439169
827.891	1.501304262
828.915	0.3691428571
829.975	0.1011930725
831.031	0.1445433962
832.315	0.1824
834.774	1.505879053
835.794	0.3627936508
836.898	1.730793651
837.922	0.7517958783
838.954	0.1933568905
839.978	0.4994942529
841.038	0.1844494382
842.059	0.9236996047
843.079	1.120313725
844.158	1.285650794
845.179	1.189565217
846.198	1.242408687
847.254	1.509142857
848.258	0.2000941176
849.274	1.041626851
850.354	1.470735178
851.454	0.3968244275
853.794	0.1792465878
854.918	1.120039841
855.954	0.1216
856.974	1.29770751
858.118	0.1609411765
859.258	0.1824
860.355	1.243636364
861.499	0.2273541076
862.503	1.0625
863.603	1.84754717
864.787	2.171428571
865.923	0.5029210789
866.963	1.48698008
868.003	2.195320755
869.123	0.1760428954
870.263	0.4093228346
871.424	1.476571429
872.683	0.10944
873.699	0.1308047809
874.703	1.487428571
875.923	1.444
876.959	1.421298701
878.083	1.684528302
879.103	1.563428571
880.143	1.592608095
881.263	0.697625498
882.466	1.384094118
883.526	0.1521408712
884.563	0.1348732394
885.602	0.9236996047
886.647	1.243636364
887.666	0.2333023256
888.722	1.214662021
889.755	1.180269581
890.807	0.144
891.842	0.1609411765
892.862	0.109739289
893.882	1.384221344
894.883	0.3237251908
895.906	0.8798117647
896.926	1.642307235
897.946	1.258180377
898.966	0.1335887324
900.003	1.665391304
901.022	0.5116946565
902.067	2.07428233
903.626	1.826648491
904.71	1.8285
905.726	1.530857143
906.766	1.521509434
907.806	0.1954285714
908.866	1.622134387
910.046	1.885026973
911.067	0.8368301887
912.106	1.688231768
913.126	0.1822213516
914.246	1.080215354
915.302	0.5771462687
916.51	1.442782609
917.57	0.1317333333
918.706	1.524459982
919.75	1.965142857
920.762	1.541714286
921.842	1.082492582
922.982	1.874093906
923.986	0.1145279686
925.046	1.247171315
926.107	1.416664032
927.111	1.574183267
928.131	2.164985163
