0.0	1.482454183
1.219	0.1480156863
2.227	0.1304111628
3.24	1.67004995
4.247	0.191174859
5.26	0.9535366337
6.272	0.760754717
7.279	1.124679842
8.28	1.242408687
9.287	1.583367589
10.288	1.222007905
11.299	0.1485984252
12.359	0.1073034826
13.467	1.673357401
14.479	0.4935529412
15.487	1.278052993
16.5	1.768628856
17.507	0.9978352941
18.527	2.088215784
19.54	1.084841066
20.547	0.1650117012
21.559	1.417672228
22.56	1.079657588
23.567	0.2542222222
24.579	1.233882353
25.58	0.3237485714
26.587	1.322901099
27.607	1.330150198
28.619	0.2317305101
29.627	0.1040561404
30.747	0.5433962264
31.76	1.743380338
32.767	1.849233202
33.78	1.614093863
34.787	1.273530228
35.8	0.5211428571
36.807	0.5947826087
37.827	0.9500218471
38.828	2.055416583
39.84	1.091304866
40.847	0.1145019305
41.859	1.066666667
42.867	1.806793651
43.888	1.228075472
44.9	0.8543241107
45.907	1.470222222
46.999	1.086913087
48.007	0.1502248756
49.039	0.1585882353
50.047	2.245818182
51.048	1.912229023
52.052	1.478037736
53.06	0.1490384995
54.067	1.043320755
55.068	1.380226415
56.08	2.1888
57.088	1.319007812
58.1	1.298991098
59.107	0.38
60.127	0.9889811321
61.128	0.160075
62.132	0.1480156863
63.139	1.639058358
64.14	0.1375780177
65.159	2.081976096
66.179	1.654577075
67.187	0.5754285714
68.199	1.564425871
69.2	1.217207547
70.207	0.4786005831
71.22	1.646054902
72.227	1.459920949
73.239	1.600505929
74.24	0.8354525475
75.26	1.430554788
76.267	1.869283019
77.28	1.881675889
78.287	1.374712463
79.307	0.131972028
80.327	1.506548673
81.34	1.296426456
82.347	1.786020352
83.36	0.9934935452
84.368	1.046793651
85.38	1.793503162
86.427	0.8585660377
87.439	1.224503496
88.892	1.55238247
89.899	1.210852036
90.907	0.1273315168
91.92	0.1374431373
92.927	1.40943955
93.939	0.3711627907
95.047	0.274834523
96.051	0.1769319114
97.072	0.1119446367
98.079	1.351778656
99.087	1.546340887
100.092	1.298258824
101.099	0.1002230483
102.111	0.1342008889
103.119	0.1152894737
104.124	1.377897233
105.127	0.7274285714
106.139	0.5511928072
107.14	1.4608143
108.147	1.604976378
109.152	1.611320158
110.259	1.29770751
111.267	1.153632973
112.28	1.329848606
113.287	1.797562438
114.3	1.754661402
115.507	0.4281742498
116.52	0.1100408163
117.524	0.9768055281
118.527	0.7189396637
119.54	0.8220557769
120.559	1.362635294
121.56	1.661826174
122.567	1.630188679
123.568	0.1115699722
124.591	1.211193676
125.707	2.031068115
126.727	1.513650794
127.739	1.227824358
128.747	1.509142857
129.759	0.7547737512
130.767	0.109837037
131.779	0.1585882353
132.78	0.9621098901
133.788	0.2477842158
134.8	1.825811321
135.807	0.9094705882
136.831	1.21357043
137.848	1.388336967
138.859	0.1177506824
139.867	0.7105063539
140.872	1.307365079
141.887	1.070844765
142.92	0.9346415094
143.939	1.058748272
144.94	1.597584906
145.947	0.9978352941
146.954	0.1683692308
147.967	0.928285998
148.974	0.1141713186
149.986	1.541714286
151.135	1.622134387
152.138	1.313011858
153.166	0.1198222222
154.167	0.4836539792
155.186	1.09112662
156.194	0.4205379689
157.206	1.070608696
158.214	0.912
159.226	1.344929494
160.255	1.071440559
161.306	0.2062857143
162.314	2.055848455
163.327	1.969650794
164.454	1.471180188
165.466	0.8543161698
166.514	1.447704296
167.526	1.535365079
168.527	0.8156377358
169.534	0.1135157895
170.547	2.125577689
171.554	0.2295024015
172.575	0.1036923077
173.607	1.689040715
174.614	0.967245283
175.615	0.2554557823
176.786	0.4999245283
177.794	0.1219679548
178.806	1.403355865
179.827	0.7405895153
180.83	0.1372509091
181.834	0.8054955839
182.846	0.1978458611
183.855	1.316507493
184.974	0.1556881617
185.994	1.912095618
187.014	0.8405484819
188.027	2.130113208
189.035	0.3236129032
190.054	0.6641581028
191.066	1.28056917
192.074	0.4816124031
193.075	0.1032950192
194.087	1.629026973
195.094	0.8694339623
196.106	1.112949153
197.107	0.1020245979
198.115	1.977962264
199.127	0.1428344371
200.134	1.449946375
201.154	1.380226415
202.166	1.10217279
203.174	1.460631992
204.198	0.7189159248
205.206	0.9754201763
206.207	1.695396226
207.215	0.1036923077
208.394	1.244611765
209.407	1.270285714
210.426	0.1057254902
211.434	2.114621379
212.586	1.742813056
213.587	1.517301961
214.594	0.10784
215.606	1.122793651
216.607	1.091158934
217.614	0.8795735439
218.626	0.9717576961
219.714	0.1932981132
220.727	0.1018319169
221.746	1.351649402
222.755	0.1440610687
223.767	0.1032950192
224.774	1.717132075
225.787	0.8956822244
226.794	1.574285714
227.814	1.945125
228.826	1.498285714
229.842	0.1633939394
230.846	0.4287561215
231.854	1.292
232.858	1.07598002
233.874	1.123569595
234.894	1.482454183
235.914	0.6152993263
236.915	0.1526037736
237.926	1.702324111
238.986	1.406474677
240.007	0.1216240602
241.026	1.189328016
242.034	1.957375494
243.366	1.437741176
244.906	0.1249111969
245.914	0.1238354067
246.918	0.7569960474
247.942	1.661826174
248.946	0.150374502
249.947	0.1061417323
250.958	0.1493169231
251.967	0.1181513944
252.974	1.578793651
253.978	0.9226046512
254.986	0.1221983003
255.995	0.1219679548
256.999	0.1074103586
258.007	1.253212241
259.027	0.1279124088
260.034	0.1036923077
261.035	0.2331354839
262.046	1.445433962
263.047	1.945358491
264.054	2.033075099
265.059	0.1391483871
266.066	1.593470588
267.074	1.303370079
268.079	1.486039526
269.086	0.891256917
270.087	0.2792384691
271.094	1.0580625
272.114	0.1480156863
273.126	0.1323594203
274.127	1.371172827
275.146	0.1462237288
276.159	0.9885849802
277.166	0.1425646837
278.247	1.145176703
279.254	1.248126482
280.259	1.700462151
281.266	0.8298139079
282.274	1.662352475
283.287	1.206339623
284.299	0.1647073955
285.307	0.9345217391
286.314	1.543245283
287.327	0.1561389961
288.334	1.835792829
289.347	0.1396334661
290.354	0.1099388323
291.366	1.292660732
292.387	1.504285998
293.406	1.482111874
294.418	0.8476981132
295.43	2.162716981
296.439	1.311968032
297.446	0.7331940887
298.451	2.252211788
299.458	1.217207547
300.471	1.604996047
301.478	1.135494071
302.479	1.189116187
303.498	0.1032950192
304.51	0.1267773696
305.518	0.7885647517
306.519	0.2096888889
307.526	1.191704296
308.539	1.696157947
309.546	0.9490793651
310.559	0.2898924731
311.586	0.4188577036
312.618	1.081422925
313.619	1.645569017
314.726	0.3584709141
315.819	1.758235793
316.839	1.606857143
317.846	1.345454545
318.866	1.8489375
319.886	0.1342835249
320.898	0.1057254902
321.899	0.6980289855
322.906	1.99603575
323.918	1.06084273
324.927	1.177079365
325.938	1.784347826
326.946	0.7484003964
327.958	0.1064210526
328.966	1.414905095
330.078	1.957375494
331.098	0.1052097561
332.106	1.138870168
333.118	0.1040561404
334.147	2.011684316
335.158	0.3644427032
336.166	0.2498223938
337.179	0.5541265823
338.186	1.324571429
339.207	0.4506352941
340.218	0.1634493506
341.358	0.2376135593
342.366	0.1288924303
343.378	1.482385965
344.386	1.744063745
345.398	0.2558248175
346.418	0.1824360902
347.419	1.853067729
348.426	2.389944664
349.439	2.238792453
350.458	1.689840079
351.466	1.765464956
352.478	0.1249111969
353.479	1.492851816
354.486	0.1415455291
355.506	0.8577142857
356.518	2.034559372
357.519	1.202637363
358.538	0.1480156863
359.539	1.701124031
360.546	0.346055336
361.559	1.824
362.566	2.017427156
363.59	1.889142857
364.598	0.2125048544
365.599	1.163444555
366.606	0.928285998
367.626	1.847688312
368.639	2.020264561
369.646	1.630188679
370.659	1.421298701
371.666	0.816235525
372.671	1.848101861
373.678	1.417342602
374.686	0.1163419087
375.698	2.069418073
376.711	1.1463083
377.718	0.5868679245
378.719	1.677322677
379.726	0.1057254902
380.73	0.9020377358
381.731	0.1112708512
382.746	0.5043263682
383.747	2.051757214
384.758	0.8255557749
385.846	1.540110672
386.85	0.5364705882
387.958	1.845458824
388.966	1.719936508
389.979	1.283708292
390.986	0.2333023256
391.987	1.708648221
392.991	0.6488537549
393.998	1.662792453
395.038	0.1040926641
396.042	1.596
397.047	1.934490566
398.058	1.169838162
399.066	1.180771229
400.07	0.9662857143
401.078	1.207332679
402.079	1.709071429
403.146	1.731964036
404.158	2.08957157
405.198	0.8026533467
406.206	1.439078451
407.219	0.1154397859
408.226	0.1243112392
409.238	1.591229394
410.246	1.274793651
411.386	1.246894373
412.406	0.1172173913
413.418	1.612973188
414.439	0.4509672727
415.466	1.883537092
416.479	1.566494118
417.486	1.226857143
418.498	0.1348
420.186	0.1665482625
421.586	1.8663818
422.598	1.46957043
423.599	1.445433962
424.607	1.264015795
425.646	1.052011964
426.886	1.555764706
427.898	0.5063416583
428.899	1.951138462
429.906	0.1858415094
430.918	0.9337142857
431.919	0.4832973503
432.927	0.1268705882
433.938	2.032301887
434.939	1.785079365
435.946	0.4506352941
436.958	1.215714286
437.959	1.209650794
438.966	0.4355076923
439.978	1.645960159
440.986	1.405849802
441.998	0.1182888483
443.007	0.912
444.019	0.4748429752
445.026	0.983976024
446.039	0.6405714286
447.046	1.231365079
448.05	1.504285998
449.07	1.346285714
450.078	1.274819348
451.087	1.473761106
452.106	0.1431052133
453.138	0.1159569892
454.146	1.106448174
455.158	0.4566723324
456.266	0.9998490566
457.267	1.765116187
458.271	1.204869565
459.274	1.284967164
460.378	1.771471698
461.386	0.9074445554
462.399	0.1040926641
463.406	1.119396226
464.407	0.1220830189
465.414	0.6921106719
466.427	1.298258824
467.434	0.1585882353
468.435	0.1113840376
469.446	0.2604830918
470.467	2.077282717
471.47	2.02226087
472.486	0.1451692308
473.506	0.9074445554
474.518	2.078222222
475.526	0.1249111969
476.539	1.495376111
477.547	1.529296443
478.554	0.6040478088
479.558	1.954285714
480.566	1.30723001
481.586	1.251648893
482.606	1.16678381
483.607	0.9192094862
484.614	0.1691607843
485.627	0.9885154845
486.666	0.1298074074
487.799	0.3085714286
488.826	0.111593603
489.845	1.544908193
490.864	1.674550839
491.896	1.068239044
492.936	0.2780689655
494.015	1.313714286
495.079	1.935152847
496.611	1.430554788
497.615	1.811204795
498.755	1.318222222
499.855	2.290857143
500.875	0.3738978102
501.915	1.982474677
503.039	0.1468638132
504.059	1.212391691
505.079	1.856571429
506.099	2.130967615
507.255	1.162867925
508.371	1.452161895
509.415	0.4591888112
510.455	0.8368941176
511.599	0.7067166831
512.635	0.2374032787
513.651	1.047833168
514.755	1.181944444
515.791	1.561727363
516.796	1.279168831
517.816	0.1932981132
518.836	0.2806245353
519.895	0.8975810277
520.899	0.1691607843
521.955	1.606884462
522.96	0.1147234043
524.02	0.1148446943
525.077	0.2272490421
526.156	0.1403122677
527.22	0.1297044674
528.256	0.1418947368
529.3	2.341253731
530.336	0.864284304
531.376	2.173584906
532.504	1.307018315
533.684	0.154609319
534.904	0.5284689655
536.005	0.2724672176
537.024	1.226498024
538.144	1.731882353
539.32	1.344126357
540.324	1.051482353
541.34	1.480299391
542.405	0.1099388323
543.444	1.374125124
544.867	1.382854886
546.408	0.2609783924
547.433	0.2363027888
549.489	1.547757696
550.493	1.356268775
551.533	0.1208551724
552.633	0.9293106893
553.673	1.008713578
554.933	0.1057254902
556.009	1.812510386
557.134	0.1292787213
558.23	0.1225454545
559.329	1.161714286
560.449	0.2352840467
561.532	0.8002529644
562.596	0.10784
563.632	0.1247259786
564.648	0.1140615385
565.692	0.8210700888
566.753	0.1593694581
567.773	0.1013533835
568.849	0.2325960784
569.905	1.414461538
570.949	0.1633939394
572.065	1.727424575
573.17	1.504664688
574.269	0.734054902
575.449	0.9500218471
576.545	1.715428571
577.581	1.620141176
578.586	0.1162980392
579.697	2.245818182
580.761	0.7584
581.977	0.2448285714
583.041	1.53410464
584.217	2.271396226
585.441	2.252211788
586.502	0.596751704
587.503	0.1322566038
588.708	0.5697207547
589.783	0.1136245211
590.831	1.15712253
591.991	0.1275632393
593.151	0.1513992095
594.512	0.1035926993
595.567	0.1418947368
596.587	0.1238354067
597.751	1.362549801
599.051	0.1269950932
600.055	0.1082335766
601.099	1.9
602.159	1.313443137
603.4	0.7965224327
604.435	1.836679245
605.679	0.1322566038
606.699	0.9233958892
607.703	0.1208551724
608.999	1.356360784
610.155	0.8966949654
611.235	0.8338897638
612.239	0.116870936
613.355	0.1664197531
614.356	1.752507937
615.575	1.529296443
616.635	1.546434783
617.779	0.2391078067
618.855	1.536956175
619.955	1.476571429
621.018	1.399432567
622.158	1.449946375
623.198	2.217056604
624.274	1.249811321
626.13	0.1621654135
627.175	1.394823529
628.41	0.1396334661
629.415	1.858415094
630.45	0.9173542689
631.494	1.619320755
632.514	1.819455809
633.534	0.8351714569
634.59	0.2013677419
635.747	1.112766041
636.807	1.315018868
637.826	1.618554358
638.906	0.8651383399
639.947	0.1145019305
640.983	1.347622642
642.183	1.724574827
643.262	0.7745270758
644.542	0.1274472727
645.602	0.1361516588
646.742	0.1885314685
647.802	0.752057554
648.923	0.8251428571
649.962	0.1931462687
651.022	1.155365079
652.262	1.682867777
653.263	1.759623529
654.322	1.12390864
655.342	0.8966949654
656.378	1.207176823
657.594	0.9557162837
658.635	1.746849751
659.67	0.1354512077
660.755	1.319335968
661.814	0.4798580302
662.85	0.6168286853
663.93	1.534456973
664.95	1.496853755
665.954	1.177079365
667.014	0.109525
668.034	0.7670523198
669.194	0.4285616046
670.29	0.1073520362
671.386	1.054188679
672.406	0.6590167818
673.434	1.026337611
674.447	1.169838162
676.262	1.282415094
677.298	0.2871603499
678.343	0.1652720307
679.506	1.650285714
680.562	0.1685
681.582	1.878285714
682.639	0.6921106719
683.698	0.2171697128
684.714	0.1531818182
685.755	0.9701019608
686.974	1.36023976
688.254	1.910193035
689.354	0.4963843844
690.57	1.342290801
691.614	0.7832470588
692.71	0.3764226415
693.734	0.4490381679
