0.0	0.132815534
1.193	1.027002588
2.2	0.8318736426
3.212	1.252298507
4.22	0.436058309
5.452	0.1609411765
6.46	1.121890196
7.472	1.430721569
8.48	1.118193806
9.492	0.5082687747
10.5	0.8761031746
11.502	1.423920556
12.504	0.1394823529
13.52	0.6824007976
14.54	0.7975544456
15.56	0.8984688427
16.572	1.042166008
17.58	0.1180235294
18.6	1.337094737
19.616	1.84754717
20.62	1.678661355
21.64	1.443164835
22.652	0.1394823529
23.68	0.3124231738
24.693	1.74655336
25.7	1.345402547
26.72	0.8407208619
27.732	0.3912064343
28.832	0.4725574092
29.992	0.3405377821
31.22	0.60025857
32.232	0.8527792208
33.24	0.8650645482
34.245	0.1863225806
35.252	0.1635059761
36.256	0.855732852
37.26	1.95535082
38.268	1.346285714
39.273	0.3624745763
40.3	0.2547310345
41.312	0.9398518519
42.32	1.469793103
43.324	0.8426771964
44.333	0.7622936508
45.353	0.6862135162
46.36	0.1154491018
47.368	0.6999069767
48.372	1.230781405
49.46	0.5849892051
50.465	0.7077111771
51.48	1.027351779
52.493	0.7039365079
53.496	0.4443535253
54.5	0.8855784216
55.513	1.190964706
56.536	0.1378604651
57.552	0.5022064897
58.56	1.665575649
59.561	1.410029732
60.593	1.053142857
61.8	0.890381323
62.812	0.7966515014
63.852	0.1658181818
64.86	0.7255676209
65.873	0.644225074
66.92	1.038396825
67.932	0.7610421156
68.94	0.1394823529
69.947	1.024103175
70.96	0.2215996318
71.979	0.5003579767
73.044	1.161714286
74.059	0.6980961727
75.06	0.6574883721
76.093	1.537644489
77.1	1.307825397
78.292	0.914055336
79.3	0.8288853755
80.532	1.177587364
81.561	1.223793651
82.572	0.9129056604
83.58	0.4625632974
84.601	0.1716705882
85.633	0.8331673275
86.712	1.592015826
87.772	0.6860097943
88.78	0.9365538462
89.953	0.1211512915
90.961	0.8729012961
91.972	0.9889811321
92.98	1.383442216
93.993	1.76235665
95.0	0.9228571429
96.001	0.4200909091
97.12	0.9563773585
98.132	1.27154717
99.192	1.126692913
100.204	0.7382857143
101.44	0.9083952569
102.456	0.183761194
103.46	1.602999003
104.485	1.135494071
105.492	0.811437037
106.493	0.1415172414
107.5	1.517410589
108.513	0.1267049808
109.593	0.8323309353
110.613	1.041252725
111.725	0.4478846154
112.732	1.501693978
113.741	0.5845459941
114.752	1.288166172
115.892	1.24548075
116.893	1.043388235
117.913	1.46941502
118.96	1.046438247
119.964	0.188798419
121.192	1.025342547
122.193	1.138533467
123.2	1.000290481
124.213	0.8783652517
125.22	0.4184148004
126.32	0.3699380282
127.336	0.3161618954
128.34	0.6466017875
129.353	0.6060843965
130.372	0.5127244094
131.373	0.5021976285
132.38	1.6416
133.404	0.6812964427
134.413	0.2733266733
135.425	1.130264151
136.433	0.4295976448
137.444	0.1216
138.913	1.335428571
139.921	0.9479165972
140.924	0.9881027668
141.925	1.582509804
142.993	1.031034347
144.092	0.6711454006
145.1	1.574361638
146.108	0.1265765125
147.32	0.984007913
148.321	0.8668305253
149.324	0.8259622642
150.332	0.1394823529
151.345	0.7033511375
152.353	0.613531746
153.36	0.1609411765
154.361	0.9516521739
155.972	0.1603125
156.977	0.7610421156
157.98	0.5874512922
159.025	1.432629921
160.032	1.19914995
161.034	0.9565770751
162.045	1.025541212
163.056	1.296488599
164.061	0.1502117647
165.065	1.050452498
166.073	0.8279320679
167.08	0.7952927073
168.092	1.188718861
169.1	0.1450909091
170.113	0.988
171.12	0.7345680934
172.16	0.1554545455
173.32	0.7402529644
174.332	0.8468571429
175.34	0.2270539419
176.353	0.8579294118
177.372	1.021059761
178.393	0.142394052
179.401	1.319717647
180.412	0.8720318725
181.413	1.290719524
182.417	0.8150943396
183.42	0.1573050193
184.433	0.1238943396
185.441	1.120508441
186.445	0.1069241379
187.54	0.7493015873
188.545	0.1344
189.761	0.1578461538
190.772	1.075924528
191.78	1.286893281
192.801	1.075924528
193.805	1.167936759
194.816	0.9554285714
195.833	1.280527473
196.852	0.7064150943
197.856	0.7406693227
198.86	0.9545672228
199.88	0.9000913605
200.881	0.7625358194
201.945	1.451782394
202.961	1.341904762
203.993	0.8152448378
205.001	1.056615894
206.02	1.080157534
207.041	0.7267076313
208.045	1.595980099
209.06	0.149625
210.081	0.1622835959
211.113	0.7909867139
212.132	1.122047244
213.28	0.1450909091
214.312	1.791428571
215.321	0.8023460411
216.332	0.103245283
217.336	1.167639216
218.34	0.8326956522
219.365	0.4535421209
220.38	0.8460178394
221.381	0.1484651163
222.385	1.096571429
223.484	1.173735849
224.505	1.276166667
225.513	1.729778664
226.532	1.027893805
227.536	0.8794285714
228.544	1.487952709
229.553	0.1961660377
230.564	0.87787251
231.572	0.9533077565
232.593	1.278989141
233.621	1.202637363
234.633	0.1548679245
235.652	1.311335849
236.66	0.5252262488
237.673	0.1056370656
238.681	1.357142857
239.693	1.106410448
240.7	0.7650793651
241.713	0.7245533597
242.732	0.5978981019
243.745	0.6188571429
244.772	0.7759444444
245.773	1.543245283
246.78	1.298258824
247.793	0.331501472
248.812	0.1347272727
249.82	0.1034226804
250.833	0.7285555556
251.841	1.268235764
252.852	0.7662625864
253.873	0.8883571429
255.04	0.8405692308
256.046	0.6593982301
257.073	1.820106825
258.092	1.054167939
259.113	0.8902297702
260.161	0.6213227092
261.193	0.1621333333
262.201	1.020556762
263.212	0.760754717
264.22	1.380226415
265.233	1.05597619
266.252	1.069986288
267.273	0.1216
268.56	0.6872430279
269.573	1.093919529
270.752	1.119924138
271.753	0.4979465875
272.764	1.411428571
273.776	1.244106195
274.793	1.136203722
275.812	1.575985441
276.821	0.4564528302
277.833	0.414207305
279.032	0.841486166
280.06	0.7793946588
281.132	0.8801860465
282.133	1.412830189
283.152	1.148047059
284.16	1.802541176
285.172	0.517452381
286.179	0.2209846154
287.18	1.186961194
288.192	0.9473992095
289.199	0.4385226481
290.312	1.14
291.32	0.3568695652
292.331	1.536766798
293.332	0.12825
294.339	1.704571429
295.411	0.3711627907
296.48	1.336754717
297.491	0.7303266932
298.507	1.008119738
299.531	0.6281089494
300.539	0.7478575553
301.559	0.9025612648
302.579	0.9833406157
303.58	0.7303159961
304.592	1.448310448
305.6	0.1716705882
306.606	0.1683692308
307.618	0.5155171737
308.639	0.7840157017
309.651	1.3786875
310.658	0.912
311.659	1.270873016
312.666	1.760223776
313.687	0.6819703264
314.698	1.111152941
315.706	1.040677291
316.719	1.709412698
317.726	0.7623002545
318.727	0.1103428048
319.738	0.1382230769
320.739	0.6867250996
321.746	1.487168642
322.758	1.39641543
323.759	1.550515464
324.762	1.083067194
325.879	0.555454367
326.887	0.8835764706
327.899	0.4795326193
328.906	0.8251428571
329.919	0.9850592885
330.927	0.6860097943
331.946	0.1267644788
332.959	0.152
333.967	0.1578461538
335.039	1.317741627
336.047	0.4636374384
337.059	0.8173009709
338.066	0.601772549
339.082	1.046043636
340.106	0.3858805093
341.119	0.9140793651
342.339	0.6036492611
343.346	1.333834166
345.519	0.8902857143
346.55	1.137794616
347.578	0.7343494571
348.607	0.1627360595
349.615	0.9525934718
350.626	1.418464606
351.786	1.232822134
352.815	1.553270729
354.299	1.380512413
355.306	0.756248766
356.506	0.5845459941
357.514	0.9445714286
358.719	0.5247872128
359.727	0.8685714286
360.739	0.7274285714
361.759	1.324571429
362.786	0.8211592483
363.807	0.1467586207
364.815	0.1621333333
365.818	0.1135698113
366.83	1.281142857
367.831	0.8022310231
368.839	1.332144109
369.847	0.1392872727
370.858	0.144
371.866	0.1609411765
372.879	0.1521408712
373.887	0.1920750469
374.906	0.5976683023
375.918	1.469929412
376.919	0.5037884427
377.927	1.879818361
378.939	0.4937142857
380.186	1.481407555
381.187	1.249070929
382.19	1.351778656
383.319	0.1609411765
384.327	0.8878956198
385.335	1.237714286
386.386	0.7238381046
387.399	0.6175973154
388.407	0.5230671937
389.419	1.147972028
390.447	1.425912698
391.459	0.6980961727
392.467	1.046909091
393.479	0.6948571429
394.619	0.5786324111
395.798	0.1904092792
396.807	0.9092937685
397.815	0.790328125
398.826	1.11361753
399.838	0.1651924528
400.858	1.051482353
401.866	0.6333978282
402.882	1.416916996
403.887	0.7826233766
404.899	1.138984127
405.906	0.9950268123
406.918	0.934055336
408.179	0.8142857143
409.259	0.1478918919
410.266	1.954361303
411.27	1.264015795
412.287	0.3322859941
413.306	0.2304418605
414.318	0.9632063809
415.327	0.1460498221
416.339	0.5501938062
417.346	0.9705204461
418.374	0.2717789757
419.375	0.354287953
420.466	0.8772988048
421.47	1.05259984
422.491	0.5313333333
423.514	1.570603363
424.519	1.066773227
425.527	0.6830799605
426.539	1.130639706
427.775	0.9754708171
428.778	0.5924409449
429.786	0.8879213373
430.799	0.9514444444
431.826	0.7981138861
432.967	0.5471383399
433.982	0.149625
434.986	0.3959571568
435.991	0.1418666667
437.038	0.1252992126
438.135	0.5088395967
439.299	0.9402437562
440.306	1.045642857
441.322	1.096742349
442.326	1.275052947
443.339	0.9943137255
444.347	0.1013333333
445.362	0.3478122977
446.379	0.6353858268
447.386	1.471553785
448.398	1.723532468
449.415	0.9231699605
450.427	1.243884347
451.439	0.7015714286
452.446	0.4234285714
453.459	0.273503305
454.466	0.4577743191
455.478	1.312138182
456.495	1.705558442
457.506	0.5659604743
458.518	0.8967864945
459.519	1.350304478
460.527	0.6055968379
461.538	0.1542857143
462.539	1.252107249
463.559	1.138666667
464.578	0.1572413793
465.59	0.8606790972
466.599	1.159913641
467.618	0.5188616601
468.706	0.9002497522
469.719	1.200826216
470.727	1.115858824
471.739	0.817840708
472.746	0.1064150943
473.759	0.8630365252
474.767	0.4885498008
475.778	0.8813504442
476.786	1.69858498
477.807	1.240743083
478.826	0.3446118103
479.847	0.5714485294
480.855	1.2523083
481.866	1.112150943
482.898	1.270135626
483.899	0.1582040816
485.098	1.003461318
486.119	1.27341502
487.127	0.8007804878
488.138	0.623000999
489.146	0.8026323092
490.178	0.5646007905
491.186	1.141132075
492.207	0.1584555985
493.239	0.1368
494.247	0.9771428571
495.259	0.6009028459
496.286	1.055650655
497.287	1.824791209
498.299	0.9823755615
499.347	1.625847976
500.359	0.8034285714
501.399	1.222007905
502.406	0.8251428571
503.407	0.1554545455
504.419	0.8862473223
505.426	1.615748031
506.439	0.1274675541
507.451	1.171124218
508.455	1.155980257
509.458	1.541942173
510.478	0.1180235294
511.499	0.9245976096
512.506	0.8914151129
513.507	0.9441882353
514.527	0.9011428571
515.539	0.3002570694
516.559	0.6202571711
517.567	1.014321951
518.578	1.397554446
519.587	1.23174502
520.602	0.9553579262
521.606	2.25158457
522.613	1.337043478
523.634	1.615482072
524.645	0.1258895706
525.646	1.432450593
526.666	0.2508050209
527.669	1.296987267
528.685	0.1293381818
529.686	1.335428571
530.794	0.738
531.805	0.5862857143
532.825	1.579079365
533.826	0.8142857143
534.834	1.118285714
535.873	1.254116716
536.946	0.9601914257
537.966	0.1028571429
538.973	1.012031746
539.986	0.5232191235
540.994	0.8692063492
542.202	0.9506984127
543.205	0.8984688427
544.213	0.8666454183
545.226	1.155566929
546.234	0.6462992126
547.242	1.40755334
548.253	1.276079051
549.269	1.177196411
550.286	0.6297142857
551.305	0.1387826087
552.697	0.6731846002
553.817	1.416567164
554.825	0.4811586207
555.865	1.314141732
557.464	0.5903856144
558.465	1.082492582
559.985	1.58957043
560.993	0.1609411765
561.997	0.1288792934
563.017	0.9659603175
564.025	3.997988072
565.037	1.591264095
566.044	1.076577075
567.065	0.2658892128
568.084	1.601865613
569.876	0.5261538462
570.897	0.7498867925
571.924	1.164957299
572.945	1.406450482
573.964	0.8685714286
574.997	0.9016484608
576.004	0.3965994123
577.02	0.9067021884
578.025	0.8088307692
579.037	0.5689275362
580.044	0.1450909091
581.057	1.409394146
582.065	1.025059289
583.073	0.2062857143
584.076	0.1162007722
585.084	0.347
586.097	0.5649432836
587.256	1.093553128
588.265	0.2207442786
589.273	0.7428380765
590.276	1.075924528
591.297	0.1131428571
592.324	0.6164110672
593.337	0.1135698113
594.356	1.351778656
595.364	0.8098773126
596.377	1.267886667
597.38	0.9998490566
598.456	1.199043825
599.625	0.7793630069
600.645	0.2308188976
601.836	1.84754717
603.078	0.4041516035
604.097	0.144
605.105	1.403455809
606.113	0.1222268041
607.137	0.8480555556
608.145	0.1238943396
609.157	0.7933584906
610.164	0.1013333333
611.177	1.479968254
612.184	0.4930695397
613.196	1.169679602
614.197	2.052
615.204	0.8965114885
616.213	0.5107924528
617.337	0.1368
618.417	1.339968504
619.425	0.1609411765
620.637	0.8938814229
621.644	0.6246317868
622.684	0.5845459941
623.697	0.944968254
624.705	1.108877855
625.724	2.041871668
626.737	0.6643964321
627.749	0.1834792899
628.764	0.1025353846
629.796	0.9642619048
630.829	1.456301887
631.869	0.7203003953
632.96	1.818152929
634.0	0.1346953846
635.024	0.610512725
636.056	0.5466640548
637.16	0.6362790698
638.32	0.1342188679
639.64	1.447890304
640.796	1.395793651
641.9	0.9237735849
642.956	0.8177301587
644.016	1.139400651
645.152	0.9597301587
646.236	0.1308047809
647.272	1.347648437
648.356	0.149625
649.396	0.7708571429
650.496	0.12825
651.532	0.7106493506
652.612	0.6997162837
653.672	0.1045407407
654.772	0.3605581395
655.852	1.588019399
656.872	1.016537549
657.972	0.1413431734
659.032	0.1637746479
660.068	0.6290148075
661.208	0.2988275862
662.268	1.09035665
663.296	1.012868526
664.316	0.1445433962
665.396	0.2891188811
666.48	0.3863816794
667.536	1.079139442
668.66	0.8691717974
669.68	1.006155689
670.716	1.419356643
672.02	0.1308047809
673.08	0.6792270916
674.136	0.1211512915
675.216	0.7672301587
676.236	0.6393104799
677.26	0.6633730159
678.28	0.4994285714
679.296	1.129761905
680.316	0.10032
681.38	1.330150198
682.436	0.7687344521
683.48	1.575849057
684.516	0.8393306773
685.536	0.1902248062
686.576	0.8388785785
687.656	0.1077818182
688.7	0.461923001
689.724	1.513647761
691.06	0.1189565217
692.136	0.6570598626
693.14	0.2112741313
694.16	0.7723162055
695.24	1.49484347
696.28	0.4856784314
697.296	0.9953607306
698.316	0.1609411765
699.34	1.104533333
700.42	0.1055330113
701.476	1.071890304
702.58	0.2592061955
703.64	0.6540239044
704.836	1.434480315
705.896	0.3918972332
706.96	1.044311377
708.196	1.549865613
709.236	0.10944
710.536	0.6345204387
711.596	0.12768
712.776	0.4234285714
713.9	1.018524233
715.076	0.6194716981
716.136	0.5645714286
717.436	0.1586086957
718.516	0.9665947007
719.536	0.4362748092
720.556	1.0474077
721.72	1.688966292
722.796	1.029188549
723.836	0.1683692308
724.896	1.084496524
726.012	0.6008470588
727.032	1.910857143
728.068	1.232372646
729.072	0.6528
730.128	1.610293651
731.192	0.5868679245
732.212	0.9897755776
733.232	0.3313125
734.252	1.389857838
735.272	0.4169105263
736.296	0.147463035
737.316	0.1514740484
738.36	0.6893023256
739.364	0.6812964427
740.42	1.578985075
741.48	0.874157741
742.544	1.626221344
743.624	0.8075261599
744.704	1.637153617
745.868	0.3773793103
746.908	1.265077844
748.108	1.404573705
749.308	0.4065219941
750.372	1.313463897
751.408	1.222007905
752.009	0.9337142857
