0.0	1.980587302
1.005	0.8732130823
2.01	1.550553447
3.021	2.055568432
4.141	1.560123412
5.143	0.2748493151
6.151	1.963195243
7.152	0.9535366337
8.153	0.8418461538
9.161	1.893863501
10.261	1.341418853
11.262	2.247504495
12.271	1.789383548
13.272	0.3250693069
14.281	1.764780971
15.291	1.85985476
16.301	1.634819981
17.311	1.39641543
18.441	0.937029703
19.465	0.6531816367
20.471	1.180455897
21.481	0.7168237624
22.491	1.924253465
23.521	0.3046770428
24.651	2.049339941
25.661	1.382814286
26.681	0.6826455446
27.701	1.199630769
28.711	1.257302697
29.712	1.793822178
30.721	1.5756004
31.722	0.5195643564
32.723	1.093317507
33.731	0.3540705882
34.732	0.6983389495
35.741	2.070947966
36.761	2.754589411
37.762	1.387019355
38.771	1.591096903
39.781	0.4161530782
40.801	1.109394605
41.812	1.053972277
42.882	1.723137255
43.883	1.831223762
44.891	2.109898758
45.911	1.905286713
46.912	2.168559441
48.112	1.253207843
49.152	1.645498525
50.153	2.400487512
51.162	1.769157582
52.163	1.443164835
53.172	0.6605031847
54.173	1.307809901
55.182	2.135586084
56.192	2.054299333
57.193	1.901017576
58.282	1.237878669
59.283	0.9601889764
60.782	1.902353646
61.792	2.506144985
62.802	1.103624376
63.812	1.179004995
64.822	2.79559005
65.992	1.378796522
67.092	2.503033663
68.093	1.275347181
69.102	2.774945055
70.103	1.059152475
71.123	1.278780198
72.142	1.405274725
73.155	0.581003861
74.162	1.271264095
75.163	1.810194059
76.293	1.009759866
77.302	1.048759241
78.352	1.382853333
79.353	0.7672807193
80.362	0.8817998018
81.382	1.270285714
82.383	1.351104063
83.393	1.465030969
84.402	2.316691309
85.403	0.7676831683
86.413	2.472975223
87.423	2.171683284
88.433	3.211785714
89.434	0.7536238806
90.443	2.798954455
91.453	1.357032479
92.463	1.104721506
93.464	0.6435960396
94.473	0.3588814815
95.484	1.727424575
96.493	0.1212506938
97.494	5.890607004
98.503	1.549782178
99.504	0.2337553398
100.513	1.297266136
101.523	0.256
102.524	1.429186813
103.533	1.617021611
104.543	2.558337662
105.623	2.011684316
106.643	0.7134243323
107.644	1.124531746
108.653	0.436049952
109.654	0.9244990099
110.694	0.4882915888
111.713	0.6238334985
112.714	0.9196990099
113.715	0.4026566038
114.724	0.5412462908
115.733	2.814444666
116.744	1.793201112
117.753	2.669269841
118.764	1.032352941
119.783	0.7134774067
120.794	0.8967096172
121.883	2.935144855
122.884	0.4128598131
123.896	2.886587302
124.903	0.7368237624
125.904	0.8379247525
127.024	0.8451125581
128.047	0.229521449
129.054	1.1156
130.083	1.32103631
131.084	0.1062325929
132.114	1.518542574
133.115	1.378102021
134.116	1.366866204
135.124	0.8586376238
136.134	1.089054545
137.164	2.946986028
138.174	2.915292707
139.215	0.4417176471
140.234	2.101827552
141.245	1.560332673
142.344	1.760087737
143.494	1.576387735
144.504	0.7113377735
145.514	0.3821825243
146.524	1.946085914
147.654	0.5644673267
148.694	0.7847004975
149.695	0.274368932
150.705	1.010328713
151.706	1.339536174
152.714	1.921069231
153.784	1.763603738
154.794	1.875716284
155.797	2.007453465
156.804	1.803956044
158.014	1.208991354
159.015	1.850782953
160.016	2.149714286
161.415	1.867902804
162.424	1.380435644
163.434	1.54949703
164.69	1.220646184
166.004	0.4192691552
169.415	1.493924752
170.425	1.464952043
171.485	1.528583723
172.495	2.698618762
173.515	1.902353646
174.544	1.052664723
175.595	0.6010630456
176.615	1.212253465
177.625	2.186613387
178.645	1.277317784
179.655	2.102420954
180.685	1.0944
181.715	2.196267732
182.887	1.897562863
183.925	0.8120519481
184.926	1.739512943
185.927	1.099274131
186.935	1.4592
187.936	2.176357462
188.946	0.9271931494
189.955	1.421298701
191.195	1.641056604
192.246	0.9972461538
193.263	1.308521739
194.265	1.126588235
195.275	1.877066402
196.317	0.3365192982
197.325	1.807762611
198.326	1.016422732
199.327	1.137742574
200.355	1.863730693
201.516	0.1386385427
202.517	2.4881201
203.696	0.4868704062
204.816	0.2476379562
205.826	2.698648111
206.827	1.835724276
207.828	1.177330973
208.846	0.22640625
209.847	0.3687926605
210.868	1.466938614
211.876	1.449574426
212.886	1.4592
213.906	1.375768224
214.932	1.457448819
215.936	1.665419227
216.946	1.311112871
217.956	2.192948494
218.957	1.351649402
219.958	0.3220505145
220.967	1.462811881
221.976	1.767960357
222.996	1.029386139
224.006	1.880487512
225.016	1.023673956
226.036	2.036731269
227.096	1.184400786
228.116	0.9833974232
229.126	1.211369673
230.136	2.316372915
231.166	0.3509737609
232.168	1.237103175
233.186	2.127511154
234.376	1.712031683
235.379	1.430304951
236.386	0.1912543689
237.406	1.618093906
238.407	1.399152475
239.676	1.897245837
240.677	0.6501386139
241.697	0.3927526673
242.717	1.594873043
243.753	1.123148851
244.808	2.40811002
245.862	2.549642358
246.896	2.59582018
247.915	2.024235966
249.152	1.836570289
250.458	0.9961019608
251.558	0.8639360639
252.568	0.7656871287
253.759	0.2273234421
254.768	1.083139742
255.788	1.504781836
256.818	0.8581248761
257.838	1.453415263
258.839	1.240062992
259.848	1.295288711
260.849	1.509872424
261.858	2.242165834
262.998	1.007714851
264.049	1.464261645
265.05	3.16742515
266.059	1.753637982
267.068	1.692035679
268.069	0.5042823529
269.116	1.681189296
270.179	1.404650542
271.181	1.827572277
272.189	0.1013333333
273.205	4.307628372
274.208	1.611384615
275.268	2.145277445
278.072	1.997629048
279.139	0.3055154536
280.149	0.4720941176
281.15	1.148578218
282.169	0.3000684211
283.389	1.648618434
284.739	0.3547881188
285.74	0.2708910891
286.75	2.241278721
287.759	1.628715285
288.761	2.078005213
289.769	1.962071713
290.771	0.4061046622
291.889	1.112237859
293.01	2.805442557
294.011	1.278605941
295.019	0.3362378593
296.029	3.473127334
297.149	1.03245283
298.15	2.739576846
299.16	1.670438057
300.179	1.465030969
301.189	0.2547584869
302.208	0.5359451518
303.22	1.117380254
304.229	3.441046953
305.239	2.059877106
306.249	1.95865873
307.26	1.924178394
308.27	2.656735265
309.309	1.956916239
310.349	0.5257411765
311.53	2.850612773
312.55	1.533026759
313.559	1.306075248
314.56	3.356451548
315.569	1.169838162
316.57	2.049718282
317.571	1.3557003
318.58	1.281956436
319.629	1.196831527
320.659	0.3862588235
321.679	2.005844628
322.68	1.235263366
323.9	1.323258672
324.91	1.411041584
325.92	0.6934811881
326.93	1.727424575
327.94	0.8368941176
329.141	0.7605865103
330.15	1.844546535
331.161	5.799777778
332.17	1.986185874
333.171	1.275513043
334.2	1.748
335.21	2.079904478
336.222	1.856533333
337.24	3.104991009
338.241	0.6774117647
339.251	2.927112871
340.27	1.863730693
341.3	0.4594094628
342.306	1.056112281
343.32	1.685615842
344.34	0.8264475248
345.381	2.156483516
346.382	2.102114851
347.39	1.275220779
348.401	2.350609391
349.433	0.2934268657
350.441	1.847688312
351.58	0.7430455868
352.591	0.1822213516
353.601	1.16098008
354.602	1.661826174
355.61	1.547774034
356.631	0.9484083251
357.64	1.889532934
358.651	1.788458624
359.652	2.023063492
360.662	0.595960396
361.671	1.404003964
362.691	1.138870168
363.701	0.9341045045
364.721	2.248495271
365.731	0.9264201681
366.742	1.178688288
367.751	1.917034965
368.841	0.4295976448
369.891	1.556625743
370.931	1.814889111
371.951	2.020755245
372.991	2.06248951
374.211	1.379781962
375.311	0.6011258672
376.335	0.9207580968
377.625	0.3755805529
378.626	1.305045545
379.635	2.668392927
380.885	1.456007992
381.886	0.1548679245
382.896	1.570565435
383.906	2.730215743
384.915	1.568989205
385.916	1.926640472
386.917	2.276887395
387.919	2.059624135
389.057	1.85945098
390.058	2.614468594
391.066	0.4116550459
392.196	1.63247105
393.206	0.8965114885
394.207	0.9339823356
395.217	1.252
396.218	0.6994397859
397.247	0.8432262295
398.257	1.312412289
399.446	1.861706294
400.466	1.311112871
401.47	0.918019802
402.536	0.1052307692
403.537	1.410560951
404.546	0.7547537092
406.557	2.025548631
407.578	1.561974232
408.587	1.844469231
409.757	1.652823881
411.167	0.5656983017
412.177	0.5042823529
413.187	2.092895816
414.198	2.383408591
415.256	1.481267797
416.336	0.5260460177
417.347	2.309573715
418.367	2.526320661
419.368	0.2312079208
420.377	1.431437066
421.378	0.4863137255
422.407	1.171932607
423.417	0.8778361303
424.427	0.8013002973
425.428	2.911819495
426.497	0.5366039216
427.507	1.124011988
428.517	1.915025743
429.527	2.798310757
430.537	0.7503232125
431.538	2.241278721
432.547	0.8811168317
433.567	0.9567466186
434.577	1.737142857
435.578	1.749514486
436.579	0.5466640548
437.597	1.343619802
438.598	0.7352928571
439.767	1.533568317
440.917	0.6176316832
441.92	0.9101940594
442.938	3.64807992
444.078	2.222505495
445.079	0.7118912621
446.188	1.485235644
447.189	0.6536819317
448.198	2.722333666
449.207	1.225641229
450.208	1.789653122
451.367	1.135413861
452.428	1.830926667
453.527	1.450867327
454.538	0.7796313725
455.54	0.8041029703
456.658	1.074765235
457.678	1.408633663
458.679	2.317112948
459.687	0.7158257426
460.688	0.5489851632
461.689	2.048959041
462.698	1.718497502
463.699	2.020713178
464.708	1.265706879
465.758	0.8615445545
466.767	1.388499501
467.778	2.308555445
468.808	2.764610169
470.127	0.4042846154
471.167	2.494010619
472.177	0.3355727003
473.178	1.576839604
474.207	1.265566434
475.217	1.39123885
476.227	0.8947728814
477.23	1.207266932
478.257	1.85775223
479.258	3.654661386
480.268	2.474385841
481.277	0.8284355644
482.287	1.073042857
483.298	1.950415842
484.308	0.9985854146
485.318	0.6375145631
486.327	2.253343312
487.328	0.9482576809
488.337	1.601698413
489.338	1.531546072
490.34	1.767264095
491.341	1.847688312
492.343	1.329710891
493.358	1.115530482
494.368	0.4278933333
495.389	2.489821782
496.398	2.295944056
497.408	0.5156039604
498.488	1.644283716
499.498	1.257421488
500.508	2.935944056
501.509	1.637663717
502.528	1.322901099
503.548	1.880487512
504.549	1.555219029
505.55	1.148578218
506.639	2.831664336
507.64	0.4038691774
508.649	0.8235089109
509.65	1.696223776
510.658	1.766209901
511.659	0.8235089109
512.668	2.36908292
513.678	2.20847952
514.679	0.3169176471
515.688	1.808908913
516.69	1.520493333
517.698	0.5748582755
518.699	1.254433566
519.918	2.062229312
520.919	0.3969882353
521.928	1.652617822
522.939	2.79559604
523.949	0.340007767
524.978	1.28270099
526.209	1.748843157
527.23	0.8951172414
528.248	1.573980198
529.252	0.4230089197
530.288	1.44490297
531.969	0.3958240469
532.989	3.726557769
533.992	1.840424294
534.999	1.044915758
536.009	0.2744656011
537.01	1.506154455
538.059	0.7632592593
539.069	1.805202797
540.099	1.755374257
541.209	1.328447552
542.229	0.5309465347
543.954	0.625272381
544.997	1.903512488
545.999	1.377490585
547.009	1.218560951
548.02	1.930656095
549.029	1.913286713
550.079	0.9028862745
551.099	3.420187812
552.1	1.466114851
553.101	0.265140625
554.111	1.107036963
555.129	2.197764804
556.15	2.272407444
557.159	0.8305586207
558.16	0.9146300294
559.23	1.709774257
560.231	1.946085914
561.249	1.976991009
562.269	2.132751342
563.279	0.7170666667
564.58	1.98019802
565.588	1.701664
566.628	1.427222222
567.648	1.328647353
568.649	2.634869131
569.668	0.8493320274
570.788	2.700747253
571.794	0.515827451
572.799	2.3536333
573.808	1.011309425
574.819	1.207087302
575.82	1.256934653
576.828	1.833038652
577.879	2.080443564
578.9	1.435041509
579.938	0.5379403707
580.959	1.220716123
581.969	3.70821978
582.979	1.5708125
584.069	1.172771792
585.129	0.7873558648
586.189	0.8496090652
587.199	0.7780699301
588.279	2.547404595
589.369	2.846045142
590.389	1.793374625
591.409	0.3182512364
592.418	1.135904192
593.419	0.6260535183
594.429	2.045441584
595.529	0.2358158668
596.53	0.8343445545
597.549	2.304607393
598.779	1.839952381
599.789	0.8753830846
600.799	0.2608198284
601.899	0.5519767216
602.9	0.1177678709
604.059	1.70918664
605.099	1.738357642
606.109	0.4544887348
607.36	0.4616531219
608.819	0.6864459861
609.839	1.516990099
610.849	1.551497006
611.85	1.374315044
612.859	1.065687129
613.871	0.9426563107
614.9	1.392492063
615.913	1.453415263
616.919	2.166594701
617.92	2.427578529
618.93	1.153427156
619.939	0.608
621.009	2.004952381
622.019	0.705980198
623.02	1.260406375
624.031	2.12718335
625.08	1.020294406
626.112	1.07264222
627.113	3.683174853
628.12	1.455672328
629.121	0.8126732673
630.131	1.045154845
631.132	0.1635059761
632.311	1.472562376
633.321	1.486190476
634.322	1.39918335
635.37	1.919016848
636.371	1.339413861
637.392	0.6062274052
638.4	2.319199207
639.41	2.197546454
640.411	4.539183737
641.412	1.306404762
642.44	2.197546454
643.451	2.027886792
644.52	2.186011976
645.521	1.494034286
646.522	0.435988012
647.54	3.267163528
648.651	1.531611881
649.66	1.089609514
650.67	2.319424932
651.715	0.1853419355
652.72	2.31164036
653.741	0.7360949555
654.806	1.123164835
655.812	1.530857143
656.82	0.4862704837
657.861	1.003453465
658.881	1.033877228
659.92	0.1934135922
660.931	0.6719762611
661.96	1.908823762
662.981	0.5428424182
664.47	1.410365634
665.491	1.724574827
666.501	1.475456888
667.511	2.474749251
668.52	0.5631378641
669.521	1.310868447
670.541	1.240657426
671.591	1.695716997
672.671	1.547591675
673.703	1.602455446
674.831	1.481767705
675.832	1.019154553
676.841	2.055416583
677.851	1.485845545
678.861	0.7474352941
679.862	2.706750413
680.871	1.324571429
682.052	0.9871058824
683.232	1.763260739
684.331	1.184031968
685.352	0.6900831683
686.431	2.973794206
687.432	2.374420635
688.632	1.160562934
689.633	1.198453915
690.642	2.200364356
691.643	0.1118361775
692.781	1.549325397
693.782	1.547956044
694.783	1.099749565
695.791	0.5805133506
696.792	1.756515385
697.812	2.06634965
698.821	1.124027532
699.822	2.082693307
700.832	0.6855686275
701.841	1.561879088
702.862	2.925623762
703.871	1.780571429
705.042	2.433409015
706.052	0.3896727273
707.073	1.480039716
708.082	1.362635294
709.092	1.763433333
710.112	0.5286956522
711.122	0.953
712.322	1.283940417
713.332	1.917908911
714.333	1.92776024
715.352	1.353347614
716.362	1.005881423
717.372	1.204562313
718.373	1.537384886
719.382	1.157666334
720.392	1.978885115
721.402	2.265916832
722.412	2.443095038
723.432	1.946071429
724.442	1.347786139
725.443	1.114117882
726.632	1.316268434
727.642	0.8126732673
728.662	1.716538614
729.672	1.602635202
730.673	1.626957384
731.683	2.448855446
732.693	3.292560079
733.713	0.2733371758
734.714	1.072815185
735.715	0.8248287972
736.723	1.077645193
737.842	0.5042823529
739.043	0.6544159204
740.423	1.757639604
741.544	1.143610725
742.623	1.287469027
743.753	1.968471528
744.754	1.419469307
745.756	1.530509491
746.763	0.2465347698
747.766	0.5201108911
748.853	2.831664336
749.983	1.362635294
750.994	1.046239841
752.003	1.300063872
753.004	0.2467764706
754.193	1.009286713
755.194	1.424206145
756.203	0.3062336634
757.204	1.734897103
758.205	1.817312127
759.234	2.127136863
760.244	0.2120846154
761.245	1.140452174
762.334	1.423985019
763.504	0.4399058824
764.514	1.834585462
765.523	1.558789318
766.533	2.636151394
767.558	1.518354105
768.573	2.70157043
769.574	0.5315657143
770.584	2.872507433
771.593	1.088282759
772.594	1.77985332
773.604	1.848563189
774.613	1.148455897
775.624	2.136139834
776.625	1.059984314
777.784	1.453758416
778.794	1.831223762
779.994	0.4022217782
781.004	1.408697721
782.014	1.040656126
783.025	1.857078295
784.034	1.415279208
785.044	0.6437647059
786.054	1.584215784
787.055	0.8552619718
788.065	1.382168484
789.204	1.212259649
790.214	1.953962413
791.364	0.5826352941
792.365	0.3607912088
793.554	1.152282515
794.555	0.5314841122
795.565	2.566845927
796.614	0.418627451
797.615	0.9675769594
798.644	1.760015826
799.704	1.936551449
800.736	1.234565737
801.955	0.8948820614
802.964	0.6677465347
803.985	3.345518482
804.994	1.815697211
805.995	2.068050909
807.004	0.5466533467
808.204	2.356246032
809.205	0.9933612903
810.224	0.3931339806
811.225	0.7814019802
812.244	1.16063745
813.254	2.689902874
814.255	1.280150644
815.295	1.99480995
816.304	1.136431568
817.404	1.136674603
818.414	1.724249786
819.425	1.255691395
820.427	1.982922772
821.435	0.2894588235
822.455	1.673342657
823.462	1.363940653
824.463	1.614510891
825.472	0.6759529412
826.534	1.705558442
827.662	1.738772277
828.682	0.4777142857
829.692	2.733266733
830.702	2.055416583
831.722	0.3648
832.742	1.670526733
833.752	2.201404762
834.782	1.174493558
835.812	0.4586057143
836.832	2.190116716
837.835	1.054862823
838.843	2.492739261
839.852	4.150674651
840.993	1.790216055
842.003	0.7944194419
843.233	1.986253746
844.234	3.490437562
845.243	1.472183816
846.244	1.300372277
847.253	1.105065756
848.254	0.3498581419
849.262	2.525538462
850.273	2.784760396
851.274	0.8442109026
852.283	1.955204795
853.303	0.7317844311
854.493	1.650285714
855.693	1.624135864
856.833	1.183318137
857.973	1.872712166
858.983	1.659496531
859.984	2.583070822
860.993	1.681816822
861.994	2.085595285
863.003	2.075209581
864.013	1.682643658
865.043	1.533493473
866.053	2.527722498
867.054	1.30438341
868.063	1.989297021
869.083	1.717774257
870.096	0.6651661808
871.293	1.263944609
872.294	3.133972056
873.304	1.9504222
874.314	0.2467764706
875.323	0.8059534884
876.334	1.618277722
877.335	0.1894153846
878.513	0.6483227666
879.594	1.576903865
880.974	0.7375540139
881.983	0.7194065282
882.984	1.822254545
883.993	0.8599964881
884.994	1.845746575
886.014	0.7840470588
887.023	2.215295049
888.024	1.575324727
889.025	0.854780198
890.034	1.902353646
891.204	1.556855446
892.215	1.174388889
893.224	1.902267062
894.523	1.220683694
895.534	0.9777102897
900.891	1.439803922
901.941	1.755374257
902.942	0.411984556
903.971	1.427452709
905.151	0.9763764706
906.161	0.1771885714
907.361	0.2901803766
908.371	1.006718101
909.373	0.7832470588
910.421	3.155984095
911.431	1.548299065
912.441	3.848955224
913.446	1.486671642
914.621	0.134557377
915.641	0.672444004
916.661	0.1193890909
917.662	1.408633663
918.671	2.543577209
919.691	1.231198444
920.701	1.023316977
921.702	2.002573427
922.711	1.705387512
923.712	0.1854564015
924.732	1.281122137
925.741	0.9850682493
926.821	1.228899101
927.831	2.253813861
928.842	1.918059406
930.002	0.6600316832
931.242	1.396875125
932.252	2.17568032
933.253	1.156246046
934.262	1.120425298
935.271	1.441140594
936.272	1.458101961
937.283	2.262617383
938.292	2.741417822
939.293	1.675833172
940.452	0.8458534653
941.461	1.096121789
942.462	0.8560158416
943.471	1.063223762
944.472	2.274989011
945.491	1.056478431
946.492	2.110081918
947.501	0.1368
948.502	1.095484638
949.511	0.7604340505
950.513	1.305136986
951.521	0.8228957299
952.541	1.491333333
953.561	0.936959041
954.571	2.394341658
955.601	1.687277778
956.621	1.348023952
957.991	3.017526474
959.041	2.305606394
960.061	0.7584950495
961.111	1.582112983
962.121	1.653861085
963.151	1.191704296
964.211	1.727047619
965.232	1.593598425
966.251	0.1141982609
967.291	0.446027833
968.311	3.072191808
969.341	0.4121625372
970.371	0.5436582524
971.392	1.334711198
972.411	1.948563437
973.421	1.225902874
974.482	0.4720396825
975.502	2.408007992
976.514	1.490261738
977.522	3.820472368
978.562	0.3437649363
979.582	0.9549176471
980.611	1.866194059
981.632	2.711656344
982.648	1.191920792
983.802	2.558337662
984.822	1.069114885
985.845	2.344901961
986.852	1.780507937
987.862	2.018695738
989.142	1.707908092
990.262	2.031232767
991.273	2.241278721
992.282	2.378344554
993.292	1.801639604
994.322	1.566285714
995.332	1.53389011
996.333	0.5221738262
997.402	1.344780488
998.494	1.499972305
999.553	1.358065411
1000.563	0.2383841584
1001.703	0.5786117647
1002.704	0.2123009901
1003.723	1.10908226
1004.783	1.398839216
1005.833	1.885528713
1006.834	1.290346979
1008.013	1.041252725
1009.014	0.9097346535
1010.064	0.2312552827
1011.183	1.466661386
1012.353	1.475833333
1013.923	1.729855302
1014.936	1.946232558
1015.943	1.925946054
1016.944	0.7894811881
1017.953	1.203011765
1018.954	0.7542178218
1020.214	0.6770219561
1021.283	6.035296404
1022.403	1.986857143
1023.563	1.319335968
1024.603	1.732411881
1025.613	2.02224975
1026.614	2.396307246
1027.643	1.076486275
1028.654	0.8663409669
1029.703	2.274077922
1030.704	3.312719281
1031.834	1.353038961
1032.873	0.8777539683
1034.004	0.7216712871
1035.014	2.718649351
1036.023	0.9423706422
1037.043	1.199897436
1038.049	2.673756677
1039.054	2.305246753
1040.074	1.646417582
1041.083	1.758857143
1042.133	0.3293825243
1043.162	1.492646707
1044.163	2.92191009
1045.164	1.264522772
1046.184	1.333834166
1047.244	1.909706294
1048.255	0.6687410281
1049.264	1.903413861
1050.274	0.2701435407
1051.294	2.596787213
1052.304	0.2365108055
1053.305	1.356049571
1054.444	1.326838938
1055.452	1.376062868
1056.622	1.254273603
1057.632	0.4672
1058.642	0.4659326733
1059.662	1.798716832
1060.702	2.344607393
1061.712	1.49266004
1062.762	0.1868994307
1063.769	2.080443564
1064.782	0.93161
1065.802	1.999108571
1066.812	0.205383378
1067.823	2.98372028
1068.832	1.305579618
1069.862	2.483821606
1070.942	1.974041625
1071.952	1.766969277
1072.962	1.148833333
1073.982	2.199635644
1074.992	1.719462451
1076.01	2.045450549
1077.012	2.77404995
1078.062	2.766065934
1079.082	1.592721506
1080.092	0.1197004566
1081.102	1.223152941
1082.113	0.7608475248
1083.142	0.9393425743
1084.412	1.211984158
1085.452	0.9870208127
1086.462	0.8460178394
1087.502	1.946613861
1088.772	2.728351648
1089.812	3.582533865
1090.842	0.2550058252
1091.883	0.1894153846
1092.933	2.795243856
1094.153	0.8823027888
1095.163	0.6806763848
1096.173	0.8776871287
1097.183	0.3792475248
1098.184	1.030657343
1099.253	1.888047952
1100.273	2.411081188
1101.293	0.6095793651
1102.324	1.845483927
1103.333	2.073448756
1104.343	2.064143856
1105.344	1.462811881
1106.353	1.538083168
1107.384	1.027349206
1108.413	2.188704951
1109.423	1.136467257
1110.433	0.3422461538
1111.453	2.725142857
1112.473	1.437059048
1113.516	2.039119921
1114.523	0.316742515
1115.533	1.005842158
1116.552	0.171
1117.582	0.3913095238
1118.602	0.8013882353
1119.613	2.466939424
1120.822	1.543608392
1121.853	1.494834331
1122.873	1.219388611
1123.903	2.64999801
1124.942	0.7809395441
1126.053	1.963482353
1127.063	1.984711289
1128.068	0.6393029703
1129.073	0.9439927273
1130.304	1.233882353
1131.313	1.420876115
1132.333	1.535620553
1133.353	0.6859722479
1134.373	2.411567889
1135.374	0.1144733624
1136.563	1.695976214
1137.593	0.8855784216
1138.594	2.113454545
1139.603	1.321753731
1140.604	0.6090299401
1141.613	2.197458167
1142.614	0.5705043478
1143.623	0.7910019802
1144.625	1.48595441
1145.634	2.058772277
1146.804	1.009658182
1147.813	0.2817267327
1148.853	1.050644239
1149.864	1.558518812
1150.865	1.283524476
1151.904	0.4156429752
1152.906	1.187339268
1154.105	1.181085149
1155.113	1.879252485
1156.168	2.657166833
1157.544	0.2920262418
1158.545	1.421089076
1159.546	1.90197003
1160.564	0.2038588235
1161.571	2.066640238
1162.574	1.257902098
1163.585	2.265633466
1164.604	0.3362378593
1165.605	0.4295348007
1168.014	0.34958227
1169.194	0.9148691309
1170.204	0.1573647059
1171.274	1.658576809
1172.285	1.900261386
1173.305	0.9117367896
1174.314	1.507647175
1175.459	1.383215842
1176.464	0.7874401473
1177.487	2.332579421
1178.495	1.934849151
1179.505	0.8677002997
1180.506	0.9343748773
1181.524	2.063772765
1182.534	1.536380645
1183.535	2.233086913
1184.554	0.6437647059
1185.585	0.1636485981
1186.586	1.760979269
1187.594	0.2453890909
1188.614	2.118574257
1189.624	1.203948464
1190.646	1.98204995
1191.654	1.126906931
1192.655	1.498333666
1193.666	1.224427723
1194.904	2.516119048
1195.906	2.521768494
1196.915	2.102114851
1197.945	1.212423529
1198.975	1.173594461
1200.094	0.7739282869
1201.195	1.132167331
1202.205	0.7981002639
1203.206	0.8296792079
1204.214	1.319334653
1205.226	0.9427009901
1206.235	1.401694306
1207.245	2.136737364
1208.265	2.855952048
1209.266	0.697305638
1210.275	0.7476594059
1211.276	0.6393029703
1212.375	1.606463158
1213.385	1.774415534
1214.386	2.572443564
1215.396	0.8685394605
1216.436	1.24636963
1217.442	0.9077581764
1218.455	1.168921739
1219.456	1.772083916
1220.465	1.494183347
1221.473	1.476563654
1222.505	2.386144411
1223.516	1.119318812
1224.525	1.613700694
1225.535	1.634537166
1226.545	2.715249501
1227.555	2.647368631
1228.575	0.6067960396
1229.586	0.2900404235
1230.616	2.236147368
1231.636	1.551032706
1232.646	0.4154565435
1233.656	2.591136863
1234.657	2.478908012
1235.675	0.5854588702
1236.676	1.422159769
1237.696	0.6444451997
1238.697	1.103248764
1239.716	1.408836653
1240.736	1.641908911
1241.746	3.093585657
1242.756	0.3219747327
1243.757	1.847688312
1244.776	0.4117544554
1245.796	1.766751491
1246.806	1.475070476
1247.816	2.132510386
1248.826	2.243394595
1249.836	1.280314312
1250.846	1.571824351
1251.906	0.3057572254
1252.907	1.461365605
1253.917	0.4846780952
1254.926	1.454572844
1255.927	1.235436563
1256.936	2.210471287
1257.946	2.012765114
1258.947	1.82026561
1259.996	0.6725834166
1261.016	0.1788923077
1262.017	0.5842865221
1263.026	2.03710099
1264.027	1.601822178
1265.036	0.9643607532
1266.057	1.260203796
1267.058	2.733266733
1268.064	0.5312621359
1269.067	1.724113837
1270.077	1.510390486
1271.097	1.738357642
1272.106	2.094842418
1273.136	1.240126733
1274.156	0.7996403596
1275.166	1.838168484
1276.177	0.2151384615
1277.186	0.4908225966
1278.187	1.673279686
1279.217	2.394341658
1280.228	2.606312925
1281.247	0.952555005
1282.257	1.98634965
1283.267	0.9636392468
1284.276	1.70626973
1285.277	1.552611765
1286.487	1.782398414
1287.488	0.9507631318
1288.557	0.1082234234
1289.558	1.520526316
1290.668	0.1858415094
1291.687	0.2255387635
1292.708	2.349008902
1293.716	1.167338296
1294.737	0.2317305101
1295.832	0.6560235294
1296.987	1.667934545
1297.989	2.590047619
1298.998	1.916827173
1300.008	1.24636963
1301.099	1.31812549
1302.108	1.88045042
1303.118	2.017427156
1304.119	3.1315334
1305.127	2.3717003
1306.137	1.961251485
1307.148	1.66435964
1308.157	2.798865135
1309.158	1.042285714
1310.184	1.672759241
1311.188	0.3556133225
1312.197	0.8776871287
1313.201	0.5691743119
1314.208	1.475716284
1315.218	1.396931615
1316.219	1.154378761
1317.238	0.3540399619
1318.258	1.964103175
1319.288	0.6866823529
1320.31	2.077282717
1321.328	1.881845545
1322.349	1.109653122
1323.358	1.481157582
1324.359	0.8122666667
1325.368	1.105235644
1326.378	2.190681239
1327.418	2.376471528
1328.419	0.9511050049
1329.429	2.197546454
1330.438	1.63996004
1331.439	1.255152475
1332.638	1.567374257
1333.668	1.70119604
1334.67	1.806661386
1335.678	0.1421298701
1336.698	0.3866378803
1337.717	1.809768087
1338.718	1.541267327
1339.748	0.634881592
1340.749	2.468407186
1341.75	2.291116883
1342.769	0.6448226415
1343.989	1.531355962
1345.029	2.22940519
1346.03	1.78208991
1347.049	1.344700952
1348.069	0.4037592233
1349.079	0.5851247525
1350.089	1.811345887
1351.099	2.567264735
1352.109	0.9662497503
1353.529	2.307113772
1354.539	1.858621379
1355.54	0.3743461919
1356.549	1.359627723
1357.559	2.111308731
1358.56	1.999328571
1359.629	1.300347652
1360.649	1.35170664
1361.659	1.849608735
1362.669	2.142881119
1363.679	1.065062937
1364.689	1.387113772
1365.69	0.5483961165
1366.691	0.3426013986
1367.699	0.8235089109
1368.71	1.275465875
1369.711	2.092126984
1370.72	1.78208991
1371.721	2.394677228
1372.73	1.576188552
1373.82	2.383841584
1374.821	0.7623352166
1375.83	2.467313373
1376.839	1.114487129
1377.939	1.770148387
1378.959	0.3867146208
1379.969	1.717527273
1381.72	2.138693148
1382.73	1.705558442
1383.731	1.731441118
1384.739	2.897262737
1385.749	0.645281097
1386.91	0.9024146545
1387.929	0.3435298727
1388.939	1.668699301
1389.95	0.5515410485
1390.97	0.8993584158
1391.979	0.5243492063
1392.98	2.208885219
1393.99	1.996484127
1395.0	0.4481449275
1396.02	2.311054122
1397.03	0.2994113208
1398.04	1.071667656
1399.05	0.5223223629
1400.07	1.883484127
1401.071	1.224420635
1402.08	1.419006924
1403.09	1.169838162
1404.091	1.856839604
1405.46	1.209037924
1406.58	1.596348515
1407.581	1.850510427
1408.64	0.7787591675
1409.67	1.35160396
1410.68	2.008571429
1412.21	0.5046033301
1413.23	0.5261538462
1414.26	2.403482759
1415.35	0.8134786918
1416.41	2.261333333
1417.48	0.2684910891
1418.488	1.311968032
1419.528	1.932603175
1420.568	2.988281467
1421.588	1.082373626
1422.778	0.2094188679
1423.788	1.686514399
1424.848	4.911485182
1425.849	1.947477228
1426.868	2.537633333
1427.879	0.2350588235
1428.899	1.825822178
1430.178	0.9826173826
1431.188	0.9451148184
1432.199	0.5042689913
1433.248	1.545171118
1434.249	1.561917471
1435.259	1.553827451
1436.263	0.605980198
1437.349	2.062722911
1438.35	1.248648236
1439.573	1.203612388
1440.649	1.290101898
1441.819	1.287529412
1442.829	1.31646621
1443.839	4.512095144
1445.049	1.645209118
1446.21	1.044326667
1447.419	1.851031746
1448.549	2.383408591
1449.55	1.763794059
1450.569	0.74178389
1451.58	2.114677966
1452.589	0.8658043912
1453.609	1.620580882
1454.62	1.270285714
1455.63	0.7947556428
1456.7	0.2370771654
1457.701	0.4087921569
1458.711	2.898648111
1459.72	0.4935529412
1460.73	1.71355514
1461.731	2.332376712
1462.749	1.648650149
1463.75	0.1944480458
1464.77	1.506336634
1465.78	3.936511489
1466.789	1.333834166
1467.8	2.263144855
1468.81	2.404203796
1469.98	2.395792857
1470.99	1.93035
1472.01	1.703616384
1473.02	0.3634038877
1474.04	1.528071429
1475.041	1.555390099
1476.07	1.522698885
1477.22	1.603675248
1478.221	1.240063366
1479.23	2.067614815
1480.251	0.4832705882
1481.26	0.4630153846
1482.42	1.933069307
1483.43	1.330447059
1484.44	1.884372277
1485.451	1.260365064
1486.46	1.210423762
1487.7	1.473647525
1488.71	4.21180198
1489.73	0.6546256207
1490.74	1.217387512
1491.75	2.006580773
1492.76	0.7770866667
1493.78	1.705558442
1494.811	0.9002497522
1495.82	0.4858930693
1496.84	0.9866066536
1497.85	2.857881521
1498.87	0.8791455004
1499.911	1.769981096
1500.93	1.150811429
1501.95	1.137038961
1502.951	1.909634527
1503.98	0.7215824176
1505.0	0.6067960396
1506.02	2.482110208
1507.05	1.679524752
1508.074	1.287529412
1509.11	0.9356918336
1510.111	1.463568862
1511.141	0.2946461538
1512.211	1.969193103
1513.421	2.423054152
1514.461	0.1788910891
1515.481	0.5720236686
1516.491	1.553022977
1517.561	0.6298138614
1518.571	1.885988119
1519.581	1.113356863
1520.601	1.083564356
1522.121	3.252491508
1523.131	2.809798202
1524.151	2.273252725
1525.291	0.5620514851
1526.581	1.571168317
1527.601	1.475964036
1528.622	2.12081665
1529.641	1.591264095
1530.651	0.7693306931
1531.691	0.6527236581
1532.702	3.362716832
1533.711	2.959904192
1534.821	1.816375624
1535.841	4.826602502
1536.911	0.8476981132
1538.031	1.4656793
1539.042	0.9456466019
1540.274	0.4077176471
1541.279	2.657014985
1542.281	1.885397351
1543.292	1.957018981
1544.297	0.7105663366
1545.482	0.6869436893
1546.492	0.9755718533
1547.502	0.9080543689
1548.512	0.1405651376
1549.522	1.859268731
1550.652	3.057974026
1551.662	0.1745802592
1552.672	1.993758416
1553.692	0.2467764706
1554.952	0.4743496503
1555.972	1.328902077
1556.992	2.606225774
1558.012	1.404555445
1559.022	3.193353116
1560.032	0.9535366337
1561.052	1.323770297
1562.202	1.894258936
1563.253	2.177914257
1564.254	1.4757003
1565.262	0.8332581197
1566.264	3.958929633
1567.272	2.379692308
1568.284	1.751475149
1569.293	0.604447036
1570.403	1.559389495
1571.404	2.069607921
1572.405	0.8891170108
1573.412	0.1180235294
1574.613	1.354347305
1575.622	1.256934653
1576.632	1.603675248
1577.643	0.7167114625
1578.652	2.45994006
1579.742	0.6333461538
1580.743	1.921239325
1581.752	0.7517958783
1582.753	1.45488867
1583.754	1.899676969
1584.953	1.406932287
1585.963	1.662994872
1586.983	0.7955520317
1588.153	1.376126733
1589.173	0.8680274779
1590.193	0.9806273726
1591.203	2.423453465
1592.403	1.390201805
1593.423	1.41988024
1594.433	0.8698138614
1595.443	1.978930233
1596.493	0.9772289395
1597.683	0.1849690141
1598.693	0.700987013
1599.774	2.352455544
1600.783	1.497764706
1601.793	3.275861249
1602.794	0.1756557257
1603.903	3.364618146
1604.904	1.24636963
1605.913	1.581202797
1606.914	2.613002997
1607.923	1.437741176
1609.123	0.2340089508
1610.134	3.04
1611.233	1.229919529
1612.243	2.121014985
1613.244	0.2465347698
1614.246	0.864836036
1615.254	1.061677932
1616.266	2.235009901
1617.474	1.452384539
1618.684	2.65203125
1619.874	0.671809901
1621.474	1.999416583
1622.484	1.903992008
1623.504	1.530936212
1624.513	1.97648855
1625.514	1.009619048
1626.694	0.9529821782
1627.704	1.814553846
1628.714	1.304807193
1629.894	1.667268731
1631.024	2.232830683
1632.124	1.769714286
1633.255	2.305709199
1634.264	1.632150644
1635.274	0.3612582524
1636.278	0.97524618
1637.294	1.814889111
1638.304	1.258180377
1639.315	1.623603568
1640.324	2.243480674
1641.334	1.203819524
1642.335	2.221306931
1643.485	1.043351351
1644.487	1.333834166
1645.655	4.143632368
1646.664	1.973849802
1647.675	1.132190099
1648.685	0.488991009
1649.686	1.399569231
1650.725	2.383408591
1651.734	1.340673267
1652.914	1.118913087
1654.004	0.6065714286
1655.174	0.369029703
1656.279	2.359978378
1657.304	0.1042285714
1658.334	1.072941176
1659.364	1.690360396
1660.4	2.739261905
1663.279	1.068687747
1664.289	2.662508738
1665.299	1.410715773
1666.309	0.2224013548
1667.319	0.5565803922
1668.32	1.928744554
1669.509	1.180235294
1670.62	1.126105894
1671.739	1.847310208
1672.74	0.5862915254
1673.749	1.127641379
1674.759	1.354986028
1675.769	0.6965014691
1676.819	1.07414985
1677.919	1.978885115
1678.929	1.622543284
1679.94	0.715901088
1680.949	1.706786693
1682.03	1.622921079
1683.089	1.978885115
1684.09	2.03710099
1685.11	1.144950495
1686.141	2.000503496
1687.19	0.9478495727
1688.191	2.191293651
1689.192	0.2253581395
1690.21	2.084241824
1691.213	2.700263473
1692.221	1.657853465
1693.23	1.320285149
1694.24	1.359538739
1695.241	1.139068931
1696.25	4.892087129
1697.251	2.275472745
1698.26	0.6118745098
1699.261	1.039333333
1700.28	0.5874512922
1701.29	1.638683643
1702.501	0.9942679612
1703.7	0.8390834951
1704.94	1.457770813
1705.941	2.014461843
1707.0	1.791533136
1708.02	1.86174211
1709.021	1.470553447
1710.03	2.06634965
1711.035	0.5781688312
1712.04	1.500352825
1713.05	0.3908955752
1714.053	2.273235644
1715.06	1.244745763
1716.061	0.9185609158
1717.072	2.01361039
1718.08	0.4211803279
1719.231	0.5658501499
1720.232	1.698237712
1721.241	1.704435213
1722.36	0.7772130518
1723.371	2.015429703
1724.381	1.444836114
1725.391	0.7650174757
1726.401	3.135952048
1727.43	1.366644202
1728.431	1.814889111
1729.45	0.807054251
1730.451	3.350003992
1731.471	1.793022977
1732.472	1.920922034
1733.473	1.997714286
1734.481	1.85289505
1735.621	1.721163205
1736.623	0.1180235294
1737.642	1.007714851
1738.661	1.752598261
1739.801	1.058776471
1740.802	1.869536634
1741.813	2.314477522
1742.921	1.896023739
1743.922	2.593598402
1744.926	1.272690476
1745.931	1.158776471
1747.152	2.71851497
1748.156	0.7739147671
1749.161	1.580611111
1750.172	0.7742970297
1751.173	1.114967359
1752.241	0.498439604
1753.242	2.342310376
1754.272	0.6956509091
1755.282	2.99566034
1756.288	0.4777142857
1757.291	0.10032
1758.301	0.7722735382
1759.305	0.6734769231
1760.312	2.700467532
1761.332	1.94957043
1762.351	0.3580893204
1763.352	0.2736
1764.362	1.29622333
1765.371	1.542660059
1766.377	1.099409182
1767.422	2.28
1768.522	1.811345887
1769.523	1.854731417
1770.532	1.594780198
1771.533	1.22488972
1772.672	0.488761165
1773.701	0.9531643564
1774.711	1.810352475
1775.721	2.109367742
1776.911	1.306740594
1778.011	1.636662096
1779.012	4.982123651
1780.021	1.507257485
1781.022	1.461364985
1782.023	2.354285714
1783.191	2.123044955
1784.192	1.180235294
1785.201	1.935152847
1786.203	2.345647525
1787.211	1.132513433
1788.212	0.7683399209
1789.301	0.5813757455
1790.411	2.705161538
1791.621	1.268235764
1792.622	2.190969277
1793.631	1.205458541
1794.632	1.775287834
1795.633	2.150698024
1796.691	1.272380575
1797.692	1.551050042
1798.702	0.3755294118
1799.703	1.331465875
1800.811	2.131611111
1801.812	0.2567337808
1802.813	0.9245429142
1803.821	1.250132805
1804.832	1.180422222
1805.842	3.691688623
1806.852	1.658906188
1807.861	2.485330669
1808.862	0.6429357072
1809.863	1.419036963
1810.872	0.8340052219
1811.902	0.5626703221
1812.922	2.430261187
1813.923	1.486093299
1814.932	0.6990179641
1815.942	0.918085796
1816.953	1.6995005
1817.962	1.028367953
1818.972	1.928109482
1819.982	2.125478692
1820.992	1.568793449
1822.074	1.616277228
1823.083	0.7077285429
1824.084	1.126588235
1825.093	0.7886594274
1826.193	1.433338462
1827.203	2.073460674
1828.211	0.3723089109
1829.212	1.431208791
1830.213	0.1343456091
1831.231	0.4913821782
1832.252	0.975761194
1834.603	1.261874126
1835.784	0.3815034347
1836.792	0.9978352941
1837.793	1.749290709
1838.794	0.9183776224
1839.803	2.05597193
1840.804	0.5369970559
1841.813	2.249156436
1842.815	1.498414035
1843.823	1.13241958
1844.824	0.8266666667
1845.833	1.128023786
1846.834	1.278769748
1848.042	1.875888224
1849.043	2.228348515
1850.044	1.164395604
1851.053	1.961251485
1852.063	2.285010989
1853.083	0.8887272727
1854.193	0.4550970297
1855.253	2.418140733
1856.255	0.122956848
1857.263	1.674333666
1858.283	0.4993006993
1861.094	1.336186047
1862.373	2.274077922
1863.374	1.857411298
1864.375	0.5364705882
1865.544	2.038271556
1866.545	3.192071429
1867.553	1.4927636
1868.554	2.138857143
1869.556	2.027788634
1870.563	1.257373016
1871.573	1.532377358
1872.713	1.165301397
1874.033	1.595066667
1875.035	1.226669307
1876.193	1.291369231
1877.324	2.303704296
1878.334	2.771068931
1879.544	2.984727273
1880.545	0.7025519288
1881.553	1.164776699
1882.554	1.897270729
1883.555	1.015620178
1884.565	2.814792453
1885.574	2.962861139
1886.654	3.164819085
1887.664	0.4265149701
1888.674	2.361542458
1889.675	1.676852329
1890.683	1.825822178
1891.685	1.194788845
1892.694	1.820043956
1893.734	0.6073974232
1894.764	1.376126733
1895.774	0.7249902396
1896.784	1.418930693
1897.795	1.238661386
1898.804	2.015429703
1899.824	1.92420218
1900.834	2.502696762
1901.844	0.5686588235
1902.845	2.040436508
1904.085	1.536587885
1905.112	0.4439168
1906.115	1.486353646
1907.125	1.96479292
1908.13	1.422285714
1909.131	2.78265873
1910.147	1.662379747
1911.148	1.199294559
1912.149	1.580617822
1913.154	1.13185332
1914.213	1.117177403
1915.215	1.873696729
1916.216	2.319125828
1917.235	1.789856158
1918.236	0.856864222
1919.245	2.211940741
1920.265	0.1101491974
1921.266	2.679056492
1922.295	1.059532468
1923.296	1.902724752
1924.305	0.2976134454
1925.325	0.5362736842
1926.327	1.389042616
1927.455	2.448855446
1928.456	1.290457879
1929.457	2.586476367
1930.465	1.576445771
1931.475	2.942625375
1932.476	1.192503497
1933.485	0.595960396
1934.486	1.917908911
1935.605	1.26431968
1936.636	0.3862588235
1937.835	2.090140733
1938.836	0.8178298785
1939.846	1.506154455
1940.945	1.607160839
1941.946	0.9717665678
1942.956	1.661508197
1943.965	0.3034796116
1944.966	1.176021053
1945.985	1.711216783
1946.995	1.300277228
1948.146	0.7915771526
1949.147	1.559884615
1950.166	1.114249505
1951.356	2.248317146
1952.486	1.541562438
1953.488	1.647017822
1954.489	2.613002997
1955.496	2.051020979
1956.506	2.665568317
1957.516	2.247758989
1958.756	0.289410382
1959.822	2.469370629
1960.826	0.4849214286
1961.827	1.602722057
1962.836	0.9359920792
1963.837	1.061497517
1965.046	1.642346878
1966.209	0.5067607843
1967.396	1.314453546
1968.397	1.167461386
1969.406	1.566936097
1970.476	1.25799001
1971.486	1.900340594
1972.506	1.887714851
1973.526	1.695460852
1974.536	1.61194006
1975.537	1.049574426
1976.544	1.887222993
1977.546	1.202637363
1978.548	2.394677228
1979.556	2.118802721
1980.557	1.755528246
1981.558	1.426588465
1982.577	1.146773905
1983.587	1.730878097
1984.597	2.022617383
1985.606	0.6636470588
1986.607	2.307946381
1987.627	1.23134902
1988.787	1.791992071
1989.788	0.8881678322
1990.796	1.583041584
1992.016	1.15634717
1993.476	2.060812686
1994.717	0.944807767
1995.718	1.293612648
1996.727	2.03710099
1997.837	0.8270019802
1999.086	0.4993864078
2000.122	1.043171315
2001.137	0.646953047
2002.146	1.172955752
2003.147	1.734059406
2004.216	1.272204739
2005.237	1.461563492
2006.296	0.9818037661
2007.304	2.874291378
2008.324	1.32214985
2009.334	1.308047809
2010.484	0.5100116505
2011.488	0.3474678733
2012.494	2.813222222
2013.504	1.201606557
2014.514	0.4284078578
2015.535	0.1262769231
2016.544	0.7153617443
2017.559	2.424650149
2018.575	0.500919403
2019.625	3.136247752
2020.665	1.145524528
2021.674	1.462811881
2022.804	1.824893655
2023.834	1.664380575
2025.284	1.337158841
2026.294	1.13551453
2027.634	0.7448508946
2028.643	1.753734653
2029.674	1.103641434
2031.045	1.275334653
2032.434	0.3062666667
2033.484	2.338013875
2034.543	2.01404995
2035.583	1.045357143
2036.623	1.167773371
2037.703	1.103944554
2038.704	2.555784431
2039.723	0.4224621359
2040.724	2.167128713
2041.904	1.298533333
2043.064	1.534089197
2044.174	1.708427723
2045.353	1.113107692
2046.424	0.9327333994
2047.604	1.016775225
2048.714	1.426205794
2049.743	0.5201108911
2050.744	0.109779845
2051.774	0.5298711864
2052.783	0.4037592233
2053.784	1.607160839
2054.804	1.24636963
2055.814	1.834871386
2056.824	1.424254777
2057.954	1.832071928
2058.956	1.697081511
2059.974	1.228067932
2060.984	0.1073966034
2061.994	1.353885149
2063.005	1.183397776
2064.024	1.743160396
2065.044	0.9467932619
2066.048	2.494667988
2067.054	1.002957043
2068.07	2.338461538
2069.084	3.331028971
2070.094	1.104345763
2071.274	3.506556213
2072.275	0.3498581419
2073.285	1.537726274
2074.294	1.877643781
2075.295	0.6587650485
2076.394	0.4883555556
2077.395	1.820388119
2078.505	2.077282717
2079.515	1.256934653
2080.525	1.654324374
2081.535	1.288981132
2082.536	1.330605941
2083.605	1.388958621
2084.736	2.164985163
2085.885	2.156293069
2086.887	1.269026759
2087.925	0.9656470588
2088.935	1.213592079
2089.945	1.344951437
2090.955	0.8720318725
2091.965	2.342501487
2093.067	1.721654346
2094.075	1.926836795
2095.085	0.3862588235
2096.086	1.567801784
2097.095	1.416255489
2098.115	1.636182178
2099.135	0.3965211831
2100.136	0.2841230769
2101.145	0.7649663366
2102.306	1.082550149
2103.32	2.519024975
2104.405	1.96591857
2105.406	1.857143992
2106.415	0.3825087379
2107.426	2.272730496
2108.435	2.440303696
2109.447	1.61711001
2110.448	1.209037624
2111.466	1.749290709
2112.475	0.6974117647
2113.487	0.5869544554
2114.495	1.719080278
2115.505	1.959311573
2116.506	1.430304951
2117.515	2.660318584
2119.11	0.3120932945
2120.115	2.877142857
2121.306	1.771220779
2122.316	1.17267451
2123.326	0.9588
2124.334	0.8774415842
2125.336	1.70119604
2126.337	0.6219307692
2127.516	1.952752941
2128.526	0.9755250167
2129.527	1.902353646
2130.536	2.186613387
2131.537	0.4935529412
2132.756	0.8340731949
2133.757	0.2575058824
2134.766	2.049477477
2135.846	0.407068
2137.257	1.021048618
2138.537	1.443020979
2139.686	1.597682318
2140.687	1.752267191
2141.688	1.856188235
2142.689	1.255691395
2143.69	1.372843157
2144.696	0.8560158416
2145.697	0.6347315248
2146.698	0.5589647059
2147.896	0.2575058824
2148.897	0.9579843137
2149.898	0.5913791045
2150.907	2.547404595
2151.908	4.186822597
2152.917	1.028715285
2153.928	1.728191808
2154.93	2.121014985
2155.936	1.385974026
2156.937	2.415200799
2157.957	1.487064935
2158.958	1.205620553
2160.217	1.21719685
2161.247	2.086641509
2162.248	1.159873267
2163.347	0.5167576055
2164.348	1.605264618
2165.349	2.297156436
2166.358	3.517098117
2167.368	2.076305882
2168.398	1.715892108
2169.399	0.2814171429
2170.577	0.8134185814
2171.578	0.6290901883
2172.587	2.197253616
2173.588	2.355037975
2174.597	0.3998811881
2175.938	2.407110228
2176.967	2.040451933
2177.969	2.242533467
2178.97	3.361958042
2180.208	0.7725176471
2181.21	0.2834103586
2182.217	1.546453546
2183.218	0.1561198288
2184.247	1.775160839
2185.258	1.343619802
2187.258	0.6033646354
2188.977	1.122651429
2190.008	0.2884281467
2191.009	3.258053946
2192.017	1.198279485
2193.018	0.1255300971
2194.138	0.1271841584
2195.158	1.381661051
2196.169	0.9046726014
2197.357	1.563603175
2198.369	1.237512871
2199.378	1.669421158
2200.388	0.3377785779
2201.398	1.924411588
2202.418	1.825687129
2203.567	0.7871000991
2204.618	0.7634782609
2205.628	2.019234886
2206.629	1.018550495
2207.63	0.4334257426
2208.638	0.1128957795
2209.639	0.3005019608
2210.64	0.282972549
2211.649	1.90993007
2212.748	1.24957886
2213.749	1.674906931
2214.75	0.4116550459
2215.759	1.584699106
2216.769	1.331465875
2217.838	1.626022222
2218.968	0.5193126873
2220.118	3.013390793
2221.129	0.822694362
2222.161	1.964651349
2223.18	2.55264752
2224.32	1.337743284
2225.331	1.891529825
2226.34	1.559650591
2227.351	0.3769514371
2228.371	0.9597818182
2229.381	1.000727273
2230.382	0.1520242608
2231.383	1.730852174
2232.428	2.882829171
2233.432	0.6081169781
2234.439	0.4591141463
2235.441	0.6774431373
2236.471	0.2682352941
2237.473	2.207222222
2238.491	1.341764123
2239.501	2.029065089
2240.502	1.256934653
2241.511	1.6416
2242.55	1.603293651
2243.56	0.4659326733
2244.58	0.5465986207
2245.591	2.18910017
2246.61	1.952455544
2248.92	1.009883284
2249.921	0.2611361345
2250.931	2.847648352
2251.94	0.6418666667
2252.952	1.243539683
2253.96	1.903063492
2254.97	1.875634921
2255.972	0.1093306693
2256.98	1.85289505
2258.01	1.39852225
2259.011	2.658212935
2260.04	1.654975439
2261.061	2.481806194
2262.112	1.479506958
2263.152	2.099148851
2264.201	0.25552895
2265.212	2.374833167
2266.261	1.105964356
2267.301	2.05308226
2268.321	2.201687929
2269.521	0.8671764706
2270.524	1.603675248
2271.526	1.380963037
2272.527	1.235366337
2273.537	1.264917903
2274.546	1.162597403
2275.547	1.831223762
2276.687	1.506152929
2277.688	2.811401575
2278.718	1.641363369
2279.728	0.9874285714
2280.729	0.8251428571
2281.746	0.4260862745
2282.767	1.793566434
2283.777	0.9038814815
2284.779	1.575849057
2285.787	1.354455446
2286.807	0.723968932
2287.817	0.5925514486
2288.827	1.126105894
2289.837	2.190927114
2290.905	1.889818182
2291.928	1.125133721
2292.939	0.295818002
2293.947	0.7450822281
2294.967	1.679524752
2295.977	1.10417094
2296.998	1.881970326
2297.999	2.123612388
2299.0	1.825417822
2300.018	2.008118812
2301.027	0.3883125618
2302.047	1.639016848
2303.048	1.859076923
2304.077	1.579718121
2305.078	0.779567889
2306.079	2.19761194
2307.088	1.648308605
2308.097	1.409879088
2309.098	1.847688312
2310.138	1.434407767
2311.159	2.623936064
2312.178	1.106526733
2313.188	1.411846909
2314.338	1.918222222
2315.348	2.066643343
2316.358	2.33399604
2317.671	0.8352953191
2318.678	2.055856144
2319.688	1.417936842
2320.689	2.112950495
2321.698	1.051482353
2322.852	1.199366337
2323.858	2.508819181
2324.868	2.180122894
2326.018	2.62656
2327.019	0.5148011869
2328.028	2.238517344
2329.029	1.963284715
2330.169	1.027708292
2331.179	0.8181218075
2332.189	1.065056604
2333.268	1.955676324
2334.269	1.758857143
2335.278	0.2800834123
2336.289	0.8555254237
2337.408	1.94177023
2338.429	1.521871429
2339.439	0.2899784102
2340.44	2.755132867
2341.448	3.324943649
2342.449	0.5794525475
2343.459	0.7057142857
2344.46	1.821734161
2345.468	1.344767233
2346.469	2.776999001
2347.479	1.829721429
2348.489	0.5780490677
2349.509	1.819797517
2350.511	1.152380575
2351.519	1.315764236
2352.529	0.8277168495
2353.549	1.532859141
2354.559	1.315018868
2355.561	1.273369504
2356.569	0.4334257426
2357.57	1.269388235
2358.629	2.206921705
2359.63	1.344934653
2360.631	2.102114851
2361.639	0.1638323353
2362.64	3.134604559
2363.659	0.6934811881
2364.66	1.849686314
2367.161	5.242845155
2368.169	0.7713790386
2369.279	1.851287129
2370.28	0.7403968254
2371.449	0.8083728155
2372.45	1.126198002
2373.459	0.5903856144
2374.46	1.780491089
2375.461	0.9956620825
2376.469	1.37892549
2377.47	2.134857143
2378.472	1.424253717
2379.49	0.7324638256
2380.491	1.644447968
2381.5	0.7201435693
2382.501	1.285717352
2383.51	0.3753236364
2384.58	1.572541176
2385.581	2.253813861
2386.61	1.453193261
2387.621	1.720314033
2388.63	1.226114943
2390.062	1.062297702
2391.16	1.842059406
2392.161	1.19107451
2393.169	2.058772277
2394.25	1.527664336
2395.26	0.6265818182
2396.27	1.214011976
2397.28	1.929402547
2398.44	1.015664336
2399.441	1.813441584
2400.442	1.935152847
2401.45	1.030561439
2402.57	1.628860258
2403.571	1.511365328
2404.58	1.039394783
2405.581	1.724315385
2406.582	2.378051852
2407.59	0.6109811695
2408.611	1.372083582
2409.62	1.485330693
2410.64	3.713276511
2411.69	1.279373637
2412.7	1.915093966
2413.71	2.489986097
2414.72	1.511984127
2415.73	1.554114851
2416.731	0.8117482517
2417.732	1.386253746
2418.74	0.2158579882
2419.751	1.390556741
2420.761	1.263984601
2421.771	1.345576238
2422.78	1.845844311
2423.791	2.190930693
2427.04	1.799119048
2428.042	0.829574344
2429.051	1.260663063
2430.061	2.792920635
2430.866	1.772585714
