0.0	0.4173752456
1.01	1.540023952
2.032	0.9279529873
3.04	0.1593786408
4.05	1.897245837
5.18	1.075390099
6.19	2.274077922
7.2	0.6176316832
8.39	0.7915839058
9.51	1.06084273
10.55	0.1317401709
11.58	0.7087392607
12.6	2.382961348
13.65	3.502650699
14.67	0.5724038835
15.68	0.1612375691
16.69	1.191920792
17.71	0.1492363636
18.72	1.859904951
19.73	0.4773226773
20.75	1.245618382
21.76	2.042021804
22.78	0.4104
23.82	0.5309465347
24.84	0.6414865135
25.841	1.516198413
26.85	0.9074445554
27.86	1.051057426
28.89	1.784055944
29.9	0.5627433102
30.92	1.773003322
31.93	1.8816
32.94	1.224427723
33.951	0.1227364486
34.961	1.052207692
35.981	1.39779802
37.121	0.8905663366
38.131	0.3834213099
39.15	0.4546468843
40.161	1.842823529
41.191	0.4940356436
42.261	1.120823762
43.271	3.347619048
44.291	0.3964910891
45.301	0.193409901
46.321	0.9170613861
47.331	0.5530495627
48.332	0.3730909091
49.341	1.24199001
50.351	0.5189620758
51.361	0.4184470588
52.561	0.2614938053
53.581	0.6571394659
54.631	2.285132673
55.731	0.1262769231
56.761	2.580203796
57.945	0.8240871287
58.95	2.137766337
59.951	0.2813345829
61.06	1.869554446
62.07	1.213592079
63.071	1.126906931
64.081	1.782603922
65.091	0.6693902913
66.111	0.4700874636
67.121	2.711400599
68.13	0.1452743363
69.341	2.093351833
70.36	1.261722278
71.471	0.9128949951
72.841	1.061986014
73.911	0.4988
74.951	2.996443556
76.011	0.5423191278
77.181	1.290101898
78.191	1.022147583
79.221	0.5234275862
80.231	4.876862745
81.243	0.6212866667
82.311	1.403694747
83.331	0.9412027972
84.411	0.4650613861
85.451	1.550937063
86.514	0.2315076923
87.581	1.290101898
88.661	0.3609152542
89.662	0.6122517483
90.831	0.4189571429
91.861	0.488761165
93.162	1.287516832
94.283	1.092993103
95.323	3.623752248
96.391	0.9170196078
97.401	0.6223058824
98.431	0.1578461538
99.452	0.9441882353
100.491	1.07857646
101.511	1.181651741
102.891	0.7259881188
104.021	0.6227461538
105.091	1.072259019
106.29	1.589914086
107.541	0.5104313725
108.561	0.8448285431
109.654	0.325029703
110.661	3.673724551
111.732	0.1204844037
112.751	0.5211428571
113.793	0.2951928072
114.842	0.5634534653
115.852	0.6182438057
116.856	3.980611765
117.987	0.8460178394
118.996	1.37360218
120.007	1.706405594
121.026	0.8291881188
122.036	5.193206793
123.176	0.6238415842
124.257	0.437219802
125.317	1.159200799
126.327	0.2802588235
127.337	2.306114851
128.357	0.5794525475
129.367	1.422785215
130.417	2.116071287
131.427	0.6737362021
132.437	0.42774
133.447	1.700462745
134.457	1.125117355
135.467	1.126564706
136.487	1.820396825
137.507	0.5695920792
138.517	0.6928285431
139.557	0.1824373832
140.588	1.773538462
141.657	0.8677106046
142.667	1.685515331
143.707	1.831223762
144.717	2.230345654
146.187	0.7792428147
147.427	1.841182817
148.517	0.8712699029
149.597	2.470873127
150.608	0.5926263627
151.617	1.24
152.618	1.303064935
153.627	0.5163253968
154.959	0.14592
156.157	1.410029732
157.159	2.110273726
158.207	0.2231300971
159.247	0.2246412512
160.257	1.940499501
161.268	0.6609742574
162.287	0.4634059406
163.317	2.940995005
164.347	2.029658153
165.348	0.5066666667
166.349	0.4061782178
167.358	0.6959445545
168.368	0.1638384977
169.378	1.637803766
170.388	2.030526733
171.458	0.444745098
172.667	1.169091988
173.678	1.126906931
174.888	3.291334454
175.898	2.878201798
176.908	0.6382732673
177.917	1.276064333
178.997	0.2293980583
180.238	1.812971029
181.248	0.1804539282
182.249	0.433827451
183.25	0.2953106324
184.258	2.104198216
185.268	0.4679650146
186.308	0.1054
187.368	1.815207921
188.379	0.5445386139
189.388	0.2979151321
190.458	2.328743257
191.459	0.4654718101
192.468	0.5575864136
193.469	0.80944157
194.488	0.9601982161
195.498	1.827969231
196.508	0.6887079646
197.528	5.364844961
198.529	0.2533333333
199.629	1.370927593
200.638	1.162835644
201.639	1.981852295
202.649	0.8134786918
203.668	0.5565612648
204.999	0.904039604
206.009	1.19074184
207.018	0.3820314524
208.199	1.782286726
209.209	2.136483168
210.228	1.313582418
211.239	1.400571429
212.248	0.3889029703
213.259	1.199144259
214.269	0.8746453546
215.278	1.368839604
216.299	2.38520396
217.338	2.879864271
218.348	0.9201186944
219.379	1.978128043
220.389	6.419114201
221.539	1.15750211
222.579	1.714114851
223.608	1.212359281
225.028	4.602821179
226.048	1.729226277
227.068	0.6104078431
228.298	0.7529882353
229.348	0.1115004955
230.358	0.279289225
231.368	1.144839604
232.538	0.8603943662
233.558	1.283301228
234.598	0.8126428571
235.599	0.7647841584
236.698	0.7419265144
237.718	1.124644906
238.719	0.4840316832
239.728	2.072451933
240.729	1.798922772
241.73	0.1138409729
242.738	0.6110306627
243.739	0.7177029703
244.878	0.3433411765
245.888	0.4383161833
246.889	1.386962376
247.938	0.4725574092
248.949	0.1042285714
249.95	0.6221148515
251.078	1.68430099
252.079	2.589570573
253.089	0.9074445554
254.098	0.6587650485
255.109	1.023953353
256.119	1.712031683
257.129	0.4039762913
258.139	0.4184470588
259.149	0.1271572424
260.159	0.9196003996
261.179	1.805593626
262.199	0.1502117647
263.209	1.575032706
264.389	1.576942574
265.399	0.5364114738
266.4	2.743170093
267.409	1.713118881
268.519	1.160204322
269.739	0.5742891089
270.849	1.05432233
271.859	0.907012884
272.87	1.093402597
273.899	1.907073267
274.909	1.228714286
275.929	0.9488
276.93	1.480234146
277.939	0.2708910891
278.94	0.2291881188
279.949	0.791390099
280.979	1.191920792
281.989	0.2432
282.999	0.7254985015
284.019	1.547964392
285.308	2.75135778
286.331	2.328743257
287.339	0.5467722772
288.349	1.004316832
289.359	0.3769531338
290.36	1.505534466
291.369	0.300129285
292.37	0.5752633663
293.5	0.4742777223
294.501	0.4329970326
295.51	0.6266039216
296.52	1.578771344
297.53	1.224503496
298.54	0.8038732673
299.541	0.8321268583
300.59	1.605264618
301.599	0.5828941176
302.62	1.328525373
303.649	1.250572753
304.679	0.8708662042
305.689	3.456191808
306.769	2.035908092
307.789	0.3472543242
308.859	0.605638835
309.889	0.8776871287
310.909	0.7476594059
311.91	0.3033980198
312.919	0.1785489443
313.969	1.069138462
315.009	1.748547619
316.029	0.9653280476
317.069	0.292990099
318.089	1.555836164
319.129	1.117465421
320.179	0.2454196078
321.209	0.558345098
322.249	1.049574426
323.269	0.3158237023
324.339	0.587160396
325.37	1.428412169
326.379	0.2123692308
327.419	1.420447106
328.439	0.1788285994
329.449	1.767960357
330.45	0.7709803922
331.459	2.867556444
332.529	0.4876039604
333.539	1.67156044
334.789	3.138765235
335.819	2.260447968
336.869	1.240647353
337.879	1.141018981
338.899	0.3931339806
340.0	0.3862588235
341.109	0.2600554455
342.11	1.637803766
343.111	1.106505451
344.279	0.7476594059
345.28	1.949734513
346.29	2.908195804
347.291	0.8690217822
348.3	0.7647414634
349.301	1.052099108
350.31	2.069607921
351.312	0.9978352941
352.313	1.62614902
353.32	0.2432237624
354.321	0.7560945455
355.33	0.9398891089
356.46	0.8328466019
357.461	4.591888112
358.47	0.719576055
359.48	1.935902622
360.481	1.835953846
361.64	0.3110406343
362.642	2.253813861
363.79	0.6115764706
364.8	0.892229703
365.811	1.430633367
366.812	0.7313788328
367.82	2.190914454
368.831	0.2614577259
369.84	1.603162945
370.85	1.542157434
371.87	0.3250693069
372.891	0.2536108949
373.9	0.2716981132
374.92	0.6873920776
375.93	0.1535049505
376.95	0.7484003964
378.0	0.7801663366
379.03	7.230264677
380.05	0.7574196078
381.051	1.341597836
382.08	2.411879646
383.11	0.5628961424
384.12	0.2145882353
385.131	0.9853942857
386.14	1.169854545
387.15	1.950415842
388.17	0.1586333666
389.2	1.299580328
390.22	1.007714851
391.23	3.631132338
392.231	2.100491508
393.245	1.184420701
394.251	1.411169811
395.269	0.7083636364
396.272	0.3506330097
397.331	0.9191445545
398.341	0.4037592233
399.351	0.1578461538
400.505	1.105235644
401.511	2.543824176
402.521	1.236904701
403.541	4.054993327
404.542	3.153382617
405.721	0.921029703
406.731	1.173301587
407.732	2.015429703
408.741	1.974041625
409.751	2.03710099
410.791	0.5151058824
411.811	0.4399058824
412.812	1.959294351
413.817	0.81998002
414.821	1.147908092
415.841	1.114081108
416.871	0.498439604
417.872	0.9224292779
418.881	1.750130693
419.991	0.3879807877
421.031	3.037746032
422.081	1.190964706
423.111	0.5150117647
424.151	0.6979326733
425.16	0.3900831683
426.501	0.3022628571
427.52	0.1822891089
428.531	1.706170297
429.54	1.373676908
430.541	0.5692168793
431.761	0.4629227723
432.83	0.9904237624
434.191	2.028776699
435.201	0.5092752475
436.266	1.126906931
437.271	2.156293069
438.321	1.616111001
439.381	0.1473230769
440.421	4.204275862
441.452	0.4928316832
442.461	0.3126857143
443.541	1.762184902
444.551	2.32735905
445.572	0.3755294118
446.601	0.7603996082
447.611	1.50165035
448.612	0.3825087379
449.613	0.9643722772
450.621	1.402205534
451.631	2.351334653
452.641	1.084712871
453.961	0.3642879377
455.111	0.6501386139
456.112	0.2708910891
457.301	0.6164110672
458.361	1.369766337
459.362	2.827964108
460.373	1.787881188
461.374	1.063666997
462.381	1.842059406
463.382	0.1999384615
464.392	1.095062562
465.401	0.4345383104
466.402	0.9174610778
467.412	0.1843885035
468.413	0.6292784314
469.414	2.646517344
470.422	0.6464362606
471.442	2.588550898
472.462	0.4874217822
473.482	0.6012857143
474.483	0.1132492944
475.544	0.3398970297
476.552	0.2475044248
477.602	0.9219425173
478.613	2.177964356
479.653	1.565050949
480.663	0.4157826468
481.683	0.103245283
482.769	0.4498949455
483.853	1.769714286
485.424	1.935762141
486.433	1.510209901
487.463	2.237753968
488.543	2.604519326
489.563	0.4935529412
490.603	0.4778117647
491.604	1.394579439
492.663	0.5514723569
493.674	2.134539745
494.684	0.1607770069
495.694	1.405628743
496.704	0.5518726368
497.714	0.2211973051
498.723	1.074780198
499.734	1.301717189
500.735	3.669306852
501.744	1.073750943
502.754	0.8343445545
503.764	2.517746254
504.774	1.618053518
505.874	0.4481568627
506.884	1.476847525
507.904	1.423370518
508.934	3.31165873
509.944	0.7275168317
510.945	1.616
511.954	1.291862069
513.005	0.6723058824
514.024	0.5309465347
515.044	2.406591045
516.045	0.8511735537
517.054	0.8706117647
518.064	0.144
519.074	1.89214639
520.075	2.299433102
521.084	2.018925075
522.094	1.111612265
523.374	1.362635294
524.384	0.4962018018
525.394	0.6020277228
526.404	1.169379584
527.414	1.224427723
528.435	0.809046953
529.444	0.2365148515
530.454	1.126906931
531.455	0.7610421156
532.675	0.6501658342
533.785	0.4374811881
534.794	6.400535465
535.804	0.3433411765
536.805	1.746863551
537.814	0.1392872727
538.824	0.2197610186
539.835	0.3915168317
540.845	2.405274725
541.865	0.6393029703
542.875	3.948519481
543.885	0.1368
544.894	1.239230922
545.895	2.406225774
546.915	1.656658077
547.935	0.4369398058
548.945	1.487167493
549.946	0.1317333333
551.035	0.9853586414
552.037	1.65488
553.047	0.2331067194
554.065	0.8085647059
555.066	0.6749333333
556.165	0.4701212121
557.346	0.8916154609
558.354	0.9625793103
559.365	1.552639361
560.426	1.464261645
561.435	1.152427723
562.526	0.1929875092
563.606	1.309816024
564.607	0.6069963636
565.615	0.7617882353
566.625	0.3900831683
567.636	0.8255307692
568.647	0.3951921569
569.666	2.86925669
570.668	1.6416
571.676	4.142777223
572.685	1.571168317
573.687	0.6058181818
574.716	1.334105055
575.727	1.126588235
576.746	0.2060812686
577.766	2.059657143
578.776	0.4915407262
579.796	1.777045545
580.806	0.4778018692
581.815	0.1667657143
582.906	0.6145816733
583.907	0.4904566372
584.926	0.9761744301
585.927	0.7043168317
586.946	2.864463536
588.056	0.6686738072
589.076	0.3250693069
590.087	1.691306244
591.096	2.45725816
592.106	1.088934132
593.116	1.798716832
594.226	1.266805195
595.227	1.703664336
596.236	0.4384015826
597.247	0.9968792079
598.256	2.175160396
599.306	1.603675248
600.326	0.1841046729
601.426	0.2575058824
602.436	1.510761239
603.446	0.5537142857
604.448	1.400617211
605.466	0.2254148148
606.676	2.671114625
607.686	1.293679208
608.696	1.786911266
609.97	0.3747206478
611.137	0.1774702703
612.146	0.4046113208
613.157	1.010352475
614.166	0.4154666667
615.176	0.570629703
616.186	0.4202785714
617.477	1.446553447
619.406	2.060047059
620.407	0.5150117647
621.416	4.314806739
622.426	0.2550058252
623.436	0.925962038
624.437	0.8854628345
625.516	0.6612297297
626.526	0.896836036
627.546	0.3478237023
628.576	0.3189444444
629.596	1.376247788
630.606	0.3481192843
631.607	1.204950495
632.616	1.376211144
633.715	0.2397257143
634.716	0.4600475248
635.726	1.731932068
636.736	3.427112871
637.737	2.015429703
638.747	2.823193043
639.756	0.6067960396
640.766	1.300277228
641.826	0.6176316832
642.837	1.630112983
643.856	0.4462601942
644.876	1.279427451
645.896	0.5256983017
646.897	1.434180377
647.898	0.6799360639
648.908	1.554661386
649.918	3.499572428
651.009	0.9087058824
652.258	0.4299686275
653.488	5.980294235
654.688	0.6911841584
655.708	2.091279208
656.738	0.5916194175
657.748	1.469929412
658.788	0.173370297
659.868	0.5214611212
660.878	1.73370297
661.908	0.7358745098
662.918	1.621142857
663.928	2.243651282
665.038	1.0944
666.095	1.961251485
667.201	2.053365269
668.218	2.679056492
669.228	0.3434851485
670.248	0.2209846154
671.258	1.215898039
672.259	0.8055524752
673.269	0.7796718115
674.278	0.7159237435
675.289	0.8026059406
676.298	1.324771681
677.299	1.172051536
678.9	1.516990099
679.909	0.4610276423
680.928	0.2817267327
681.939	0.4287561215
682.948	4.373226773
683.958	1.312141315
684.978	0.1262769231
686.019	0.850780198
687.249	2.60756044
688.279	0.6075363091
689.289	0.9031456311
690.51	3.262993007
691.519	0.5686588235
692.529	0.2275485149
693.549	0.7972831683
694.559	1.764182306
695.699	0.8449772502
696.709	0.6590167818
697.729	0.1722666667
698.73	2.613466533
699.739	0.9227294118
700.749	0.5114193548
701.909	0.8949714878
703.329	0.8806039216
704.33	0.8235089109
705.339	4.871216617
706.351	0.3950901961
707.359	0.4165024534
708.369	0.7261446977
709.519	1.798716832
710.539	0.6176316832
711.559	0.4830257426
712.609	0.7015366337
713.619	0.5525126214
714.639	1.114352475
715.64	4.653098117
716.67	1.651964321
717.689	0.9762376238
718.69	0.4246308943
719.7	1.826677323
720.83	0.7768551449
721.932	0.9905694849
722.939	1.069908911
723.96	0.4103445545
724.97	0.5914594595
726.091	0.9662743539
727.18	2.272109677
728.19	1.235436563
729.2	0.5531655104
730.22	0.9889811321
731.23	1.891420579
732.26	3.169186854
733.34	0.9245394605
734.4	1.398882061
735.68	0.2358158668
736.702	1.238267062
737.71	0.9012661064
738.73	0.1028822606
739.921	0.2065016077
740.95	0.1229662921
741.99	0.2841230769
743.0	2.373005941
744.02	0.6693016815
745.04	2.45725913
746.07	2.069060904
747.09	0.3341930912
748.16	1.137853465
749.25	0.845618964
750.259	0.5259940535
751.37	0.6144335664
752.38	2.612594059
753.4	0.6225425743
754.461	0.5269522124
755.48	1.510041632
756.63	0.7616547009
757.867	1.811788212
759.021	0.3218823529
760.074	0.3503373301
761.08	0.1797565217
762.09	2.178070588
763.306	1.346342235
764.44	0.1125084112
765.451	1.343944554
766.46	1.169838162
767.62	0.1473230769
768.63	1.212359281
769.631	1.219778218
770.66	3.04215331
771.68	0.71500998
772.69	1.6416
773.691	2.498348259
774.701	0.7910019802
775.71	0.6034471545
776.711	1.736190658
777.771	2.631017822
778.781	0.4935529412
779.79	2.755132867
780.861	3.178794411
781.871	0.8992396694
782.881	0.4591888112
783.89	0.8889511979
784.891	1.493963636
785.911	2.377831516
786.92	1.298553023
787.961	1.161121272
788.97	2.41335
790.051	0.9761744301
791.061	1.454991597
792.083	0.3543771429
793.091	1.252851149
794.101	6.658489594
795.102	3.401006993
796.111	0.9643722772
797.121	0.222913676
798.241	0.2525538462
799.251	0.8335192878
800.401	1.880175238
801.421	0.1684183007
802.511	0.4475924076
803.531	0.3060313725
804.571	1.008713578
805.591	0.6980961727
806.611	0.5086180758
807.651	2.169238761
808.671	2.410772592
809.701	0.9718811881
810.702	0.5005782178
811.731	0.2167128713
812.751	0.184451249
813.771	0.9968792079
814.791	0.8842656961
815.811	0.8202851485
816.822	0.1250742857
817.831	0.356394104
818.851	0.3189851338
819.881	0.5230990991
820.902	0.893219802
822.031	1.082196234
823.162	1.8478002
824.242	2.34790495
825.263	2.989615842
826.331	0.1030956522
827.391	1.402658824
828.451	2.623936064
829.491	0.6948571429
830.52	0.844627451
831.56	1.467287129
832.631	0.9193631841
833.641	2.045986125
834.66	0.6785947007
835.68	1.113160784
836.701	2.080443564
837.781	0.7625238095
838.841	2.01064539
839.971	1.146325674
841.011	3.990484789
842.021	0.154959292
843.031	1.454097902
844.096	0.5729800797
845.121	1.237938062
846.161	0.593125
847.181	1.866075248
848.191	0.1527230769
849.282	0.8343445545
850.321	1.688808722
851.551	2.49219802
852.552	0.2073140578
853.571	4.080854599
854.601	0.9653280476
855.621	0.2122869796
856.632	2.394341658
857.661	1.074857143
858.801	0.1287042254
859.832	1.168662675
860.852	0.5452787213
861.861	0.7002534653
863.042	1.955353293
864.052	0.1593786408
865.057	0.6257428852
866.282	2.137358752
867.351	1.215818002
868.352	1.374223969
869.362	1.161189621
870.382	1.451976238
871.402	0.3930509804
872.412	0.5249821782
873.422	0.9601358641
874.432	2.241814186
875.442	0.720609901
876.452	2.051404595
877.462	0.7079920792
878.472	0.3325874126
879.582	0.5309465347
880.593	0.537487636
881.602	1.554541459
882.622	0.8026323092
883.722	0.9334588235
884.732	2.312571429
885.733	0.5457742885
886.742	0.9823307692
887.752	0.9808191808
888.762	3.067524476
889.763	0.3470842418
890.782	1.223421782
891.792	0.7959511798
892.822	0.1592240543
893.832	0.7321543027
894.842	1.728514851
895.952	0.3736235294
897.182	0.4184470588
898.192	0.340007767
899.212	1.609584615
900.222	1.608974545
901.223	0.5455596508
902.245	2.000751249
903.253	1.820609589
904.263	1.080023762
905.273	2.379261905
906.293	1.410029732
907.313	0.1961660377
908.333	1.673410169
909.353	1.776086359
910.493	1.952234483
911.593	0.7685697329
912.603	1.474985075
913.723	1.585294705
914.803	0.9968792079
915.823	2.481806194
916.833	0.7206891089
917.834	3.032327672
918.853	1.925163853
919.865	2.530949051
920.883	1.092215569
922.084	1.311112871
923.103	0.3882621083
924.113	1.450729412
925.133	0.7674325674
926.134	3.473952381
927.143	2.154955313
928.273	2.189378621
929.293	0.3848227228
930.303	0.2711595639
931.343	0.6483278689
932.453	1.672759241
933.473	0.5060852329
934.493	0.1771885714
935.503	0.9209055118
936.523	1.232596663
937.543	0.649495549
938.554	1.603830028
939.563	1.015477228
940.583	3.227153693
941.603	1.766209901
942.614	0.424172549
943.623	2.8759001
944.654	0.2582164846
945.883	1.305821782
946.903	1.667491434
947.923	1.294364146
948.934	1.999664336
949.943	1.468164706
951.045	1.127530815
952.053	1.005842158
953.054	0.246294602
954.063	0.608380198
955.073	0.3326324111
956.083	1.299255446
957.084	0.5424123182
958.134	1.052831683
959.144	1.212241824
960.163	1.58200396
961.174	0.1858415094
962.175	1.170955313
963.314	1.053355372
964.324	0.4718730159
965.344	0.4718259149
966.354	0.7618092429
967.384	0.9155451895
968.413	1.802005994
969.434	2.47613986
970.443	3.066154455
971.463	3.755505194
972.484	4.289005988
973.504	2.17568032
974.534	1.221426573
975.554	1.559602781
976.563	1.611033663
978.064	1.489219802
979.074	0.2143780607
980.084	0.9571806515
981.124	0.1551058824
982.144	0.1052307692
983.173	1.532822002
984.174	0.5247872128
985.184	0.1340923657
986.194	1.611437624
987.204	0.809046953
988.214	0.8894033697
989.444	1.721382617
990.474	1.085712191
991.484	0.9227294118
992.674	1.410029732
993.694	0.6193821782
994.704	0.24199375
995.814	1.312849558
996.825	1.081293413
997.834	2.417446553
998.844	3.842195609
999.855	1.438320792
1000.895	1.781369863
1001.914	1.412059465
1003.025	0.8308741328
1004.034	0.6332990099
1005.053	1.504259078
1006.063	3.181522478
1007.093	1.254896825
1008.223	2.152142999
1009.231	0.9236349362
1010.281	1.312412289
1011.411	0.8489742574
1012.431	0.3403156463
1013.452	2.011814815
1014.522	2.783488511
1015.552	0.7537698413
1016.57	0.84
1017.6	0.7635933333
1018.78	2.020747774
1019.99	0.8507829534
1021.14	0.2145882353
1022.16	0.3467405941
1023.17	0.5466533467
1024.18	0.3310923077
1025.181	0.460895128
1026.381	0.5748582755
1027.401	0.3832712871
1028.42	1.902836935
1029.62	0.7846288557
1030.621	0.2771117705
1031.711	3.992863137
1032.74	2.115972028
1033.811	1.100211788
1034.911	1.778566337
1035.921	0.986132848
1036.931	1.814889111
1038.181	0.7213571429
1039.311	1.474682353
1040.323	1.92421978
1041.381	0.5851247525
1042.391	0.2038588235
1043.401	0.5891501472
1044.411	3.960327672
1045.421	0.2951928072
1046.422	0.6384712871
1047.441	1.813033943
1048.442	0.2896941176
1049.461	0.1066222222
1050.471	0.3112147716
1051.481	2.427140859
1052.492	1.132011869
1053.494	0.5384282908
1054.511	0.9640079208
1055.742	0.2216941176
1056.751	1.137038961
1057.761	1.376126733
1058.781	0.8307405941
1059.792	0.3900831683
1060.811	0.4823506366
1061.831	0.2382702703
1062.841	2.927427435
1063.951	1.235263366
1064.952	2.071659068
1065.961	1.148578218
1067.062	0.6443964671
1068.082	2.31781019
1069.101	1.550295684
1070.111	1.568711289
1071.132	1.517803922
1072.142	1.984960874
1073.145	1.78208991
1074.153	0.4370767736
1075.162	0.6182438057
1076.173	1.714077922
1077.174	1.042577778
1078.183	0.700054902
1079.184	0.206490566
1080.223	0.7296
1081.433	2.370658754
1082.463	1.462698039
1083.474	1.670619469
1084.483	2.245750495
1085.513	1.2755456
1086.523	1.563396825
1087.533	1.193994366
1088.546	1.494318271
1089.563	2.025005848
1090.693	0.2231300971
1091.713	2.808939035
1092.733	1.762341658
1093.743	2.151664671
1094.763	1.987912871
1095.803	1.027485217
1096.833	0.6759529412
1097.863	0.7910019802
1098.873	1.240666006
1099.883	0.6224313725
1100.933	2.435640719
1102.494	0.5308543112
1103.514	1.386411138
1104.614	1.506154455
1105.624	0.2364990099
1106.633	0.4563618486
1107.644	0.6180647619
1108.665	0.2575058824
1109.684	0.1625346535
1110.694	0.2972182347
1111.704	0.5364705882
1112.714	0.2209846154
1113.734	2.031520958
1114.744	0.3308010076
1115.745	1.858870168
1116.754	3.445338661
1117.764	0.3686431373
1118.774	1.505134865
1119.785	2.320752941
1120.794	2.51
1121.795	0.1146514286
1122.814	1.488883068
1123.825	0.1095312761
1124.844	0.9711793855
1125.854	0.4739942252
1126.865	0.1950415842
1127.964	1.982922772
1128.966	0.7333914767
1130.186	2.219109792
1131.194	0.1865425743
1132.415	0.7684106324
1133.425	0.2209846154
1134.435	0.767706422
1135.444	1.279873142
1136.457	0.4429494549
1137.474	0.8183026087
1138.475	0.37701069
1139.485	0.7807921569
1140.495	2.60918723
1141.505	1.180741328
1142.524	0.601277193
1143.525	1.49214668
1144.544	0.7801663366
1145.666	0.1501059829
1146.695	0.8120599401
1147.705	1.362707692
1148.713	1.789653122
1149.715	1.154830525
1150.725	4.766817183
1151.745	0.1290690265
1152.765	1.117234651
1153.795	0.4259630252
1154.805	2.170359484
1155.815	3.352807193
1156.835	0.7577448071
1157.925	0.7300562249
1158.985	0.2230213592
1160.015	1.147756863
1161.125	1.308424182
1162.175	3.004182857
1163.335	1.46646953
1164.426	0.2065966303
1165.535	0.4762526316
1166.545	1.232367632
1167.616	0.239649635
1168.675	0.411722314
1169.685	0.4738451291
1170.686	3.088158416
1171.946	0.5192536443
1172.956	0.7397534791
1173.957	1.112414703
1174.958	2.674245339
1175.975	1.67304381
1176.976	1.507600381
1177.986	0.498439604
1178.996	0.3970536585
1180.006	0.422590099
1181.086	1.525679208
1182.088	1.191532673
1183.106	0.4993864078
1184.116	0.9946285714
1185.122	1.443164835
1186.242	0.4037592233
1187.243	0.2255938892
1188.273	1.529744597
1189.283	2.544967294
1190.295	1.123293651
1191.297	0.6044023669
1192.302	0.7918415842
1193.303	1.814889111
1194.312	0.571945098
1195.332	0.9128949951
1197.573	1.27511759
1198.593	0.2427247525
1199.602	0.3303849057
1200.613	0.6102537463
1201.615	0.3218823529
1202.622	3.063726562
1203.802	1.251053678
1204.803	0.6005019608
1205.823	2.269314685
1206.833	0.1980342857
1207.843	2.12027972
1208.993	1.648871287
1210.013	1.64581019
1211.014	1.863730693
1212.023	0.9116173913
1213.043	0.6386706231
1214.053	0.8045499505
1215.054	0.5727236724
1216.063	0.6778501499
1217.073	0.6198257426
1218.075	0.6426217822
1219.203	1.623738872
1220.213	0.4378666667
1221.215	0.5851869436
1222.223	1.277343905
1223.233	3.519239604
1224.234	0.7843764706
1225.253	1.038972549
1226.264	0.5390117647
1227.273	1.297892031
1228.274	0.6501386139
1229.393	0.3250693069
1230.403	0.1771885714
1231.413	0.8497125867
1232.643	0.2577585869
1233.644	1.394553023
1234.733	0.9905369369
1235.783	1.306883168
1236.785	0.8993584158
1237.794	0.3277241379
1238.803	0.2843828497
1239.804	1.847688312
1240.805	0.6083964321
1241.823	0.3062551929
1242.834	0.154397878
1243.844	0.2902601942
1244.854	1.620281118
1245.864	0.5324389381
1246.873	0.4085009785
1247.893	0.9040475248
1249.023	0.7581465347
1250.024	1.191769369
1251.034	1.499287129
1252.054	0.4906193294
1253.055	0.8668514851
1254.064	0.3416
1255.065	1.516990099
1256.066	0.2186613387
1257.074	0.9054243323
1258.084	1.21089243
1259.274	0.1227364486
1260.283	0.4209230769
1261.284	0.2135414634
1262.294	2.432460317
1263.304	1.528631369
1264.314	0.6781666667
1265.364	0.9890534653
1266.604	2.569270729
1267.605	1.054511111
1268.614	0.4876039604
1269.615	1.612913947
1270.644	1.330447059
1271.714	0.2374641509
1272.724	3.487648352
1273.734	0.4374117647
1274.754	1.142819802
1275.784	0.9906389713
1276.785	1.158267062
1277.835	0.1609411765
1278.836	2.249394059
1279.844	0.6185019608
1280.845	1.108528302
1281.854	4.361926074
1282.864	1.031468781
1283.875	1.279168831
1284.885	2.249359684
1285.895	3.427456888
1286.905	1.586497522
1287.906	2.183018793
1288.915	1.18110099
1289.924	0.2763716284
1290.935	1.324942574
1291.958	0.4937462537
1293.015	0.8974885362
1294.085	0.3591338583
1295.275	1.737158841
1296.285	1.805663366
1297.305	0.3753953779
1298.315	1.35579782
1299.355	0.7611485149
1300.365	0.6011895044
1301.375	0.3470842418
1302.376	2.500265084
1303.396	0.959160396
1304.405	1.720625743
1305.417	1.866917647
1306.425	1.066937808
1307.426	1.058629565
1308.445	1.488285149
1309.455	1.575763314
1310.465	0.8523692308
1311.505	1.774809191
1312.506	0.1516990099
1313.515	0.2736
1314.516	0.2871603499
1315.675	0.2049438202
1316.676	0.5686
1317.685	2.039119921
1318.687	2.481662338
1319.755	0.6338292444
1320.766	1.308427184
1321.776	3.676854022
1322.778	1.384094118
1323.909	2.210725275
1324.916	1.341176471
1326.086	1.797679208
1327.096	0.2946461538
1328.106	0.1381281553
1329.107	0.3400828083
1330.116	0.1805724771
1331.126	0.1356263108
1332.256	0.8388491508
1333.265	0.2630601942
1334.266	0.5793882353
1335.276	1.040221782
1336.286	0.4360350877
1337.306	0.6973861386
1338.327	1.630778989
1339.346	1.969518482
1340.366	1.749290709
1341.367	0.7245645851
1342.377	0.2683060306
1343.466	1.971507274
1344.467	2.249262737
1345.486	0.2218455446
1346.517	1.006986139
1347.526	1.43410989
1348.527	1.181309594
1349.546	0.315390099
1350.666	0.3804069661
1351.667	1.337821782
1352.668	0.3666954955
1353.687	0.5231560353
1354.706	3.234045954
1355.716	0.1700038835
1356.717	1.039192878
1357.726	2.240987747
1358.727	2.785366633
1359.737	1.793022977
1360.738	0.1516990099
1361.746	1.561879088
1362.747	0.7913686314
1363.759	0.7430168484
1364.776	0.4958196078
1365.867	0.4345220339
1366.877	0.6290901883
1369.347	1.313454545
1370.379	1.153166667
1371.398	0.3087477745
1372.407	3.636509338
1373.417	1.832727273
1374.427	0.8753663366
1375.446	1.259607143
1376.447	0.8944655345
1377.448	2.968818272
1378.467	1.551032706
1379.477	0.4964514851
1380.497	1.157835294
1381.507	0.4519923077
1382.517	3.593326673
1383.518	0.3900831683
1384.527	1.236982036
1385.547	3.590152626
1386.667	2.275485149
1387.677	0.6759529412
1388.678	0.9221411765
1389.787	0.1716705882
1390.788	2.512261645
1391.808	1.173893069
1392.817	0.4704288288
1393.818	2.254505495
1394.968	0.2577585869
1395.977	1.24636963
1396.978	0.1009438893
1398.127	1.79902381
1399.138	0.7530641509
1400.166	0.7806809917
1401.167	1.486200198
1402.168	2.255206838
1403.17	1.121474727
1404.188	0.1189401089
1405.189	1.278605941
1406.368	3.205174312
1407.378	3.113625372
1408.418	3.18033463
1409.428	1.010379009
1410.429	3.096623377
1411.439	1.118320792
1412.448	0.5445148515
1413.458	0.4180372184
1414.459	0.3192871287
1415.528	0.3862588235
1416.539	4.591888112
1418.848	1.127693817
1419.858	0.4876941176
1420.859	0.2325254902
1421.868	0.795077527
1422.879	4.165010902
1423.888	0.2231300971
1424.898	0.8576159204
1425.908	0.3426692759
1426.948	1.279619425
1427.949	1.69814985
1429.118	1.878284143
1430.12	0.9660812686
1431.318	0.9048079208
1432.328	1.303712621
1433.572	0.5503339882
1434.6	0.2337553398
1435.68	2.222981132
1436.72	1.042666667
1437.74	0.6501386139
1438.75	1.030477701
1440.189	0.1609411765
1441.2	0.2021589794
1442.221	0.14288
1443.7	1.501665678
1444.729	2.034661339
1445.73	1.39529505
1446.739	0.6544941176
1447.749	0.6205589693
1448.769	0.8154352941
1449.949	0.1922252427
1451.139	0.3262153846
1452.149	1.930025616
1453.159	0.7518320611
1454.18	2.719616766
1455.26	1.113249097
1456.269	1.486897103
1457.27	1.722063492
1458.43	2.234354807
1459.44	1.279104895
1460.442	1.585294705
1461.449	3.911667327
1462.629	0.657980198
1463.649	0.2125048544
1464.659	1.386745946
1465.679	0.5738756303
1466.849	0.7072205737
1467.85	0.8003686275
1469.029	1.760664688
1470.03	1.156934653
1471.039	1.132380198
1472.041	0.5151341822
1473.042	2.223579365
1474.049	0.9070136986
1475.06	0.6660931615
1476.061	0.4439366337
1477.085	0.4720941176
1478.09	2.112244275
1479.14	0.4442613861
1480.142	1.362550495
1481.143	0.2731697743
1482.144	1.477586414
1483.15	1.842059406
1484.22	0.3289941748
1485.221	0.9699787234
1486.222	0.8018376238
1487.281	6.254931238
1488.282	0.4459837398
1489.301	0.1703114594
1490.302	1.387242815
1491.303	1.625102703
1492.311	0.1068824663
1493.36	2.26801998
1494.371	2.079816184
1495.945	1.802813187
1496.95	0.5525401709
1497.951	3.60045509
1498.953	0.5309811695
1499.955	2.470526733
1501.02	2.929038652
1502.021	0.5093734513
1503.022	0.2525538462
1504.031	0.9815832502
1505.032	0.7265254902
1506.04	0.4917610186
1507.142	0.9881138913
1508.143	1.038017982
1509.144	2.510089197
1510.151	1.558595238
1511.295	1.038431683
1512.302	0.75648
1513.321	0.5227852412
1514.341	1.298325234
1515.343	0.1161274336
1516.521	3.514453546
1517.522	0.6507960396
1518.541	1.887007407
1519.731	3.833665015
1520.732	1.593062937
1521.741	0.4334257426
1522.743	0.3998769231
1523.831	0.2283965217
1524.841	1.512455544
1525.842	1.453108911
1526.941	0.6395247525
1528.031	0.9334588235
1529.081	1.473647525
1530.092	0.7985425743
1531.102	0.8047058824
1532.111	3.996979021
1533.112	1.834965312
1534.883	1.168475248
1535.901	0.1213752311
1536.902	1.259163528
1537.912	2.085090909
1538.913	1.374367027
1539.921	0.1593786408
1541.091	1.243678431
1542.092	1.110528122
1543.102	2.024858847
1544.104	0.294310757
1545.132	1.530549451
1546.133	2.077660052
1547.134	0.7782460317
1548.141	0.4506851485
1549.142	0.3981907357
1550.143	0.4014574257
1551.152	0.509340824
1552.153	1.792094955
1554.213	0.9263541048
1555.214	0.745772549
1556.221	1.136719281
1557.222	0.2004972973
1558.391	1.591072692
1559.392	1.146124876
1560.552	0.754590099
1561.562	1.441489109
1562.712	1.249172736
1563.713	1.690360396
1564.722	2.700467532
1565.732	1.257568317
1566.741	0.1738766355
1567.752	0.4099826087
1568.772	1.290101898
1569.782	0.5742891089
1570.792	2.104144762
1571.793	0.696419802
1572.824	0.3453424926
1573.852	1.420766634
1574.872	0.6493925926
1575.882	1.452219608
1576.892	1.03407874
1577.902	1.560332673
1579.087	1.676223749
1580.092	2.131948052
1581.114	0.1841046729
1582.122	0.3784491228
1583.132	0.2963361345
1584.333	0.7275166817
1585.343	0.2679725759
1586.344	2.084571429
1587.352	1.618093906
1588.363	0.7451215686
1589.372	0.3018455446
1590.373	0.3541535471
1591.374	0.4926896552
1592.375	1.304069297
1593.376	2.508587413
1594.384	1.759897342
1595.385	1.271024975
1596.393	1.450495049
1597.763	0.9916862745
1598.764	1.154748515
1599.784	0.8713980198
1600.793	1.097892216
1601.803	1.265406593
1602.813	1.288784158
1604.865	0.1331926978
1605.874	1.716491508
1606.875	1.767889109
1607.884	0.9678097126
1609.193	2.166497502
1610.203	0.1593786408
1611.204	0.8076003996
1612.313	1.291345887
1613.314	1.142920197
1614.323	0.8463186441
1615.324	0.4476260434
1616.333	0.754392233
1617.343	1.533946482
1618.353	1.104831683
1619.354	1.692035679
1620.355	0.3249157582
1621.364	0.349682243
1622.494	0.1436273538
1623.504	0.8028784314
1624.513	0.7869177403
1625.514	0.6122517483
1626.523	1.572661417
1627.524	0.3122330097
1628.533	0.5503712575
1629.553	2.259706931
1630.563	0.9625321464
1631.583	1.430875248
1632.604	2.715076923
1633.624	1.695698712
1634.643	0.9846491803
1635.673	0.7371736527
1636.693	3.27336381
1637.703	1.051655104
1638.713	1.531337958
1639.734	0.2449153846
1640.744	1.964543112
1641.773	1.137742574
1642.914	0.1616153846
1643.924	0.7476594059
1644.934	0.9062970297
1645.964	1.021584906
1646.994	2.394341658
1648.025	0.3931339806
1649.154	1.885514486
1650.194	0.2575058824
1651.224	0.6844466667
1652.274	0.1317333333
1653.444	0.3821741522
1654.484	0.4955375723
