0.0	1.204911111
1.034	0.7250217822
2.04	0.5191533981
3.05	1.098423762
4.051	1.452047525
5.11	2.019515873
6.111	0.1667657143
7.16	1.204523107
8.161	0.801560396
9.17	2.434595238
10.23	2.982776471
11.232	0.2926762178
12.24	1.912578218
13.241	0.7186772277
14.242	0.8743857143
15.4	0.7650174757
16.401	1.687508424
17.41	1.440610505
18.411	1.491498008
19.412	2.899482269
20.42	1.124462745
21.421	2.665374625
22.43	0.9411643564
23.431	1.267770297
24.433	1.628229703
25.441	0.4692603774
26.442	0.2982262593
27.5	0.8776871287
28.501	0.917560396
29.502	2.620987013
30.51	1.636287379
31.511	1.361190809
32.52	1.30384016
33.521	1.399572277
34.53	1.018462087
35.532	2.108539461
36.533	2.250055556
37.58	1.680295704
38.711	1.8478002
39.721	3.286769231
40.731	2.850325674
41.741	0.5472
42.751	0.7402315996
43.752	0.6983126844
44.753	2.572539461
45.761	1.260617822
46.771	1.159364082
47.781	0.8783925234
48.782	1.615936064
49.791	1.451976238
50.792	3.020371585
51.801	1.159413861
52.811	2.293588822
53.812	0.5670118577
54.973	2.326708117
55.981	0.9885234765
56.991	1.254795613
58.081	0.9766666667
59.091	1.322515423
60.102	1.58200396
61.252	0.8984688427
62.261	1.416282353
63.262	1.07088999
64.271	1.448777007
65.472	1.379416259
66.482	2.11877106
67.483	2.033438561
68.492	1.833007937
69.493	0.3506330097
70.502	1.13882623
71.503	2.776999001
72.511	0.7005533597
73.512	1.170249505
74.521	3.985843098
75.571	0.7458392523
76.572	0.7885306931
77.573	1.997724551
78.582	1.405492063
79.592	1.391144554
80.593	1.364739261
81.601	1.399432567
82.602	2.89316129
83.603	1.418065282
84.622	1.196417178
85.701	1.744538614
86.702	3.181522478
87.712	2.288752475
88.713	1.713854146
89.722	1.721283168
90.732	2.402041379
91.733	1.557373023
92.742	1.846033966
93.752	0.1368
94.753	0.5851247525
95.762	2.292879208
96.763	1.5803222
97.772	1.411691089
98.792	0.7749050949
99.802	0.7171197244
100.803	0.4659326733
101.812	2.602605395
102.822	2.112950495
103.842	1.636706796
104.852	1.636182178
105.854	2.172838462
106.862	2.75269703
107.865	2.141922078
108.883	0.9299307616
110.013	1.302613861
111.172	1.343619802
112.173	1.012505818
113.203	0.2866032978
114.211	2.294731621
115.213	1.519334653
116.221	0.9902305085
117.222	3.378325674
118.231	1.77903667
119.242	1.562560928
120.252	1.657056604
121.272	1.784735265
122.285	1.573370435
123.292	1.267655104
124.412	0.755239604
125.573	2.5536
126.582	0.7489960784
127.592	2.253058941
128.602	1.548411881
129.603	1.902445986
130.632	3.543256479
131.642	2.230001998
132.643	2.394341658
133.644	1.684528302
134.652	1.654063158
135.663	2.774677228
136.672	2.416855145
137.673	0.889261477
138.685	2.497526474
139.872	4.372676471
140.882	2.096255744
141.883	1.314069376
142.892	1.067500443
143.893	1.040221782
144.902	0.482290227
145.912	2.123786139
146.913	2.214208127
147.922	1.461399405
148.934	3.846025974
150.122	0.984967033
151.123	0.8725981982
152.133	1.388474576
153.143	1.575317647
154.233	1.941502478
155.243	1.19804995
156.252	0.4632806324
157.253	2.154404762
158.262	0.2104615385
159.293	0.5955372549
160.347	0.3916483516
161.353	2.319701961
162.369	0.6705694306
163.373	1.187828172
164.393	0.9740183486
165.394	2.559746283
166.404	2.191119921
167.413	1.420868186
169.548	0.9997956778
170.573	2.043560831
171.893	0.7651588785
172.903	0.7624365079
173.923	2.383408591
175.044	2.06695825
176.053	1.045391477
177.133	0.4641346535
178.153	1.127493069
179.173	0.1271018868
180.183	2.535540594
181.193	3.145086913
182.204	2.656735265
183.213	1.186331698
184.313	1.003588571
185.333	1.668311504
186.334	0.7889960784
187.335	2.19752495
188.393	5.517537849
189.553	1.034938614
190.694	1.171409316
191.823	0.5435262136
192.884	2.205767442
193.885	1.003334653
194.954	1.270285714
195.955	1.533972277
196.956	0.2477886792
197.957	2.509529295
198.964	0.612260355
199.994	1.201514371
200.995	1.778059406
202.005	2.230345654
203.024	1.512383616
204.044	0.9643168317
205.053	0.4998901961
206.054	1.279397423
207.064	3.152
208.065	0.9327888999
209.074	2.794164519
210.084	0.2682352941
211.214	0.3945066667
212.224	1.034982456
213.225	0.6948571429
214.226	1.257302697
215.234	1.866917647
216.235	2.46587116
217.236	0.1902552381
218.244	1.54949703
219.245	1.69959604
220.246	0.86
222.181	2.160253846
223.185	1.093269841
224.195	0.8447541955
225.196	0.1858621379
226.197	0.6697980198
227.315	2.20847952
228.316	2.504714426
229.317	0.5092752475
230.506	2.656572549
231.574	1.4175
232.575	1.729418182
233.674	1.641102081
234.675	3.659352381
235.676	1.101418581
236.685	0.9508447082
237.686	0.4291764706
238.687	2.480029963
239.705	2.405274725
240.715	0.4045514563
241.716	2.385638835
242.845	0.5903856144
243.846	1.984888008
244.855	0.845180198
245.865	0.7266716981
246.876	1.289686314
247.885	1.972768317
248.9	1.243876124
249.915	2.229494549
250.925	0.422590099
251.935	1.438112621
252.945	0.2448654133
253.955	1.045428289
254.965	0.9968792079
255.985	0.6465490585
256.995	1.747655104
258.015	0.1072941176
259.075	2.705532355
260.076	0.1789981308
261.085	1.136966337
262.09	1.851575221
263.095	1.345409781
264.106	0.5531269841
265.126	0.4659326733
266.145	2.706088889
267.155	1.690360396
268.175	1.109520792
269.185	1.849639604
270.306	0.7425509434
271.315	2.460579421
272.325	2.562917083
273.355	0.5472
275.185	0.9171564356
276.226	0.2422637151
277.236	0.7081411765
278.246	0.7524673267
279.247	2.633875862
280.306	2.010228571
281.308	0.5041188119
282.316	1.865494505
283.326	1.870897103
284.327	3.046222222
285.336	2.798614925
286.346	0.2647005838
287.347	0.4679650146
288.446	2.782612488
289.447	0.6962217822
290.456	1.916011869
291.586	0.6014367027
292.587	0.6771736527
293.596	1.076994036
294.597	4.310842418
295.606	1.032047151
296.766	1.113713147
297.776	1.880487512
298.817	1.530629371
299.826	0.5417821782
300.842	1.533426573
301.847	0.6948571429
302.896	1.584443697
303.906	1.98010297
304.907	1.527825743
305.908	0.4905049702
306.927	1.451976238
307.936	0.8142857143
308.937	1.474545094
309.946	0.407099903
310.966	2.22568254
311.976	0.8500059465
312.977	1.146526733
314.216	2.084654691
315.226	0.6513019608
316.227	2.515634307
317.407	2.891231841
318.417	2.012166337
319.427	1.3557003
320.517	2.210351539
321.518	3.165982196
322.807	0.4442613861
323.808	3.443916084
324.838	1.471160396
325.913	0.7331016507
326.917	1.087305785
327.927	1.668845283
328.937	2.098289133
329.947	0.7014878505
330.957	2.117226773
331.987	0.5211294118
332.997	1.236151093
334.007	1.478542021
335.046	0.5232460317
336.047	0.6693902913
337.067	0.6225860113
338.087	0.9905161923
339.108	0.8834621849
340.117	3.661490509
341.277	1.950415842
342.287	0.3296862368
343.297	0.8046264151
344.307	2.036906278
345.317	1.555658052
346.318	0.618
347.567	1.820388119
348.568	0.8418461538
349.577	0.7811030422
350.588	0.3506330097
351.598	0.9201964637
352.617	2.198041905
353.627	1.566716832
354.638	0.9393053892
355.657	0.4154565435
356.668	1.907151515
357.687	0.69888
358.688	0.7778792453
359.818	0.8990811881
360.828	0.8907906977
361.838	2.992231768
362.858	1.788087824
363.868	2.278662757
364.872	2.394677228
365.918	2.128215784
366.928	0.5742891089
367.929	2.838401598
368.938	0.1997463977
369.939	1.66648595
370.949	2.700467532
371.968	0.3503207547
372.998	1.793022977
374.038	1.909986125
375.068	2.416207792
376.128	2.03355045
377.158	1.518493558
378.197	1.116043243
379.247	2.84975025
380.268	0.680015534
381.287	0.9900615385
382.337	0.9519372549
383.707	1.263437624
384.868	2.025047619
385.877	1.487516832
387.067	1.075260739
388.068	0.9730554622
389.147	1.224353288
390.148	0.1739443709
391.158	0.9589940594
392.178	0.8402933598
393.188	1.321948515
394.207	2.99645954
395.218	1.290101898
396.228	3.206037736
397.229	2.053655446
398.23	1.793482656
399.387	1.311112871
400.467	1.388336967
401.548	1.296725854
402.578	0.9927716535
403.658	1.585330739
404.787	0.4254227405
405.788	1.948942574
406.789	2.927345962
407.791	1.179160396
408.798	0.5310653465
409.878	0.5863049505
410.879	2.231152847
411.88	1.682445554
412.978	0.8110567854
414.058	2.120471528
415.059	1.80428
416.068	2.737102897
417.228	0.4935529412
418.239	0.8629296741
419.248	2.500274927
420.258	0.6833221011
421.259	0.4619495146
422.268	2.244563437
423.269	0.7512712871
424.27	0.3097358491
425.288	0.4203854545
426.29	1.335656344
427.298	0.8677623762
428.309	0.9790574257
429.337	0.4418934911
430.338	0.6974117647
431.348	0.3139672131
432.358	0.6768751249
433.368	3.382550138
434.369	0.5539285714
435.378	1.24609901
436.478	1.386962376
437.479	0.2337553398
438.488	1.892332673
439.548	1.043643564
440.549	1.361679279
441.56	1.652329412
442.578	1.885531746
443.589	3.900075322
444.599	1.660213861
445.609	0.3187572816
446.61	0.2899784102
447.629	1.164337255
448.639	0.3311733595
449.649	0.6393029703
450.659	0.812035964
451.669	0.3081320388
452.689	0.6493544554
453.699	1.719760479
454.889	3.181522478
458.24	0.5357202797
459.519	1.585083665
460.52	0.9786690141
461.529	0.5274216867
462.549	0.5801584158
463.55	1.423120792
464.559	0.414345098
465.56	1.81670495
466.579	1.369424332
467.589	2.660776238
468.609	0.9326574257
469.709	0.8720785083
470.719	0.1396192345
471.72	0.4884752475
472.721	2.281801587
473.759	1.472317776
474.869	2.016055888
475.87	4.393250977
476.879	0.7258138614
477.88	0.1948611389
478.89	1.670553447
479.899	0.8914151129
480.92	1.260571429
481.93	0.2420307692
482.939	2.336799201
483.95	2.167128713
484.96	1.034994073
485.962	1.731716284
487.01	2.507444555
488.02	0.9797862069
489.044	3.129687562
490.05	2.423192807
491.06	3.227531746
492.061	1.532854237
493.081	0.3796233895
494.091	2.197546454
495.092	1.639294329
496.1	0.7756427184
497.101	1.326588702
498.11	1.362563798
499.131	1.106925075
500.14	1.700245545
501.15	0.8211921569
502.151	1.313905882
503.171	1.758073926
504.31	2.103515873
505.333	2.722333666
506.34	1.622970297
507.341	2.040609901
508.47	0.5257411765
509.48	0.5997442557
510.481	1.560182359
511.49	1.551992157
512.5	2.004594059
513.52	1.658677228
514.521	0.4184470588
515.53	2.2472
516.531	0.827980139
517.532	4.479456543
518.55	1.036441149
519.551	2.049860279
520.561	0.3359049505
521.711	0.9143462185
522.831	1.553206349
523.841	1.720047431
524.851	0.809829703
525.852	1.471599214
526.861	2.411111111
527.882	1.678661355
528.891	2.72259481
529.911	0.4154565435
530.931	1.469895138
531.942	2.306877123
532.951	1.122312871
533.961	0.9724910891
534.981	1.152483647
535.982	1.053548768
536.991	1.760223776
538.001	0.2337553398
539.011	0.8606178218
540.031	0.9178981019
541.043	1.502883168
542.081	3.181106893
543.091	0.5346520439
544.101	0.3755294118
545.122	2.377686314
546.131	0.5670981818
547.151	2.175000991
548.161	0.7685697329
549.231	0.8422156281
550.251	1.620947473
551.281	1.376126733
552.317	0.1342188679
553.327	0.8885227723
554.377	0.4840615385
555.437	0.936190099
556.438	0.6020078431
557.567	1.194434093
558.568	1.054506256
559.578	2.112950495
560.587	1.753654902
561.768	0.7664095904
562.777	1.077514124
563.788	0.9110961348
564.807	1.612213861
565.808	2.478065411
566.827	0.9046117647
567.828	1.405045545
568.837	2.098235877
569.877	0.7162851485
570.997	1.814889111
572.148	3.447456543
573.218	2.02778022
574.297	1.647752727
575.298	0.1961660377
576.308	0.9041345203
577.498	0.8368941176
578.508	0.8191616766
579.518	2.28163037
580.528	1.34920367
581.538	2.561880952
582.552	2.641055802
583.738	1.389201189
584.748	1.828491089
585.758	2.382222222
586.788	0.8661647059
587.827	1.533872424
588.828	1.731396364
589.858	1.495582843
590.888	1.361765568
591.908	0.7962671906
592.988	0.5436030278
593.998	1.055272727
595.009	2.678601399
596.028	1.397275248
597.038	0.3111529412
598.046	0.9329019608
599.048	1.445935714
600.068	0.3987966942
601.069	2.452027972
602.079	2.365354645
603.088	0.930404908
604.098	2.019856287
605.099	0.4897584158
606.1	2.604843157
607.109	0.2120930233
608.119	1.771156843
609.129	1.295272727
610.249	0.8088311688
611.269	1.788195025
612.319	0.5950352941
614.498	1.649850294
615.499	1.220715285
616.599	1.558281188
617.619	0.3293825243
618.628	2.219041584
619.629	0.7368237624
620.63	2.160540741
621.631	0.5560516129
622.82	0.2058772277
623.829	0.552045283
624.849	1.104612326
626.039	0.4184470588
627.049	0.2337553398
628.069	1.062019802
629.289	0.4990095238
630.319	0.5494601942
631.359	3.185757635
632.36	0.4893980583
633.579	0.6271954674
634.58	1.291215842
635.589	2.103646018
636.709	5.308167665
637.71	1.003318812
638.729	1.683692308
639.939	1.253715423
640.96	1.694625375
641.961	0.3687770069
642.989	0.4828235294
644.01	2.827684945
645.011	1.405235644
646.019	0.8005714286
647.02	3.641702298
648.03	0.3230230769
649.04	2.922725926
650.049	0.7395009901
651.179	0.1317333333
652.18	0.3001718282
653.19	0.1856314926
654.2	1.341176471
655.21	2.656735265
656.23	0.9785734266
657.24	0.9134905847
658.25	2.373439049
659.26	0.797986288
660.27	0.8812248187
661.28	2.017427156
662.29	1.736838323
663.3	0.5520712166
664.31	1.134875248
665.36	1.3464
666.37	1.191484127
667.371	1.613684737
668.372	0.8161663366
669.38	2.367031746
670.382	1.492131605
671.4	1.629168986
672.401	2.093837624
673.41	2.069607921
674.42	0.2936140351
675.451	0.5201108911
676.46	0.2435159664
677.461	0.542490566
678.471	1.319717647
679.472	0.8198469087
680.48	1.290942857
681.58	2.622537463
682.68	1.132571429
683.681	0.5674666667
684.701	0.2375076923
685.702	1.70119604
686.71	1.511365328
687.84	2.249156436
688.842	0.9583931034
689.85	1.588609901
690.851	2.260976614
691.871	3.052859141
692.872	2.344870425
693.891	1.546165834
694.892	1.826658892
695.901	1.229612774
696.911	2.145457426
697.921	0.815772549
698.961	1.223841741
699.971	4.19363037
700.981	2.508825509
701.991	0.6067960396
703.131	0.9490109019
704.141	0.4985568627
705.142	2.26103758
706.151	3.283476523
707.161	2.401255214
708.171	0.5729157582
709.181	2.32434127
710.191	1.014986139
711.201	0.7510588235
712.212	0.588357213
713.221	1.067041916
714.261	2.539698761
715.262	1.749290709
716.272	2.647718919
717.291	1.802155689
718.311	0.5992391931
719.361	3.205050949
720.362	0.9333045187
721.372	3.244467532
722.641	0.5417821782
723.651	0.6144543689
724.722	0.2550058252
725.723	1.484720792
726.742	0.6919102804
727.752	0.156491897
728.761	0.4543370402
729.821	1.437275248
730.827	0.9948990099
731.833	1.353294705
732.841	0.715655536
733.842	0.2804156863
734.872	2.025133796
735.873	2.073086913
736.882	1.159913641
737.902	1.087722772
738.913	2.542387289
740.033	1.760603774
741.222	2.347603399
742.233	0.7588831683
743.252	1.09728223
744.372	1.298258824
745.373	0.9918884331
746.572	2.118264677
747.574	1.76772028
748.582	1.386962376
749.586	0.1031250983
750.592	3.13891774
751.602	1.088863366
752.622	3.034264151
753.632	2.451186555
754.633	0.7676457042
755.642	1.977174825
756.652	1.26090783
757.653	1.382049554
758.662	1.270734328
759.663	2.527934486
760.672	1.015714569
761.673	2.143175421
762.722	0.4250624381
763.873	1.809552475
764.927	1.971612388
765.928	0.9336792079
766.933	1.223000991
767.934	1.812647694
768.953	2.725439408
769.962	1.12421978
770.963	1.005248761
771.973	0.6474085914
772.983	1.85289505
774.003	1.127152941
775.004	1.189272547
776.005	1.984888008
777.013	2.218781219
778.015	1.411786615
779.033	0.9201186944
780.103	0.2536848365
781.104	1.277383548
782.113	0.8720557214
783.114	2.948571429
784.133	0.1445433962
785.143	1.854233766
786.144	1.793022977
787.145	2.951357143
788.273	2.148779221
789.283	0.1704327019
790.323	2.513869307
791.433	1.432357282
792.434	1.729950446
793.443	1.597444115
794.463	2.908195804
795.464	1.519696304
796.473	2.628705882
797.493	0.6256085031
798.513	1.508763237
799.533	0.6629793916
800.542	0.6177882353
801.621	2.013738262
802.949	0.4363564356
803.95	2.097642857
804.96	0.7393242718
806.13	2.293942631
807.14	2.117922696
808.15	1.515556444
809.16	2.026265347
810.17	0.3377777778
811.18	0.1136457143
812.81	0.3356495238
813.83	0.7485714286
815.02	2.411396603
816.021	2.995300699
817.04	0.9293106893
818.05	2.06529901
819.051	0.1022834951
820.06	1.018550495
821.07	1.341866667
822.19	2.589718812
823.2	1.450540059
824.221	1.204804757
825.25	0.5261716567
826.261	0.8205465347
827.29	2.367421945
828.31	0.9638666667
829.32	2.338183976
830.321	1.538007018
831.361	1.249428571
832.391	1.683692308
833.41	2.93233966
834.421	1.957067194
835.44	2.20858672
836.46	3.451788212
837.48	1.818141858
838.482	0.9338292398
839.5	0.8010445104
840.51	1.888901186
841.542	1.111840637
842.582	2.192343656
844.431	0.2352448598
845.941	1.82219227
847.041	1.860742857
848.051	1.738357642
849.081	1.33799604
850.106	1.119767216
851.21	0.2725647059
852.211	1.22960519
853.241	1.432231768
854.26	1.523967886
855.261	0.9504761905
856.271	0.6422032787
857.291	1.785831516
858.331	1.376126733
859.341	0.6862343324
860.391	1.01955996
861.401	1.799095238
862.411	0.958280597
863.841	1.914293706
864.871	0.5042823529
865.881	2.036622398
866.891	1.030648544
867.901	3.14234127
868.911	1.516990099
869.931	1.636662675
870.943	0.7808191808
872.023	2.233453919
873.032	0.9153196262
874.042	1.07080396
875.081	0.9637026759
876.091	2.983737313
877.103	1.801083415
878.113	1.527825743
879.242	3.19438961
880.342	2.453163636
881.343	0.4194130435
882.362	2.385840211
883.373	0.2954619189
884.383	1.625018182
885.561	1.722867327
886.582	0.9465029703
887.583	0.5016871287
888.591	0.7154772277
889.594	0.1191920792
890.602	0.3498581419
891.612	1.615213873
892.624	2.64389703
893.642	1.137894106
894.732	0.3682509804
895.792	0.8936475248
896.802	1.673980583
897.822	2.460387612
898.932	1.061893069
899.952	0.2312591672
901.012	1.1208
902.032	0.6805416021
903.112	0.4556435644
904.123	2.603131814
905.124	1.869554446
906.242	1.414657343
907.245	0.7160633663
908.253	1.437741176
909.263	1.90896333
910.284	1.206146535
911.292	1.181085149
912.303	1.832174257
913.312	0.7204356436
914.313	0.6189623762
915.323	0.3690772277
916.383	1.386731532
917.493	1.550311034
918.643	0.8118694362
919.653	0.3561142857
920.674	2.212115884
921.683	1.820388119
922.685	3.042069376
923.713	1.725021842
924.923	0.6749603175
925.963	0.7523726462
927.184	0.9781132075
928.203	0.1502117647
929.213	2.973794206
930.283	0.3493803922
931.313	0.8219722772
932.323	1.936769078
933.333	1.254801199
934.343	0.7090376238
935.363	1.451203171
936.423	0.2682352941
937.433	3.216619048
938.434	1.160975025
939.444	0.7643168317
940.454	0.6092467532
941.463	1.08932549
942.474	2.702737263
943.483	0.387367619
944.493	0.9860435644
945.603	1.929190809
946.611	0.8907537092
947.614	0.1749290709
948.623	2.77353047
949.636	0.5548151093
950.644	0.8288110781
951.654	5.731239024
952.664	0.4634613861
953.674	2.251827112
954.94	0.4956987116
955.949	0.9650851485
956.969	0.6020275049
957.979	1.526386167
958.989	0.6483826087
960.169	0.9717714286
961.179	1.051057426
962.189	1.260523477
963.2	0.4781359223
964.209	1.853842158
965.229	1.048992063
966.239	0.8993584158
967.249	0.7144737364
968.259	1.92421978
969.269	1.315108028
970.279	0.7411643564
971.289	1.026141858
972.299	0.3792475248
973.331	1.592462745
974.349	1.046811545
975.539	2.973794206
976.549	1.040221782
977.569	1.569280943
978.589	0.8853512605
979.599	1.465538157
980.75	0.633145098
981.76	1.323041584
982.769	1.007360639
983.79	1.017794958
984.8	2.733266733
985.81	1.088698039
986.82	2.350609391
987.84	1.182690909
988.85	2.959013917
989.86	1.653842158
991.01	2.472975223
992.02	1.321726733
993.03	3.666997003
994.05	2.552375624
995.06	3.114829171
996.08	1.005842158
997.1	0.9761744301
998.11	0.4491672131
999.14	1.89933003
1000.16	1.463992071
1001.17	0.633656526
1002.18	0.4203886163
1003.19	1.864823529
1004.2	2.011852148
1005.23	0.7476907037
1006.24	0.934493558
1007.27	1.950415842
1008.28	1.478037736
1009.29	0.5361904762
1010.31	1.46112537
1011.33	2.525538462
1012.35	2.378027079
1013.37	2.967832335
1014.38	3.989525926
1015.39	2.301388235
1016.401	1.090924303
1017.421	1.683522863
1018.43	2.02789703
1019.44	1.743390099
1020.451	1.063254171
1021.461	2.457642857
1022.861	2.780888889
1023.871	2.615215064
1024.886	0.6636253081
1025.891	2.909650738
1026.901	1.109676153
1028.111	1.06084273
1029.121	0.8235089109
1030.151	0.5760761905
1031.171	1.231374257
1032.181	1.376733272
1033.191	1.907924678
1034.201	1.058003252
1035.211	1.135390099
1036.221	0.7451234043
1037.231	1.833904762
1038.241	0.4121625372
1039.512	1.876424182
1040.521	2.351334653
1041.591	2.635670961
1042.671	1.100688868
1043.75	2.711692004
1044.77	0.8019485149
1045.797	0.4453465347
1046.798	0.5115014606
1047.828	2.20344381
1048.838	1.549885149
1049.847	0.7193730159
1050.968	1.703916522
1051.988	1.331465875
1053.138	1.0783667
1054.168	1.181813861
1055.198	1.373351833
1056.207	3.901523478
1057.218	2.762934911
1058.387	2.30559041
1059.398	1.105474727
1060.417	1.561300297
1061.438	0.6211764706
1062.448	1.420876115
1063.458	1.072498516
1064.668	2.470526733
1065.678	2.34049901
1066.688	0.7700019474
1067.698	1.596227772
1070.676	0.4356349515
1071.706	0.816235525
1072.734	0.4313926074
1073.756	2.1888
1074.766	0.9424079208
1075.786	1.288368876
1076.796	0.4701057935
1077.836	2.700467532
1078.866	0.1621333333
1080.066	1.088541176
1081.076	2.137248283
1082.086	1.860047431
1083.096	1.24636963
1084.097	0.5631378641
1085.116	2.426069376
1086.236	0.6622980392
1087.416	0.7681029703
1088.627	0.963154717
1089.646	0.1180434708
1090.666	3.051647175
1091.688	0.7871018405
1093.297	1.448721506
1094.306	0.921029703
1095.316	0.7536287425
1096.317	1.267446989
1097.427	3.13779021
1098.637	0.5020750722
1099.867	1.577132673
1101.057	2.609002629
1102.067	0.2550058252
1103.308	1.592839604
1104.327	1.156594217
1105.507	0.9714886026
1106.509	1.471552448
1107.517	1.919954717
1108.528	3.608263736
1109.537	2.818411178
1110.538	3.11560396
1111.547	1.509802198
1112.548	0.4720941176
1113.557	2.223286422
1114.568	2.783300894
1115.577	0.9968792079
1116.587	0.3479088206
1117.718	0.8864142716
1118.808	1.126077311
1119.809	1.149716551
1120.947	1.430304951
1121.948	1.293767442
1122.989	2.525990109
1124.007	2.667316683
1125.009	0.6375145631
1126.187	1.447984221
1127.197	0.9955652174
1128.207	0.6229881423
1129.217	1.322901099
1130.237	1.695247059
1131.257	1.342487757
1132.267	0.3683076923
1133.278	3.210566337
1134.289	0.9761744301
1135.29	2.271104377
1136.318	1.040158416
1137.319	0.9752079208
1138.328	0.1361341266
1139.348	2.853906094
1140.368	3.066487129
1141.378	0.1678849473
1142.478	3.174843564
1143.498	1.614510891
1144.508	1.639588526
1145.707	0.2191737705
1146.748	1.717718812
1147.758	1.867108891
1148.769	1.464103072
1149.828	0.7160878244
1151.238	3.02407992
1152.258	1.902200198
1153.288	1.357105882
1154.478	1.314907301
1155.498	1.278605941
1156.518	2.437189991
1157.718	0.9634183976
1158.748	2.717499029
1159.768	0.5394041035
1160.798	0.401145098
1161.818	1.48595441
1162.858	3.542082515
1163.878	0.7617882353
1164.908	0.5398327273
1165.918	2.092182178
1166.948	1.629026973
1167.968	1.647246032
1168.978	0.8446349206
1169.979	1.035195243
1170.988	0.4283629268
1171.989	1.214794846
1172.998	2.470873127
1174.018	2.017948515
1175.207	1.398358079
1176.228	1.416282353
1177.278	3.422577423
1178.279	0.1933189401
1179.289	2.882281188
1180.359	0.3322859941
1181.43	2.428286454
1182.649	0.1032612967
1183.659	1.25600678
1184.669	1.097630069
1185.77	1.766209901
1186.779	1.474757243
1187.839	1.263701961
1188.859	3.608759644
1189.919	2.570592666
1190.929	0.6752908913
1192.049	1.380879208
1193.099	0.845180198
1194.289	2.16967033
1195.319	1.018233663
1196.359	0.8026323092
1197.389	2.057417822
1198.489	0.8668514851
1199.539	1.54949703
1200.711	1.957251167
1201.719	0.9315084915
1202.729	1.071263366
1203.749	2.731348651
1204.779	0.4471976631
1205.789	1.253578422
1206.799	1.23941328
1207.819	2.405787065
1208.839	1.183165217
1209.849	0.2595636364
1210.869	0.1381281553
1211.87	1.670342914
1212.889	2.817237525
1214.089	2.134051485
1215.109	1.204938175
1216.119	1.639428571
1217.13	0.9088191808
1218.17	1.115172827
1219.18	0.2765247813
1220.184	0.9277782178
1221.189	2.362170297
1222.19	0.4282693069
1223.35	0.7269882353
1224.53	0.8328871287
1225.531	1.706263106
1226.55	0.9852
1227.559	0.2668103946
1228.56	0.7044561404
1229.57	0.8562306306
1230.58	1.159665339
1231.64	0.7857663366
1232.65	0.686743083
1233.75	0.411347181
1234.78	2.022617383
1235.92	1.608777778
1237.05	1.588966337
1238.06	2.210504348
1239.07	2.005666334
1240.08	0.5577468106
1241.09	0.1256649839
1242.1	1.906343363
1243.3	0.9742433234
1244.304	1.861664122
1245.31	1.294343474
1246.44	0.5104627451
1247.59	1.033663366
1248.78	2.497168986
1249.79	1.290101898
1250.791	2.53767033
1251.8	0.5543738872
1252.81	1.330460333
1253.84	0.6808475248
1254.86	1.09450297
1255.881	1.484820614
1256.89	1.476908738
1257.95	1.662751402
1258.97	1.895176238
1260.031	1.586709291
1261.051	2.821391477
1262.071	1.527560878
1263.11	0.5936454456
1264.111	0.81998002
1265.181	1.605299313
1266.191	2.437765408
1267.201	1.427477228
1268.221	0.9643722772
1269.231	2.561189296
1270.251	2.494561439
1271.261	1.223968317
1272.262	2.708542783
1273.271	2.470873127
1274.291	2.313769841
1275.311	1.44256888
1276.322	0.5905873016
1277.341	0.1195563025
1278.351	0.5447049505
1279.371	1.989597645
1280.391	0.7700931615
1281.401	1.70602997
1282.421	2.569373882
1283.481	1.690360396
1284.491	1.038641359
1285.492	1.278019881
1286.501	1.763028741
1287.511	2.22686224
1288.521	1.227437624
1289.534	0.845180198
1290.541	2.798865135
1291.681	0.5634534653
1292.708	1.171156843
1293.711	1.266653347
1294.713	1.407011765
1295.742	0.9516521739
1296.753	2.107976048
1297.761	1.328411881
1298.771	1.206379518
1299.791	1.15690297
1300.821	1.233882353
1301.831	1.532023952
1302.861	2.242978218
1304.111	2.074854902
1305.12	1.326743539
1306.152	1.413243297
1307.17	2.201473267
1308.23	2.080443564
1309.269	0.845180198
1310.349	1.497521569
1311.359	0.4077176471
1312.509	0.5890509804
1313.65	1.633185714
1314.651	2.182186139
1315.819	3.667188811
1316.829	0.6284673267
1317.839	1.853067729
1318.849	1.248255744
1319.85	0.9056
1321.029	2.186438928
1322.18	1.648348515
1323.3	3.315706931
1324.38	2.044483516
1325.48	1.063632368
1326.499	0.3929285714
1327.5	1.962960317
1328.51	1.353894106
1329.54	0.4678688525
1330.541	0.3585490683
1331.542	2.328743257
1332.549	1.332784158
1333.56	2.362442022
1334.57	2.485631683
1335.781	2.208182359
1336.79	0.2889751511
1337.791	2.231717647
1339.02	1.251794059
1340.022	1.487382178
1341.03	0.945222331
1342.05	2.583785927
1343.12	0.8320870425
1345.493	0.5378762475
1346.512	2.243611881
1347.784	1.862171657
1348.79	1.032316832
1349.793	0.3875326733
1350.794	0.7366153846
1351.804	2.047057884
1352.812	2.038588235
1353.813	0.4199932203
1354.821	0.6938485437
1355.832	1.339356643
1357.022	0.1287529412
1358.042	1.201494505
1359.082	1.877657765
1360.113	0.3337561943
1361.173	0.4291764706
1362.323	0.9427009901
1363.352	0.2036591577
1364.372	0.4513886792
1365.392	1.508763237
1366.583	1.585925926
1367.613	1.389283168
1368.853	1.372918812
1369.854	1.655936064
1370.873	2.173922078
1372.019	0.4635238095
1373.033	0.7818488714
1374.093	1.179066922
1375.123	0.9190753425
1376.135	0.3855029354
1377.143	1.051482353
1378.193	1.789653122
1379.413	2.662348953
1380.433	1.60536965
1382.043	1.548977778
1383.263	0.9508411588
1384.273	1.625346535
1385.283	0.5898693069
1386.284	1.877647059
1387.285	0.5897131553
1388.303	0.4370084034
1389.304	1.317359684
1390.354	2.080443564
1391.365	1.275889109
1392.374	2.428275724
1393.515	0.5498793274
1394.634	1.679897335
1395.635	2.758217782
1396.644	1.950521479
1397.656	0.7157386139
1398.664	1.071440559
1399.684	0.5482543353
1400.764	2.026265347
1401.765	1.491600348
1402.776	2.285010989
1403.777	0.8199920792
1404.864	0.1046817391
1405.914	0.4618174681
1407.064	1.531881739
1408.065	1.061441584
1409.066	2.248151848
1410.084	0.8690823529
1411.085	2.860609901
1412.086	1.738357642
1413.105	1.31188107
1414.115	1.809811024
1415.116	1.152150495
1416.204	2.754045954
1417.206	2.623287834
1418.219	0.7210376238
1419.224	1.472817289
1420.345	2.298952212
1421.347	2.405512871
1422.354	1.878673209
1423.366	1.677418581
1424.384	0.9034763636
1425.385	2.559746283
1426.404	1.165778222
1427.424	0.8269754661
1428.445	1.322619048
1429.455	2.294428571
1430.484	1.408
1436.332	0.6892227772
1437.341	0.2317577796
1438.482	2.886193806
1439.533	2.744134787
1440.642	1.528303091
1441.652	1.777045545
1442.662	0.8364910891
1443.682	1.310230769
1444.692	2.346067327
1445.892	1.705558442
1446.912	0.8798117647
1447.962	0.9968792079
1448.982	3.206330366
1449.983	0.9318653465
1451.002	0.4117544554
1452.022	0.9616063936
1453.282	2.006580773
1454.283	3.155173096
1455.292	2.524955045
1456.402	1.225794319
1457.403	0.706170297
1458.412	0.128172973
1459.422	0.8516514851
1460.432	1.650836935
1461.462	0.7991928072
1462.602	0.4989335976
1463.603	2.308671246
1464.612	0.5742891089
1465.632	0.1592240543
1466.783	1.133394286
1467.853	1.124279245
1468.854	0.9859563025
1469.863	2.825222777
1470.873	1.308993131
1472.063	2.724590818
1473.064	1.924652259
1474.074	2.35905482
1475.114	2.394077922
1476.134	1.796812686
1477.144	0.6759920792
1478.153	0.9222336634
1479.156	1.784982178
1480.183	2.482558416
1481.383	2.452722222
1482.523	0.8984688427
1483.533	1.097220339
1484.544	1.202756436
1485.553	0.332822898
1486.554	0.887780725
1487.584	0.8776871287
1488.593	1.684517647
1489.624	1.69194006
1490.664	1.02144
1491.674	2.93002997
1492.704	2.118247273
1493.71	1.207263366
1494.724	1.6315
1495.744	1.37818981
1496.754	2.673096375
1497.764	0.9103524752
1498.774	0.7749187071
1499.794	1.132470588
1500.795	2.565090909
1501.804	1.707588412
1502.805	1.710338279
1503.814	0.8668514851
1504.834	0.7987933333
1505.994	1.064
1506.995	1.722209901
1508.004	1.00445913
1509.015	1.181776892
1510.034	0.6622980392
1511.035	1.170454902
1512.054	1.435132483
1513.064	2.285881765
1514.114	3.041268583
1515.115	0.739654902
1516.164	1.94157043
1517.264	0.877260177
1518.324	1.733251282
1519.354	1.189803922
1520.364	2.957924628
1521.395	3.20816148
1522.414	2.234901099
1523.455	2.109242757
1524.463	1.594534653
1525.473	1.664853846
1526.609	1.56023976
1527.754	0.4606211604
1528.852	0.8776871287
1529.854	1.887381566
1530.863	0.3874846154
1531.873	1.118992308
1532.874	0.6220500963
1533.883	1.823992008
1534.884	1.570447525
1535.894	1.709322677
1536.903	1.451976238
1537.904	1.311112871
1538.905	0.4939529412
1539.924	0.4568854369
1540.931	2.96352381
1541.933	0.392372093
1542.934	0.6778501499
1543.944	1.086793207
1544.963	0.5479215686
1545.964	2.801142857
1546.965	3.113734266
1547.974	0.5637253731
1548.975	1.082393388
1550.154	0.3445333333
1551.344	0.6406046916
1552.345	1.593606268
1553.504	0.948776699
1554.514	0.1622134387
1555.524	1.733984252
1556.534	2.307908821
1557.543	3.363884116
1558.544	1.083670588
1559.564	1.606613861
1560.604	1.618093906
1561.623	1.335011321
1562.624	1.452743363
1563.654	0.1904466019
1564.655	1.618554358
1565.744	3.300283716
1566.754	0.7188705882
1567.764	1.506154455
1568.784	0.8874455446
1569.794	0.6621925344
1570.804	1.067580198
1571.824	2.284971029
1572.856	0.608
1573.864	0.6265895628
1574.874	0.1038481752
1575.883	0.4162772277
1576.894	0.8602847458
1577.914	2.882163437
1578.924	1.191920792
1579.934	1.042423529
1580.954	2.627932068
1581.956	1.634789211
1582.994	0.685254902
1584.014	0.9656470588
1585.034	1.585190809
1586.254	0.7997106812
1587.324	0.9929821782
1588.179	0.1481856
