0.0	0.4100990099
1.077	0.6495513043
2.178	0.3904697721
3.239	1.009893069
4.268	0.7724038835
5.278	0.5881704658
6.289	1.283448959
7.328	0.5452990099
8.357	0.4250097087
9.458	0.1822213516
10.547	0.3162468168
11.558	0.3681802155
12.567	0.7954205794
13.578	0.8948900901
14.579	0.2054703557
15.748	0.5418873786
16.977	1.055146402
17.997	0.1705847374
19.088	0.4715428571
20.208	0.4637860616
21.227	0.3133201581
22.338	1.114997003
23.528	0.3903968254
24.667	0.8707262136
25.757	1.19900198
26.938	1.351064734
28.057	1.07391009
29.177	0.4250097087
30.197	0.9446317723
31.237	1.195005825
32.257	0.7014905095
33.297	0.4727279152
34.427	0.1275029126
35.447	0.9029509367
36.457	0.3783009524
37.458	0.6858376238
38.468	0.1062524272
39.478	0.2767105005
40.487	0.831547541
41.497	1.37529505
42.507	0.4077176471
43.509	0.5012866861
44.627	0.9672541708
45.807	1.415992008
47.027	0.4720941176
48.028	1.150748515
49.127	0.3433532243
50.407	0.8912266928
51.496	0.776
52.498	0.9162823529
53.577	1.262598749
54.607	0.948762963
55.847	1.074758878
56.867	0.3910458716
57.887	0.9950525273
58.907	1.042815385
60.097	0.3239670028
61.107	1.373036066
62.117	1.029946704
63.118	1.174601399
64.119	1.477917485
65.127	0.8173935018
66.216	0.3845501433
67.217	0.103245283
68.447	0.1455007688
69.457	0.1029483871
70.466	0.3071230769
71.717	0.5959322034
72.726	0.4124277228
73.727	1.169607921
74.737	1.049932203
75.747	0.2307752699
76.757	0.5321669565
77.767	0.6636156863
78.777	0.4967841584
79.787	1.259912698
80.797	1.392031652
81.917	1.53693247
82.937	0.3792475248
83.946	0.8490563499
84.957	0.8559663866
85.977	0.4875960396
86.986	0.7250654709
87.996	0.4854185814
89.237	1.193321222
90.246	0.9015864136
91.417	1.106493506
92.441	0.3004235294
93.456	0.5092752475
94.476	0.1407240356
95.486	1.113528713
96.496	0.7244356436
97.499	0.3043258972
98.538	0.9858049194
99.546	0.8585071429
100.556	0.7050782953
101.746	0.105129683
102.756	1.039488511
103.757	1.503276596
104.996	0.4542549187
106.006	0.154464455
107.156	1.130573427
108.236	0.4376553846
109.276	0.3333923077
110.289	1.115716284
111.296	0.1828495238
112.306	0.1052307692
113.325	0.8408695652
114.326	1.409363726
115.327	0.4698613861
116.516	0.5362339623
117.626	0.5727251908
118.627	1.732267732
119.696	0.4049290573
121.116	1.175896104
122.126	0.9809615385
123.266	0.9635033686
124.306	0.8347137255
125.416	0.3440838095
126.556	0.8955124875
127.676	0.8583310345
128.856	0.1613944354
129.857	0.1699522936
130.886	0.8569593657
131.896	0.8054665335
132.897	0.7761904762
133.906	0.2968432836
135.036	0.3998769231
136.056	0.5633333333
137.066	0.4534538462
138.076	0.856649505
139.156	0.7842598291
140.166	1.008919722
141.176	0.4444039604
142.177	0.2077282717
143.346	0.954021978
144.347	1.115234886
145.348	0.8787960396
146.356	1.095131086
147.546	0.764043956
148.696	0.360355412
149.706	1.615912532
150.716	0.7823445545
151.915	1.626050682
152.937	0.6957117117
153.955	1.308539461
154.985	1.204011869
155.995	0.3637606178
157.025	1.042319241
158.055	1.022270457
159.085	0.1061493695
160.115	0.5514635569
161.135	0.4568963585
162.145	0.9512429481
163.155	0.3500594059
164.165	0.8725774783
165.175	0.3528078642
166.185	0.8697960784
167.195	0.3163168317
168.235	0.6528871287
169.465	0.5502777778
170.485	0.2060812686
171.496	1.077822181
172.527	0.4631929204
173.638	0.4682507463
174.676	1.154975466
175.715	0.5256817289
176.735	1.158673684
177.744	1.423194396
178.745	0.265631068
179.765	0.5645306931
180.775	1.026412466
181.785	1.084203922
182.795	0.9953246753
183.815	0.5601408291
184.845	0.9300176991
186.075	0.601061008
187.085	0.9426893107
188.104	0.6735049505
189.135	0.3335314286
190.14	1.3068263
191.165	0.368659854
192.185	0.5673194857
193.195	1.295480519
194.235	1.135807692
195.244	0.8537818182
196.304	0.5418873786
197.355	0.7171507937
198.395	0.544625
199.414	1.029921902
200.415	1.284818991
201.485	0.5280384246
202.616	0.5368245788
203.745	0.3648
204.975	0.5521584158
206.205	0.3694090472
207.215	0.4907588933
208.224	0.9895624376
209.305	1.029085477
210.315	0.3263119266
211.335	0.1651924528
212.355	0.6049425743
213.444	0.2154580153
214.445	1.152015842
215.455	0.7129018465
216.595	0.5146902655
217.735	1.044535714
218.905	1.363873016
219.914	1.135376623
220.925	0.4693095945
221.935	0.3751616063
222.945	0.9882594595
223.965	0.744047105
224.994	0.2167294118
226.184	0.4636467125
227.194	0.4560950495
228.204	0.2386204163
229.264	0.445945098
230.274	0.7769254902
231.304	0.6967128713
232.484	0.5388356436
233.485	0.3142336634
234.505	2.85
235.535	1.22651338
236.544	0.4109623762
237.554	1.344428147
238.574	1.424531092
239.602	1.389460317
240.613	0.8131529194
241.662	0.1809
242.663	0.4799121756
243.773	0.6441584158
244.953	1.206091089
245.983	0.3908571429
246.993	1.108377236
248.002	0.6922418236
249.003	1.067284859
250.012	0.7797586548
251.052	1.369025461
252.143	0.6720470127
253.312	1.087280719
254.422	0.4995430712
255.423	1.336307988
256.424	0.8679880834
257.443	0.4394750245
258.454	0.1085932063
259.463	0.3142336634
260.472	0.8783137255
261.493	0.9710641509
262.494	0.3129320388
263.502	0.9831849654
264.512	0.4921170916
265.632	0.2235642023
266.642	0.1796874382
267.742	1.146775221
268.751	0.6723564356
269.752	0.6682418236
270.782	0.921075386
271.791	1.048751249
272.802	1.06821978
273.862	0.2626461538
274.881	0.2145882353
275.882	1.151768232
276.922	0.5201108911
277.952	1.225790099
278.971	0.3527841584
279.992	0.5099326733
281.032	0.3086103013
282.042	0.3564097561
283.071	0.4389048544
284.373	0.6024871287
285.401	0.5064855145
286.421	0.422590099
287.493	1.040839161
288.521	1.054850618
289.533	0.6698651026
290.541	0.5379118644
291.701	0.4281257367
292.72	1.08572562
293.721	0.96026642
294.74	1.321679339
295.871	0.3446969697
296.881	1.143286422
297.996	1.052758621
299.0	1.039286486
300.011	0.7813098039
301.021	0.2507615385
302.032	0.7710445986
303.1	0.5770376238
304.11	0.9638196078
305.12	0.6400357143
306.241	1.369186284
307.25	0.8844903226
308.251	0.1546615385
309.45	0.763124632
310.46	0.1006186931
311.6	0.1306446281
312.651	0.6020907563
313.652	0.8055500496
314.81	1.060839604
315.82	1.073779439
316.832	0.9114990654
317.84	0.9463846154
319.041	0.3564595405
320.21	0.9465134384
321.25	1.114173826
322.351	0.5408070796
323.48	1.026051485
324.491	0.9580039604
325.62	0.2577585869
326.631	1.003421782
327.64	0.85312
328.65	0.8205782178
329.7	0.9832076455
330.72	0.213423622
331.85	0.8349148515
332.88	0.7320792079
334.831	0.2573592233
335.84	0.2462935421
336.86	0.9656444132
337.88	0.9493923077
338.927	0.8964315684
340.117	0.6007850134
341.147	0.7834212091
342.167	0.6591066667
343.177	0.2808478901
344.217	0.2868815534
345.237	1.040178891
346.536	1.08268426
347.546	1.289328814
348.597	0.2642039216
349.697	1.192663337
350.727	0.5611326733
351.746	0.5395996036
353.058	0.302551001
354.077	0.8701782178
355.087	0.2861496599
356.327	0.8443564356
357.336	1.073190261
358.346	1.34392008
359.356	1.362749251
360.387	0.4106642202
361.397	1.039031746
362.427	1.472221563
363.506	0.8325896269
364.516	0.3277153846
365.556	1.114793651
366.576	1.026576809
367.846	0.4935557711
369.137	1.387596068
370.156	0.3518745098
371.176	1.007259504
372.183	0.3400384615
373.238	0.7378839361
374.257	0.3112513761
375.276	1.215664336
376.298	0.3950679612
377.497	1.033441373
378.506	0.9225132743
379.526	0.753640358
380.577	1.108637264
381.586	0.3176455285
382.658	0.7417976654
383.686	1.207571853
384.986	0.1144
386.026	0.8308651349
387.046	0.460838654
388.066	0.9123368421
389.076	0.2896941176
390.136	0.3352237624
391.436	1.086721279
392.456	0.5417541284
393.466	0.1663911541
394.476	0.7776015857
395.666	0.7880079208
396.896	0.9511762376
397.927	0.6471841584
399.636	0.7087984718
400.646	0.8136683023
401.656	0.1344786425
402.726	1.244289395
404.126	1.32433966
405.406	0.8812752475
406.437	0.475499187
407.446	0.6974716981
408.465	0.1549133726
409.466	1.089686275
410.495	1.490808754
411.716	0.8233081081
412.786	0.20272
415.116	0.2018901961
416.175	1.198667988
417.186	0.3102670623
418.206	0.2594153846
419.225	1.165893069
420.246	0.4459262136
421.286	0.8702363456
422.296	0.5626515028
423.315	0.4530285714
424.335	0.4642901961
425.356	0.348812749
426.366	0.4077069307
427.385	0.6144062807
428.636	1.262390486
429.645	0.2871928783
430.657	0.4282987391
431.696	1.117546454
432.735	1.17584016
433.875	0.8931172545
434.957	0.9472039637
436.005	0.292272997
437.035	1.538797203
438.075	0.277370297
439.115	0.9624375624
440.185	0.8168206839
441.195	0.2020758017
442.251	0.5983841584
443.481	1.423344655
444.611	1.409350649
445.991	0.1018046512
447.081	0.9166105088
448.111	0.7657086224
449.333	0.2079686275
450.78	0.7085148515
451.79	0.4646653465
452.88	0.9611973807
453.901	0.2751428571
454.949	0.9845289256
456.02	0.9534019802
457.07	0.9293650794
458.13	0.4919456311
459.22	0.5722292994
460.3	0.8999480519
461.33	0.6967
462.62	0.5896050955
463.631	0.9617815126
464.64	0.3942556158
465.67	1.036939061
466.69	0.1515489614
467.75	0.3463223301
468.99	0.9378732782
470.0	0.8516962963
471.041	0.8867710605
472.341	0.9389647059
473.35	0.3714588235
474.541	0.8727222767
475.561	0.6743176823
476.571	1.049662338
477.69	0.4524479683
478.7	0.5716584887
479.701	0.3212116505
480.711	0.8841441441
481.721	0.3570851485
482.84	0.1743049505
483.97	0.6005019608
484.98	0.3969882353
485.99	0.6985490196
487.011	0.4041960784
488.021	0.5478347107
489.022	0.8252531469
490.03	0.3892118812
491.041	0.5463780183
492.051	1.270358771
493.071	0.9827099099
494.15	0.9018455446
495.261	0.5975619048
496.3	0.7615613126
497.35	0.887531281
498.53	0.9271145631
499.531	0.9703119869
500.532	1.261470763
501.75	0.6451307692
502.76	0.6438415842
503.997	0.7918896552
505.027	0.5908130564
506.047	0.9850666667
507.068	0.1375930435
508.107	0.753373896
509.227	1.097235644
510.238	1.567936128
511.24	0.3612710893
512.247	0.9852692308
513.407	0.3668838884
514.417	0.9924979525
515.527	1.104823177
516.528	0.6911481845
517.538	0.4796194175
518.747	0.1032240343
519.748	0.408420218
520.757	0.6942285208
522.187	0.1703823247
523.197	1.051057426
524.198	3.102692665
525.276	0.4288065041
526.278	0.7879865546
527.287	0.5192567433
528.297	0.7395044599
529.344	1.220325397
530.377	0.4730835735
531.397	0.7255538462
532.407	0.9828673267
533.408	1.058133333
534.428	1.121868499
535.437	0.7388705882
536.438	0.9651727192
537.457	1.190617383
538.458	0.340007767
539.459	0.9638732673
540.567	0.1286448363
541.568	0.4973042017
542.576	1.280351648
543.577	0.2702338462
544.578	0.5665614386
545.579	1.116834817
546.587	0.8058461538
547.588	0.7143096774
548.766	0.5482033898
549.776	0.3648
550.777	0.1997122807
551.779	1.069891644
552.927	1.102693069
553.967	0.7878019802
555.177	1.112580962
556.186	1.070255699
557.256	0.6062550832
558.536	0.4817098039
559.537	0.814019802
560.676	0.6928671329
561.717	1.000115212
562.846	1.031152847
563.847	0.4955215686
564.857	1.042453546
565.887	1.061328048
567.026	1.196448858
568.207	0.8502745098
569.306	0.5423191278
570.406	0.8561007557
571.486	0.1961660377
572.547	0.1761215028
573.556	0.9136948494
574.576	0.2724910891
575.577	1.230809191
576.578	0.6364435644
577.716	0.5020298507
578.816	1.038644202
580.336	0.840015984
581.576	0.199772549
582.656	0.6949861386
583.767	1.0063667
584.816	0.2126793824
585.896	0.5658376238
586.906	0.8678711864
588.056	1.032623377
589.066	0.1999384615
590.106	0.6918871702
591.126	0.9301207547
592.216	0.5945371655
593.356	0.1858415094
594.476	0.4158574257
595.556	0.5309465347
596.576	0.1261692308
597.606	1.193169774
598.675	0.9633886114
599.694	1.108884044
600.744	0.2762563107
601.745	0.9352567433
602.785	0.3262153846
603.794	0.8312807193
604.795	0.8832598131
605.875	0.9630916335
606.915	1.391136283
607.944	1.580481416
608.984	0.3079147425
609.995	0.7102335623
611.005	0.6763046489
612.014	0.2971619235
613.024	1.062631681
614.074	0.9546569609
615.124	0.9171785714
616.134	0.1865108911
617.144	1.009408506
618.174	1.117356863
619.404	0.4857187197
620.735	1.379485149
621.755	1.302465534
622.784	1.192687313
623.785	1.135865347
624.795	0.6431953353
625.835	1.026066087
626.874	0.3794579624
627.954	0.3479306358
628.955	0.3247477745
630.154	0.3260377358
631.915	0.52928444
632.924	0.7462645161
633.954	1.067581094
634.984	0.9886688525
635.994	0.3864135864
637.014	0.9656497545
638.025	1.088222002
639.034	1.173874074
640.074	0.1143524752
641.094	0.6125705077
642.394	0.1932035398
643.464	0.1689267327
644.474	0.1700038835
645.484	0.5029411765
646.494	1.042235877
647.584	0.5510574257
648.594	0.317029703
649.614	0.9330509491
650.744	1.037383548
651.934	0.2360470588
652.944	0.201180198
653.964	1.012936493
654.974	0.655984016
655.984	0.6521958042
656.994	0.4407701375
658.093	0.8336575944
659.284	1.569278721
660.294	0.3355607843
661.295	0.980333626
662.323	0.1912691997
663.324	1.273798202
664.444	0.8011607843
665.474	0.1667657143
666.504	0.498439604
667.514	0.7052356436
668.573	0.8206223984
669.574	1.187569231
670.603	1.141844641
671.604	0.2660614781
672.634	0.8487135778
673.635	0.1912543689
674.654	0.2604773358
676.183	0.9209559256
677.184	0.2476449481
678.204	0.2628965517
679.214	0.9095207921
680.233	0.5783151635
681.444	0.578209901
682.493	0.2992628625
683.533	0.6213647059
684.543	1.244725471
685.573	0.701560396
686.703	0.3690516129
687.774	0.173370297
688.813	1.782577423
689.863	0.972380198
690.864	1.037124752
691.874	0.4073153153
692.883	0.933827552
693.884	1.068825397
694.893	0.9774196078
695.894	1.5477684
696.895	1.207808192
698.023	0.8542178218
699.024	0.3375252336
700.244	0.6937032008
701.253	0.6013148515
702.254	1.280607393
703.273	1.362846383
704.293	1.290886026
705.504	1.118115768
706.523	1.157319763
707.583	0.7525843829
708.603	0.4306138614
709.623	1.054113411
710.803	1.05894902
711.954	0.8108518205
712.963	0.1738019417
714.054	0.9148470588
715.133	0.6393029703
716.154	0.8222732673
717.163	0.6241283019
718.403	0.4121425743
719.413	0.8985386876
720.422	0.1208614025
721.435	1.081521569
722.453	0.8487832168
723.463	0.5948982456
724.653	0.9615192661
725.663	1.391960669
726.673	1.108713881
727.674	1.125482517
728.682	1.717767627
729.833	0.655392486
730.963	0.1013333333
732.013	0.4385310531
733.093	0.8454691689
734.314	0.119280654
735.363	0.7516624141
736.383	1.170735382
737.583	0.1910688652
738.762	0.4528672897
739.852	0.6582374877
741.063	0.8901685491
742.074	0.1408633663
743.234	0.8745163205
744.242	0.2956190476
745.243	0.8661481481
746.253	0.9212265084
747.356	0.3585584158
748.363	0.6522806361
749.364	0.3900831683
750.483	0.37171909
751.503	0.9085782178
752.723	0.7510666667
753.724	1.015785927
754.733	0.5103270565
755.831	1.238824682
756.833	0.6188644906
757.834	0.2395262136
758.842	0.4748768822
759.853	0.1408633663
760.913	0.2552536443
761.934	1.208253717
762.942	0.7645861386
763.943	1.009756863
764.954	1.058852652
765.962	0.9247920792
766.963	1.263856144
767.972	0.7444391218
769.102	1.021045545
770.114	0.2763009901
771.273	0.557760633
772.482	1.061826174
773.483	0.5432475248
774.552	1.08819802
775.553	0.1942757282
776.772	0.4081177625
777.802	0.7217845567
778.812	1.035422222
779.822	1.135089109
780.832	0.4550970297
781.842	0.7345098039
782.882	0.6501386139
783.922	1.127120879
784.932	1.217758416
785.992	1.041783486
787.042	0.58715727
788.122	0.7655153314
789.142	0.8806630237
790.482	0.3717242757
791.542	0.8251294118
792.672	1.011728571
793.702	0.4527128713
794.722	0.8358088496
795.742	0.1086092308
796.752	0.6142291262
797.882	0.9714745098
798.901	1.080977043
800.101	0.3425584906
801.102	1.113719008
802.111	0.9635669725
803.132	1.023004234
804.142	0.6634165834
805.201	1.643476523
806.211	0.2855753846
807.312	1.200689109
808.341	1.400497087
809.472	1.559104895
810.482	0.9882376238
811.501	0.1112606285
812.511	0.5104
813.522	1.105450813
814.551	0.8309227723
815.561	0.5476506379
816.572	0.3433411765
817.592	1.043292707
818.631	0.7956
819.652	0.594368932
820.741	0.70090161
821.806	0.6449101796
822.811	0.5394621849
823.871	0.2630769231
824.901	0.996
826.021	0.5192847425
827.212	1.297294705
828.262	0.589631068
829.311	1.403709758
830.341	1.422043912
831.351	0.530005994
832.361	0.610692607
833.371	0.1423142598
834.391	1.253186813
835.481	0.9065574426
836.491	0.4273425161
837.501	0.3218990654
838.531	0.3882576809
839.571	0.85606
840.592	0.1879694656
841.621	0.6798336634
842.671	0.7521688073
843.711	0.7269333333
844.861	0.8422479339
845.962	1.114822134
846.971	0.3326117647
847.991	1.03139823
849.08	1.198802775
850.09	0.3146361905
851.1	0.4964813008
852.13	0.8092893204
853.17	0.7982574257
854.24	1.129061386
855.449	0.9201029703
856.461	0.6485391477
857.509	0.2107012987
858.53	1.389266733
859.719	0.3551294118
860.75	0.9125834166
861.767	1.342722555
862.779	0.2467764706
863.821	0.2708910891
864.822	1.211292707
866.06	1.264819644
867.07	0.8547675676
868.09	0.9320475248
869.1	1.233756487
870.11	1.335518519
871.31	0.4738745098
872.41	0.9063818002
873.569	1.329709199
874.61	1.073853465
875.63	0.9481704658
876.652	0.1848918249
877.96	0.3016336134
879.089	0.2709647059
880.159	1.200031715
881.16	0.5087969783
882.169	1.108226667
883.17	1.121688801
884.177	0.1946561265
885.18	0.1717942857
886.181	0.4697584158
887.359	0.5813217391
888.459	0.6121766438
889.629	0.422590099
890.729	0.3613584906
891.739	0.7616015857
892.86	0.7890376238
893.861	0.6900752475
894.95	0.3593108911
895.959	0.6698327273
896.969	0.522997003
897.989	0.5877092338
898.999	0.8008158416
900.029	0.6037343905
901.04	0.4284003964
902.089	1.364380198
903.119	1.040686726
904.139	0.8693835481
905.459	0.5100116505
906.469	1.176383616
907.481	1.181489109
908.499	0.2467764706
909.869	0.5516910891
910.879	0.7058501388
911.889	1.177702298
913.029	1.282825225
914.049	0.8665457599
915.069	1.102241584
916.079	1.475323442
917.099	1.072901961
918.109	0.710629703
919.119	0.4263316977
920.341	0.2383841584
921.349	0.8776072727
922.35	0.6790569431
923.359	0.7525793328
924.36	0.9610930693
925.42	1.334094118
926.499	0.6652447968
927.508	1.025959927
928.568	0.5310601942
929.619	0.5825938431
930.655	0.6401477162
931.71	0.4242896282
932.718	0.912362963
933.719	0.2185436703
934.779	1.159246032
935.78	0.4021939275
936.969	0.9647368421
937.97	0.5196243478
939.04	0.1999384615
940.042	0.177175
941.043	1.37630099
942.049	0.7170559006
943.058	0.4422779865
944.059	0.6144369586
945.078	0.7360631787
946.088	1.037512871
947.214	0.1824
948.218	0.7618315164
949.429	1.102153846
950.629	0.1193102081
951.63	0.4009188119
952.631	0.4460579421
953.649	0.4403375859
954.659	0.2581132075
955.801	0.9912961672
956.809	0.5305286104
957.989	0.8016491576
958.99	0.8356610169
959.991	0.9984015984
961.008	0.3684942792
962.434	0.8921946375
963.438	0.9939485149
964.448	0.8698
965.529	0.5713185185
966.559	0.8423333333
967.649	0.8947552032
968.698	0.7302993062
969.728	1.289062937
970.763	0.1636485981
971.789	1.007511811
972.829	0.9082138614
973.948	0.9455684988
975.078	1.067628372
976.129	0.6001152542
977.218	0.7159405352
978.219	0.4005222552
979.228	0.7401037924
980.651	0.9342776801
981.658	0.3718834951
983.288	0.9557745455
984.318	1.038407407
985.359	0.9296344828
986.478	1.429012844
987.508	0.8508067393
988.538	0.9572039604
989.608	0.8930901883
990.758	0.4710178218
991.759	0.3900831683
992.768	0.446723174
993.918	1.267865347
994.948	1.100731269
995.958	1.242831461
996.959	0.2733071429
997.968	0.4154565435
998.978	0.6906330097
1000.037	1.187846154
1001.039	0.2798351325
1002.246	0.660580531
1003.248	0.484380198
1004.256	1.079072927
1005.257	0.6588087167
1006.258	0.3635044599
1007.268	0.9116893874
1008.458	0.514970297
1009.468	0.5344633663
1010.478	0.6777670837
1011.488	0.9493227723
1012.499	0.6055137255
1013.5	0.8023594836
1014.568	0.3684118812
1015.658	0.3474285714
1016.768	1.041680872
1017.858	0.1641809432
1018.968	0.4781359223
1019.969	0.6271984436
1021.017	0.589528757
1022.019	1.075908092
1023.028	0.8934825175
1024.047	1.357764286
1025.048	0.5723773585
1026.058	0.7834980392
1027.077	0.9325634366
1028.137	0.3244747967
1029.147	0.774249505
1030.238	0.898019802
1031.247	0.4767683168
1032.248	1.082130693
1033.258	0.4503016983
1034.368	0.8026693069
1035.387	0.5207626459
1036.417	0.9534885246
1037.577	0.9189211196
1038.687	0.9357125749
1040.058	1.321706349
1041.067	1.069551346
1042.077	0.8470117647
1043.087	0.4502257426
1044.207	1.137528358
1045.217	0.4426017391
1046.227	1.020815385
1047.257	0.3030962963
1048.267	0.8424023552
1049.278	0.2271396226
1050.279	1.25497006
1051.417	0.6828780971
1052.527	1.477322677
1053.717	0.4991230769
1054.718	0.7696571952
1055.727	0.9482944
1056.937	0.4667706946
1057.938	0.6238171429
1058.947	0.7611151985
1059.948	1.00788107
1060.958	0.8786831589
1061.967	1.06592666
1062.968	1.258397602
1064.157	1.20803992
1065.307	0.2572536729
1066.347	0.9027697715
1067.597	0.5453465347
1068.607	1.149053465
1069.717	0.14592
1070.867	0.7291214286
1071.887	0.4009188119
1072.907	0.7087445545
1074.027	0.834381323
1075.041	0.9246041461
1076.057	0.6445554446
1077.067	0.5417821782
1078.086	0.1152318408
1079.087	0.1488979592
1080.097	0.9422133995
1081.106	0.7875244755
1082.118	0.4890873786
1083.119	0.2613307164
1084.127	0.1208539877
1085.361	0.4552910513
1086.378	0.3007183513
1087.386	0.6621922696
1088.387	0.3954534653
1089.407	0.7712151714
1090.417	1.048815185
1091.426	0.8503606557
1092.558	0.8376340257
1093.566	0.2843965351
1094.567	0.5864578791
1095.617	0.7255784216
1096.626	0.5759841584
1097.707	0.4061209118
1098.717	0.2915623216
1099.718	0.5045940594
1100.737	0.38
1101.747	0.2552238806
1102.757	0.5115929942
1103.936	1.167496504
1105.127	0.8419714286
1106.137	0.2474295652
1107.156	1.323804196
1108.226	0.4714902655
1109.307	0.5102497502
1110.596	0.884890566
1111.597	0.8374336634
1112.606	1.198969277
1113.626	0.1770307692
1114.756	0.1208838527
1115.937	0.3796233895
1116.946	0.4944495504
1117.947	0.7552502453
1118.956	0.8012673267
1119.958	1.025554014
1120.967	0.5854352941
1121.976	1.315418398
1122.977	0.7118552381
1124.138	0.8322506351
1125.147	1.371746556
1126.256	0.8363963303
1127.266	0.2868815534
1128.287	0.9309405773
1129.516	1.281741047
1130.519	0.9676118812
1131.526	0.7337942058
1132.536	0.4406653465
1133.726	0.3426477809
1134.727	1.604267732
1135.756	0.21888
1136.987	0.7706693069
1138.197	0.1891643036
1139.198	0.3747961165
1140.206	1.368047525
1141.207	1.100293069
1142.376	0.2760892995
1143.386	0.6176650149
1144.437	0.2058772277
1145.546	0.1090930693
1146.566	1.374926543
1147.585	1.214121878
1149.396	1.467642218
1150.426	0.4781359223
1151.427	0.9108472622
1152.436	0.6605874126
1153.516	0.4447016848
1154.606	0.3490451727
1155.706	1.047025743
1156.725	0.2211973051
1157.836	0.3031570732
1159.041	1.267065868
1160.043	0.6434376238
1161.206	0.7844594059
1162.207	0.3527850467
1163.216	0.4381593496
1164.226	0.1004036697
1165.227	1.13009901
1166.236	1.199324828
1167.416	0.4938082192
1168.418	1.28975025
1169.426	0.4876970874
1170.496	0.3503939394
1171.507	0.9872654545
1173.065	0.1633176471
1174.066	0.9252660054
1175.075	1.341015582
1176.106	0.8114378378
1177.116	0.7251984127
1178.126	0.5771462218
1179.204	0.5339405941
1180.306	1.136174257
1181.316	1.18405
1182.326	0.9557890974
1183.336	0.5653960784
1184.345	0.5607128713
1185.347	0.5596831683
1186.375	0.9552108844
1187.376	0.8335344655
1188.416	0.6993333333
1189.446	1.26979802
1190.505	0.1735421209
1191.515	0.2572536729
1192.666	0.8542357143
1193.675	0.6728483647
1194.685	0.4227439252
1195.735	0.5063145631
1196.855	0.6035522936
1197.885	0.8874666667
1198.895	1.0245
1200.085	0.3807018868
1201.105	0.7156033364
1202.115	1.066879731
1203.125	1.016887113
1204.145	0.3323402147
1205.365	1.156911436
1206.366	1.0536
1207.375	0.3676392157
1208.585	1.151214953
1209.605	0.3047168732
1210.615	1.344166337
1211.625	1.001734266
1212.635	0.3487213115
1213.645	0.6885449161
1214.655	0.2268625954
1215.676	1.253988119
1216.775	0.4482557443
1217.785	0.7318281718
1218.845	1.047803922
1219.855	1.156595405
1221.043	0.7643415113
1222.045	0.9474772277
1223.085	0.3891456888
1224.097	1.008839161
1225.105	1.578142373
1226.185	1.440356436
1227.195	0.2101382488
1228.414	0.9252347652
1229.635	0.3562509804
1230.651	1.432213861
1231.654	0.8311448551
1232.655	0.3322907662
1233.745	0.8989138638
1234.755	0.6118589981
1235.774	1.052042857
1236.785	0.3922352941
1237.794	0.2557846154
1238.805	0.9005227723
1239.995	1.183030769
1241.003	0.9722289803
1242.065	0.3375210526
1243.175	1.145665015
1244.184	0.5809108911
1245.185	0.5138541459
1246.195	0.6861027668
1247.204	1.141439049
1248.217	0.1521408712
1249.254	1.558225774
1250.265	0.8887287129
1251.485	0.2911137255
1252.495	0.3900831683
1253.514	1.007791597
1254.516	0.1192554455
1255.524	0.7983287129
1256.534	0.2186717412
1257.535	0.4897760159
1258.634	1.047952895
1259.635	0.9150529471
1260.824	0.2916235294
1261.834	1.161235644
1262.884	0.7049285714
1263.894	1.12128122
1264.904	0.1792551724
1265.934	0.8989349112
1266.984	1.011250642
1268.074	0.6899089109
1269.075	0.6267047619
1270.094	0.633867458
1271.175	0.9355764706
1272.374	1.16219661
1273.555	0.5888158416
1274.695	1.299444555
1275.705	0.8275407262
1276.814	0.4230089197
1278.034	1.876722222
1279.044	0.6709861386
1280.054	0.9663638077
1281.064	0.9233363554
1282.154	0.6769425743
1283.164	0.4250657558
1284.171	0.4475372549
1285.194	1.007368631
1286.204	1.490677323
1287.214	1.204407517
1288.224	1.19322963
1289.254	0.845922807
1290.264	0.6612194175
1291.274	0.8722285714
1292.284	0.63164375
1293.294	0.9785204387
1294.304	1.303555556
1295.305	0.1684142857
1296.314	1.011243243
1297.324	1.06659545
1298.334	0.6992475248
1299.335	0.1738766355
1300.494	0.6829381238
1301.504	0.4247304653
1302.514	0.5678568738
1303.524	0.6640238095
1304.584	0.7723236763
1305.674	0.1771885714
1306.834	1.232625743
1307.835	0.8847041742
1308.934	1.239342574
1309.944	0.8355282458
1310.953	0.2763101079
1312.073	0.235480916
1313.083	0.9864262848
1314.123	0.2839760479
1315.124	1.404031746
1316.133	0.6566846154
1317.174	1.3918002
1318.176	0.3367384615
1319.294	0.3144280702
1320.304	0.6736938588
1321.383	0.4504756852
1322.384	0.9333888889
1323.404	0.1004036697
1324.414	0.2152212389
1325.423	0.731661104
1326.435	0.5176239151
1327.454	1.346375372
1328.463	0.8492705882
1329.474	0.9264175824
1330.483	0.5768554455
1331.574	0.7270723489
1332.575	1.387092907
1333.664	0.7176079208
1334.704	0.4876313725
1335.714	0.1980342857
1336.734	0.2525914397
1337.764	0.6816570862
1338.944	0.9610666667
1339.953	0.7762477522
1340.954	0.6404566929
1341.964	0.7439868745
1342.965	0.2971294118
1343.993	0.5910793651
1345.003	0.2999445545
1346.004	1.00536699
1347.073	0.5024415584
1348.074	0.6638988327
1349.075	1.067536174
1350.093	0.7924504854
1351.184	0.4967076923
1352.185	1.083772228
1353.303	0.4009188119
1354.493	0.9527698413
1355.504	0.5732648361
1355.6	0.398392233
