0.0	0.5508034783
1.001	0.6776823177
2.002	1.117620758
3.02	0.8133333333
4.05	0.1588645161
5.15	1.21732549
6.19	0.2757019608
7.23	0.9347485149
8.231	0.9750904393
9.232	0.9170245614
10.41	1.266294758
11.411	1.451428571
12.421	1.130659649
13.43	0.8104871287
14.432	0.7242985075
15.441	1.286929071
16.45	0.8659280855
17.65	1.196915085
18.66	1.435196955
19.661	0.1525913043
20.74	0.173370297
21.741	0.7374798928
22.969	1.239389495
23.97	2.126295652
24.98	0.8532135593
26.049	0.8216
27.201	0.7322455446
28.419	1.079546099
29.461	1.20220198
30.54	1.011046183
31.541	1.105255676
32.61	0.9838881119
33.811	1.214349676
34.82	0.5167095517
35.83	0.2730607407
37.07	1.219215842
38.071	0.965112426
39.072	0.9395737705
40.077	0.5360923077
41.08	1.010062745
42.082	0.5281438561
43.09	0.8727744511
44.299	1.668371628
45.39	1.053604607
46.391	1.251366337
47.4	0.5991437066
48.49	0.6683607532
49.67	1.48730297
50.68	1.078593407
51.689	0.8816769231
52.91	1.471744256
53.919	0.446627451
54.921	1.0208
55.929	1.066273267
56.949	0.6857131858
57.969	1.343904273
58.989	0.9481333333
59.99	1.584277228
61.029	0.2982113208
62.039	0.8907843137
63.04	0.6758676845
64.079	0.6535357143
65.081	0.3237251908
66.089	0.9782495727
67.339	0.4686019802
68.349	0.8066653582
69.499	1.046281188
70.5	1.010332681
71.539	1.1314
72.759	1.143526545
73.801	1.153518482
74.869	1.067543198
75.87	0.7973986805
76.919	1.260614815
78.139	0.8004168067
79.159	0.3814040672
80.169	1.114226415
81.171	0.6598827586
82.399	0.5633425743
83.409	0.2633301251
84.41	1.318225774
85.469	0.9332725471
86.689	1.105882353
87.698	0.4151207066
88.739	1.245998006
89.749	1.01369031
90.75	1.27012987
92.009	0.7192229931
93.01	1.944628067
94.029	0.1259384615
95.039	0.6601346535
96.049	0.8255362083
97.05	0.8534484789
98.059	1.002558416
99.069	0.9319465649
100.249	1.049123077
101.419	0.5073367521
102.559	0.7211150097
103.758	0.2564470588
104.819	1.094530288
105.829	0.1083564356
106.839	0.3973778214
107.859	0.607583815
108.868	0.7890109019
109.969	0.7305557522
110.978	0.1368
112.039	1.515110676
113.059	1.023502521
114.169	0.9994767096
115.318	0.546300885
116.508	1.011647175
117.708	0.9886891089
118.838	0.1193102081
119.849	0.8307452547
120.949	0.5692594059
122.148	0.9045782178
123.319	0.7178581419
124.418	0.9669861386
125.419	0.2789647059
126.428	1.239238095
127.639	0.6443003953
128.648	0.8963864407
129.688	0.8994039216
130.708	0.7808864178
131.718	0.9784295704
132.723	1.175279208
133.728	0.4459762846
134.738	0.1276268222
135.739	0.7957465347
136.748	1.452174603
137.768	0.3953143976
138.808	1.377462537
139.818	0.9297159647
140.838	1.981277445
141.849	1.00513776
142.858	0.395239604
143.868	0.9709741935
144.888	0.6942956841
145.908	1.2599001
146.948	0.8263762376
147.949	0.8329374379
148.973	1.094905983
149.978	1.363881423
150.988	0.9983696304
151.998	0.9787611262
153.238	0.2762563107
154.248	1.094150576
155.258	0.7348820614
156.268	0.7989377049
157.278	1.196998004
158.288	0.6835766568
159.298	0.3293825243
160.308	1.246517344
161.328	0.608933729
162.343	0.5506679726
163.558	1.254497503
164.607	0.157646702
165.609	1.135056943
166.618	1.136031715
167.637	0.7786373626
168.649	0.1332316279
169.667	1.340179104
170.698	0.6570220941
171.708	1.28589891
172.722	0.1273429158
173.898	1.264538318
174.918	0.41921875
176.368	1.768463536
177.388	0.7606178218
178.397	0.6993067729
179.768	1.443849206
180.808	0.2094615385
181.817	1.122785534
182.987	0.5722980392
183.988	0.5774823529
184.998	1.100747253
186.227	0.9512633663
187.348	0.506361165
188.358	0.8375144855
189.568	0.6596039604
190.578	1.067444555
191.588	1.039438356
192.598	0.8416
193.737	0.1771885714
194.739	0.7912597015
195.747	0.249219802
196.748	0.937180198
197.868	0.9933246024
198.878	1.58411893
200.008	1.692087129
201.01	1.194881416
202.147	0.3145450942
203.157	0.889829703
204.167	1.355683168
205.197	1.193893069
206.247	1.294865135
207.277	1.157293651
208.297	0.3078331717
209.507	0.3766371681
210.557	0.1457811608
211.697	1.022154455
212.72	0.2896941176
213.737	1.078365422
214.777	0.3396779825
215.947	0.7402823529
216.957	0.3618431373
218.567	0.874452381
219.577	0.3670653465
220.587	1.106307385
221.627	1.200543457
222.637	1.064482343
223.647	1.388392157
224.678	1.016694789
225.82	0.1527069767
226.866	1.006278571
227.867	0.8922902655
229.047	0.1287529412
230.587	1.111960396
231.647	0.5994157303
232.697	1.014057483
233.707	0.8678850347
234.718	1.144514233
235.727	1.079532673
236.827	0.4676523477
237.838	0.939547619
238.857	0.2789647059
239.866	0.2817267327
240.892	0.1022803738
241.897	0.662272
242.927	0.6979508772
244.146	0.5265004907
245.217	0.1273792435
246.306	1.068755556
247.697	0.9713379584
254.777	1.281988024
255.798	0.9664965381
256.807	1.068490677
257.877	0.1526013848
258.888	0.2479169811
259.947	0.9613986014
261.017	0.2167128713
262.117	0.1553327322
263.187	0.4880336134
264.216	0.7652118812
265.217	1.053290709
266.407	1.584389381
268.267	0.9940307692
269.296	0.3026352941
270.306	0.7994767096
271.317	0.8461958457
272.318	0.9802679901
273.327	1.251152475
274.436	1.433000881
275.596	1.768261386
276.601	0.7885623762
277.607	1.32380198
278.617	0.9870257426
279.637	0.8879208704
280.647	0.3460673267
281.656	0.2463485618
282.666	0.9544651619
283.676	0.5940752475
284.687	0.7656503497
285.706	0.6323405941
286.707	0.9856333333
287.716	1.283674074
288.726	1.522453546
289.756	0.242209901
290.836	0.8429960784
291.996	1.00566725
293.036	1.114487129
294.056	1.070697303
295.086	1.21497619
296.326	0.2744950495
297.787	1.137055172
298.807	0.33918
299.816	0.8992196041
300.916	1.382747275
301.936	1.229798165
302.956	0.6152133333
303.976	0.7366704762
304.996	1.379876124
306.016	1.048151848
307.026	1.452190099
308.056	1.171576657
309.076	0.7836465284
310.086	1.003772228
311.106	0.8462632479
312.136	0.2812342857
313.146	0.1275029126
317.236	0.2060812686
318.266	1.835736793
319.276	1.514265347
320.286	1.051968317
321.336	0.228091659
322.386	1.448485572
323.416	0.1251935176
324.424	1.197709742
325.445	0.7360872727
326.466	0.5096543689
327.489	1.076305253
328.506	0.7833301251
329.536	0.8967308066
330.546	0.9872316832
331.706	0.3364149856
332.716	0.1003614089
333.845	0.1351111111
334.876	0.1055803982
336.066	1.132233432
337.106	0.8972949153
338.246	0.4462601942
339.256	0.1179079334
340.387	0.6034296296
341.396	1.1064
342.426	0.5240373832
343.457	0.2956392157
344.507	1.18435468
345.607	1.141845545
346.726	1.036369352
347.737	0.3826573427
348.757	0.9310560147
350.076	1.813706294
351.096	0.7305724138
352.146	0.9279364449
353.156	0.9494818744
354.207	1.143165644
355.216	0.3072522255
356.246	0.3953320388
357.256	1.019280522
358.296	0.6023524752
359.307	0.7411130777
360.336	1.375318812
361.356	1.144926148
362.376	0.5093838863
363.416	0.7809395441
364.476	0.5888316832
365.536	1.012673339
366.576	1.13160396
367.606	0.7851417245
368.616	0.353432381
369.669	1.219030769
370.686	1.115247525
371.696	0.828237691
372.726	1.402679881
373.736	0.1473230769
375.086	1.255650794
376.106	0.9081742354
377.136	0.7076003735
378.211	0.5552701754
379.306	0.6960428954
380.326	0.3942352941
381.416	0.8917322677
382.436	0.742360396
383.446	0.9294835494
384.466	0.3007183513
385.486	0.3298684985
386.526	0.6922772277
387.616	0.8082930693
388.646	1.345365079
389.715	0.2383841584
390.775	0.8898763636
391.815	1.4822
392.845	0.1716705882
393.854	0.8334336634
395.159	0.5089470529
396.165	0.1004383142
397.225	0.9884370309
398.245	0.1516990099
399.285	1.076043521
400.295	0.2969270729
401.355	0.9870604559
402.375	0.1609411765
403.415	0.1653138211
404.435	0.2428731183
405.485	0.2972182347
406.505	1.719928072
407.515	0.304632381
409.204	0.5024609524
410.205	0.9344648863
411.225	0.7736475248
412.235	1.226533467
413.236	1.39106442
414.445	0.4014353742
415.464	0.8376158416
416.475	1.13596004
417.484	0.2514605395
418.485	0.8753061947
419.664	1.343444995
420.674	0.3081320388
421.764	0.2752
422.774	1.166980392
423.815	0.5838961039
424.824	1.094051485
425.854	0.5982690058
426.855	0.9674
427.875	0.4569565217
428.884	1.680424842
429.885	0.5683215686
430.886	1.141741876
431.894	1.032964706
432.895	1.035132483
433.904	1.389394605
434.945	0.9549931034
435.984	0.2056386969
436.994	1.233860301
438.024	0.8806060606
439.052	0.3893538462
440.104	1.460911111
441.134	1.062518812
442.164	0.9361740851
443.174	1.242640238
444.204	0.3218823529
445.224	0.7554217822
446.294	0.8335219124
447.324	1.461674603
448.344	0.6680333333
449.364	0.2552470588
450.414	1.107584314
451.424	0.4292313725
452.444	0.921980198
453.484	1.024631369
454.534	0.292852329
455.564	0.5600260799
456.574	1.168844812
457.584	0.1548679245
458.605	1.585626984
459.614	1.158969277
460.814	0.716987512
461.834	0.3724078431
462.844	0.3633915604
463.904	0.6415293057
465.124	1.517504951
466.165	0.7277148515
467.174	0.3359049505
468.294	0.2808
469.323	1.126721279
470.324	0.3461153846
471.344	0.886852459
472.354	0.9326823529
473.365	0.6166257426
474.383	1.067073267
475.394	1.326993007
476.424	1.063631373
477.434	0.6266930693
478.444	0.3081308226
479.453	1.08177693
480.474	0.8702252329
481.483	0.8850772277
482.624	0.4786005831
483.643	0.4297504951
484.664	0.8612846154
485.684	0.726776204
486.703	1.286985015
487.744	0.2205604607
488.954	1.109370297
489.964	1.009354462
490.983	1.310841121
491.993	1.174590099
492.994	1.362604303
494.014	0.4933733333
495.034	1.463376623
496.064	1.154566337
497.073	1.389964072
498.094	0.9273133733
499.233	1.237013793
500.344	1.550142857
501.363	0.9198846154
502.483	0.4609542744
503.524	1.080364718
504.533	0.6273566434
505.543	0.1578461538
506.553	0.8450229148
507.564	0.3653042616
508.573	1.297310895
509.593	0.3439542857
510.613	1.66041958
511.643	0.9671614731
512.793	0.2477886792
513.823	1.136942574
514.843	1.163748527
515.863	0.5744214286
517.063	0.2617647059
518.064	0.3275029126
519.084	0.8914365634
520.133	1.083116883
521.134	0.2680206897
522.183	1.099274074
523.189	1.027784102
524.193	0.1311097923
525.233	1.039786139
526.403	0.2410009775
527.523	0.8293306693
528.533	1.314397602
529.633	1.205084615
530.793	0.1716705882
531.803	0.3707305785
532.843	0.4956828543
533.844	1.112487512
534.863	1.222897103
535.873	1.03789011
536.893	0.6806446602
537.903	0.8892514851
538.993	0.4855976214
540.003	0.6249655172
541.013	0.4886908734
542.093	1.1179002
543.103	0.9493940594
544.133	1.145246753
545.143	0.5527058824
546.203	1.165912698
547.215	0.7087717996
548.293	0.7877465347
549.313	0.6840666014
550.433	0.5400627451
551.453	0.7186148148
552.722	0.3477882353
553.743	0.2269063098
554.752	1.025330769
555.762	0.5450791993
556.973	1.269415263
558.033	1.406810704
559.053	1.449934589
560.063	0.8624015826
561.072	0.841449505
562.153	0.340007767
563.163	0.8024841745
564.182	0.990209901
565.192	0.8980571429
566.283	0.8467897977
567.293	1.110075505
568.403	1.023833663
569.413	1.130013986
570.423	0.2991543756
571.432	0.8080463193
572.433	0.5974745098
573.443	0.2925623762
574.463	0.5032509091
575.523	1.045922696
576.572	1.121837624
577.573	1.024634672
578.622	0.195234886
579.623	0.4377708738
580.633	0.6242928571
581.642	1.323382178
582.772	1.462068966
583.782	0.379390099
584.842	0.1677076923
585.852	0.5094604385
586.862	1.620602344
587.872	0.5213623762
589.002	1.139932607
590.003	0.9524673267
591.022	0.3230891089
592.032	1.011761983
593.053	0.2841230769
594.162	0.9104575425
595.188	0.6140122915
596.382	0.2547584869
597.522	1.277774257
598.532	0.9133782178
599.542	1.450613861
600.552	0.1842059406
601.562	0.4081177625
602.563	1.095485182
603.652	0.6748341511
604.662	0.6497188119
605.672	1.244579421
606.682	0.8324222649
607.692	0.6118596491
608.702	0.9631256182
609.712	0.9714036364
610.713	0.5363824701
611.812	0.841440796
612.822	0.175231068
613.982	0.9348965517
615.162	1.004017467
616.343	1.188251748
617.364	0.1203728155
618.372	1.05070099
619.392	0.5023137255
620.402	0.9936621359
621.412	0.5825756677
622.422	0.5195964392
623.432	0.5926640316
624.462	1.237484127
625.632	0.6897742574
626.633	0.6041821782
627.642	0.2552536443
628.643	0.9351377246
629.663	0.3398811881
630.711	0.462629703
631.712	1.271648352
632.722	0.8885783972
633.732	0.2058385965
634.742	0.4803279249
635.751	0.5202431373
636.752	0.5618509804
637.762	0.9123996004
638.882	0.642550495
640.032	0.7082534653
641.043	0.3708752475
642.121	0.6530267592
643.282	1.123610256
644.392	1.105304413
645.522	0.7725873016
646.523	0.2467764706
647.562	1.172635365
648.564	0.8118279192
649.571	0.5369923077
650.582	0.5665854146
651.601	0.3634711068
652.732	0.8611628372
653.742	0.5628961424
654.743	0.6619326733
655.752	1.476587056
656.861	1.18134375
657.972	0.9938772277
659.032	1.162616452
660.061	1.288367514
661.081	0.9956610169
662.091	0.3684118812
663.111	0.2362787046
664.282	1.101821782
665.292	0.7636154609
666.302	0.7709853085
667.331	0.3684118812
668.342	1.037555556
669.351	1.313592079
670.361	1.014724752
671.541	0.6088463074
672.542	0.4443184466
673.621	1.015728272
674.651	0.3664950495
675.701	1.359320679
676.702	1.14732389
677.721	1.179873267
678.731	1.099408696
679.741	1.059394354
680.751	1.053699746
681.881	0.5770252427
682.961	1.154713624
683.963	1.184919723
684.971	0.4233785644
686.171	1.155204795
687.172	1.385214785
688.181	0.7871808192
689.301	0.1325577982
690.311	0.6771523064
691.341	1.248481764
692.351	0.3502929195
693.481	0.7048928255
694.491	1.234793651
695.492	1.040428147
696.511	0.5922509804
697.551	0.7926873127
698.581	0.8855733855
699.611	1.182737263
700.621	0.7607690783
701.671	0.1716705882
702.691	0.6521530913
703.711	1.334861261
704.721	0.1083564356
705.791	1.364127103
706.811	1.13419227
707.831	1.486561439
708.87	0.3509613479
709.882	1.208433645
710.921	1.048639361
711.931	0.9595555556
712.951	0.8389544554
713.981	0.4803020193
714.991	1.063543925
716.181	0.9825173439
717.19	0.7261544554
718.201	0.6894584071
719.242	1.241687129
720.251	1.315180819
721.481	0.6909454545
722.511	0.2467764706
723.551	1.239277778
724.56	0.3668769231
725.591	0.1531169811
726.601	1.163964321
727.61	0.8176486957
728.621	0.4040593472
729.72	1.019500477
730.721	1.130788119
731.723	1.009988119
732.73	1.06367704
733.861	0.1921939864
734.89	0.8014344335
736.09	0.2711595639
737.11	0.1842117647
738.271	0.471184573
739.281	1.220186323
740.29	0.945920311
741.291	1.027712621
742.3	0.2058772277
743.471	0.8188701685
744.521	0.3572225519
745.531	1.546582178
746.611	0.8234645355
747.761	1.833310689
748.8	0.486590099
749.81	0.9647825223
750.961	0.6102307692
752.011	0.4682613861
753.142	0.7753126873
754.143	0.4515282458
755.15	1.186360396
756.223	1.357211881
757.402	0.4594745098
758.57	1.255960357
759.621	1.331631318
760.731	1.072389381
761.741	1.045544554
762.76	0.9465140781
763.78	0.1299287671
764.851	0.7832699029
765.861	1.027768421
766.87	0.9015366337
767.871	0.2934905983
768.88	0.3597487733
769.881	1.111616384
770.89	1.025760286
771.92	0.9954230769
772.941	0.6304792079
774.07	1.005131532
775.071	1.192506931
776.08	1.249433663
777.12	0.1052307692
778.2	1.28805283
779.201	0.771427451
780.21	0.8049822596
781.291	0.8510891089
782.361	0.6329870968
783.37	0.6478323353
784.38	1.357183779
785.55	0.4081177625
786.66	1.022152626
787.661	1.191
788.81	0.712229703
789.82	0.9935841584
790.821	0.4280208696
791.96	1.341277445
793.12	0.2491628722
794.122	1.238217822
795.14	1.060846307
796.15	0.7112938894
797.16	1.199576424
798.161	0.3398349705
799.163	1.179057426
800.26	0.2103771429
801.261	0.7442237762
802.331	0.7827722772
803.332	1.229627737
804.34	1.203065487
805.342	0.2275485149
806.35	0.5294970297
807.351	0.3362378593
808.5	0.9680639361
809.501	1.274701299
810.51	0.1999384615
811.52	0.3369960784
812.68	1.510185814
813.69	0.5866138614
814.701	0.1127448276
815.781	0.9670729271
816.91	1.370011976
817.919	1.079579782
818.92	1.284395604
819.93	1.642857704
820.939	0.2099230769
821.94	0.3102404692
822.941	0.1720078585
823.949	1.041362376
824.979	0.10944
825.99	1.246730159
827.0	0.3264633205
828.01	1.455193634
829.079	0.4930267592
830.149	0.4613647059
831.199	1.112295704
832.249	1.060165226
833.289	1.120444004
834.319	0.3022628571
835.35	0.1838779661
836.459	1.03302381
837.469	1.127504912
838.48	1.681357285
839.5	0.2295428571
840.519	1.062637151
841.639	0.8553568627
842.649	0.2474573304
843.65	1.115843494
844.669	0.5568158416
845.699	1.877248761
846.729	0.9435405941
847.749	1.302501487
848.769	0.2550058252
849.779	0.768854902
850.789	0.6752654615
851.799	1.106656095
852.819	0.1022803738
853.879	0.6852990826
854.889	0.4989817483
856.195	0.4037592233
857.219	0.9581227723
858.269	1.02200396
859.309	0.202013712
860.539	0.9487563636
861.569	0.4945846154
862.579	1.064817289
863.649	0.4258252427
864.679	0.8413571429
865.689	1.355376849
866.725	1.810051485
867.739	0.2253176471
868.769	0.8582336634
869.788	1.009386139
870.789	0.9975607044
871.799	0.71264
872.989	0.9349714286
874.001	0.5498613861
875.01	0.177728444
876.019	1.204467327
877.029	0.490033366
878.049	0.5003809524
879.149	0.2684866469
880.168	0.8525623762
881.189	0.5477369971
882.22	1.241918082
883.269	1.158954455
884.28	0.1625346535
885.289	1.080706796
886.309	0.1342188679
887.349	0.3300836892
888.399	0.4464862745
889.439	0.2858352941
890.589	0.8037882579
891.631	0.6643265306
892.649	0.6217254902
893.66	0.4446415842
894.679	0.5503060635
895.861	0.2679725759
896.89	1.165552475
897.905	0.8626901961
898.96	0.92608
899.969	0.7058796117
900.979	0.2092239316
901.999	1.412274286
903.0	1.432229476
904.026	1.348259332
905.089	0.6255366337
906.1	0.3126857143
907.109	0.3303192948
908.11	1.022984245
909.27	0.3974358974
910.279	1.001882353
911.29	0.661994006
912.3	0.7133574833
913.39	1.286529471
914.391	0.586376699
915.41	0.7686342914
916.412	0.2841230769
917.749	1.330938614
918.789	0.4548277228
919.79	1.310542574
920.791	0.5317784257
921.95	1.406558416
922.96	0.8841803005
924.009	1.243940535
925.02	0.1506055046
926.199	0.2397257143
927.21	1.112092575
928.211	0.5652470588
929.235	0.4631302644
930.37	0.4447016848
931.379	0.826061447
932.381	0.3841631068
933.409	0.3985054945
934.429	0.1618330097
935.433	0.608999001
936.534	1.07670265
937.673	1.059277778
938.674	0.7156706753
939.713	1.03797003
940.723	1.164263473
941.873	0.7661189189
942.894	0.816380198
943.903	0.3998769231
944.913	0.8032063492
946.015	1.343437624
947.026	0.1973942857
948.173	0.7846178218
949.183	1.134162376
950.184	0.3768384615
951.193	0.5805250236
952.333	0.2565227723
953.343	0.7529346535
954.353	1.253962339
955.363	1.047238095
956.382	1.699304673
957.393	0.3046653465
958.414	1.047235447
959.422	0.7367128713
960.473	1.249667627
961.483	0.1716705882
962.493	0.8563015873
963.494	1.129526474
964.495	1.2064222
965.503	1.049861386
966.513	0.7058135427
967.514	0.9798201798
968.554	0.8501444115
969.683	0.1298315164
970.813	1.074952727
971.823	0.4583372549
972.845	0.1473230769
973.853	0.7848677966
974.862	0.8373623762
976.033	1.251308691
977.203	0.4580746133
978.204	0.2830666667
979.213	1.078817183
980.222	1.678353646
981.332	1.089264267
982.346	1.130069376
983.363	1.123136634
984.372	1.160047619
985.443	0.9610949051
986.543	1.498331429
987.553	1.136963685
988.633	0.2150098232
989.683	1.191288711
990.794	0.2682352941
991.963	1.619745455
993.063	0.8047879359
994.064	0.2866032978
995.065	0.4883633061
996.073	1.066196234
997.094	0.7067332667
998.173	1.109906667
999.183	0.9018434093
1000.292	1.458228024
1001.442	0.286439604
1002.512	0.5572910891
1003.622	0.9348831683
1004.752	0.5004118812
1005.753	0.1433264733
1006.823	0.2164985163
1008.042	0.7740625559
1009.043	0.8684350877
1010.172	0.2167128713
1011.173	0.1868487805
1012.182	0.6175049505
1013.243	0.8533465347
1014.252	0.6729167483
1015.372	0.8090196078
1016.374	0.5257411765
1017.403	1.436410768
1018.414	1.177717112
1019.423	0.2422178218
1020.443	1.242071795
1021.453	1.089951557
1022.454	0.3056236453
1023.472	0.1409043478
1024.482	1.39076036
1025.522	1.112503497
1026.562	0.7847208619
1027.573	1.03797003
1028.574	1.120888008
1029.582	0.3864887144
1030.742	1.150463366
1031.762	1.411563636
1032.772	1.476443564
1033.785	1.693629907
1034.802	0.9189283019
1035.814	1.017617443
1036.822	0.4336301887
1037.828	0.9050386521
1038.832	0.3775193277
1039.842	0.4001744301
1040.892	1.192258824
1041.893	1.072648863
1042.992	0.8263096903
1044.002	1.061441584
1045.042	0.4871833499
1046.062	0.2894135922
1047.232	1.050301698
1048.242	0.3330714286
1049.243	1.279960396
1050.342	0.7197861386
1051.372	0.5254339623
1052.522	0.6194925075
1053.702	1.138994059
1054.711	1.047292857
1055.732	1.312698413
1056.736	0.3050412466
1057.762	0.1931834774
1058.782	1.417752727
1059.873	0.9679118457
1060.882	0.8252067797
1061.895	1.101778222
1062.962	1.159528942
1064.012	1.596891109
1065.053	0.3648
1066.079	0.14592
1067.093	1.368411881
1068.212	1.129265226
1069.343	0.6249267327
1070.383	0.8229623762
1071.443	0.6492356436
1072.464	0.2789647059
1073.473	1.221924528
1074.553	0.7635004995
1075.573	0.8604630113
1076.593	0.6899488026
1077.723	0.9393450882
1078.733	0.4992392157
1079.742	0.8570689655
1080.762	1.018479368
1081.772	1.05867451
1082.783	0.6135864136
1083.793	1.27375223
1084.803	1.009726274
1085.823	0.9472440367
1086.824	1.016686792
1087.883	0.2708910891
1089.063	0.2250168224
1090.072	0.9553811321
1091.192	1.103286624
1092.203	1.006900099
1093.352	1.746347305
1094.472	0.551253128
1095.513	1.078445283
1096.523	1.231611881
1097.532	0.423254902
1098.563	1.13608365
1099.612	1.104435644
1100.784	1.033253097
1101.803	0.778209901
1102.883	0.6772594059
1103.972	1.164171828
1104.982	0.11008
1106.212	0.3490794897
1107.252	0.1507961165
1108.272	0.1829380531
1109.372	0.4184470588
1110.632	0.7947921569
1111.692	0.1252737864
1112.862	0.8256703297
1113.872	1.118265734
1114.942	0.8822619048
1115.952	1.110590099
1116.972	1.292011988
1118.202	0.3293825243
1119.406	0.9347183463
1120.412	1.009376646
1121.416	1.122976577
1122.643	0.5201108911
1123.652	1.034789916
1124.662	1.2221
1125.672	1.397475767
1126.712	0.66022202
1127.732	0.4116673267
1128.772	1.473150849
1129.792	0.1333383318
1130.812	0.772380198
1131.962	0.4019372549
1132.982	0.3111529412
1134.013	1.011260739
1135.023	1.553724551
1136.033	1.434392079
1137.034	0.334891326
1138.043	0.2244375
1139.053	0.3335314286
1140.063	0.3084314869
1141.073	0.5387988107
1142.243	0.340007767
1143.253	0.7241108911
1144.255	1.075517117
1145.273	1.095584721
1146.293	1.348442087
1147.295	0.7703856859
1148.303	0.5078933333
1149.313	1.744324032
1150.493	0.1311968032
1151.494	0.8330941526
1152.633	1.1077862
1153.713	0.4876078431
1154.855	1.348541176
1155.856	0.8353119534
1157.012	1.413686486
1158.013	0.7565803922
1159.016	0.395654224
1160.163	1.088
1161.333	0.9501227723
1162.335	0.2106930693
1163.343	1.045423191
1164.353	1.072157143
1165.363	1.409918731
1166.364	1.349185056
1167.373	0.2995581172
1168.383	1.115128157
1169.384	1.219316683
1170.503	0.9553719626
1171.523	0.7502811881
1172.543	0.8978412698
1173.583	0.3132363636
1174.593	1.277581764
1175.742	0.1421298701
1176.743	0.7981367691
1177.753	1.363174603
1178.763	0.4636615662
1179.873	0.781675527
1181.043	0.9937928693
1182.203	1.296559441
1183.213	0.9588625954
1184.214	1.381599202
1185.222	0.2051339806
1186.223	0.5581854043
1187.275	0.3204384615
1188.352	1.629873874
1189.522	1.144111888
1190.582	0.8237843478
1191.623	1.300494118
1192.632	0.1088637874
1193.773	0.3130019417
1194.782	0.3641188119
1195.792	0.6330352941
1196.932	1.470761239
1197.935	0.7029890547
1198.943	1.019220779
1199.952	0.5764705882
1200.962	0.2463382997
1201.972	1.076586139
1203.063	1.029459283
1204.072	0.4309217047
1205.073	0.7877571429
1206.193	1.024906997
1207.194	0.5685411765
1208.202	0.617006993
1209.232	1.641174825
1210.272	1.934187625
1211.275	0.3012544379
1212.292	1.656735265
1213.598	1.166257426
1215.053	1.012615385
1216.062	0.2839596639
1217.232	0.2184638783
1218.233	0.7072390244
1219.334	0.7821126214
1220.372	0.4356989247
1221.373	1.239968285
1222.392	1.245764706
1223.393	0.9424466019
1224.413	1.133045545
1225.502	0.735009901
1226.503	0.5634534653
1227.513	0.6869861386
1228.522	0.8925093379
1229.532	0.6180552846
1230.535	1.129911111
1231.542	1.140451485
1232.552	1.104649057
1233.614	0.6057006938
1234.622	0.3218823529
1235.662	1.008007921
1236.732	0.702573913
1237.734	0.1089786408
1238.753	0.5734850299
1239.754	0.7958136769
1240.762	1.074878505
1241.773	1.255046673
1242.792	0.3679538905
1243.802	0.4802980392
1244.852	0.9962757243
1245.912	0.7916819085
1246.913	0.4373333333
1247.962	1.378277722
1248.982	0.3375009524
1250.172	1.153193813
1251.182	0.9810416667
1252.192	0.7655049505
1253.242	1.064538462
1254.243	0.1029938144
1255.272	0.2822857143
1256.291	1.358994012
1257.301	0.7214625375
1258.312	0.8188078176
1260.462	1.642263715
1261.632	0.2577585869
1262.633	1.271698774
1263.782	0.1702846154
1264.8	1.40151049
1265.801	1.086291956
1266.811	0.7451384615
1268.001	0.3332831683
1269.061	0.6965809617
1270.271	1.137481481
1271.361	0.1394823529
1272.362	0.827012987
1273.55	0.8795487179
1274.551	1.182894915
1275.561	0.4534707631
1276.57	0.1083564356
1277.581	0.4701218781
1278.591	1.289015755
1279.601	1.278747275
1280.611	1.097176471
1281.691	0.5437111111
1282.701	0.340007767
1283.71	0.9591169811
1284.711	0.4062732673
1285.721	0.5541940594
1286.822	0.2018796117
1288.011	1.291671028
1289.071	0.6237672727
1290.201	0.3286147935
1291.39	1.204063492
1292.4	1.458477522
1293.411	0.6879085714
1294.461	0.9949445378
1295.471	0.4054980392
1296.481	0.4506352941
1297.482	1.083020979
1298.49	0.8761320388
1299.491	0.7122206897
1300.492	0.9520555005
1301.511	0.7793946588
1302.621	0.3435686275
1303.781	1.101064157
1304.791	0.8081984127
1305.87	0.8507617391
1306.871	1.042108252
1307.872	1.298669331
1308.88	0.2665221675
1310.011	0.8345814186
1311.02	0.9594624506
1312.19	0.9912247752
1313.191	1.412411588
1314.33	1.011944554
1315.331	0.3546428571
1316.54	1.165676908
1317.542	0.8429198813
1318.544	0.8487236971
1319.64	0.9560832507
1320.67	0.8204558969
1321.671	0.1010372881
1322.681	0.9795722772
1323.88	0.4971619235
1324.881	0.259533517
1325.882	0.753839445
1327.03	0.2167128713
1328.031	0.2420307692
1329.041	1.204400396
1330.05	1.045170829
1331.17	0.7051668332
1332.181	1.283627723
1333.182	0.6145382716
1334.38	0.2438418972
1335.381	0.1381281553
1336.383	0.914780198
1337.39	0.2800568384
1338.391	0.1145928571
1339.4	0.6757411765
1340.401	1.320753968
1341.41	0.7292788374
1342.422	0.8344184458
1343.423	0.2714285714
1344.43	0.8524003813
1345.452	0.5890296296
1346.63	1.049866931
1347.73	1.290756436
1348.86	0.7102752294
1350.01	1.103208704
1351.021	1.289430569
1352.022	1.502265734
1353.061	1.273126873
1354.07	0.5989254902
1355.08	0.485772549
1356.11	0.8054311199
1357.112	1.1021076
1358.29	1.129244797
1359.3	0.5165272547
1360.301	1.102752731
1361.4	1.176079286
1362.581	0.7484228251
1363.68	1.390629703
1364.681	0.1716705882
1365.701	1.077697329
1366.79	0.1858415094
1367.791	0.4463137255
1368.8	0.2052784314
1369.81	0.6910616302
1370.82	0.6612445223
1371.96	0.5417821782
1372.97	0.4533714286
1374.04	0.4244349882
1375.07	0.8549755179
1376.08	0.5882180377
1377.09	1.349794206
1378.102	0.9237623762
1379.11	1.123418398
1380.13	1.115334653
1381.17	0.9965582291
1382.33	1.076763731
1383.35	1.0856
1384.351	1.115271287
1385.352	1.604625743
1386.37	1.335627723
1387.38	0.6612762646
1388.541	0.9120230769
1389.68	1.214441739
1390.88	0.5922352941
1391.92	0.8009970559
1392.93	1.316957265
1393.94	1.253180198
1394.98	1.635207477
1395.99	0.8106798811
1397.06	0.3433411765
1398.2	1.224903097
1399.259	1.466545094
1400.27	0.8376237624
1401.29	0.3841108911
1402.45	1.032406328
1403.451	0.4055276382
1404.461	0.8974545455
1405.479	1.144095727
1406.62	0.6571813677
1407.63	0.6268893204
1408.64	1.034251327
1409.71	0.8309747573
1410.719	1.012293578
1411.73	0.6935925234
1412.75	1.133106893
1413.751	0.6356252252
1414.76	1.399603568
1415.77	1.355868132
1416.81	0.3448949153
1417.82	0.5353384615
1418.821	1.959224775
1419.83	0.648222002
1420.84	1.055765517
1421.85	0.4431223301
1422.86	0.8744316832
1423.861	0.9015287129
1424.87	0.3636591577
1425.89	0.9909808917
1426.99	1.677485714
1427.999	0.4836235294
1429.02	0.7996118812
1430.17	0.2292991453
1431.36	0.9166178218
1432.43	0.3329087379
1433.45	0.5199694948
1434.46	0.7963775024
1435.461	0.1408633663
1436.61	0.8931706387
1437.629	0.1526178218
1438.639	0.2117084112
1439.649	1.228983051
1440.669	0.7314129693
1441.819	0.7986074848
1442.82	1.211838462
1443.821	1.386011976
1444.949	0.5092884044
1445.95	1.079788027
1446.959	1.153644711
1447.961	0.2664153846
1448.97	0.7083382738
1450.059	1.044649505
1451.21	0.3334569106
1452.211	0.2859143969
1453.221	0.4269803922
1454.229	1.072125326
1455.23	0.9220743363
1456.231	0.4177012859
1457.249	0.6803346614
1458.25	0.1174787286
1459.269	0.8501978022
1460.28	1.384447552
1461.29	0.5846554788
1462.3	0.8364952381
1463.302	0.3494757666
1464.429	0.5861846154
1465.43	0.8257188119
1466.62	0.1275029126
1467.629	0.8668666667
1468.63	0.9921028684
1469.639	0.7579168317
1470.649	0.198567619
1471.65	0.4217941748
1472.68	0.8341658342
1473.85	0.455992087
1474.86	0.4517495652
1475.939	0.9901446977
1476.94	1.09647952
1477.95	0.556045283
1478.96	0.3653982609
1479.969	0.1338252427
1481.03	0.9632107473
1482.04	0.4247607843
1483.209	0.3711403337
1484.21	0.7156471754
1485.22	0.3187572816
1486.229	0.7026231454
1487.23	1.370509491
1488.32	0.4419692308
1489.409	0.6384
1490.42	0.4555480674
1491.429	0.4195484515
1492.479	0.2736327869
1493.489	0.9331394422
1494.5	0.9348313725
1495.649	0.8267009901
1496.65	1.079662745
1497.659	0.9040864865
1498.85	1.182539388
1499.969	1.526325397
1501.069	0.7852356436
1502.211	1.034565435
1503.219	0.5526409496
1504.399	0.9492623853
1505.412	0.9041821782
1506.419	0.9801425743
1507.589	1.171325518
1508.699	0.9746851485
1509.779	0.9460539461
1510.78	1.133282759
1511.781	1.154822597
1512.789	1.394917083
1513.869	1.17717931
1514.889	0.6398653465
1515.89	1.34655489
1516.969	0.8561638002
1517.979	0.573682032
1518.989	0.9342035928
1519.991	1.249982018
1520.999	0.9620619381
1522.009	0.8111507937
1523.019	1.408910891
1524.059	1.333707143
1525.069	0.9160316832
1526.07	0.1989902913
1527.079	1.663152575
1528.259	0.3143022137
1529.45	0.4840615385
1529.908	1.058181818
