0.0	1.280722222
1.001	1.028115385
2.002	1.015508911
3.069	1.182997062
4.109	0.7365069307
5.119	0.1083564356
6.222	0.7900275862
7.419	0.7879445545
8.67	0.3010330097
9.675	1.011228771
10.68	1.101362637
11.681	0.7777815126
12.809	0.5242735382
13.823	0.1789664694
14.829	0.5042823529
15.999	1.020838196
17.0	0.474911686
18.079	0.9512078431
19.08	0.2458895238
20.249	1.010941059
21.251	0.4791300971
22.253	0.853954046
23.258	0.2280673401
24.289	0.6454823529
25.679	0.9591762376
26.68	1.209052012
27.699	1.157585054
28.779	1.13087463
29.789	1.162713333
30.838	1.02750099
31.839	1.347081188
32.848	0.265631068
34.018	0.9045172414
35.019	1.072175824
36.248	1.047221703
37.258	1.359968285
38.349	0.5033657086
39.358	1.257449505
40.359	0.5340843965
41.379	1.031339164
42.548	0.6661357143
43.559	1.408110891
44.569	1.302033831
45.588	0.114458568
46.59	1.168367632
47.598	0.8033879239
48.599	0.3658305085
49.648	0.8967063063
50.658	0.6682506812
51.848	0.8214291417
52.858	1.00899108
53.878	1.252236641
54.988	0.3402352941
56.188	1.11019227
57.189	0.9393585586
58.388	1.646130841
59.398	0.7420629171
60.408	0.8991762376
61.418	0.5632460317
62.438	1.196615675
63.448	0.1408633663
64.458	1.05010109
65.459	1.104487026
66.46	1.187084337
67.618	1.381769911
68.628	1.121728814
69.688	1.121947701
70.689	0.6226327783
71.69	0.877950544
72.698	1.107425173
73.699	0.1146485437
74.768	1.10876
75.918	1.117169475
77.058	0.5331846154
78.168	1.285670588
79.252	0.931537931
80.318	0.9602873786
81.327	0.1788923077
82.328	0.7078604187
83.348	1.07373913
84.349	0.8675344262
85.358	0.3322148916
86.368	0.3492627451
87.369	0.1128247423
88.398	1.166320792
89.527	1.205050545
90.587	0.5558653465
91.728	1.298911497
92.768	0.5236673267
93.908	1.104746032
94.918	0.7223287129
95.919	1.012875125
96.938	0.7841727184
98.077	0.6155168317
99.177	0.5008554455
100.188	0.8208626145
101.198	0.1082990523
102.199	0.1950415842
103.207	1.092200345
104.208	0.9796484245
105.209	1.178182462
106.228	0.1138859903
107.23	1.134816286
108.348	0.8035847382
109.378	1.051812188
110.387	1.014715219
111.588	0.6163326733
112.807	0.6915843137
113.908	1.191946154
114.928	0.3150923077
115.947	0.7808447837
117.077	0.9780162602
118.167	1.158836773
119.177	1.091411765
120.187	0.3293098039
121.257	1.298600595
122.268	0.9141000878
123.277	0.1965988024
124.307	0.2038588235
125.467	0.780190099
126.667	1.198481518
127.767	1.129480957
128.887	1.041428314
129.897	0.2786914789
130.898	0.2652384676
131.908	1.057270729
133.068	0.9938315164
134.247	1.195005367
135.257	0.2600554455
136.427	1.348375768
137.428	1.318623354
138.437	0.5286939943
139.627	1.183297405
140.647	0.1035428571
141.747	0.8773956969
142.807	0.9443792801
143.817	0.8619248658
144.827	0.3142336634
145.837	1.099996578
146.847	1.379836164
147.907	1.137705043
148.908	1.211084242
149.927	0.966819802
150.937	0.8175533333
151.948	0.2639137255
152.956	1.261390176
153.957	0.1766585956
154.967	0.174754491
155.987	0.5424237624
157.027	0.196990099
158.057	1.139164835
159.177	0.3648
160.187	1.374705295
161.216	0.1912543689
162.217	1.15118335
163.417	0.8308571429
164.486	1.129318681
165.487	1.016158259
166.498	0.9357098039
167.707	1.125631683
168.717	0.7309126595
169.718	0.3421285714
170.936	1.003817822
171.976	1.052234905
172.977	0.9003960396
173.978	0.8106059406
174.988	0.1384221344
176.117	0.311145098
177.176	0.9408518843
178.186	1.244003964
179.187	0.6262846847
180.206	0.4300454995
181.207	1.182138614
182.267	1.036159069
183.487	1.022832554
184.496	0.70798002
185.497	1.457441724
186.506	0.1842059406
187.526	0.995012884
188.536	0.2811168317
189.546	0.7761344538
190.586	0.159207619
191.596	0.723770297
192.668	1.107268731
193.796	0.7279467174
194.987	0.5346534653
196.096	0.9293078261
197.246	0.6748277228
198.506	1.166537463
199.516	0.876510978
200.716	1.005508772
201.726	0.2255456311
202.826	1.197446977
203.827	0.1651924528
204.828	0.1557495256
206.046	1.194853147
207.047	0.6243252662
208.068	0.9930858283
209.076	0.1583027965
210.196	0.611171737
211.197	0.9585938431
212.206	1.461645777
213.316	1.459996004
214.326	0.8230101695
215.336	0.2216470588
216.347	0.1292673267
217.366	0.2475551367
218.375	0.2198196078
219.495	1.075466667
220.497	1.006358261
221.596	1.230802775
222.606	1.21291018
223.616	1.088872151
224.635	0.9401070367
225.636	1.395314172
226.735	0.3033196262
227.736	1.074625103
228.766	0.2255483871
229.825	0.1278577075
230.845	0.8913646354
231.855	1.005154845
232.875	1.166971541
233.915	0.8994975272
234.975	0.941214639
235.976	0.7610930693
236.985	1.397210789
237.995	0.2295944056
239.015	1.732873917
240.025	1.288166337
241.045	0.7188356436
242.096	0.8690206897
243.145	0.6582057942
245.175	1.225061386
246.205	1.196829067
247.225	0.6052654545
248.335	1.283869674
249.355	0.9325695254
250.385	1.43258672
251.455	0.1467586207
252.495	0.9479422522
253.515	0.1797878193
254.527	1.239537615
255.535	0.6809197225
256.545	0.1737142857
257.575	1.256247752
258.595	1.215310208
259.605	0.9382777778
260.625	1.185283168
261.635	1.122139459
262.645	1.042309808
263.665	1.170653347
264.925	1.068225519
265.935	1.072175182
266.945	1.038047619
267.955	1.088975025
268.965	1.140655545
269.974	1.03446093
271.034	0.3306666667
272.555	0.3795606936
273.654	1.347231683
274.735	0.9834315789
275.775	1.358273726
276.816	1.42520199
277.836	0.1756827195
278.855	1.265042174
279.905	0.1775927928
281.184	1.051764244
282.196	0.9388145455
283.234	0.8265980198
284.235	0.5337777778
285.245	0.1004995971
286.265	0.6328305583
287.286	1.113020548
288.295	1.120999001
289.315	0.2275485149
290.335	0.8719360639
291.345	1.230772277
292.566	0.3725544554
293.595	0.9456073394
294.616	0.4670019802
295.626	0.8827301066
296.646	0.9520863592
297.655	0.498439604
298.687	0.4486101049
299.695	1.156667333
300.726	1.188749257
301.915	0.9032061069
302.925	0.8507089109
303.935	0.9357982541
305.095	0.2122070845
306.115	1.135021583
307.148	0.2494039216
308.155	0.8446713009
309.175	0.9318732673
310.235	0.2060038095
311.255	0.9709199009
312.265	1.30161039
313.275	0.5851226891
314.286	0.4237647059
315.295	0.916210109
316.355	1.344
317.405	0.700765114
318.426	0.2182564103
319.436	0.7648169557
320.446	0.4598883888
321.496	1.218885115
322.556	1.267137725
323.576	1.137617443
324.626	1.195755906
327.475	1.026627451
328.486	0.6880628067
329.495	0.6568164868
330.775	0.2817267327
331.786	0.8504499504
332.805	0.315389049
333.825	1.04636963
335.005	1.448047572
336.166	0.9113022795
337.167	0.899698335
338.355	1.119857426
339.39	0.4821176471
340.395	1.105064151
341.665	0.6247083734
342.674	1.15184016
343.685	0.7497998259
344.801	0.4216583417
345.803	1.182200198
346.811	1.060625743
347.841	0.6898761062
348.871	0.4291764706
349.972	0.3974221352
351.001	0.626818018
352.021	0.3257482656
353.051	0.6400078431
354.061	0.5935128713
355.171	0.8022178218
356.181	1.034040678
357.231	0.3544180569
358.291	1.211675248
359.651	0.4482557443
360.681	0.5232214286
361.692	1.228715285
362.702	0.3147212598
363.712	0.1652804757
364.742	1.274917083
365.743	0.217219802
366.782	1.243147541
367.802	0.8298533333
368.822	1.168213439
369.832	1.509790099
370.842	0.6704871287
371.882	0.4634925669
372.943	0.6481821782
373.952	0.6826455446
375.003	0.2196709613
376.222	0.9678083832
377.703	1.244443564
378.705	1.087762376
379.712	0.3423343108
380.72	1.074221778
381.723	0.72164
382.725	1.104333003
383.735	0.7601663366
384.743	1.290734574
385.822	1.269840637
386.932	0.6560158573
388.042	0.8103552894
389.192	0.9373781513
390.283	0.8566943396
391.302	0.6865425743
392.304	0.9933527273
393.352	1.184583417
394.492	0.5892156863
395.544	1.20600999
396.722	1.481860648
397.902	1.056039024
398.912	0.1306666667
399.922	0.1716705882
400.923	0.7565782178
402.112	0.5797212954
403.282	1.294963403
404.292	0.8505108911
405.293	0.9836590684
406.492	0.1798816568
407.502	1.061529075
408.522	0.2992730807
409.524	1.442093906
410.531	0.1883248564
411.543	0.2562230769
412.622	1.364598802
413.623	1.121741451
414.624	0.100910759
415.632	0.679976024
416.642	0.924272997
417.644	1.136193333
418.863	0.9572
419.882	0.8851009901
420.891	0.6908319185
421.892	1.019152475
422.902	0.4314461538
423.906	0.7158371681
425.132	1.178885115
426.133	0.422590099
427.134	0.9060855721
428.332	0.1515489614
429.341	0.460570297
430.351	0.9935067961
431.353	1.520415584
432.422	0.90682395
433.424	1.067558597
434.431	0.4446495049
435.441	0.2575058824
436.582	0.5461111111
437.584	0.3933227723
438.602	1.202669331
439.603	0.4970075949
440.612	0.5448344828
441.831	0.3620382609
442.842	0.5657520661
444.061	1.695332679
445.082	1.077290709
446.092	0.5211223881
447.103	0.7473392681
448.112	1.057628743
449.121	0.9151008991
450.342	1.228368682
451.343	0.4954375
452.512	1.157864931
453.513	0.2162614379
454.691	0.1445433962
455.692	0.2850534653
456.702	1.349938062
457.951	1.068757185
458.952	0.9951375212
460.131	0.5588156863
461.303	0.8829669903
462.382	0.2036591577
463.602	1.282613387
464.762	0.7912395732
465.832	0.1870463054
466.833	1.202365634
467.834	0.5435956392
468.851	1.076803197
470.081	0.6543120707
471.082	1.223358416
472.091	0.9300635514
473.101	0.4193568627
474.111	0.8426133333
475.121	1.239714729
476.131	0.8912367632
477.132	1.433974026
478.141	1.184895049
479.142	1.299901283
480.151	1.304207792
481.242	0.9910198198
482.351	0.1401515152
483.562	0.7330534653
484.701	1.040351648
485.72	0.9058203593
486.73	0.8014779661
487.78	0.2386204163
488.79	1.557610287
490.17	0.1432347826
491.291	0.5563133333
492.3	0.9472491228
493.32	0.3561782946
494.327	0.141988024
495.33	0.4563393025
496.331	0.8309831182
497.34	1.368722222
498.341	0.8035245283
499.35	0.4913163636
500.37	1.369358641
501.371	1.008094197
502.5	0.1701690962
503.55	0.2890867925
504.671	1.141177403
505.841	1.006039216
506.85	0.9213730159
507.961	0.7401980198
508.97	1.011664671
509.971	1.097950446
510.981	0.9407445545
511.99	0.4283665339
513.001	0.8996113837
514.01	1.19613986
515.011	0.7964078431
516.02	0.5511272727
517.15	0.1202637363
518.169	1.702447525
519.18	1.028506931
520.2	1.256201942
521.21	1.034957043
522.249	0.9373962264
523.26	1.103921247
524.27	0.149771261
525.29	0.6146376238
526.42	1.335016983
527.482	0.5650764873
528.49	1.360835821
529.5	1.327656344
530.78	0.4545093525
531.88	1.262737263
532.881	0.1813974976
533.89	0.6826455446
535.1	1.235591042
536.101	0.1070841487
537.12	0.3465424658
538.28	0.4778823529
539.3	1.010876923
540.4	0.2575058824
541.401	0.1610991168
542.403	0.4051455756
543.415	0.7977176471
544.42	0.8398464107
545.43	0.7961308226
546.63	1.28102381
547.64	0.4506352941
548.781	0.9974198072
549.819	0.2082742857
551.04	0.7337267327
552.36	0.2344
553.39	1.239088911
554.41	1.054146535
555.471	1.367216573
556.485	0.1200929597
557.489	1.016975223
558.5	1.252594059
559.509	1.095130769
560.535	0.5989603175
561.759	1.245810094
562.761	1.091094409
563.762	0.6380862745
564.763	0.7659601594
565.969	0.5535254237
566.97	1.01429703
568.55	0.9732673267
569.556	0.4613647059
570.579	0.8799762376
571.589	1.184221782
572.609	0.113462771
573.639	0.7682848665
574.659	0.8255781818
575.699	0.8091813677
576.709	0.182019802
577.721	0.6187262136
578.889	0.5531518119
580.1	0.3744713376
581.101	0.3020941176
582.339	1.130454237
583.56	0.7443996004
584.769	0.5215667656
585.8	0.9873692162
586.819	1.478698182
587.82	1.308325926
588.828	1.080190476
589.999	0.7171009901
591.1	1.523666667
592.3	0.7715469027
593.32	1.335524752
594.329	0.4433475177
595.34	1.125660052
596.36	0.592760396
597.369	0.8599058824
598.37	0.1536712871
599.549	1.199216783
600.559	0.9080950495
601.749	1.116003996
602.759	1.228055446
603.939	1.015178182
604.949	0.368831068
606.139	0.7913797841
607.298	0.782410509
608.299	0.8832056738
609.3	1.086687443
610.309	0.243988012
611.379	1.249882353
612.449	1.382358974
613.639	0.5250530452
614.759	1.022094532
615.76	1.130194059
616.838	1.038393606
617.848	0.9516118812
618.949	0.9210366399
619.96	0.8723563636
621.088	1.440776238
622.098	1.208110891
623.099	0.2814480712
624.101	0.956760396
625.259	0.1979234043
626.469	1.325248761
627.699	0.4950485629
628.879	0.1364345503
630.099	1.241582418
631.299	0.1548679245
632.3	1.453962038
633.419	0.3071124378
634.558	0.9825821782
635.658	1.518219585
636.855	1.324110891
637.948	0.2993960784
639.238	0.1888705657
640.249	0.4701218781
641.25	0.8956723277
642.279	0.8021682905
643.288	0.7647042735
644.328	0.5983841584
645.469	1.016639361
646.482	0.7328820513
647.498	0.2552470588
648.499	0.4188375
649.508	1.007104895
650.608	0.5848871129
651.618	0.2562376772
652.619	0.3601398058
653.629	1.090510891
654.778	0.3329381747
655.788	0.8089411765
656.808	0.9740178394
657.818	0.7790499002
658.828	0.4221913043
659.848	0.7943764706
661.008	1.663635644
662.028	0.6627612388
663.038	0.9634752852
664.248	1.085473267
665.258	0.2481538462
666.307	0.448751731
667.308	0.7379491674
668.429	0.9818394712
669.439	0.3616093294
670.458	1.410461538
671.467	1.020437194
672.488	0.9755480674
673.489	1.04780705
674.498	1.43802381
675.508	1.479584416
676.528	0.9358401598
677.537	0.8522954092
678.538	1.001106542
679.557	1.106440336
680.558	1.038125623
681.56	0.9176092774
682.688	0.1167872128
683.689	0.3698270361
684.708	1.298481422
685.728	0.8173906094
686.748	0.6353922542
687.758	1.096831169
688.777	0.9312888889
689.787	0.1650058939
690.797	0.5871354467
691.798	0.9336666667
692.818	0.6442758621
693.837	0.9018286684
694.857	0.3698753709
695.877	0.1130603175
696.887	0.5617960784
697.907	1.550979228
698.927	1.488
699.928	0.7314455446
701.088	0.6652931507
702.097	0.5449109275
703.099	0.9512262522
704.118	0.1524233983
705.119	1.37894968
706.157	1.466397602
707.159	0.8309450549
708.178	0.7796763237
709.188	0.8928872727
710.199	0.4203338583
712.937	0.9713808696
713.958	0.8517398374
714.967	0.9220524781
715.987	0.4270373134
717.087	0.7832334495
718.265	1.166385614
719.267	1.221333333
720.297	0.9431307692
721.317	1.226555885
722.335	0.8181465347
723.337	0.8864712871
724.338	0.2796527437
725.357	1.071279208
726.367	0.6900578265
727.417	1.050508108
728.452	1.058312442
729.512	1.0948
730.892	0.1840237389
731.922	1.292675325
732.932	1.169342657
733.942	1.312714995
735.202	1.377252725
736.203	1.32327101
737.446	0.6081429848
738.466	1.065045908
739.506	0.2428067393
740.524	0.6278704612
741.647	1.394756436
742.665	0.552839604
743.685	1.207387033
744.888	1.6664
745.906	0.5387891892
746.944	0.8059038273
747.988	0.1935874263
749.085	1.124787213
750.087	0.1093716427
751.108	1.166480068
752.347	0.3595130435
753.588	0.7368871129
754.711	0.8391128557
756.184	1.180765517
757.248	1.466442022
758.309	1.131642975
759.363	1.238914851
760.563	0.4252482826
761.63	0.3652587413
762.667	1.315647175
763.726	1.029710891
764.749	0.3684118812
765.844	1.222077151
767.104	1.294549058
768.124	0.7813888889
769.143	1.141365079
770.606	1.097188119
771.644	0.9796910891
772.646	1.07145098
773.723	0.299427451
774.745	0.5377918731
775.766	1.013062557
777.031	0.3648518519
778.084	0.3300571429
779.246	0.9546111574
780.387	0.9204955045
781.43	1.289835806
782.486	0.954209901
783.515	0.9453147826
784.791	0.3858527969
785.805	1.04256
786.807	1.423730693
787.868	1.242289109
789.328	0.9864865938
790.329	1.06651632
791.338	0.1498492872
792.348	0.7651485149
793.408	0.1935088409
794.538	0.8425574426
795.698	0.9811479642
796.848	1.060110891
797.928	0.9953163362
799.067	0.5457504274
800.075	0.9631128713
801.134	0.1098989098
802.138	0.2253176471
803.148	1.086170297
804.149	0.2394976213
805.157	0.8748691309
806.168	1.290576541
807.169	1.427112871
808.177	0.9433900709
809.188	0.9434504416
810.189	0.1370635838
811.248	0.3845590179
812.297	0.4753563672
813.408	1.319172414
814.417	0.7474605395
815.418	0.2997669903
816.429	1.137829508
817.508	1.043508911
818.577	1.141425532
819.617	0.7837411989
820.627	0.9962841122
821.629	0.8097454545
822.63	1.137306931
823.657	0.4039564787
824.658	0.1393457395
825.668	1.186441609
826.697	1.199648352
827.737	0.1563428571
828.747	0.9441803922
829.797	0.9812277228
830.837	0.2018796117
831.947	0.8017394305
832.957	0.930227451
834.028	0.4168813559
835.058	0.2773148515
836.077	1.005477477
837.257	0.2143971505
838.267	1.608654691
839.467	1.050533467
840.487	0.8831779817
841.538	0.4184470588
842.677	0.8743888889
843.697	0.8789522919
844.717	1.019493069
845.718	1.030652131
846.877	0.9952712871
847.967	0.2862135922
848.978	1.046461843
849.987	1.068491089
850.997	0.6663921569
852.007	1.03989703
853.177	0.1071890304
854.187	0.2853212011
855.207	0.9694013474
856.258	0.7424733333
857.267	0.9902115768
858.271	1.077138861
859.447	0.1701690962
860.457	1.152382609
861.467	0.1950415842
862.477	0.1799013699
863.487	0.7029450549
864.527	0.8852779426
865.538	0.4522324888
866.557	1.144023786
867.567	0.455239604
868.587	1.095163245
869.597	0.2226718447
870.698	0.3889279368
872.578	1.209150849
873.677	0.1042285714
874.686	1.326696762
875.706	1.466823529
876.717	1.144527473
877.797	1.002621782
878.816	0.2623270565
879.818	0.8229571429
880.826	0.8057481481
881.827	0.4886371681
882.896	1.139449102
883.897	1.10547619
884.906	0.1895496809
885.957	0.9222937063
886.958	0.3678822375
888.047	1.423784861
889.057	0.6964715285
890.076	1.397754246
891.146	0.3826573427
892.167	1.234637624
893.177	1.431802372
894.186	1.009711375
895.317	1.10257646
896.33	1.320071928
897.426	1.102852621
898.437	0.4444550898
899.446	0.1158652551
900.486	0.4659326733
901.488	1.212344214
902.496	0.6394485514
903.596	0.4962424242
904.606	1.094995054
905.607	0.7321425743
906.608	0.9137719626
907.626	1.092203735
908.627	0.543877979
909.636	0.8761427328
910.637	1.266526733
911.646	0.3856457143
912.746	0.9994365079
913.766	1.103968032
914.815	1.182563107
916.416	0.6529316155
917.419	1.229114885
918.425	0.4154666667
919.426	0.9428673267
920.436	0.2315076923
921.437	1.274041543
922.516	0.9235440222
923.536	0.8932907093
924.766	0.8312158416
926.036	0.4217549407
927.116	0.2894019802
928.126	0.9471873142
929.135	1.055349851
930.176	0.9286532046
931.356	0.6457504951
932.366	0.3365809617
933.379	0.8768194574
934.399	0.717500998
935.4	1.044055888
936.409	0.7344392157
937.536	1.432945455
938.549	0.4028893204
939.56	0.2862113208
940.708	1.064799216
941.729	0.6005417076
942.758	0.2877151335
943.789	1.538178218
944.939	1.162293706
946.048	1.001918082
947.049	1.257829703
948.059	0.4482557443
949.061	0.4550970297
950.069	0.4679650146
951.099	0.9448454764
952.128	0.4117760551
953.14	1.100836472
954.258	0.1682074928
955.259	0.9353339941
956.269	1.363988879
957.279	1.149162837
958.398	0.4077176471
959.399	1.062039683
960.4	1.182840684
961.409	1.351835937
962.428	0.89456
963.439	1.166538922
964.44	0.3051692308
965.448	0.7755372549
966.449	0.1609411765
967.508	1.46019802
968.648	0.8746666667
969.649	1.203260739
970.859	0.7078121878
971.868	1.014338259
972.908	0.7676356436
973.919	0.8075850773
974.928	1.131805529
975.997	1.444322521
976.999	1.234541176
978.048	0.1990579839
979.058	1.038235294
980.218	1.049791453
981.228	0.6380257681
982.239	0.8880872727
983.388	0.3874550725
984.408	1.029529412
985.409	0.8010549451
986.458	1.282018018
987.459	1.211107376
988.498	2.079592408
989.508	1.198414069
990.519	0.9999366337
991.52	0.2175207207
992.639	1.142526733
993.648	0.8763607532
994.658	0.832587156
995.659	1.183365709
996.668	0.1085163511
997.868	0.8607026497
998.968	0.8985882353
999.978	0.7208546679
1001.108	0.3074509804
1002.127	1.016246154
1003.239	0.9221338506
1004.263	0.2238545455
1005.358	1.091801587
1006.378	0.3584931756
1007.558	0.9949090909
1008.56	1.126114851
1009.787	0.6675915222
1010.788	0.9627607843
1011.798	0.6907252747
1012.808	1.139090278
1013.828	1.082309524
1014.917	0.1016186998
1015.938	0.2817267327
1016.947	0.9611586716
1017.978	1.566682881
1018.987	0.4818250676
1019.988	0.9623896104
1021.14	0.9964035964
1022.147	0.7121758242
1023.158	0.956654113
1024.178	0.9180929773
1025.179	1.381541818
1026.187	0.4161427156
1027.258	0.9751528472
1028.368	0.809547619
1029.378	0.9585461538
1030.387	1.269114885
1031.398	0.1637506234
1032.407	0.3396444444
1033.457	1.40746533
1034.658	0.4654718101
1035.678	0.4428543112
1036.747	0.7039360639
1037.758	1.082082883
1038.767	1.129036066
1039.768	0.913892051
1040.987	0.8362836186
1041.997	0.210867052
1043.018	0.6604831683
1044.077	0.2153091266
1045.087	0.8722287637
1046.097	0.1824
1047.107	0.4291764706
1048.137	1.039169811
1049.142	0.6112539683
1050.147	1.229100097
1051.157	0.173370297
1052.177	0.9707497949
1053.187	1.014123928
1054.188	1.245434565
1055.227	0.2467764706
1056.237	1.346708911
1057.238	0.9713832281
1058.347	0.3218823529
1059.497	0.5329307692
1060.507	1.257838162
1061.517	1.118772277
1062.527	1.046880466
1063.537	0.9575214286
1064.647	1.069941748
1065.656	0.539770297
1066.657	1.301238378
1067.667	1.20318408
1068.677	0.1042
1069.686	0.7732594059
1070.856	0.1372288401
1071.858	1.352935065
1072.897	0.7584950495
1073.907	1.021863481
1074.917	0.9130258449
1075.947	1.110806673
1076.957	0.1806291262
1078.047	1.334681319
1079.057	1.1727236
1080.077	0.7814912427
1081.139	0.9508011988
1082.146	0.8019722772
1083.147	0.38
1084.157	0.9663937316
1085.358	1.010853755
1086.366	0.8879366337
1087.387	0.3197254902
1088.397	0.5288940719
1089.407	0.7771881188
1090.416	0.9201960784
1091.417	0.1337142857
1092.427	1.123326733
1093.437	0.6042772277
1094.446	0.9148
1095.527	1.213101796
1096.537	0.3492075472
1097.546	0.9160941176
1098.557	0.5390653465
1099.566	1.028814229
1100.577	0.2467764706
1101.717	0.8543111992
1102.726	0.7923372549
1103.736	0.811789891
1104.826	0.2814171429
1105.896	1.681186667
1107.016	1.145007143
1108.196	0.5375607843
1109.206	0.8934825175
1110.306	0.6458372093
1111.329	1.152189911
1112.336	1.106938614
1113.486	0.9705558853
1114.566	1.494367208
1115.576	1.300047904
1116.586	0.5713128103
1117.606	0.1630569676
1118.638	1.019670588
1119.646	0.4490019881
1120.666	0.7173042616
1121.676	1.150938614
1122.717	0.3762694899
1123.735	0.8788301887
1124.746	0.1923552266
1125.776	0.715654902
1126.786	0.7028673267
1127.457	0.6915644356
