0.0	1.205140594
1.002	0.9185911504
2.02	0.8547322034
3.15	0.4581236364
4.321	0.1476393714
5.33	0.1609411765
6.409	0.636039604
7.42	0.1094505495
8.55	0.7218120673
9.56	0.3542077151
10.57	1.061085149
11.73	0.2843965351
12.731	1.058182517
13.76	0.9782947577
14.81	0.3439542857
15.941	0.5369188119
16.95	1.039032967
17.98	0.7374065934
19.1	1.055611111
20.21	0.779331637
21.279	1.437146853
22.281	0.9603996004
23.29	0.7172538276
24.322	0.2013747573
25.339	0.5201108911
26.359	0.9423536464
27.57	1.013278571
28.59	0.8035758176
29.859	1.389874126
30.889	0.9026679881
31.909	1.354378593
33.009	0.7920392157
34.029	1.193958375
35.049	0.9893649852
36.209	0.1623738872
37.229	1.537145129
38.279	0.4073183154
39.309	0.3958136769
40.509	0.5614472727
41.539	0.8151524752
42.579	0.3310236735
43.589	0.3142336634
44.599	1.415215064
45.77	1.080776471
46.779	0.1740392891
47.799	1.089938431
48.809	0.952219469
49.829	0.2550058252
50.839	1.009453907
51.869	0.9643448959
52.879	1.0588
53.899	0.5359451518
54.9	0.2029732408
55.92	0.5525126214
56.94	1.226765235
57.979	1.149689655
58.989	0.3825087379
59.998	1.49441082
61.009	0.8425108911
62.029	0.6639161905
63.049	1.688
64.059	1.413066933
65.069	0.7799401795
66.128	0.3543287129
67.149	0.8534866204
68.179	0.6598174603
69.588	1.064527473
70.618	1.287976238
71.619	1.163968317
72.649	0.9842557443
73.77	1.356403393
74.78	0.1789417476
75.789	1.271127849
76.799	0.3878342342
77.809	0.6259428571
78.828	1.226221778
81.089	0.885851338
82.329	0.1376725441
83.339	1.057915604
84.349	0.2104615385
85.369	0.3554693069
86.378	0.4431049505
87.598	1.04840358
88.609	1.42948368
89.615	0.3257142857
90.619	1.386698039
91.679	2.06845954
92.688	0.2228923077
93.698	0.5340451423
94.699	1.177227723
95.708	0.4550458081
96.729	0.5619943343
97.808	0.7583726496
98.818	1.690261633
99.828	0.893185332
100.889	1.074978218
102.018	1.293082917
103.029	1.043789891
104.039	0.2466363132
105.048	0.767000999
106.198	0.3703945044
107.199	1.054043768
108.228	1.365618382
109.368	0.8638355675
110.388	0.7447304965
111.398	0.2975067961
112.418	1.634537166
113.588	0.4854732673
114.589	0.1506548673
115.719	1.216886275
116.728	0.7621227723
117.738	0.5132627526
118.748	0.9168480437
119.978	1.219350495
120.988	0.9155512195
122.208	1.255321459
123.218	0.4291764706
124.228	1.380055336
125.428	0.5583462185
126.453	0.7131247525
127.458	0.9719320679
128.588	0.2332826691
129.598	1.515710438
130.608	0.83898017
131.708	1.238843564
132.728	1.252329588
133.738	0.5977980198
134.748	0.3012118812
135.749	1.048397071
136.968	1.21569901
137.987	1.391493069
138.988	0.124187234
139.998	0.9956854701
141.008	1.021151153
142.138	1.029411765
143.148	0.8173746254
144.318	0.8607701442
145.348	0.5785277311
146.38	0.292272997
147.388	0.7889612961
148.398	0.524760396
149.518	0.3648
150.538	0.5208598848
151.557	0.8063429138
152.587	0.9636118812
153.687	0.6113182609
154.708	1.280392927
155.808	1.234013875
156.819	0.5823781818
157.848	0.7590638298
158.867	0.3202203673
159.888	0.8635726795
161.059	2.150937063
162.118	0.6107352381
163.178	0.4225067628
164.259	1.099788212
165.26	0.9792767233
166.47	1.377129825
167.479	0.7228211788
168.489	0.701740337
169.509	0.2833714286
170.519	0.7479489696
171.578	0.7270159292
172.679	0.889506442
173.699	1.887384615
174.709	0.961022977
175.719	0.3140594059
176.72	0.9166753247
177.739	0.1093405995
178.758	0.1473230769
179.769	0.5686169535
180.779	0.8928943863
181.988	0.8066678477
183.068	0.8654526499
184.069	0.8459843137
185.07	0.1301565907
186.088	1.688538614
187.159	0.2771134021
188.168	0.3104857143
189.36	0.7698039216
190.368	0.8759960357
191.55	0.5680553907
192.579	0.3004235294
193.668	1.244411588
194.728	0.6268531469
195.748	0.8416341923
196.938	1.113918332
197.958	1.281330693
199.008	0.8179393939
200.009	0.3437244094
201.238	0.3433411765
202.438	1.181423191
203.449	0.829185332
204.499	0.1521105691
205.508	0.1667657143
206.628	0.7382181818
207.63	0.5244592738
208.643	0.2325994006
209.659	0.6639683168
210.668	0.4720941176
211.688	0.5674725275
212.708	0.1842059406
213.717	0.3425490196
214.908	0.3640542636
215.968	1.114043564
216.978	0.7208950495
217.988	1.106205794
219.188	0.566572549
220.208	0.1266294514
221.238	0.8389520295
222.598	0.1408633663
223.618	0.3682622951
224.628	1.262984127
225.638	1.091386861
226.648	1.16891113
227.748	0.6219851852
228.757	1.090213786
229.759	1.051258672
230.768	0.5494311927
231.808	0.2403962617
232.948	0.7084823626
233.958	1.251340659
234.977	1.022586408
236.028	0.1864130589
237.248	1.562494401
238.357	1.636719864
239.508	0.4250097087
240.588	0.6646251236
241.788	0.2467764706
242.808	1.11580198
243.828	1.171724276
244.908	0.5851247525
245.978	1.125778222
246.988	1.398752647
247.998	1.071803279
249.057	0.2692487612
250.208	0.7479135308
251.218	0.4532118812
252.219	1.161161923
253.418	1.015301587
254.427	0.1014588235
255.438	0.1625346535
256.447	0.3481894737
257.531	0.5748582755
258.537	0.6849446064
259.768	0.7744705882
260.777	0.2793098039
261.838	0.9517998146
263.048	0.6295976214
264.147	0.3752228571
265.347	1.080304348
266.568	0.9370069376
267.747	0.8216528926
268.748	1.018336634
269.828	0.134557377
270.837	0.9549071429
271.888	1.386848665
272.987	0.5334933333
273.997	0.1245625
275.068	0.4158351325
276.073	0.8871841584
277.087	0.1918980392
278.088	0.9260372915
279.097	0.2504597015
280.167	0.8788730549
281.187	0.2925623762
282.197	0.7513526474
283.207	0.6287778875
284.397	1.195758176
285.398	0.6452286555
286.577	0.8534653465
287.578	1.283202625
288.628	1.002178218
289.647	0.9419521912
290.658	0.1623738872
291.717	0.3785008757
293.127	0.6067960396
294.147	0.7106013986
295.157	0.1379941804
296.177	1.073657086
297.187	1.093194805
298.237	0.9577345133
299.246	1.03375223
300.346	0.7216812749
301.368	1.043401388
302.397	1.183662414
303.516	1.0852
304.517	0.1474648701
305.518	0.197472883
306.522	1.238380952
307.531	0.1105901639
308.697	1.128194783
309.827	0.6226376238
310.898	0.4454752568
312.069	1.390960233
313.147	1.022453915
314.267	0.6924737864
315.386	1.124811078
316.487	0.421145098
317.496	0.8616523364
318.538	0.5632838773
319.547	1.022041958
320.747	0.8944883068
321.756	0.9251883495
322.767	0.4330117647
323.926	0.5692142857
324.936	0.1735421209
325.956	0.3890666667
326.966	0.1700038835
327.977	0.3274458537
328.986	1.29340198
329.987	1.666917083
330.996	0.907445614
332.196	0.9865494505
333.207	0.9567049505
334.218	0.6555647873
335.226	1.159120792
336.236	0.2748737864
337.237	0.481954717
338.406	0.6387533333
339.408	0.5534112983
340.504	0.7028356436
341.516	0.6825895954
342.534	0.9278506876
343.596	1.269106893
344.606	0.4004435644
345.607	1.695912088
346.626	1.396522772
347.636	0.6650613861
348.726	1.477162837
349.876	0.2839366337
350.886	0.4341307506
351.896	0.2600475248
352.916	1.067184314
353.926	0.6126336249
354.946	0.9977335984
355.956	0.216823301
356.986	0.4242196078
358.006	1.429788423
359.025	1.087176238
360.046	0.8431248751
361.056	2.041644489
362.067	1.056625743
363.077	0.8268118812
364.116	0.6500627451
365.526	1.164796829
366.567	0.7997330716
367.577	0.1593786408
368.596	0.3467405941
369.627	0.3575762376
370.637	0.8192430355
371.647	1.001250213
372.816	0.9429465347
373.827	0.6810615385
374.837	0.9301243697
375.856	0.9988459274
376.867	0.3852571429
377.87	0.119074184
378.879	0.8711128871
379.996	0.6577230769
380.997	1.098005613
382.016	0.5185083415
383.017	1.09863788
384.026	0.4438219585
385.177	1.017601357
386.196	0.4285153846
387.207	1.58938992
388.229	1.495407122
389.236	0.2036705882
390.356	1.099015385
391.376	1.196336449
392.566	1.194608523
393.576	0.6522736842
394.606	0.1807266055
395.748	0.2275485149
396.756	0.8169019608
397.776	0.9651376147
399.056	1.201553333
400.086	1.186911968
401.094	0.5790885246
402.514	1.157563303
403.544	0.8770592593
404.555	0.8726732673
405.574	0.7534625375
406.613	0.7265960784
407.865	0.6523702479
408.925	1.089124752
410.275	0.8607920792
411.284	0.4456950495
412.385	0.9775442359
413.404	0.8814033697
414.445	0.1340923657
415.484	1.146065282
416.494	2.507348651
417.534	0.4659326733
418.564	0.6121108911
419.704	0.4184470588
420.715	0.4442613861
421.735	0.2704554455
422.764	1.096399247
423.796	1.249029703
424.825	1.085467854
425.855	0.7720707965
426.865	0.9942052174
428.126	0.6480712871
429.146	1.250517483
430.185	0.4580784314
431.186	1.190176944
432.195	1.41056888
433.216	0.2443805825
434.226	0.8184150943
435.385	0.9559960435
436.585	0.2969535495
437.595	0.898313253
438.655	0.2177910448
439.695	0.2829862069
440.8	0.8069534192
441.806	0.7884594059
442.916	0.1204495171
444.015	0.4512
445.156	0.7835764706
446.306	0.2566980392
447.307	1.705662338
448.316	0.3997314906
449.326	0.6699195289
450.487	0.3626006601
451.545	1.442496815
452.571	0.2494667988
453.576	0.4638964143
454.585	0.588043956
455.586	0.8913025448
456.807	0.9102196078
457.986	0.2988263003
458.995	0.9553788328
459.996	0.975372549
461.005	0.1345994065
462.105	0.9818888889
463.147	1.005170829
464.167	1.243445545
465.168	1.063448551
466.175	1.19054113
467.256	1.549819608
468.425	0.6657
469.427	0.9637227723
470.475	1.193498513
471.576	0.2500992908
472.585	0.4993864078
473.646	1.188195804
474.736	0.2866032978
475.746	1.427468531
476.747	0.8890930693
477.765	1.266134921
478.767	1.286054237
479.768	0.8231916376
480.776	1.044888889
481.815	1.06191674
482.816	0.5790891089
483.817	0.8682967359
484.818	1.584407125
486.006	0.2496
487.007	0.9064475248
488.185	1.632460768
489.186	0.4693839517
490.355	0.799159322
491.356	1.509706294
492.445	1.165550336
493.446	0.2577585869
494.447	0.4748514851
495.645	1.155340659
496.685	1.186354807
497.686	1.420537211
498.687	1.48170297
499.695	1.051040131
500.696	0.8304936937
501.835	0.1491395198
502.896	0.9848313725
503.905	1.039596171
504.906	0.3349991063
505.945	0.6241582591
506.955	0.4291764706
507.966	0.6634713314
509.105	0.3558562874
510.134	1.12212749
511.305	0.9673196262
512.315	0.139971223
513.515	0.1712152381
514.614	0.89967507
515.625	0.5569218595
516.685	0.2697389739
517.814	0.56464
518.825	0.1206257426
519.955	0.7808506429
520.96	0.7000712468
521.964	1.119176238
522.994	0.3993394495
524.045	0.3359049505
525.065	0.6596687898
526.074	0.7618376238
527.075	0.4595857143
528.076	1.929244797
529.245	0.9835089109
530.335	1.256772139
531.344	1.111656344
532.374	0.7696262295
533.484	0.8660257171
534.624	1.257526474
535.744	0.1997463977
536.764	1.022105894
537.765	0.9083333333
538.964	0.4522254545
539.984	1.013663912
541.074	0.5861096774
542.084	0.9059247525
543.134	1.727262636
544.144	0.2630769231
545.154	0.239269962
546.169	0.8742377622
547.214	0.6553012758
548.224	1.336575425
549.404	1.248605825
550.414	0.6873748764
551.434	0.8905688801
552.444	0.2058772277
553.464	0.9477570573
554.564	0.8827881188
555.584	0.4013161546
556.594	0.5145254902
557.794	0.396972549
558.934	0.6096156863
559.944	0.7239857143
561.124	0.5251485149
562.194	0.3367384615
563.204	1.052519438
564.284	1.035287129
565.444	0.8539541705
566.464	1.086257426
567.474	0.2339825073
568.484	0.2045607477
569.49	0.1794829932
570.504	0.8030312779
571.683	0.8957086835
572.684	0.6227339268
573.694	0.6697435897
574.704	1.162299213
575.705	1.318479208
576.874	0.7813914767
578.053	0.3280784314
579.054	0.2494552454
580.064	0.4407701375
581.074	1.292677899
582.263	0.7351920792
583.273	0.2392131148
584.284	0.1578935978
585.483	0.132964486
586.504	0.6280950495
587.523	0.7482832202
588.623	0.752982801
589.633	1.265695049
590.634	0.9164514851
591.644	0.4002617902
592.743	0.3978030769
593.753	0.4250097087
594.763	1.125482517
595.765	0.59965524
596.773	0.1318554217
597.783	1.674426104
598.793	0.104877037
599.803	1.128793449
600.806	1.108293069
601.853	0.2987960396
602.904	1.135603604
603.933	1.089072237
604.954	1.173955556
606.023	0.9958365304
607.033	1.602998058
608.043	1.138938296
609.053	1.158344554
610.123	1.145409628
611.143	0.941750495
612.222	0.1359471074
613.283	0.6241882353
614.313	0.4632164545
615.392	0.3617120623
616.393	1.235933333
617.403	0.9708156863
618.433	0.9138772277
619.453	1.429242757
620.512	0.908003996
621.543	1.179360157
622.593	0.9296283186
623.602	0.8806647781
624.613	0.881644725
625.622	0.8584578791
626.672	0.1154666667
627.892	1.152767233
628.912	0.7890733333
629.982	0.2570019569
631.002	1.006257426
632.072	0.8145647059
633.082	0.3414528
634.122	1.406789318
635.203	0.4358394024
636.242	1.179646667
637.265	1.042994872
638.282	1.194431683
639.292	0.6509623762
640.343	1.443427523
641.452	1.175302279
642.683	1.215105455
643.69	0.4609027384
644.7	1.159
645.701	0.1858415094
646.88	1.195718533
648.09	1.05947792
649.24	0.9689882353
650.26	0.6115764706
651.46	0.7082366864
652.47	1.304483647
653.471	1.298973027
654.48	0.6273743409
655.609	1.389826468
656.719	1.75081336
657.721	0.2821241643
658.731	0.8461526264
659.9	1.062409403
660.91	1.237050949
661.911	1.217309524
662.912	0.8939214703
663.93	0.9522942686
664.931	0.4501939275
665.95	1.221071235
667.18	1.322362735
668.181	0.7565394605
669.34	0.6762438095
670.35	0.2446180758
671.351	0.4550970297
672.359	1.235888224
673.36	0.3847615309
674.361	0.1101942857
675.37	0.5830178218
676.44	0.8238934348
677.451	1.084491089
678.459	0.8241708738
679.521	0.8665020851
680.619	1.053719733
681.71	0.2679322034
682.779	0.1518593895
683.849	0.9155405941
684.85	1.047192079
685.919	0.2976872727
687.069	0.5764844037
688.12	0.3699784102
689.121	0.882981755
690.129	0.5157582846
691.13	0.9813016815
692.279	1.076462745
693.28	1.08015984
694.289	1.216135864
695.32	0.7796688868
696.329	0.5962148148
697.55	0.17526
698.56	0.8442832861
699.58	1.146695738
700.59	0.7945980198
701.711	1.434997003
702.72	0.5138827773
703.839	0.5984078431
705.059	1.3795
706.06	2.08405994
707.08	0.8124863524
708.089	1.031326065
709.09	0.2365947522
710.289	1.095529412
711.29	1.294465649
712.479	0.1121303336
713.489	1.097627611
714.649	0.9181669759
715.659	0.7209402547
716.669	1.218748515
717.819	0.3717242757
718.82	0.3385700787
720.039	1.059973554
721.049	0.8608838095
722.059	0.9781660377
723.069	0.9046415842
724.211	0.4613306693
725.219	0.6309254902
726.229	1.492682752
727.379	0.2167128713
728.408	0.7365509434
729.509	0.4665495327
730.519	0.8739881188
732.11	0.9864079208
733.119	0.7947684478
734.129	1.384047952
735.149	1.351762376
736.168	0.8428263473
737.389	0.9880482759
738.489	1.886914232
739.49	1.185446553
740.499	0.5131607843
741.509	0.9385174825
742.519	0.7742257426
743.638	1.362853147
744.639	1.299746535
745.759	1.053172277
746.769	1.025364706
747.778	0.9326303271
748.779	0.5662670623
749.788	0.6535504163
750.818	1.137990089
751.878	1.150826561
752.908	0.7230636631
754.028	0.96597942
755.048	1.331290387
756.068	1.137469091
757.079	0.5703933333
758.088	1.475528487
759.178	1.210005877
760.258	0.6851275964
761.288	0.9209446738
762.298	0.9207049505
763.318	0.2656251032
764.328	0.5414047619
765.348	0.6057222777
766.358	0.3283805748
767.368	0.5585440158
768.378	0.4045234765
769.398	0.4745754386
770.408	1.341267797
771.478	0.6849425743
772.518	0.8683236763
773.568	0.6772698413
774.578	0.7414215437
775.588	0.9779960396
776.613	0.880329331
777.617	0.2271396226
778.678	0.4384513827
779.688	0.6095327731
780.808	0.7170242991
781.819	1.113886114
782.828	0.8888958743
784.117	1.006521008
785.148	0.3847049505
786.168	1.15387451
787.178	0.3755294118
788.197	1.416375747
789.198	0.4613647059
790.437	0.7688421053
791.457	1.564175649
792.468	2.051036963
793.518	0.3073020937
794.57	0.8232733878
795.607	0.9960784314
796.637	1.595556444
797.657	0.9120475719
798.697	0.5686588235
799.708	0.9742017982
800.917	0.7451020813
801.918	0.3091548452
802.957	0.1516990099
803.977	0.2036434868
804.987	1.076803197
806.008	0.9791207921
807.048	1.077575758
808.058	0.6266039216
809.098	0.6645798165
810.118	1.385374625
811.687	0.8885752961
812.697	1.032704951
813.698	1.376207792
814.708	0.8017035217
815.887	0.9277857143
816.888	1.007215842
817.898	0.2271396226
818.917	0.866782906
819.927	0.1351686275
820.938	0.7537142857
821.957	0.9476154609
823.167	0.7924955045
824.477	0.4342068966
825.587	1.349942631
826.607	0.5629990186
827.832	0.3977346535
828.837	1.135318812
830.244	0.3954331021
831.314	0.4182093023
832.425	0.5202851485
833.485	0.3068756121
834.889	2.020150495
835.905	1.040574024
837.553	0.1656829052
839.094	0.1330717839
840.107	0.8567575221
841.357	0.1613746479
842.514	0.4847378641
843.814	0.1921719626
844.833	0.3421341108
845.904	1.249614386
846.933	2.00951049
847.998	0.6592120641
849.003	1.046868447
850.093	0.9663111992
851.681	1.412944762
852.701	0.5417821782
853.841	0.7811468531
854.861	1.040013793
855.905	0.87684273
856.931	1.500883117
857.961	0.8951054545
858.991	0.9798732673
859.992	1.355968317
861.031	1.116863366
862.041	0.2405274725
863.061	0.8560158416
864.091	1.035546798
865.301	1.086973419
866.361	0.8960950495
867.401	0.9965523633
868.411	0.1287529412
869.521	0.9627168317
870.591	0.6072784936
871.601	1.44187013
872.701	0.4501998292
873.711	1.084075472
874.801	0.1636485981
875.821	0.3900831683
876.831	1.181851338
878.632	1.072181998
881.11	1.283030422
882.231	1.003885035
883.241	1.27705345
884.251	0.4357014085
885.521	0.5049703704
886.64	0.2046258503
887.641	0.2042485437
888.781	0.488938843
889.791	0.8646977205
890.8	1.065592079
891.941	0.8356029532
893.161	0.7642174757
894.2	0.674814668
895.22	0.7152314261
896.27	0.2385307692
897.279	0.1550141643
898.289	0.1152
899.29	0.8890482257
900.3	0.1478019802
901.335	0.9106107784
902.49	0.6464933333
903.599	1.595115634
904.71	0.1628571429
905.73	0.923136974
906.731	0.201767619
907.759	0.381617316
908.78	1.257423923
909.79	0.4122380165
910.811	0.2372098522
911.85	0.2839920792
912.879	0.9850869131
913.959	0.2706575074
914.99	0.4249714286
915.999	1.118853333
917.211	1.313873016
918.31	1.155663551
919.319	1.83194707
920.359	0.4989335976
921.381	1.263096903
922.579	0.7180990099
923.73	0.4616392157
924.749	1.344578218
925.79	0.8414271556
926.809	0.4351533981
927.81	0.4781782178
928.811	1.11909703
929.819	0.2762563107
930.839	0.8732071429
931.84	0.6175049505
932.849	1.059429703
933.85	0.8027355865
934.949	0.7101800198
936.02	0.8818861139
937.029	1.011006869
938.052	1.071662745
939.059	0.8113852295
940.06	1.202838938
941.289	1.878847059
942.29	1.166706449
943.299	0.885272381
944.309	1.027230189
945.42	0.5099777778
946.629	1.085740519
947.631	0.4388134991
948.639	0.3636470588
949.839	1.212007921
950.849	1.132918812
951.869	0.9066454816
952.87	0.1502117647
953.879	0.2733266733
954.881	0.5556764986
956.052	0.8421960784
957.249	0.4647490909
958.259	1.084990099
959.469	1.461130604
960.479	0.7311008991
961.488	0.2953287266
962.499	0.9365668663
963.509	1.391951304
964.649	0.6746771344
965.899	0.7936792079
966.918	0.6930237869
968.044	0.2757209302
969.048	0.3200603774
970.068	1.27372238
971.079	1.264880079
972.09	0.573941127
973.099	1.3402
974.149	0.1952543689
975.159	0.9067485149
976.169	0.5069098039
977.179	1.113902874
978.19	0.90581316
979.328	1.129780369
980.338	2.287320679
981.418	0.6218772277
982.438	0.4230089197
983.449	1.23131899
984.458	0.3574409222
985.679	0.9433206793
986.689	0.8648455285
987.709	0.3008704
988.718	1.721992063
989.719	0.1578461538
990.72	1.914181095
991.729	1.224762661
992.738	1.256790419
993.868	0.9383927273
995.048	1.012566898
996.055	0.584054902
997.218	0.5473584158
998.228	0.7604866667
999.239	0.7737879088
1000.248	0.8169593657
1001.299	0.1396192345
1002.518	0.7190896552
1003.528	0.8706980392
1004.558	1.063758049
1005.799	0.1250742857
1006.909	0.308227451
1008.018	0.7105029703
1009.028	0.1818651026
1010.238	0.631245283
1011.248	0.7365296647
1012.288	0.2313366633
1013.298	1.065270729
1014.299	0.6930974155
1015.308	1.524923687
1016.318	1.019188811
1017.368	1.174323957
1018.418	0.1152
1019.488	0.4280237624
1020.548	0.13672657
1021.549	0.9670406343
1022.798	0.5442198234
1023.799	1.938901625
1024.808	0.2550058252
1025.809	0.699
1026.868	1.363390099
1028.108	0.8344981132
1029.11	0.1413940594
1030.178	0.3141306931
1031.358	1.138798834
1032.359	0.1301565907
1033.367	1.399889807
1034.368	0.9425569871
1035.388	0.8488007929
1036.398	0.326105424
1037.408	0.1579980751
1038.428	0.8937357143
1039.429	0.1427147541
1040.438	0.5077861386
1041.488	1.192560224
1042.498	0.129154717
1043.648	0.1843885035
1044.657	0.8605418327
1045.658	0.4769706458
1046.838	1.162405594
1047.848	0.8101866667
1048.85	0.1915204795
1049.857	1.394648417
1050.858	1.148546535
1051.878	0.3897285852
1052.898	0.8681182609
1054.077	1.022391265
1055.088	0.683992233
1056.097	0.458876494
1057.188	0.9751833499
1058.198	1.359968317
1059.298	1.380969912
1060.337	1.073866667
1061.347	1.229524138
1062.358	0.352031968
1063.388	1.171145763
1064.397	1.690707692
1065.398	1.496391608
1066.417	0.1578461538
1067.468	0.9142191304
1068.477	0.9242835696
1069.487	1.472704951
1070.488	1.334841159
1071.507	0.5930275229
1072.517	0.9586083576
1073.728	0.8346162162
1074.749	1.448770909
1075.877	0.1805593057
1076.887	1.441254054
1077.927	0.9126171429
1078.937	0.9491485149
1079.987	0.3158295342
1081.117	0.3415764706
1082.287	1.372728713
1083.288	0.8490938124
1084.297	0.2900705882
1085.307	1.385190809
1086.317	1.13299802
1087.477	0.3436781158
1088.626	1.307912871
1089.697	0.1016470588
1090.698	0.7809060336
1091.707	0.7831128871
1092.708	0.1647649857
1093.709	1.01160396
1094.717	0.3595372549
1095.728	1.250901099
1096.737	0.8973002973
1097.857	0.8596190476
1099.017	1.001295388
1100.207	0.8485333333
1101.248	0.6909250749
1102.249	0.2093914447
1103.397	0.671264095
1104.407	0.8250465808
1105.597	1.258384158
1106.608	1.403477228
1107.657	0.2906717998
1108.777	0.7772752475
1109.778	0.4413803922
1110.787	0.3326117647
1111.788	0.9507326733
1112.796	1.306865079
1113.797	0.6146975207
1114.808	0.9653786214
1115.827	0.8562457879
1116.837	0.2125048544
1117.838	0.908972549
1118.847	0.4133588184
1119.848	0.8361333333
1120.857	0.4174058252
1121.867	0.8781069307
1122.868	0.9306878097
1123.877	0.6755164835
1124.956	0.7922149254
1125.957	0.7396400336
1127.096	0.5063607843
1128.106	0.4335986336
1129.277	0.4889463148
1130.278	0.4310588235
1131.328	0.7448799328
1132.427	0.6557861386
1133.438	0.450201966
1134.447	1.355837784
1135.617	1.598761239
1136.626	1.031206957
1137.627	1.035140859
1138.628	1.172275724
1139.811	0.7317609277
