0.0	0.1820277228
1.01	0.4318823529
2.029	0.8652615083
3.033	1.613444537
4.041	0.4506352941
5.08	0.9826455446
6.193	1.333394605
7.199	0.7767557932
8.2	0.6713029703
9.219	1.5934
10.229	1.088013223
11.429	1.229386613
12.439	0.9469147826
13.46	0.7964427184
14.469	0.3329381747
15.48	0.9362890625
16.481	0.4940162308
17.489	1.521452427
18.49	0.5678352941
19.539	0.4777928571
20.549	0.5419942803
21.579	1.543414298
22.58	0.8678272884
23.599	0.6293786214
24.629	1.100777778
25.651	0.6530666667
26.771	0.4488687068
27.882	1.031568432
28.883	1.193768087
29.932	1.30777213
31.032	0.2598357143
32.083	0.3168237624
33.122	1.068467327
34.123	0.6528328865
35.124	0.6508851149
36.223	0.8987578947
37.231	1.18551855
38.383	0.7520158573
39.582	0.7915881188
40.584	1.620690476
41.602	0.9338943324
42.611	0.5669069307
43.647	0.9428737864
44.652	0.3143215686
45.752	0.6998811881
46.902	1.295952048
48.022	1.275160396
49.052	0.5828851816
50.222	0.6117006803
51.223	1.264321429
52.322	0.4612435644
53.372	0.9442877123
54.373	1.1931
55.572	0.6286825397
56.573	0.4125272547
57.574	0.3744
58.772	0.2194347435
59.783	1.780083478
60.811	0.3517355372
61.812	0.870054902
62.901	0.5002823529
63.902	0.7795485149
64.913	0.7685834166
65.932	1.873554014
67.093	0.3427814046
68.102	0.3325882353
69.103	1.858140733
70.112	0.5422794846
71.113	0.3159961501
72.262	1.197306931
73.263	0.8854803738
74.411	1.029044801
75.611	0.5320474308
76.612	0.9195168317
77.618	1.099376147
78.732	0.3234727453
79.882	0.4787789891
80.892	0.897180198
82.072	0.3568486957
83.272	1.167511563
84.451	1.512180392
85.621	0.8829623762
86.631	0.7949512605
87.662	0.6781778222
88.663	0.5673366633
89.701	0.9137236364
90.84	0.5580721311
91.841	0.8406263627
93.021	0.696967033
94.023	0.7725461538
95.031	0.5205934718
96.032	1.327643636
97.033	0.566626104
98.142	0.6189250749
99.143	0.5732313725
100.145	0.5527619048
101.311	0.6960441176
102.491	0.9578501292
103.702	1.737621899
104.703	1.784071928
105.89	1.691808837
106.892	1.442908475
107.893	0.6521878122
108.991	1.359136634
110.152	1.033447394
111.161	0.5767145631
112.191	0.3978059406
113.201	1.092400381
114.391	0.6466613861
115.592	1.416313725
116.593	0.3862588235
117.6	0.5872824579
118.621	0.184946363
119.661	0.5743206997
120.772	1.913142857
121.78	0.2163841808
122.782	0.819960396
123.79	0.800991009
124.87	1.646713287
125.871	0.4453518887
126.872	1.424610909
127.873	0.1327551175
128.881	0.5318511166
130.07	0.5209928571
131.19	1.031262022
132.21	0.4701218781
133.35	0.5781825319
134.421	2.263533074
135.43	0.57976
136.431	0.3249320388
137.49	1.438031746
138.491	1.632372816
139.492	1.942769231
140.531	0.9478601399
141.551	1.647839733
142.552	0.2340078431
143.74	0.3125776459
144.751	1.14950495
145.761	0.9348811189
146.762	1.336404697
147.881	0.8647524752
148.91	1.050787989
149.911	0.8614707631
151.08	1.269607921
152.081	1.205898249
153.082	1.196357282
154.36	1.362373541
155.39	0.3506330097
156.58	0.7805069307
157.581	0.3260194175
158.68	0.4442613861
159.681	0.5691268731
160.69	0.3843387873
161.699	0.3557734573
162.7	1.277820183
163.779	0.6079524752
164.789	0.6405148515
165.81	0.4843222004
166.811	0.4986542056
168.0	0.5181196581
169.019	1.433902874
170.02	1.204042267
171.1	0.6424389275
172.24	1.004810361
173.241	1.928575425
174.25	0.4754410307
175.26	0.6216518519
176.37	1.116316832
177.489	0.5444068966
178.59	0.3751456311
179.591	0.4468269795
180.592	0.5138541459
181.619	0.8538968254
182.73	0.5510184874
183.76	0.9257911504
184.85	0.4358295342
185.899	2.224229703
187.0	0.7723174603
188.01	0.4943529412
189.17	1.062383985
190.171	0.8119802176
191.29	0.2975067961
192.291	0.4461882353
193.292	0.6312954128
194.299	0.2880701754
195.36	1.151766924
196.362	0.8373227723
197.369	0.5058285714
198.37	0.1851949564
199.54	1.751093333
200.541	1.041117939
201.62	0.6395728155
202.769	0.811478607
203.9	0.830776645
204.901	1.803924076
205.929	0.6306407767
206.939	0.6531750742
207.94	0.4260660194
209.0	1.303288711
210.009	0.4778534653
211.089	0.4768494516
212.2	0.4171037037
213.329	0.8541386139
214.53	0.4860514851
215.542	0.6872547076
216.549	0.6569346535
217.729	1.322463366
218.73	0.7749861386
219.889	0.6270901961
220.89	0.3365655172
221.899	1.128483168
222.9	2.163016915
223.929	0.9199604352
224.939	0.5657038875
225.949	0.5476825397
227.09	0.6165946482
228.1	1.785889348
229.309	0.3633029703
230.329	0.8462036364
231.431	0.7594455446
232.449	0.4214714662
233.46	0.675619802
234.469	0.8543683168
235.479	0.5680627451
236.489	1.335279208
237.569	0.5579294118
238.57	0.592570297
239.579	0.8769846709
240.769	0.6843650485
241.794	1.396446847
242.889	0.6218059406
243.899	1.521024561
244.909	1.475928144
246.039	0.8804929972
247.088	0.5575864136
248.099	0.595960396
249.208	0.6961744301
250.328	1.21885042
251.358	0.7293544554
252.368	1.063295747
253.398	0.8893142857
254.418	1.760978571
255.439	1.394573427
256.508	1.843423813
257.548	1.013722222
258.568	1.505792979
259.569	0.6887128713
260.588	0.8467881188
261.608	1.079168831
262.618	0.5938437191
263.758	0.5384023786
264.768	1.670180164
265.808	0.5211428571
266.828	1.512599401
267.838	0.4085834166
268.858	0.8791119921
269.859	0.4561472
270.86	0.3463976261
271.888	0.5115718533
272.898	0.962437891
273.908	1.083524752
274.948	0.7795651322
275.968	0.5651733333
276.988	0.3941148515
278.008	0.3914031008
279.018	0.4442616822
280.038	0.6334539007
281.061	0.4752133333
282.908	0.946033366
283.939	1.252003996
284.942	0.5623533981
285.959	0.5711390476
286.962	0.8792071358
287.968	1.065275248
288.988	0.8268514851
290.068	0.8542177822
291.139	0.9372688719
292.164	2.357439049
293.347	0.9681129744
294.358	0.249219802
295.368	1.178677323
296.388	1.20044404
297.408	0.4108927536
298.417	1.19139802
299.418	0.5488141593
300.427	0.6864575425
301.428	1.235436563
302.508	0.4151906615
303.548	0.6603361345
304.549	0.7782653465
305.558	0.9233411765
306.568	0.9104467484
307.758	0.3022628571
308.768	1.447527778
309.778	0.1362815376
310.788	0.3060395257
311.797	0.9222811881
312.808	0.5442477522
313.827	0.4419564356
314.837	0.8553326791
315.847	0.8197333333
316.897	0.3166937063
317.967	0.3257017893
319.047	1.028095238
320.227	0.9986138614
321.326	0.9394727453
322.337	1.302699703
323.347	0.5369342493
324.357	0.468570297
325.387	1.286723489
326.567	0.9812027972
327.577	0.6533994054
328.677	0.5156307692
329.687	1.117076923
330.897	0.5789436202
331.907	0.6047552448
333.077	0.1013333333
334.08	0.4646184341
335.087	0.8379306244
336.107	1.066293651
337.147	0.4651137255
338.337	0.6760237624
339.477	0.5551128713
340.487	1.140561817
341.497	0.7105369369
342.506	0.5173437806
343.517	0.3748277228
344.526	0.3318
345.546	0.4801449525
346.566	0.5052277228
347.567	0.8152862745
348.58	0.2805322896
349.586	0.4511185113
350.706	0.9505163636
351.727	0.5201108911
352.73	0.806328654
353.738	0.1980692308
354.746	0.80128444
355.757	0.6515485149
356.885	0.1100262143
357.897	0.3972654545
358.906	0.8215952381
360.016	0.4953279714
361.197	0.5745924453
362.216	0.9862257426
363.226	0.5613490196
364.236	1.825806194
365.306	1.254121929
366.317	0.6940859813
367.329	0.6785606362
368.336	1.96425974
369.337	0.8909861386
370.386	0.7389582505
371.426	0.2998356164
372.456	0.3393087379
373.486	0.8848991736
374.506	0.607462069
375.526	0.8207683168
376.556	1.039111111
377.566	0.8237304262
378.586	1.030455446
379.606	0.3004235294
380.646	1.069370297
381.806	0.3988038835
382.846	0.4611843137
383.856	0.4506352941
384.866	0.8255169661
385.886	0.4274845155
386.896	0.5832071358
387.936	0.6878653465
388.946	0.4969689922
389.956	1.154172648
390.976	0.7872158416
391.996	0.4489411765
393.026	0.4438219585
394.056	1.270641359
395.066	0.4601009709
396.096	0.530550495
397.101	0.8952784936
398.106	0.990202159
399.146	0.1950415842
400.166	0.8635773295
401.167	0.5188741328
402.206	0.6317514563
403.396	1.519560878
404.606	0.6853406795
405.616	0.7400633663
406.626	0.6971735941
407.646	0.4437207738
408.907	1.590185814
409.916	0.6451906615
411.066	0.349
412.076	0.4806666667
413.077	0.72047105
414.235	0.5282138614
415.276	0.5113840708
416.356	1.790201798
417.377	0.8476356436
418.385	1.51579444
419.435	0.2934769833
420.635	0.3990745098
421.706	0.5775073602
422.73	0.874421875
423.776	0.4934901961
424.825	0.8523156843
425.826	1.024063429
426.855	0.4935529412
427.876	0.7734886957
428.885	0.631545098
429.886	0.7696871287
430.905	1.554301698
432.065	2.066914851
433.066	0.636963037
434.075	1.772316492
435.085	1.213018981
436.179	0.55575
437.196	0.949790099
438.205	1.067982472
439.215	1.812200182
440.216	0.4315126197
441.225	0.5688561404
442.265	1.372154863
443.275	0.2724660194
444.475	0.5479764706
445.516	0.6792554455
446.525	1.626397602
447.526	0.619784525
448.535	1.831113772
449.545	0.5299100899
450.575	0.7641821782
451.595	0.9131666667
452.596	0.876
453.605	0.4650869131
454.805	0.5627785714
455.815	1.022563297
456.825	0.5447675569
457.826	1.073713208
458.835	0.5093386139
459.855	2.107326733
460.885	0.5059588785
461.915	0.7655049505
462.974	0.9105188119
463.985	0.4598538462
464.995	1.577136134
465.996	1.664087215
467.145	0.6905956608
468.334	0.6431341822
469.344	1.040625743
470.354	0.9940222222
471.414	1.022404786
472.435	1.03605395
473.454	0.5654985015
474.464	0.9648263254
475.465	0.6310811881
476.484	0.6224538462
477.504	0.8063683168
478.514	0.9437450199
479.524	0.2362097087
480.674	1.348913988
481.675	1.718019417
482.676	1.742773492
483.784	1.268303843
484.967	0.78798002
486.094	0.2973465347
487.135	1.738052174
488.154	0.9479242685
489.155	0.3392627451
490.156	0.9214638971
491.164	0.616951049
492.235	1.191886525
493.354	1.701314851
494.564	0.5063223301
495.565	0.3370625602
496.715	0.5573676908
497.716	1.614331624
498.834	0.6906853147
499.835	0.5741607477
501.014	2.003244952
502.024	0.5086857143
503.025	1.393278721
504.124	0.6833504951
505.134	0.6398483034
506.264	0.5303479106
507.265	0.4467184466
508.274	0.5325162423
509.365	0.5646984127
510.374	0.3371184466
511.384	1.230087302
512.385	1.175035104
513.404	1.020409569
514.413	0.555429703
515.535	2.025033667
516.664	0.6158881119
517.674	0.6509170829
518.684	0.3348450433
519.693	1.545501887
520.694	2.023008991
521.724	1.215835132
522.763	1.001394495
523.765	0.3035643564
525.214	0.3755805529
526.384	0.4587707317
527.554	0.8966566038
528.684	0.8522176063
529.685	1.107413861
530.704	1.266684825
531.803	1.265221053
532.805	1.653665455
533.814	0.5961410867
534.816	1.284618117
535.844	1.082178218
536.854	0.2164985163
537.987	1.220368682
539.004	1.508015905
540.024	0.4865815126
541.025	0.7967099903
542.033	0.7639276486
543.133	1.205434565
544.143	0.4886633367
545.305	0.6455952381
546.323	1.164963037
547.333	0.6094653465
548.413	1.245168627
549.423	1.404598058
550.433	0.4402059406
551.434	1.505546667
552.564	0.9497944664
553.683	0.6923330069
554.694	0.8863489814
555.703	1.399575706
556.744	0.7230019802
557.873	1.058997003
558.874	1.35399001
559.925	1.17150446
560.933	0.5087715134
561.953	0.6479193277
563.153	0.5785708583
564.154	0.8519255979
565.353	1.235188811
566.363	0.8572831683
567.373	0.4695045872
568.393	0.7320633663
569.424	0.8798352941
570.513	1.987948052
571.523	0.6511921569
572.533	0.9319709091
573.543	1.767216783
574.553	0.3631529412
575.673	0.6888071217
576.862	1.052488471
577.863	1.359809524
578.873	0.5345749293
579.883	0.7062257426
580.903	0.4506352941
581.924	0.1969805735
582.973	0.5222226057
583.991	0.3954779195
584.993	0.6422077151
586.013	0.5583058824
587.015	0.6039841584
588.023	0.8301288404
589.032	0.4250097087
590.193	0.6530188305
591.273	0.7648633663
592.392	0.8579260739
593.603	0.528227451
594.622	1.27773027
595.652	0.3839259882
596.733	0.5217176471
597.739	1.597946054
598.744	1.396039683
599.753	0.250397738
600.763	1.160428147
601.772	0.4362158979
602.773	1.374681319
603.783	0.5316627451
604.832	0.6710571429
605.833	1.513220339
606.852	0.5267893175
607.864	0.1984466019
608.872	0.6611576846
609.882	0.8525510406
610.892	0.5428277228
611.903	0.8496703297
612.922	1.412777778
613.962	0.3578555885
615.153	1.036380198
616.162	0.3068712329
617.163	0.5816307692
618.283	0.8536712871
619.284	1.131526214
620.403	1.540111554
621.404	1.010203593
622.412	0.5494480823
623.422	1.136690598
624.532	1.290785714
625.552	1.340373016
626.562	1.38972448
627.563	0.6859007569
628.583	1.648407592
629.592	1.606440678
630.602	0.5095607044
631.603	1.198919311
632.782	1.493138739
633.792	0.6827332667
634.802	0.7002460973
635.862	0.7099089109
636.865	0.3672967033
637.872	0.8748131868
638.992	0.381370297
639.993	1.629517241
641.003	1.605640336
642.012	0.3126857143
643.182	1.353397448
644.462	0.2255387635
645.464	0.9206073926
646.502	0.4607461538
647.503	0.5929950249
648.512	0.6097125867
649.602	0.4814891089
650.604	0.5939077527
651.624	1.380414815
652.632	0.2849267327
653.652	1.327250227
654.663	1.018878187
655.672	0.3729884854
656.772	0.8657504951
657.972	0.3887262022
658.973	0.6860313725
659.987	0.6058217822
660.993	0.5467267385
661.994	0.8421861386
663.002	1.522005994
664.013	0.8467009901
665.062	0.8624735265
666.082	0.4915341675
667.132	0.3492504854
668.162	1.278408488
669.233	0.9197125749
670.292	1.247588179
671.293	0.8354084231
672.392	0.2868815534
673.502	1.621520693
674.512	1.3855571
675.662	0.4129821782
676.672	0.9918538462
677.673	0.3910736016
678.851	0.4083529412
680.022	0.5935279138
681.023	0.4614970297
682.072	1.345466799
683.102	0.8547234886
684.123	1.511232767
685.241	0.5479320679
686.243	1.389557978
687.331	0.976570297
688.412	0.6526464251
689.431	0.7241029703
690.671	0.7326811881
691.836	0.6571540726
692.881	0.3487533981
693.984	0.3374431373
695.091	1.272044486
696.292	0.9849030969
697.301	0.4673771377
698.311	0.1022803738
699.312	0.6926230769
700.452	0.5472680514
701.461	0.6394455446
702.581	1.215696015
703.612	1.692835165
704.741	0.3258153242
705.751	0.89232111
706.752	0.8552922465
707.761	0.7116803197
708.771	0.7672309217
709.781	0.498242623
710.821	0.9808840436
711.951	0.7735298805
712.961	1.278435088
714.001	0.6658766355
715.082	0.9073855302
716.091	1.010150975
717.101	0.9090609037
718.111	1.739993266
719.121	0.6492718351
720.131	0.1953457557
721.143	0.3792475248
722.182	0.498439604
723.221	0.8478493558
724.241	0.2910990291
725.251	0.4044673267
726.281	0.9725022915
727.301	1.360586139
728.401	0.7097425743
729.411	0.6921958042
730.412	1.31500198
731.44	1.481654346
732.441	0.3765623762
733.442	0.5693411765
734.461	0.5598019802
735.471	0.5853647059
736.501	0.8834823529
737.511	0.2736404276
738.536	1.180558882
739.64	0.4812235294
740.651	0.5739980373
741.652	1.201315385
742.823	0.4131213115
743.863	0.5475495343
744.871	1.237408826
745.882	0.7095
746.89	1.363953195
747.911	0.6285398374
748.991	0.9344633663
750.12	0.7207992087
751.121	1.379964036
752.125	0.8421364985
753.337	0.202345098
754.361	0.9520150943
755.381	1.897297725
756.382	0.5239686275
757.383	0.6025254745
758.391	1.689006993
759.4	0.3207153846
760.42	1.402756703
761.43	0.6610352941
762.591	1.256773333
763.6	1.033005941
764.71	0.5328216216
765.781	1.314146535
766.8	0.4176244042
767.802	0.6099663551
768.811	0.5960901077
769.841	1.670583581
770.87	0.9254185814
771.9	0.5795153846
773.01	0.6326461538
774.02	0.4518117195
775.07	0.1431925234
776.071	0.6973782178
777.27	1.158544016
778.48	0.6557940594
779.611	0.5469811695
780.62	0.5640673935
781.66	0.9519388145
782.662	1.412236136
783.68	0.5296871287
784.69	0.9173565217
785.691	0.4415921569
786.85	0.9604537114
787.86	0.3521256198
788.87	0.9548773109
790.0	0.7306534653
791.12	0.8608800755
792.13	0.4188577036
793.15	0.5336893367
794.2	0.4005222552
795.24	0.6767445545
796.25	0.302551001
797.353	0.4656715258
798.36	0.5264980237
799.361	0.5747405941
800.37	0.494160555
801.371	0.3260907563
802.47	0.6527314286
803.64	0.5300693756
804.81	1.782141885
805.811	0.594403653
806.83	0.8521558442
807.92	1.177565684
808.921	1.77842957
809.933	1.78581746
810.99	0.6774520277
812.0	0.3568932806
813.002	0.2501485714
814.01	0.1621333333
815.02	1.347932068
816.052	0.1033339056
817.06	1.672692674
818.2	2.011540726
819.34	2.040839161
820.54	0.7037054726
821.542	1.288840436
822.67	0.4275
823.68	0.3605260059
825.22	1.086223984
826.222	0.8533810945
827.23	1.270385198
828.24	1.585801609
829.27	0.8483326733
830.279	1.69846953
831.28	1.298978044
832.281	0.1190643699
833.29	0.7338716981
834.389	0.6220257681
835.499	0.4403375859
836.503	0.5484470588
837.67	0.6284673267
838.679	1.451876124
839.82	1.6721625
841.019	0.6710834951
842.02	0.5232396694
843.029	2.105189296
844.11	1.59340337
845.3	0.4542442357
846.459	1.720031936
847.461	0.521639604
848.47	1.282677228
849.621	0.885272381
850.622	1.112876522
851.701	0.4342431373
852.709	0.4760158416
853.719	0.6373073171
854.721	1.816043088
855.729	0.9961308226
856.799	1.497278721
857.809	0.249219802
858.81	0.4991764706
859.999	0.65134283
861.189	0.4547
862.19	2.125170829
863.199	0.6600871287
864.299	1.069665034
865.43	1.10104996
866.439	0.5856413678
867.44	2.147652348
868.449	0.9047445545
869.45	0.6032894995
870.469	1.383610256
871.479	0.4720432432
872.679	1.670201866
873.699	0.4965861386
874.799	1.734561439
875.934	0.8658351539
876.939	1.930315369
878.129	0.5534865135
879.219	1.170922772
880.259	1.244851149
881.269	0.3700257171
882.278	0.4113320388
883.279	1.607893333
884.309	1.373141818
885.328	0.3108481881
886.339	1.796461233
887.389	0.7427249757
888.399	1.535840319
889.419	1.14441391
890.428	0.5572514851
891.438	0.5041542912
892.439	0.4985009709
893.469	0.6288888889
894.479	1.77402381
895.499	0.00862835249
896.598	0.3906693069
897.618	0.5100514851
898.619	1.095288711
899.639	1.068371628
900.658	1.440186368
901.688	0.8807699711
902.697	0.4936923077
903.768	1.474616452
904.778	1.216911089
905.808	1.112954128
906.829	0.5593029703
907.838	0.5769320388
908.849	0.3069148515
909.858	0.8942160555
910.859	0.6692594059
911.869	0.484972549
912.878	1.286193035
913.888	0.2094769231
914.889	1.674387226
916.068	0.9578415094
917.078	1.480218803
918.158	0.8801266667
919.169	0.5948412698
920.178	1.550505495
921.188	2.08226973
922.258	1.129268583
923.295	1.290501499
924.298	0.8982520107
925.328	0.7706878097
926.329	1.117192593
927.338	0.3859238095
928.418	0.7985584158
929.599	0.5180842105
930.608	1.216791209
931.708	0.5672094862
932.718	1.097498513
933.722	0.9188899901
934.728	0.5119445545
935.738	0.6674138614
936.898	0.4813974485
937.908	1.46577693
938.918	0.736235525
939.932	0.7902912621
940.958	1.273369492
941.968	0.3089236868
942.977	0.3205264957
943.988	0.790439604
945.018	0.6257821394
946.038	0.7573959965
947.068	0.6890342801
948.108	0.4540971259
949.138	0.8117962038
950.148	0.518
951.177	1.14590099
952.188	0.7345966303
953.258	1.522421578
954.269	0.4493612903
955.279	1.281365854
956.506	0.7067092907
957.517	0.2241873874
958.836	1.305105455
959.947	0.9964872299
961.037	0.5381433962
962.096	1.520509735
963.166	1.581575758
964.167	1.686474605
965.358	0.3471843137
967.846	1.610946535
968.847	0.4129980198
969.856	0.4184470588
970.866	0.8530434783
971.876	0.3387764706
974.196	0.7968645533
975.197	0.7200633663
976.198	0.9368087215
977.206	1.225708044
978.346	0.7093194805
979.476	0.6390763636
980.536	0.7601595214
981.596	1.355968317
982.726	1.83418981
983.767	0.5818592666
984.777	1.407440559
985.886	0.7832237624
986.946	1.145782178
987.966	0.3289090909
988.976	0.4201960784
990.006	0.2089752381
991.016	0.3116387097
992.157	1.079493069
993.167	1.611960396
994.176	0.5742891089
995.186	1.480134787
996.206	1.445943688
997.246	1.483909008
998.466	0.4257408506
999.476	1.531788212
1000.495	0.4768754717
1001.496	0.9102936508
1002.506	0.9634060823
1003.526	0.4425396825
1004.726	1.060659649
1005.846	0.6590447193
1006.866	1.707057426
1007.896	0.7416372646
1008.906	0.356609901
1009.916	0.5003407155
1010.935	0.961772973
1011.945	0.7934465534
1012.986	0.1806291262
1013.995	0.3254745098
1014.996	0.6768237624
1016.015	0.3775207921
1017.025	1.093902569
1018.066	0.4943128713
1019.085	0.1562504348
1020.095	1.437220217
1021.305	0.8456293766
1022.325	0.4224565916
1023.335	0.3343270565
1024.355	1.075957073
1025.385	0.5755168317
1026.395	1.695704296
1027.396	0.4188577036
1028.435	0.6715961165
1029.575	1.507172827
1030.585	0.5735524752
1031.595	0.6056129647
1032.665	0.9329321534
1033.685	0.9501930912
1034.717	0.7173306931
1035.725	0.6642217822
1036.805	0.4822745098
1037.895	0.4117544554
1038.925	0.6984941176
1039.945	1.178239714
1040.995	0.5848
1042.045	0.648288499
1043.235	0.1751222329
1044.285	0.4486118547
1045.296	0.621224327
1046.315	1.581864286
1047.325	0.9366553447
1048.345	0.9467864407
1049.365	0.6181978866
1050.385	1.073356863
1051.405	1.015688312
1052.415	0.787124632
1053.436	0.6932277228
1054.475	0.210054902
1055.535	0.6483709091
1056.545	0.5513109388
1057.594	0.5876531792
1058.604	0.9145254745
1059.665	1.641533101
1060.785	0.4358076923
1061.805	0.7661623762
1062.815	0.4504916748
1063.877	0.5999495041
1064.888	0.6295294118
1065.928	0.4300019212
1066.948	1.551896104
1067.958	0.740419802
1068.988	1.092172549
1070.028	0.5457663366
1071.208	1.13034291
1072.227	0.2735445545
1073.228	1.191701668
1074.317	0.5367032967
1075.327	0.4372356436
1076.427	1.30199604
1077.687	0.8065098039
1078.688	0.9835643564
1079.707	0.3489391304
1080.718	1.315689741
1081.737	0.4249099181
1082.767	1.460765114
1083.777	1.669209302
1084.79	1.318300826
1085.837	0.5956
1086.877	1.432721506
1087.918	1.757013972
1088.927	0.3718357964
1089.937	0.9484419048
1090.948	0.327952048
1091.978	0.3757522478
1092.987	0.3148990099
1094.097	0.3472615385
1095.107	0.5974486486
1096.117	1.671526627
1097.127	0.8131298315
1098.148	0.6154566038
1099.167	0.5064895937
1100.177	0.9575617128
1101.203	0.6122517483
1102.377	0.7859040157
1103.397	1.334574257
1104.407	0.6208687036
1105.417	0.4798666667
1106.608	0.5867485149
1107.617	0.9573306852
1108.638	1.381485714
1109.797	2.040367632
1110.837	0.2556627451
1112.027	0.4759841584
1113.037	0.3997517241
1114.137	0.9669813908
1115.147	0.4439137255
1116.157	0.3404067797
1117.16	0.565210084
1118.167	0.4924582524
1119.417	1.070081918
1120.427	1.023289547
1121.437	0.9812850334
1122.457	0.1934571686
1123.497	1.159262022
1124.507	0.6979326733
1125.716	1.332437607
1126.717	0.9634324786
1127.727	0.2125048544
1128.737	0.5364705882
1129.767	0.5207373637
1130.877	0.9931828172
1131.887	0.6698059406
1132.907	1.140907093
1133.917	0.5144031621
1134.927	0.875452381
1135.987	1.211004995
1137.017	1.167704296
1138.036	0.3544733333
1139.467	0.7967504425
1140.487	1.238229508
1141.506	0.6426455446
1142.527	1.105314851
1143.547	1.568087912
1144.557	0.8334271556
1145.567	0.9316831683
1146.577	1.506333666
1147.597	0.4476076923
1148.607	0.7644468275
1149.617	0.4428302521
1150.628	0.6082258065
1151.636	0.5984
1152.637	1.014213922
1153.667	1.551730426
1154.676	1.511896104
1155.857	1.034439604
1156.907	0.9407357143
1158.016	0.6934196078
1159.037	1.680267191
1160.057	0.7098661339
1161.076	1.555274529
1162.296	1.011948464
1163.316	0.4473169774
1164.376	1.054029674
1165.396	0.9628314987
1166.407	0.6614352941
1167.426	1.087386408
1168.456	0.4142987141
1169.626	1.357002973
1170.866	0.4826890756
1172.026	0.8946902655
1173.036	0.8973346653
1174.046	0.5755480674
1175.047	1.394312997
1176.057	0.5988474576
1177.066	0.5191833499
1178.076	0.309254902
1179.097	1.173139122
1180.106	0.8589861386
1181.107	1.435365766
1182.266	0.849837037
1183.276	1.397364985
1184.286	0.9114661582
1185.406	0.9353111111
1186.407	0.7290772277
1187.586	1.991000999
1188.596	0.5974891089
1189.606	0.7126653465
1190.616	0.7269103448
1191.666	0.4041384615
1192.696	1.41122
1193.697	0.481980198
1194.706	0.9515863415
1195.707	0.6475764236
1196.846	0.9655327103
1197.856	1.270275449
1198.866	1.945742258
1199.876	0.5368471528
1200.886	0.5565874126
1201.939	0.6440475248
1203.146	1.889182817
1204.155	1.516110891
1205.316	1.582095984
1206.326	0.6504800651
1207.356	0.7347485282
1208.376	0.9122775025
1209.386	1.593246753
1210.396	0.864991009
1211.416	0.3792475248
1212.436	0.3889872173
1213.476	0.6334814815
1214.485	1.241980198
1215.746	0.6944712871
1216.756	1.651678252
1217.856	1.468640927
1218.857	1.746793651
1219.876	0.2045148515
1220.886	0.6535318315
1221.906	1.709819593
1222.916	0.9180079365
1223.917	0.6172135729
1224.967	0.3841176471
1225.969	0.6692
1226.975	0.5127475292
1227.985	1.402395126
1228.996	1.066346263
1229.997	0.4935529412
1231.007	0.5368387097
1232.015	1.270147105
1233.016	1.13165614
1234.026	1.043285714
1235.205	0.8571615385
1236.305	0.3618265204
1237.306	0.2066855524
1238.395	0.645790099
1239.406	1.505094905
1240.415	1.685335945
1241.475	1.090360396
1242.495	1.02463745
1243.685	1.809466799
1244.686	0.3763365517
1245.695	0.4637540826
1246.885	0.4117544554
1247.895	1.366641359
1248.896	1.754901099
1249.905	1.373383051
1250.915	1.544864654
1251.916	1.340933105
1252.946	0.4828235294
1253.967	1.398251236
1255.005	0.6414415094
1256.006	0.4882613861
1257.195	0.8374282888
1258.196	0.8404550459
1259.315	0.6998891089
1260.325	0.6183762376
1261.555	0.7039524752
1262.576	0.4783264971
1263.577	0.1948486647
1264.586	0.4393254902
1265.596	1.367736264
1266.646	0.507992233
1267.655	0.5192887113
1268.725	0.8149143342
1269.736	0.4559307692
1270.885	0.9081803922
1271.905	0.9700255152
1272.915	0.7785803922
1273.935	0.4889421001
1275.005	1.543832168
1276.006	0.8172116505
1277.015	2.191533136
1278.016	0.2302655462
1279.025	1.542057483
1280.045	2.029813751
1281.245	1.034556863
1282.257	1.31832967
1283.296	0.9800070796
1284.305	1.286577954
1285.765	0.4673254902
1286.776	1.644382906
1287.777	0.7870415842
1288.795	1.037152941
1289.815	0.6978851485
1290.975	0.8157818182
1292.355	0.4925377821
1293.384	0.6049303238
1294.395	1.637362637
1295.404	1.082142993
1296.416	0.5473209028
1297.44	0.3293825243
1298.737	0.1661142857
1299.754	0.6064888889
1300.775	0.4831318137
1301.785	1.699857143
1302.805	0.5746376238
1303.914	1.276589812
1304.975	0.2926461538
1305.986	0.2592
1306.994	0.4768854369
1308.015	0.2057846154
1309.025	0.8528968254
1310.034	1.361339207
1311.054	1.417568627
1312.225	1.429786214
1313.344	1.667618864
1314.364	0.1597884427
1315.374	0.4206673327
1316.375	0.7918574257
1317.439	1.562965138
1318.445	0.8904099822
1319.465	0.548
1320.694	1.982273603
1321.704	0.5961029703
1322.705	1.060868186
1323.715	1.004838654
1324.865	1.107476923
1325.894	0.1611344828
1326.914	0.978
1327.924	0.4403375859
1329.164	0.823927092
1330.255	1.54786014
1331.454	1.212108738
1332.684	0.978481665
1333.694	1.406027723
1334.704	0.6097067669
1335.724	1.243483186
1336.894	0.251429703
1337.914	0.7947698413
1338.935	1.464491576
1340.154	1.060340594
1341.244	0.1593860322
1342.264	1.100166337
1343.274	0.9614617676
1344.285	0.3936939365
1345.334	0.5747643564
1346.354	0.7601846154
1347.374	0.5528711289
1348.453	0.5323921569
1349.464	0.4917623762
1350.474	1.160655345
1351.504	0.1606458716
1352.514	0.5351085714
1353.524	0.7876825397
1354.714	0.6474846383
1355.723	0.5686588235
1356.934	0.3720832507
1357.994	1.22486444
1359.164	0.9469198813
1360.215	0.2721420959
1361.334	0.7549176471
1362.544	0.6039686275
1363.563	0.2138615385
1364.866	0.4357106046
1365.895	0.9511992071
1367.034	0.5484737864
1368.043	0.4454866667
1369.193	0.5860594059
1370.217	0.6354693069
1371.223	0.1589473684
1372.224	0.5367841584
1373.264	1.456766467
1374.284	1.509410589
1375.294	1.077727359
1376.303	0.7357544554
1377.314	0.2483492063
1378.323	0.6106873786
1379.344	0.4716317336
1380.353	0.6545029703
1381.375	1.035356643
1382.593	1.378884211
1383.623	1.110894597
1384.633	0.4348754717
1385.643	0.4005222552
1386.654	0.8552407592
1387.674	1.150669307
1388.683	0.6986798811
1389.703	1.298941059
1390.714	1.561910803
1391.734	0.6759480519
1392.743	0.8217491525
1393.753	0.4994588235
1394.783	0.8214850299
1396.023	0.8102377622
1397.243	1.440164706
1398.313	1.578584958
1399.674	0.2552776699
1400.803	0.7219020979
1401.804	0.7724952381
1402.993	0.3732754195
1404.443	0.40600999
1405.453	1.083677591
1406.493	0.3600717846
1407.503	1.136415584
1408.543	0.3648
1409.553	0.3018620143
1410.603	0.6858625954
1411.638	0.830953047
1412.664	0.6564612326
1413.227	1.33393007
