0.0	0.538231454
1.001	1.111481481
2.06	1.14330297
3.061	0.1716705882
4.13	0.9366482759
5.39	1.37034965
6.412	1.275179386
7.431	1.139060456
8.591	0.9617983471
9.6	0.129455869
10.601	0.6135266055
11.61	0.5070019802
12.82	1.086801587
13.83	0.801790099
14.839	0.8906548673
15.84	1.646352475
16.841	1.127157895
17.842	1.442045217
19.091	1.236951629
20.291	0.6212642074
21.292	1.360237389
22.293	0.8968637168
23.3	0.2501485714
24.48	1.551911927
25.482	0.9208712871
26.68	1.125275459
27.82	0.7384975223
28.821	1.03748368
29.97	1.338402355
30.979	0.8256863137
32.039	0.9149647059
33.04	0.3590756063
34.239	0.9837706093
35.251	1.255666667
36.44	1.1419
37.461	0.2489732938
38.481	1.184052288
39.86	0.1595335277
40.959	1.12655534
42.14	0.8654007782
43.16	0.8371585127
44.219	0.9597354086
45.46	0.7420891972
46.59	0.99712
47.61	1.121654346
48.75	1.272118812
49.84	0.7391793855
50.841	0.2216899225
51.919	1.0157
52.97	0.3164495238
54.12	0.9515718533
55.129	1.076827173
56.166	0.174734812
57.25	1.501869307
58.251	0.501203252
59.26	1.10294902
60.261	0.8547459868
61.46	1.073958375
62.6	0.4853385519
63.601	1.343263366
64.61	0.1253421053
65.63	1.729966303
66.631	0.5040307988
67.709	0.4325559322
68.719	0.5262794846
69.72	1.111176471
70.74	0.9995388311
71.741	0.9924591304
72.75	0.9325203883
73.759	1.133758416
74.769	0.5975079365
75.829	1.081982161
76.83	1.110185814
77.839	0.9245634366
78.909	0.9474583684
80.01	0.7593346535
81.019	1.168459861
82.029	1.073466799
83.039	0.3562293489
84.041	0.4223529412
85.049	0.483638484
86.05	0.4607686275
87.059	1.0502
88.069	0.5512691162
89.129	1.022728384
90.229	0.2238484848
91.37	0.7790970297
92.379	0.4582531894
93.38	0.9000555042
94.39	1.354658683
95.399	1.043775369
96.428	0.9660990099
97.45	1.253146853
98.459	0.861639604
99.469	0.6349170829
100.479	0.1593786408
101.539	0.4533568627
102.579	1.385238367
103.589	0.6282745098
104.78	0.2682352941
105.839	1.010586916
106.849	1.459944554
107.939	1.027701493
109.069	0.8017980198
110.079	0.9717126342
111.089	0.7898772277
112.099	1.247730693
113.339	0.2190182868
114.34	0.5100116505
115.349	0.5312621359
116.558	1.004848716
117.579	1.245762238
118.739	1.188043956
119.75	0.6085568627
120.759	1.260635294
121.799	1.532678643
122.809	1.019548452
123.81	0.8132240437
125.059	0.9845790476
126.167	0.4941465347
127.179	0.8880814249
128.18	0.6851009901
129.189	0.265631068
130.2	0.3389250749
131.369	0.6891186441
132.519	0.4787436941
133.52	1.013948515
134.539	1.304738828
135.54	1.023656344
136.549	0.9126666667
137.569	0.8876468468
138.648	1.001805054
139.739	0.7717176471
140.749	0.7894415842
141.949	1.253275248
142.969	1.310758621
144.088	0.3148565776
145.209	0.3058203593
146.44	1.481976471
147.64	0.9330116175
148.659	0.5076061839
149.679	0.4152971576
150.829	1.315112871
151.889	0.911879646
152.89	1.065213082
153.899	1.096807921
154.909	0.8120079208
155.959	0.4022946955
156.988	1.042387226
158.069	0.4996165289
159.189	0.1894153846
160.199	1.293594461
161.209	1.8296
162.219	0.7467681416
163.228	1.10026561
164.349	0.1716705882
165.429	0.4559524752
166.438	1.025989565
167.449	1.149758416
168.459	0.4546598291
169.609	1.115294118
170.618	1.091471698
171.629	0.8769164599
172.719	0.6973280943
173.789	1.078578641
174.868	0.7859425173
175.869	0.9247407407
177.098	0.9225663366
178.099	1.133558203
179.118	1.250869231
180.288	1.061754661
181.308	1.100532637
182.322	1.883233533
183.338	1.000635714
184.358	0.2948594059
185.368	0.6937462537
186.428	0.1876040703
187.439	0.804765114
188.468	1.099231068
189.488	1.475353816
190.505	0.3218823529
191.6	0.9573571429
192.608	1.3598002
193.661	0.9132147852
194.678	1.376686596
195.788	0.9493385672
196.818	0.9277588286
197.829	0.6093454545
198.888	1.056855688
200.098	0.814700661
201.108	1.407802176
202.168	1.019100099
203.378	1.183469307
204.528	0.9986851485
205.728	1.220709163
206.799	0.2266825871
207.841	0.2757824561
208.858	0.7818959538
209.868	0.782049554
210.928	0.7872460317
211.938	0.3326117647
212.939	0.884
213.948	0.4265933202
214.959	0.3684118812
216.178	0.6198732673
217.199	0.2209846154
218.218	0.9515952381
219.227	0.1372760331
220.238	1.111536801
221.239	0.4037592233
222.277	1.042166667
223.278	1.079184314
224.298	1.098964389
225.558	1.388251748
226.568	0.1776458952
227.628	0.2661619654
228.728	1.270538843
229.748	0.8685733333
230.848	1.161105882
231.858	0.9569220339
232.897	1.275865347
233.898	1.29010989
234.927	0.9990809191
235.928	0.8423479106
236.947	1.151733333
237.948	0.9417647059
238.958	0.5707855341
239.959	0.5798019802
241.347	0.9146613387
242.387	1.084007921
243.477	0.7216079208
244.487	0.7036594059
245.547	0.9437901639
246.567	1.092955752
247.577	0.889958042
248.597	0.863024975
249.706	1.240641584
250.717	0.9961226508
251.896	1.14426087
253.017	0.8961192982
254.157	0.9187808837
255.387	0.9435396226
256.427	0.76152
257.437	1.22224777
258.466	1.101762238
259.475	0.9149560337
260.636	1.950705295
261.646	0.9251161049
262.696	1.062683845
263.707	1.453010989
264.936	0.3825087379
265.951	1.116611389
267.035	0.752232939
268.076	0.3098153846
269.085	0.9591642857
270.234	0.7727841584
271.294	0.7224215784
272.444	0.8465014866
273.594	0.9190168484
274.605	1.677672584
275.634	0.8743529412
276.664	0.6415923077
277.724	0.2036591577
278.754	1.045825319
279.764	0.9390242954
280.816	1.437891839
281.834	1.003104951
282.864	0.4742868447
283.874	0.8712699029
284.875	0.9830666667
285.894	0.1459809524
286.924	1.472069364
287.944	0.9273176471
288.964	0.8453042616
289.974	0.8285257143
290.984	1.2472
292.124	0.8508451548
293.174	0.2108477064
294.184	1.26866997
295.194	0.6716439169
296.224	0.2153083573
297.234	1.122447525
298.254	0.5519859649
299.264	0.9734335472
300.284	1.103960396
301.804	0.506614937
302.814	0.7172487612
303.824	0.3983924528
304.864	1.012932976
305.884	1.280525214
306.894	1.265579365
307.904	1.272285149
308.922	0.7784615385
310.034	0.1894153846
311.036	0.4713821782
312.044	0.8257033667
313.054	0.8235405941
314.064	1.034017664
315.293	1.188196831
316.294	0.6265923077
317.384	0.7082376238
318.394	1.034732075
319.414	0.2373230769
320.422	0.6435490909
321.424	1.126488625
322.434	0.6456679245
323.474	0.1023748031
324.494	1.099494855
326.004	0.1216
327.014	1.267812188
328.154	0.4823506366
329.164	0.3007183513
330.174	0.2409688073
331.244	1.048634291
332.374	1.234381618
333.384	0.9497838329
334.394	1.865654346
335.404	0.365157998
336.406	1.490797203
337.414	0.3399255814
338.624	1.050245754
339.636	0.8501094527
340.673	0.7452116505
341.713	0.4403375859
342.853	0.857950446
343.884	0.8158881119
345.123	0.8988752475
346.125	0.6226493506
347.153	1.308675325
348.164	0.6294185814
349.214	1.153892857
350.254	0.2255790458
351.353	0.8429311295
353.114	1.172011753
354.173	0.9699266601
355.184	1.029131938
356.193	0.8190689311
357.253	0.7017132075
358.263	0.8521798202
359.393	0.8882373887
360.403	0.2803389163
361.935	1.853718812
362.964	0.7307564356
363.974	0.2420307692
364.975	1.021851543
365.983	1.418524771
367.003	0.9155932203
368.004	0.9159480519
369.043	1.219710605
370.123	1.353189296
371.164	0.5378230769
372.173	1.049853465
373.205	1.185015873
374.333	0.8028840864
375.334	0.6927426956
376.343	1.245831579
377.353	0.8226666667
378.368	0.6322779708
379.373	1.115445545
380.393	1.291028971
381.693	0.9861915709
382.703	0.7281719626
383.729	1.119199338
384.748	0.2475603533
385.878	0.1121419795
386.888	0.8457742574
387.898	1.151992071
388.928	1.090780198
389.988	0.9459816514
390.998	1.804027972
392.028	1.464143856
393.048	1.165818182
394.078	1.279141284
395.128	0.5672679245
396.218	0.8339009901
397.228	0.5762485437
398.258	0.3643543307
399.268	1.067655172
400.278	0.4965381818
401.548	0.3509737609
402.563	0.9435444555
403.568	0.8675093229
404.728	0.2817267327
405.738	0.3508662042
406.748	0.5427649951
407.758	1.324780142
408.768	0.8546059406
409.868	1.037394059
410.899	0.2443805825
411.938	0.8826826347
413.148	0.7156786325
414.238	1.13763037
415.248	0.7573254902
416.249	0.54016
417.258	0.8976095144
418.299	0.5402772277
419.308	0.8381882353
420.418	0.3475957652
421.428	1.196059465
422.438	0.6709206349
423.439	0.353560396
424.458	1.339010924
425.558	0.633195572
426.588	0.9604265669
427.598	0.2204835165
428.608	0.7139169811
429.609	0.1950415842
430.619	0.1465714286
431.838	0.9379663033
432.858	0.7919230769
433.859	0.204460177
434.948	1.592727273
436.008	0.8148983607
437.009	0.5422796528
438.018	0.8483017544
439.029	0.2686352262
440.418	0.3988526829
441.588	0.3004235294
442.589	0.5041
443.688	0.2467764706
444.689	0.4781359223
445.818	0.9595615385
446.908	0.5619588235
447.948	0.9355960396
448.978	1.095985965
450.028	0.4874845938
451.072	0.6992709677
452.148	1.003485149
453.158	0.8791528472
454.168	0.3848806774
455.178	1.013234951
456.179	1.272166195
457.188	1.10989891
458.208	0.1421000981
459.218	1.026447525
460.248	1.152886251
461.258	0.8393420561
462.268	0.9098772277
463.318	0.9483564356
464.319	0.5066980656
465.328	0.1699912968
466.478	1.105111864
467.479	1.026835644
468.48	0.238148368
469.488	1.528173129
470.608	0.3982117647
471.619	0.9596206897
472.768	0.9423524752
473.769	1.319321357
474.867	0.6540594059
475.938	1.062033966
476.942	1.039633937
477.959	1.217193579
478.969	0.8175782313
479.97	1.418300273
480.977	1.987623389
482.118	1.058801025
483.158	0.9667457627
484.159	0.7508051434
485.168	0.8859140859
486.318	0.9310929071
487.319	0.5843883495
488.458	0.1842768943
489.459	0.2600554455
490.46	0.9765354645
491.467	0.4766415842
492.478	0.2291496063
493.487	0.9747722772
494.488	0.5250438095
495.489	1.230148368
496.558	0.8551396226
497.578	0.1842117647
498.778	0.9499076923
499.779	0.8139564356
500.788	0.842780198
501.938	0.7862196078
502.94	0.5682693069
504.118	0.7978031496
505.128	1.214344554
506.129	0.7014599407
507.13	0.7175215686
508.168	0.206490566
509.177	0.2273541076
510.187	1.371503747
511.198	0.8221209118
512.497	1.1888
513.667	1.650029732
514.688	0.9820520446
515.717	0.4959700935
516.807	0.6189176471
517.832	0.9070653465
518.841	0.8727304348
520.383	0.9393307692
521.392	1.233181368
522.472	1.275506317
523.483	1.148836472
524.542	0.3187572816
525.552	0.8341306192
526.572	1.113834862
527.592	0.6098149254
529.092	0.6721742574
530.102	0.4707960396
531.103	0.9807622505
532.112	0.8484043608
533.122	0.9726144698
534.133	0.2339846154
535.142	1.0688444
536.262	1.014033966
537.282	1.131944554
538.283	0.9398820375
539.312	0.3687770069
540.322	1.056464286
541.512	0.7945309584
542.602	0.4193776016
543.612	1.175536464
544.662	0.1991724138
545.812	0.9153027523
547.102	1.014243323
548.132	0.6256846154
549.162	0.987984127
550.362	1.059055556
551.79	1.131250909
553.252	1.227614761
554.344	1.042434093
555.352	0.6840935454
556.353	0.8342538462
557.452	1.145954086
558.521	0.3506330097
559.526	0.4464501424
560.542	0.2951928072
561.572	0.4009188119
562.592	1.113240432
563.612	1.179971119
564.641	0.9430336634
565.642	1.087248276
566.682	0.2253176471
567.692	1.253858142
568.702	0.2619574468
569.712	0.9290731707
570.901	1.223067826
571.941	0.883817454
572.951	0.8589735849
574.032	0.6875692308
575.041	0.7750500491
576.052	0.9957577982
577.062	0.1785688801
578.092	1.04689901
579.101	0.5194598291
580.201	0.8920673401
581.211	0.7215584416
582.241	0.3871287129
583.252	0.6732619048
584.272	1.021946482
585.289	1.186606232
586.302	0.8784886251
587.311	0.7964083107
588.362	0.7678837607
589.363	0.1262769231
590.371	0.9460539461
591.372	1.058190654
592.391	0.6070690335
593.422	0.7526746032
594.461	0.2402490272
595.821	0.8624
597.223	1.074299401
598.322	0.3614656981
599.323	0.9446342914
600.341	0.319636004
601.443	0.7123168317
602.462	0.8169740519
603.479	0.3792475248
604.482	0.6303486239
605.671	1.007063492
606.842	0.1436039604
607.851	1.286033966
608.891	1.059670961
609.902	0.8946431373
611.081	0.3362378593
612.28	0.6073980198
613.291	0.9195928571
614.292	1.198407921
615.382	0.4853426087
616.391	1.184383193
617.411	1.040536443
618.571	1.122040367
619.582	0.8464316832
620.591	0.8289851632
621.621	0.9389750748
622.681	0.1413773913
623.721	0.5883022571
624.991	1.141818182
626.001	1.091723636
627.231	0.699160396
628.241	1.328553907
629.281	0.6988514851
630.301	1.338597403
631.311	0.2733266733
632.481	0.6919
633.491	0.8885782178
634.501	1.696855145
635.531	0.9160316832
636.661	1.022725849
637.811	0.5367524752
638.821	0.6991018793
639.851	0.2295944056
640.911	0.1718390579
641.922	0.5217777778
643.021	1.00007992
644.031	0.1433264733
645.041	0.905966034
646.051	0.7686897919
647.071	1.017374233
648.081	0.3012110092
649.121	0.3940594059
650.141	0.6417593688
651.151	0.9919192661
652.331	1.244444444
653.332	1.32753221
654.381	0.6905163205
655.541	0.5319615385
656.741	1.111366963
657.742	0.5507410072
658.751	1.183135135
659.881	0.3638980392
660.901	0.998382557
661.971	0.8403889908
662.981	0.7750440678
664.161	0.8459881188
665.163	0.3540779221
666.171	1.523198413
667.181	0.4330772277
668.401	0.9671445545
669.421	0.7831841584
670.431	1.048689908
671.651	0.686743083
672.751	0.1162650841
673.871	0.7147259259
675.122	0.6732435644
676.131	0.5220621931
677.15	1.145094905
678.161	0.4100890208
679.162	0.8639524752
680.163	0.4270811881
681.351	0.6379054545
682.361	1.024647273
683.561	1.290197802
684.563	0.2686524272
685.571	0.5566866667
686.577	0.9733491592
687.741	1.097953153
688.75	0.7741944954
689.961	0.2628242075
690.98	0.9025438724
692.051	1.055576424
693.052	0.5725019608
694.161	0.3359049505
695.17	0.9357462834
696.171	1.19795572
697.34	1.061668979
698.342	0.7348605341
699.351	1.303595639
700.362	1.630324277
701.591	0.2658892128
702.711	0.4732495637
703.76	0.2410376238
704.8	0.8549217047
705.81	0.3206132879
706.811	1.263168317
707.941	0.1516990099
709.06	0.2585612648
710.28	0.3052307692
711.29	0.6080800667
712.31	0.8974705295
713.35	1.114238462
714.44	0.1286899083
715.65	0.9503657588
716.77	0.4650148662
717.81	0.9547892108
718.86	0.4891283056
719.9	0.8829451327
720.96	0.2023445545
721.961	0.725980198
722.97	0.3684118812
723.99	1.335656344
725.15	1.301978022
726.151	0.7359372549
727.16	0.6375145631
728.2	1.062427146
729.211	0.7880813439
730.23	0.3960222222
731.27	0.7758732673
732.28	0.6120504504
733.29	1.145846154
734.3	0.1950415842
735.48	1.048743257
736.49	0.8211517241
737.511	1.014666667
738.52	1.093986014
739.53	0.7083980296
740.58	1.094445714
741.582	1.317891576
742.61	0.2150098232
743.62	0.4055049505
744.77	0.4630153846
745.92	0.6622257426
746.93	1.482109735
748.13	0.7698796116
749.14	1.474608523
750.16	0.1547219604
751.17	0.6660831683
752.18	0.2276318584
753.22	1.238150459
754.94	0.6476074583
755.98	0.9638052174
757.02	0.8006172107
758.06	0.9814588235
759.08	1.095350495
760.149	0.2384240766
761.17	1.281554014
762.189	0.7740153846
763.25	0.1229961977
764.279	0.7693227723
765.29	0.9999760479
766.35	0.5599049505
767.38	1.782257742
768.417	1.346272282
769.439	0.6387814045
770.45	0.8522357343
771.46	0.3015076923
772.877	0.8697131553
774.1	0.7560436075
775.14	1.012423529
776.57	1.092899101
777.6	1.054217822
778.746	1.407921645
779.762	0.8179650485
780.769	0.3405307692
781.77	0.6624079208
782.826	1.240197824
783.87	1.42096013
784.881	0.9125638095
786.029	1.098875248
787.03	0.3664950495
788.041	0.2006554788
789.109	1.10990099
790.11	0.6256349206
791.12	0.6242901961
792.121	1.175121477
793.23	1.445028571
794.24	0.9435847209
795.249	1.047496503
796.25	1.005762238
797.32	0.8982811881
798.321	0.6486257426
799.34	0.8129333333
800.43	0.1399813953
801.51	0.67153122
802.95	1.542949495
804.09	0.782170297
805.12	0.4561389961
806.13	0.6020330275
807.189	0.701790099
808.35	0.9913430282
809.36	0.3747945205
810.45	0.8341898102
811.58	1.062217822
812.78	0.7020654113
813.87	0.2088638132
814.923	0.2797230769
816.15	0.292852329
817.179	0.6222075655
818.289	0.6954582677
819.3	1.002466667
820.429	1.333122877
821.439	1.029081967
822.449	0.8781514563
823.474	0.8545163869
824.59	1.241420635
825.601	0.7796514851
826.669	0.4787417476
827.67	0.1931294118
828.681	0.7502030238
829.7	0.7488
830.71	0.6851798051
831.841	0.9174105894
832.849	1.471400599
833.859	0.7686713287
834.929	0.7299722772
835.93	0.7104079208
836.939	1.064618868
837.949	0.5344880734
838.96	0.17320647
839.969	0.5304895937
841.149	1.005130204
842.161	0.8700485909
843.18	0.927
844.199	0.6350592885
845.22	0.7022977023
846.229	0.2994331126
847.249	1.092771513
848.259	1.461666334
849.37	0.4051650485
850.58	0.7633438735
851.779	0.5810217822
852.98	1.131691089
854.089	1.568023976
855.09	0.9409085768
856.099	1.058335306
857.1	0.754150139
858.109	0.3465521951
859.119	0.2505238095
860.219	0.6398508475
861.229	0.3912079208
862.249	0.7889057851
863.263	0.6871207921
864.289	0.1751561181
865.339	0.2707485149
866.349	0.1157538462
867.359	0.6941544554
868.449	0.900039604
869.479	0.7214226804
870.669	0.851265947
871.729	0.7166970297
872.749	1.431704296
873.763	1.132333053
874.789	0.7712293578
875.799	1.069370297
876.839	0.9891514019
877.849	1.099356643
878.859	0.6753821782
879.879	0.2979089109
880.889	0.6817584906
881.901	1.37851338
882.929	0.6637304262
884.109	1.241806194
885.119	0.8372301887
886.239	1.358744954
887.338	0.6736
888.459	0.7244595405
889.539	0.9109284404
890.559	0.9368387735
891.719	1.217030723
892.809	0.5283923077
893.811	0.1749290709
894.84	1.223984143
895.849	0.2175004859
896.859	0.9033502935
897.909	0.7834767096
898.924	0.9007809713
899.928	1.241703367
900.979	1.495424575
901.988	1.029866667
903.088	1.055319752
904.098	0.6707
905.099	0.5740831683
906.178	1.120562669
907.179	1.010938614
908.188	0.6061786065
909.189	0.2550058252
910.268	1.013468887
911.279	1.288071928
912.288	0.9847378641
913.298	0.9835316336
914.307	1.164231579
915.317	0.4468971029
916.329	0.8427326733
917.347	0.9229934518
918.508	0.3359049505
919.648	1.324711864
920.717	0.7148105986
921.809	0.4904555556
922.958	0.6252463011
923.978	0.9352835821
924.979	1.159825743
925.997	0.9519183673
927.007	0.3065546218
928.018	0.5726732673
929.027	0.7231215686
930.117	0.9158852621
931.147	1.01569901
932.187	0.5844231537
933.697	0.9183696304
934.716	1.351119921
935.735	0.8814705295
936.736	0.4546468843
937.816	0.2585980198
938.977	0.9475130435
939.991	1.001043159
941.006	0.9882090345
942.026	0.4040660836
943.066	1.258235294
944.096	0.7197623762
945.157	0.8770188305
946.226	1.108006612
947.348	1.288143856
948.356	1.288954622
949.366	1.286807273
950.376	0.7565623762
951.386	0.8338751201
952.396	0.3075752212
953.496	1.09741555
954.506	0.1694867925
955.516	0.8820941176
956.526	0.6775817641
957.536	1.207641905
958.537	1.245446667
959.587	1.06090297
960.646	1.204227772
961.656	0.9550148368
962.666	0.2374641509
963.836	0.4606136177
964.856	0.4032886297
965.886	0.8719596639
966.896	0.6283135888
967.916	1.068500935
968.926	1.001028571
970.147	1.343696304
971.151	1.167175662
972.156	0.6602241888
973.166	0.919102439
974.176	0.7239651568
975.216	1.156101961
976.276	1.025319108
977.445	0.8799841427
978.455	0.9249411765
979.465	0.8771009901
980.476	0.5281570167
981.505	1.222715852
982.545	0.2886826667
983.575	0.9097366947
984.594	0.3087152847
985.715	1.214286198
986.725	0.7621565217
987.726	1.569529412
988.735	1.130445714
989.835	0.9893461538
990.845	0.7670153846
991.935	0.3218823529
993.115	0.1696304762
994.116	1.017828767
995.215	0.2921049563
996.225	0.4235089109
997.227	1.12400364
998.355	1.364347652
999.455	0.935670412
1000.456	1.009174551
1001.475	0.3858805093
1002.476	0.9741858142
1003.485	1.343540139
1004.495	1.479488511
1005.585	0.3737425743
1006.587	0.8541050545
1007.625	0.570470255
1008.627	1.184888889
1009.628	1.279492063
1010.665	0.9757861386
1011.815	1.006439216
1012.826	1.230135593
1013.835	0.5488251473
1014.875	1.389050545
1015.885	0.8926049496
1016.975	0.3854095238
1018.115	1.191508911
1019.295	1.016741818
1020.445	0.686884273
1021.454	0.5229330669
1022.465	1.413986014
1023.645	0.9006190918
1024.735	0.9208705882
1025.736	0.8279086758
1026.775	1.215484638
1027.776	0.2886043738
1028.785	0.5511854545
1029.815	0.3097358491
1031.005	0.6759683168
1032.006	0.9944466019
1033.015	0.73232111
1034.186	0.2277740337
1035.187	0.4688831169
1036.195	1.044823762
1037.205	1.031849505
1038.214	0.8044542125
1039.355	0.9059500499
1040.365	0.9978331698
1041.424	1.338741036
1042.435	1.263481905
1043.444	0.9978019625
1044.464	1.057979661
1045.494	0.715900892
1047.864	1.271650794
1048.874	1.283489524
1049.885	0.7096903097
1050.887	0.5419236043
1052.066	1.040565517
1053.205	1.118811881
1054.266	0.5575864136
1055.274	0.2209846154
1056.325	1.348285149
1057.365	0.8895567568
1058.405	1.260879208
1059.524	0.9409236868
1060.535	1.157407334
1061.554	0.4479446093
1062.555	0.4371331593
1063.565	0.6758970297
1064.594	0.807145098
1065.604	0.9052606541
1066.625	0.5817851852
1067.634	1.295548961
1068.654	0.8452333333
1069.665	0.233528613
1070.684	1.116093995
1071.705	0.5337197697
1072.714	0.1152
1073.894	0.5418053097
1074.914	1.08664
1076.044	1.103453465
1077.054	0.7364078431
1078.065	0.9125834166
1079.074	1.5336
1080.075	1.215104895
1081.084	0.8533306931
1082.094	0.8597384615
1083.095	0.8474582924
1084.164	0.4347417476
1085.184	0.7683333333
1086.194	1.646419162
1087.195	1.135825743
1088.214	0.8681917355
1089.254	0.895576055
1090.304	1.385021956
1091.305	0.9898534653
1092.326	0.2831664336
1093.334	0.7694574257
1094.344	0.2810949051
1095.355	0.4410634921
1096.364	0.8811604227
1097.386	1.051548452
1098.454	0.7271748527
1099.484	0.8476751652
1100.524	0.8993584158
1101.54	0.5613700787
1102.544	1.166467066
1103.624	0.75592
1104.625	1.29996425
1105.634	0.4824363636
1106.635	0.1711648352
1107.644	1.003755577
1108.654	0.3483916914
1109.655	0.304807767
1110.664	1.190725424
1111.674	1.335952048
1112.675	1.234235294
1113.683	0.1524392157
1114.684	1.117425743
1115.685	0.4267908821
1116.693	1.144047952
1117.694	1.286229249
1118.704	0.4823336307
1119.715	0.6584451039
1120.823	1.016340932
1121.824	0.6853404826
1122.835	1.169449505
1124.024	0.746592666
1125.035	0.7324884714
1126.038	1.093858142
1127.183	0.7346124876
1128.254	0.2284039604
1129.394	0.8824685714
1130.395	0.9400423108
1131.544	0.6807432567
1132.555	1.4168
1133.764	0.7367912088
1134.774	0.8687511916
1135.814	1.06877913
1136.904	1.22576378
1139.834	0.6485434565
1140.835	0.6362334322
1141.844	0.7410981169
1142.875	0.4310961348
1143.884	0.210415534
1145.014	0.3110697674
1146.016	0.498439604
1147.024	1.012104599
1148.037	0.5746613861
1149.044	0.9801057786
1150.045	0.9400973913
1151.153	1.01909703
1152.333	1.353794033
1153.334	0.7875244755
1154.423	0.403509434
1155.523	0.4495287129
1156.713	0.1892107892
1157.714	0.8944301288
1158.803	0.1847128713
1159.894	0.2442379603
1161.013	0.586854902
1162.104	0.7353513514
1163.115	1.067057426
1164.124	0.9071828724
1165.134	0.1755169811
1166.143	0.8968470588
1167.173	0.7440712871
1168.174	0.5080078431
1169.183	1.182425321
1170.184	0.2721661721
1171.195	1.002205217
1172.203	1.331332667
1173.234	0.848967033
1174.253	0.5597304262
1175.373	1.050526733
1176.503	0.8315516224
1177.504	0.7261803922
1178.653	1.5095
1179.654	0.8517279597
1180.663	1.069090196
1181.664	0.9716083086
1182.674	1.087165644
1183.684	0.6418461538
1184.813	0.2260793651
1186.003	0.8920158416
1187.053	0.1158503881
1188.063	0.9180357143
1189.173	1.177568317
1190.193	0.9748314607
1191.253	1.45425498
1192.394	0.8451343284
1193.463	0.837396637
1194.473	0.9598001998
1195.563	0.8774390486
1196.713	0.1141982609
1197.893	0.8096079208
1198.903	0.6747
1199.913	0.9083961905
1200.914	0.9269230769
1201.923	0.844137164
1202.924	1.315428571
1203.943	0.5188560748
1204.953	0.8665094905
1205.954	1.270510345
1206.964	0.102309434
1208.034	0.2115555556
1209.043	1.096247752
1210.213	1.275758491
1211.214	1.031633987
1212.223	0.6618955665
1213.292	0.8231928072
1214.293	0.6550732673
1215.493	0.314747792
1216.503	0.9950849151
1217.943	0.7723089109
1218.953	1.137766234
1219.954	0.4917207547
1220.963	0.4499326733
1222.053	0.6529218595
1223.063	0.9736695652
1224.083	1.205227723
1225.163	0.9786878728
1226.173	0.9707829314
1227.183	0.7982177822
1228.233	1.038922156
1229.243	1.057182301
1230.253	0.7359366337
1231.254	1.010387396
1232.263	1.518132542
1233.273	1.392471528
1234.283	0.8974571429
1235.293	1.268160788
1236.295	1.227334653
1237.324	0.6979580952
1238.343	0.2273234421
1239.353	1.260828543
1240.363	0.6264871287
1241.373	0.3584739884
1242.443	1.157748266
1243.462	1.044630327
1244.503	1.123596404
1245.513	1.055524752
1246.514	0.601029703
1247.634	1.445445614
1248.643	1.127056943
1249.653	0.7082708538
1250.655	0.9590336634
1251.663	0.8658235877
1252.743	0.8349306931
1253.753	1
1253.901	0.7993405299
