0.0	1.128170632
1.003	0.4912932039
2.069	0.5633663366
3.109	0.9678814229
4.268	0.4606620416
5.398	0.5439524752
6.555	0.8215119266
7.758	0.8609693373
8.759	1.147479612
9.909	0.44505
10.969	1.622950378
11.979	0.1999384615
13.118	0.5143533981
14.198	1.164831683
15.218	0.1513992095
16.398	0.3286195029
17.399	1.256615385
18.428	1.440586139
19.588	0.1783686275
20.748	0.4698475022
21.75	0.8395098814
22.978	1.215301183
23.979	0.9071161905
25.139	0.5752388503
26.358	1.003875354
27.359	1.304692308
28.578	1.31455489
29.579	0.5476709613
30.758	1.025188648
31.768	0.9803996044
32.788	0.5855544652
33.797	1.033302697
34.808	0.9590779661
35.818	1.899286275
36.827	0.9425374625
37.828	1.115255446
38.838	1.021349159
39.928	0.1574178218
40.978	0.9119049505
42.198	1.826556474
43.208	1.205829703
44.428	0.8806301097
45.438	2.322801527
46.456	1.733187713
47.487	1.489148515
48.488	1.217286713
49.537	0.4057821782
50.553	0.9865014985
51.558	0.9684795205
53.178	1.577526474
54.197	1.411988107
55.207	0.4196825397
56.428	1.146015873
57.447	1.013006548
58.448	0.264990099
59.537	1.248472381
60.557	0.730170297
61.567	1.174572844
62.568	1.495112887
63.587	0.8152776699
64.588	0.9100318584
65.597	2.185374625
66.677	0.2678336634
67.678	1.185291089
68.679	1.294661386
69.699	1.095694915
70.717	1.298992063
71.767	0.4045234765
72.949	1.226130693
74.077	0.8557042957
75.097	0.420570297
76.098	1.104191808
77.237	0.6337528484
78.337	0.1653484419
79.397	1.034173585
80.398	0.7072950495
81.407	1.358737263
82.552	2.141370629
83.768	0.9271445545
84.769	0.4585916586
85.777	1.355009901
86.787	0.9109196581
87.797	1.196765799
88.798	0.8731097804
90.027	0.9332804757
91.028	1.122604148
92.037	1.058032978
93.038	0.926824936
94.047	0.333027451
95.057	1.10041791
96.058	1.36043956
97.257	1.215358416
98.258	1.099187314
99.267	1.061954046
100.277	1.108715128
101.287	0.3433411765
102.477	0.2849140049
103.567	0.6125777778
104.666	0.6687843137
105.677	0.964011988
106.846	1.597726733
107.857	1.048887129
109.137	1.205594406
110.157	1.048570862
111.167	1.113805941
112.177	0.558643507
113.186	0.16416
114.189	1.147300901
115.197	0.4836504854
116.267	1.101190476
117.268	0.2891272016
118.347	1.012935593
119.466	0.7311128713
120.497	1.147136634
121.507	0.1636485981
122.517	1.04685342
123.526	1.015688312
124.607	0.2858330097
125.727	1.059556308
126.736	1.61139823
127.846	0.5554650699
128.967	0.8289663366
130.106	0.883567889
131.246	0.830665496
132.256	0.9679777778
133.257	0.9441238616
134.265	0.9207922193
135.266	1.028193601
136.267	0.1381281553
137.276	1.061003774
138.286	0.851537415
139.296	0.3776621359
140.316	0.4128509091
141.446	1.114173826
142.447	0.4651142619
143.448	0.5829333333
144.456	1.190801153
145.586	0.6109575354
146.607	0.3526518519
147.616	1.124501961
148.665	0.575810089
149.666	1.081799802
150.686	0.4818656126
151.699	0.292272997
152.756	0.5165227723
153.986	0.1781524334
155.056	0.222913676
156.086	1.660911528
157.145	0.8484677899
158.146	1.275450199
159.167	0.5608767123
160.176	1.005587302
161.186	0.7267722772
162.196	0.5001742574
163.207	0.9780910891
164.216	1.149235714
165.226	0.1637602284
166.236	0.6989069307
167.356	1.01806874
168.387	2.638835494
169.436	1.379426311
170.437	0.6268893204
171.447	0.8803672655
172.496	1.390120912
173.586	1.288356364
174.636	0.9994517766
175.656	1.117204647
176.657	0.3825087379
177.666	1.033425743
178.876	1.10862908
179.877	0.9432407248
181.087	1.322061447
182.096	0.9316523477
183.105	1.034601681
184.256	0.5567392607
185.306	0.2167686275
186.315	1.048325074
187.346	0.7916277228
188.357	0.7230336634
189.367	1.016260163
190.396	1.914541459
191.415	0.3797230769
192.516	1.032844444
193.525	0.4596429752
194.551	1.164836114
195.555	0.6111571165
196.557	0.4557982099
197.565	0.6303153919
198.645	0.4937821782
199.775	1.133034965
200.79	1.26614985
201.966	1.147223762
202.985	1.77826973
204.025	0.2597982196
205.035	0.5345098039
206.055	1.177623762
207.266	1.172985045
208.285	1.160703297
209.405	0.9823247863
210.547	0.9420356436
211.604	1.490621648
212.686	0.3506330097
213.895	1.025118881
215.055	0.6235009901
216.065	0.8563305785
217.075	1.031612265
218.095	0.5190745098
219.155	0.7310019802
220.164	0.7552122959
221.167	1.112130769
222.325	1.400769078
223.335	0.7850624381
224.355	0.9755643564
225.366	1.042323478
226.375	0.4634975466
227.395	0.9192078431
228.566	0.9519040959
229.574	0.2602055046
230.575	0.5082881844
231.576	1.106347305
232.585	0.7916083916
233.726	0.6604749755
234.735	1.754036238
236.295	1.176285149
237.334	0.4873129645
238.574	1.250590099
239.754	1.083356863
240.764	0.3382492522
241.794	1.237200399
242.945	1.466714571
243.954	1.161514371
245.095	0.5891468531
246.115	1.166145854
247.124	0.8503584721
248.264	0.7789333333
249.334	0.9903461919
250.535	0.7396843157
251.764	0.3186810599
252.774	0.8526111111
253.794	1.098193886
254.804	0.5073293413
255.814	0.8269811695
256.834	0.6039524752
258.254	1.040950495
259.264	0.5577904016
260.274	0.2383294118
261.284	1.298325674
262.304	0.9409066667
263.334	1.182509415
264.384	1.279634921
265.394	0.2525538462
266.404	0.8704851217
267.444	1.180919008
268.474	0.5720712871
269.544	0.9998631179
270.554	0.7772387612
271.734	0.8315722772
272.764	0.2758991597
273.794	0.8027140187
274.804	0.6475326733
275.814	0.1619805825
276.894	0.8347485149
277.904	0.5314727453
278.914	0.9788910891
279.934	1.338138053
280.961	0.919888999
282.024	0.7691168317
283.245	1.174108803
284.524	0.152761165
285.725	0.2038588235
286.734	0.5091921569
287.834	0.2096551724
288.844	0.9337089898
289.854	1.006339203
290.884	0.9016537815
291.903	1.008246032
292.905	0.4690285714
294.094	0.9016861747
295.124	1.037998244
296.17	0.8958414414
297.283	0.1717148515
298.293	1.11044906
299.294	1.813314685
300.334	1.204831683
301.353	0.9777098039
302.364	1.388348515
303.393	1.13027552
304.424	0.3926454034
305.573	1.11952048
306.594	1.012313043
307.597	1.15409009
308.614	0.7654406281
309.623	0.9237104558
310.633	1.062535684
311.674	1.029030126
312.682	0.9821618382
313.692	0.9760667223
314.695	1.160166337
315.872	1.42510705
316.873	1.739741821
317.883	0.6540862745
319.023	1.29767033
320.032	1.362949051
321.042	0.3371186992
322.053	0.1355893805
323.082	0.7309477414
324.102	0.6532027972
325.122	1.291279208
326.139	0.9385731394
327.142	0.3367384615
328.182	0.8450109019
329.282	1.118045217
330.312	0.6835881188
331.332	1.483628372
332.768	1.631676923
333.818	0.5981778222
335.078	1.035302366
336.281	0.9293579049
337.288	1.000767233
338.299	1.027380619
339.328	0.5180733399
340.411	0.4536
341.448	0.5501684836
342.507	0.9578068966
343.538	0.4843529412
344.558	0.7661803922
345.579	0.9199724138
346.599	0.4583240974
347.608	0.8616689792
348.628	1.558534653
349.648	0.7232320917
350.658	0.575024975
351.717	1.178991597
352.728	1.004500935
353.778	0.749296333
354.808	0.2791292517
355.818	1.721794175
356.907	0.564011893
357.968	0.9633174312
359.019	0.4362666667
360.038	1.220059465
361.057	1.15474331
362.101	1.554640238
363.102	2.004571429
364.132	0.9173956969
365.135	0.6735841584
366.142	0.8460057088
367.151	0.4528126095
368.171	0.5737322835
369.172	1.276182178
370.201	1.138637363
371.231	1.152706349
372.259	1.029275248
373.261	1.294210433
374.262	1.169833181
375.271	0.4659326733
376.281	0.4163764706
377.291	1.62910978
378.311	0.4157290323
379.332	0.7985998301
380.342	1.254384158
381.363	0.5890538688
382.411	0.6820038835
383.432	0.8270069238
384.442	0.9804444444
385.611	1.050245614
386.631	0.5936633663
387.643	0.5936329735
388.651	1.101824427
389.671	1.975124786
390.681	1.154889552
391.691	0.9067823009
393.411	0.6797008696
394.811	0.4808015873
395.942	0.9237762512
397.192	1.780651349
398.201	0.1223569405
399.221	0.7958495049
400.402	1.151888999
401.411	1.329048659
402.412	1.473726274
403.491	1.147099602
404.551	1.103729149
405.702	0.2038653465
406.711	0.1193890909
407.721	0.9223771429
408.762	0.1913469388
409.763	0.4442613861
410.862	0.875900892
412.002	1.15425074
413.141	0.8872221163
414.142	1.075577358
415.143	1.335972904
416.151	0.9017121068
417.161	0.132096432
418.171	1.80354591
419.326	0.2630769231
420.331	0.8764671246
421.338	0.9572860939
422.341	0.5348514851
423.344	1.197322677
424.346	0.8278495049
425.352	1.017292857
426.361	1.00834386
427.369	0.8779643564
428.591	1.397439049
429.601	1.444820614
430.603	1.66350099
431.801	0.2868815534
432.811	1.031635644
433.812	1.228693756
435.031	0.5392880734
436.041	0.6734667988
437.042	0.9642642857
438.051	0.5104013901
439.052	0.6400956175
440.271	1.033524823
441.282	1.19968032
442.302	1.372134653
443.451	0.4874004996
444.471	1.264840436
445.481	1.030193806
446.571	1.308987013
447.622	0.3186613861
448.651	1.330285714
449.653	1.015395961
450.701	1.184508671
451.711	1.143208704
452.712	0.9753301618
453.722	0.5266534653
454.831	1.287489531
455.851	1.141184314
456.941	1.1955
457.942	1.100493529
458.951	1.035452991
459.971	1.110745255
461.1	1.290528651
462.101	1.030019802
463.23	1.483996004
464.231	1.759900763
465.242	0.4794935707
466.25	1.132689109
467.251	1.073465649
468.252	0.4209491525
469.343	1.201262737
470.411	1.646277477
471.421	0.1309538462
472.43	1.188555241
473.61	1.113221011
474.621	1.519799821
475.624	0.9497333333
476.631	0.4831604938
477.701	0.3892769231
478.83	0.1536076923
479.87	0.4951492958
480.95	0.9404969163
482.06	0.9520686368
483.07	0.9964173228
484.081	0.7416633663
485.27	0.7793425743
486.4	0.6597411765
487.401	0.9630238095
488.41	1.302931751
489.65	0.9844315684
490.73	1.128689792
491.86	1.085010526
492.861	0.8561834497
493.97	0.7491485149
495.16	1.57391396
496.33	0.8195913556
497.342	1.126913776
498.35	0.2387572816
499.353	0.9747740668
500.36	1.164257681
501.369	1.125521311
502.37	1.004019589
503.679	1.424415584
504.87	0.9702415842
505.88	1.039294351
506.89	0.2711595639
507.9	1.217324083
508.91	0.2343050847
509.94	1.447968032
510.97	1.048328571
512.099	1.607864136
513.11	1.272277502
514.13	0.5161701286
515.57	0.7722709677
516.571	1.13569155
517.59	0.2319537572
518.669	1.530744474
519.739	1.090454028
520.74	1.179647175
521.743	0.7562032787
522.759	1.470140056
523.769	0.7575333333
524.999	1.14600354
526.209	0.8472085354
527.21	0.2525538462
528.219	1.49195884
529.269	0.205864633
530.28	0.6912699029
531.449	0.9913492063
532.48	0.7702358771
533.539	0.6904785714
534.549	0.1179079334
535.579	0.9221018981
536.609	1.290851624
537.629	1.32366034
538.639	0.2751913747
539.64	0.4371485149
540.649	0.8810227948
541.689	0.368959041
542.72	1.260003956
543.729	0.714572549
544.749	0.7651572816
545.759	1.230855136
546.769	0.2173584906
547.799	1.076598612
548.808	0.6833254902
549.809	0.8705333333
550.839	1.26931219
551.869	0.5559177277
552.889	1.043647175
553.899	1.205655566
554.919	0.1912543689
555.939	0.8162588235
556.949	1.844523477
557.959	1.002190202
558.979	0.1641043478
559.989	1.455437624
561.008	0.5677098446
562.009	1.332831683
563.029	0.767029877
564.049	1.09310991
565.089	1.129371655
566.128	0.9839444995
567.138	0.4972905734
568.178	1.130857143
569.188	0.495772549
570.199	0.3294446602
571.279	1.274541459
572.288	1.396243756
573.328	0.4021511286
574.329	1.281320388
575.429	1.015416583
576.43	1.010112281
577.639	0.6315247525
578.64	0.5684635365
579.819	0.5665882353
580.829	0.4084112512
582.059	0.6157950739
583.099	1.267884116
584.101	0.922550495
585.109	1.071811765
586.289	1.054790083
587.299	0.2903533981
588.349	1.611228487
589.352	0.7823032706
590.359	1.089166833
591.36	1.295795878
592.479	1.363572888
593.48	0.612828263
594.488	1.168387735
595.489	0.604572549
596.498	0.2623936064
597.6	0.2106641001
598.819	1.28011976
600.009	0.9763436563
601.218	1.064975223
602.219	0.5084508566
603.268	0.4184470588
604.499	1.087955597
605.619	0.9161415929
606.629	0.9772247301
607.639	0.9250749251
608.818	0.7945509434
609.868	1.470841159
611.079	1.211832727
612.088	1.61116852
613.258	0.8862785783
614.389	1.086315377
615.399	1.10713556
616.409	1.088359551
617.418	1.162651072
618.498	0.6934628345
619.499	1.805066437
620.738	0.2010529248
621.748	0.8587676969
622.759	0.1042285714
623.778	1.095088911
624.78	0.4394750245
625.788	0.6037962038
626.919	1.037351834
627.928	0.9662464847
629.159	1.525726733
630.16	0.9581303215
631.258	1.348776238
632.259	0.5169565217
633.268	1.106397602
634.278	0.560190099
635.488	1.176454902
636.498	1.213217047
637.528	0.9177578323
638.598	0.5255304695
639.608	0.8854257426
640.718	0.9525174129
641.719	1.159786139
642.737	1.353798202
643.819	1.368475248
644.998	1.011418398
646.008	1.429227723
647.018	0.2167128713
648.028	1.407691089
649.038	1.264384314
650.039	0.9218912856
651.048	1.853308824
652.078	1.102491018
653.238	1.227782394
654.338	0.6262257426
655.34	1.745216879
656.348	1.357869307
657.352	0.3872941176
658.378	0.8988188586
659.388	0.3467607843
660.547	2.144431568
661.558	0.6686433566
662.559	0.6580218038
663.679	1.233214815
664.688	0.9528904228
665.848	1.223968032
666.858	1.069634483
667.967	0.4429227723
669.147	0.9595485149
670.157	1.397095191
671.237	0.8967208619
672.267	0.9832957468
673.367	0.192
674.397	0.927628091
675.427	0.5557388836
676.467	0.1165499505
677.507	0.650170297
678.538	0.3938988327
679.587	0.3904697721
680.597	0.263583815
681.687	0.3590431373
682.717	1.149633692
683.727	0.7747472745
684.817	0.8526946108
685.847	1.15943818
686.857	0.221637037
687.877	1.265358641
689.027	0.5379285714
690.037	1.233225871
691.047	0.6969276511
692.067	1.123635644
693.087	0.964172973
694.098	0.2614245614
695.117	0.792309217
696.147	1.084387612
697.167	1.00140411
698.197	1.134202159
699.216	1.210738095
700.217	0.6285782178
701.236	0.932598842
702.276	0.6803409316
703.286	0.7715089109
704.298	2.017760159
705.336	0.8233009709
706.377	0.8559926471
707.499	1.174626747
708.506	0.6730919881
709.507	1.093904412
710.516	0.4768893242
711.533	1.399215686
712.537	0.7220852329
713.547	0.3121573255
714.697	1.430485569
715.896	0.7413056277
716.986	0.9325465347
718.086	1.517508982
719.116	0.2122987391
720.136	0.7453968254
721.166	0.8982935961
722.196	1.100883117
723.255	0.1809852797
724.285	0.6705742574
725.665	0.6156705882
726.705	0.9387607843
727.715	0.4971921569
728.735	1.043151724
729.965	0.9781407472
731.255	0.5373412698
732.277	1.005627586
733.315	0.7089278752
734.316	0.7890772277
735.341	0.2271396226
736.385	0.272466604
737.425	1.163778218
738.555	0.910033966
739.565	1.129959614
740.595	0.4962063492
741.616	1.06140198
742.756	0.6270653465
743.906	0.2559546421
744.975	0.2736
745.977	0.7188209693
746.978	1.002938462
748.117	1.054882759
749.125	0.6657228315
750.126	0.5495276968
751.245	1.224689139
752.376	0.5388862745
753.516	0.5980594059
754.525	0.7145411765
755.596	1.876802817
756.727	0.5603643564
757.775	0.5502521008
758.815	1.143088911
759.816	0.8318115353
761.005	1.080679321
762.015	1.042264151
763.025	0.2682352941
764.165	0.7430969031
765.175	0.6790068966
766.177	1.042213935
767.185	0.3612582524
768.205	0.6001029703
769.395	0.4227765641
770.545	1.013018245
771.555	0.8348277228
772.565	0.7404749755
773.575	0.1875615385
774.585	1.019916981
775.595	0.2092093023
776.596	1.165040554
777.605	1.354485514
778.615	0.3992734153
779.625	1.27130366
780.634	1.214123651
781.635	1.028742468
782.645	0.6032862745
783.655	1.932590818
784.656	0.2066718447
785.664	0.9656554455
786.804	1.76944511
787.805	0.7753104799
788.816	0.6796696165
789.817	1.326017839
790.905	0.8778059406
791.906	1.917010989
793.065	0.1612893204
794.066	0.6486983051
795.235	0.99135778
796.405	0.5747212787
797.406	0.569427451
798.408	0.9057504951
799.555	1.162447215
800.575	0.1287529412
801.594	1.089806897
802.596	1.103534122
803.597	0.7738666667
804.604	0.9465677308
805.605	1.200578638
806.636	0.9013647059
807.755	1.059168317
808.795	0.9873726274
809.945	2.169406998
811.035	1.302739346
812.044	0.9739722772
813.175	1.633678322
814.184	1.619452632
815.356	0.6471607843
816.357	1.193690476
817.434	1.387244755
818.615	0.2889365854
819.634	0.8515614871
820.635	1.381309594
821.765	0.3535104895
822.769	1.176878338
823.905	1.002349705
825.064	0.7259940535
826.065	1.105294118
827.075	0.2232
828.09	0.9951841584
829.176	1.12274331
830.225	1.088134653
831.226	0.8206857143
832.235	1.784285431
833.237	0.469139823
834.435	0.1726340058
835.444	1.095817641
836.484	1.649369231
837.485	1.401014866
838.495	1.164502051
839.654	0.9717782178
840.696	1.281558261
841.734	0.9668169522
842.735	0.4656703297
843.744	1.127522195
844.745	0.8751288566
845.755	1.205805941
846.759	0.2657742574
847.764	1.369230159
848.853	0.7251686275
849.864	0.7325714286
850.874	0.9976871287
851.884	0.9830396825
853.054	0.7925104686
854.194	0.50641875
855.203	1.195157143
856.254	0.7414915925
857.463	0.9179861249
858.489	0.2577585869
859.624	0.5793882353
860.734	1.415508341
861.743	1.36270099
862.744	1.191704296
863.764	0.8440541028
864.765	0.3679544715
865.773	0.5153922542
866.783	0.8431648352
867.793	1.091142619
868.803	1.215615385
869.804	0.8873803922
870.813	0.6332102759
871.848	0.3526221336
872.863	0.1625004721
873.864	0.9436118812
874.873	0.4253442623
876.023	0.7791847619
877.033	0.2693942857
878.074	0.7835567471
879.083	1.887666087
880.254	1.202225722
881.264	0.2245686465
882.273	0.9618851485
883.274	1.045922078
884.414	1.432511489
885.423	0.2209846154
886.424	0.5446184341
887.563	1.002940711
888.573	0.7621612903
889.613	1.105934589
890.614	1.231243243
891.623	0.3019106796
892.641	0.9498888889
893.651	1.639019608
895.111	0.5885210578
896.522	0.242814668
897.543	0.9376153177
898.572	0.916839604
899.731	0.4940372915
900.751	0.2231300971
901.871	0.9359285714
902.872	0.3726684932
903.881	0.5565940594
905.072	1.152407592
906.241	0.5183775701
907.252	0.191042394
908.351	0.6088941176
909.541	1.081354455
910.571	0.6308877855
911.601	0.3839869919
912.752	0.5287390476
913.88	1.201805169
914.99	2.286358771
916.021	1.019852632
917.141	0.6719366337
918.152	0.6284118812
919.171	1.116586139
920.18	1.022182116
921.19	0.6261281553
922.25	2.035948464
923.26	1.040229703
924.311	1.114077922
925.32	0.1175079365
926.321	0.9423683168
927.57	1.112198413
928.701	0.5108260447
929.711	0.4121090909
930.721	1.238414272
931.74	1.054719057
932.761	0.8230857143
933.771	0.669018981
934.781	1.159029438
935.822	0.7549980583
936.831	1.301232303
937.832	1.094730275
938.842	1.146722057
939.851	1.405718812
940.861	0.4402537166
941.881	0.4077176471
942.911	0.276627451
944.051	0.491988012
945.061	0.5464
946.062	0.4129384615
947.063	1.053658153
948.082	0.6107485149
949.102	0.9798618246
950.111	1.162548148
951.292	0.2048919722
952.301	0.8450829171
953.341	0.7393411765
954.352	1.051477228
955.442	1.12600546
956.552	0.4227728155
957.572	1.290437562
958.581	0.8790178218
959.582	1.65664
960.681	0.2275485149
961.682	0.2896941176
962.821	1.226549451
963.831	1.308635365
964.842	0.2058772277
965.851	1.270385614
966.861	0.6600470588
967.871	1.546637624
969.012	0.7829721116
970.021	1.857043825
971.025	1.266265347
972.101	0.8910891089
973.111	0.9236709613
974.122	0.6145176471
975.292	1.614446141
976.3	0.8583888889
977.312	0.2949359223
978.441	0.5541649676
979.451	1.266146535
980.461	0.5760786241
981.471	1.047346789
982.481	1.208507937
983.491	1.094102356
984.512	1.389439049
985.521	0.4344444444
986.531	0.8190849151
987.54	0.9392792079
988.651	1.238081104
989.811	1.282081108
990.82	0.6346943396
991.821	1.120915157
992.83	1.436091908
993.831	1.195829534
994.841	0.804530442
995.961	0.4624062016
996.98	1.135419608
997.99	1.308543112
998.991	0.8557224975
1000.01	0.2018796117
1001.09	1
1002.11	0.422590099
1003.22	0.8209333333
1004.221	0.6277544554
1005.369	1.324101365
1006.421	0.9559276879
1007.432	0.6172692308
1008.44	1.460075472
1009.441	1.593875107
1010.451	0.9142200198
1011.46	1.064515888
1012.472	0.6943058824
1013.48	1.026497522
1014.5	1.090542574
1015.55	1.399370441
1016.551	1.534097126
1017.561	1.423643564
1018.571	0.3566273726
1019.591	0.9997940594
1020.61	0.5095239961
1021.831	1.049454545
1023.14	0.3384069565
1024.16	0.8162376238
1025.161	1.587605929
1026.26	0.892576
1027.38	0.8026323092
1028.392	0.2076
1029.4	0.6859643564
1030.411	1.144183816
1031.61	2.181962038
1032.631	0.6374722459
1033.64	1.345633898
1034.66	1.489883744
1035.67	0.9870445986
1036.69	1.169885714
1037.7	1.251667327
1038.72	0.7437465347
1039.73	0.4050130548
1040.75	1.133987144
1041.76	1.256237624
1042.78	1.283853029
1043.8	1.210988235
1045.04	1.290388751
1046.159	1.266539683
1047.16	0.4523058824
1048.329	0.4923592814
1049.339	1.096487512
1050.34	1.185172277
1051.349	0.7928957265
1052.363	0.2590792453
1053.368	0.5013564547
1054.38	1.116666667
1055.389	0.5068635514
1056.489	1.012156863
1057.5	1.176303696
1058.559	0.9585950864
1059.739	1.255400599
1060.749	0.4117544554
1061.759	0.6345663366
1062.828	1.047572277
1063.829	1.57637525
1064.849	1.080823177
1065.958	0.339964462
1066.999	0.8249672944
1068.008	1.109129832
1069.019	0.8351428571
1070.039	1.06596036
1071.229	0.9791277014
1072.239	0.502179828
1073.249	1.590910699
1074.258	0.778
1075.278	0.9965389551
1076.279	1.152615385
1077.288	0.4822576205
1078.289	0.5457703704
1079.309	0.9916561404
1080.31	1.336933333
1081.319	1.137721116
1082.328	1.197103448
1083.438	0.8932514851
1084.468	1.237330669
1085.478	0.9759717065
1086.479	1.127437288
1087.488	0.5678981818
1088.489	1.350145854
1089.499	0.2501485714
1090.658	0.3460594059
1091.66	0.2066855524
1092.709	0.5516356436
1093.71	0.9550662021
1094.718	0.2494692308
1095.769	1.009682343
1096.788	1.20270099
1097.799	0.8439841584
1098.819	1.157809617
1099.908	0.2209846154
1100.918	1.019889109
1101.939	0.5932910891
1102.94	0.8535837024
1103.958	0.1313864078
1104.988	1.515575818
1106.048	0.2470186457
1107.108	0.4842437562
1108.278	0.5066485437
1109.279	0.9960349176
1110.28	0.8010148662
1111.448	0.7792633663
1112.539	0.3575762376
1113.54	1.473227723
1114.558	0.9946005314
1115.579	0.4037592233
1116.699	0.2275485149
1117.708	0.9774430129
1118.868	0.6447576055
1119.879	0.5226293706
1120.948	1.409671287
1121.958	0.6856235294
1122.968	1.062498246
1123.978	1.109172277
1124.979	0.6759160839
1125.988	1.757418581
1126.997	1.316511397
1128.008	1.04693578
1129.009	1.27032967
1130.218	1.129412174
1131.219	0.1503591757
1132.228	1.241334665
1133.238	0.6810539346
1134.437	0.5840396825
1135.438	1.23820979
1136.608	0.5281816653
1137.698	0.3102178218
1138.718	1.074501961
1139.728	1.35627451
1140.738	1.084205941
1141.739	1.359696304
1142.848	0.8505188119
1143.858	0.8118946412
1144.859	2.051460317
1145.868	0.6072301587
1147.058	1.084283716
1148.068	1.612030769
1149.218	0.3354482759
1150.237	0.4844436364
1151.247	1.091255446
1152.267	0.7201758242
1153.277	0.2108477064
1154.367	0.8999963603
1155.377	1.280516364
1156.387	1.467263682
1157.397	0.2555247525
1158.407	1.215944056
1159.427	0.4398807018
1160.567	0.9184237624
1161.578	1.04
1162.588	1.083445545
1163.597	0.930819802
1164.598	0.7714559453
1165.608	0.5829370629
1166.609	0.6912517007
1167.618	0.4334257426
1168.778	0.9543486239
1169.917	0.4356349515
1170.997	0.7792156863
1171.998	0.7187253803
1173.007	0.7381978022
1174.058	1.221996116
1175.067	0.9118913676
1176.077	1.424705649
1177.087	1.410200194
1178.107	1.637856881
1179.167	0.249219802
1180.177	0.4334257426
1181.227	0.6178715596
1182.287	0.5290142993
1183.288	1.083868132
1184.307	1.081350649
1185.467	0.1824
1186.607	1.331719658
1187.637	1.285668979
1188.777	1.175536134
1189.539	1.01610297
