0.0	0.163996004
1.161	0.21888
2.221	1.805078261
3.251	0.9873486513
4.252	0.5163818708
5.27	2.114034483
6.351	0.4310573643
7.361	0.8971247525
8.37	0.2315058824
9.381	1.256255744
10.561	1.090440419
11.73	1.867001821
12.85	0.6127762376
13.851	1.002101898
15.09	0.5485227723
16.16	0.8346217822
17.26	1.151977798
18.43	0.201370297
19.44	1.060566898
20.451	0.9851268731
21.46	0.9092554194
22.461	0.6204965517
23.48	0.8926947368
24.49	0.8800799201
25.612	0.4229370629
26.77	1.034257143
27.832	0.3126857143
28.852	0.9367524401
29.86	0.2855944609
30.87	0.7120067227
31.91	0.9483396603
33.09	1.681353116
34.095	0.6168705882
35.18	1.882261538
36.21	0.4423705882
37.22	1.725497121
38.25	0.8762394504
39.259	0.8150732673
40.26	0.9016633663
41.261	2.264567433
42.28	0.9961226508
43.29	0.3683012884
44.3	1.28200396
45.38	0.4772408325
46.39	2.070607319
47.391	0.6316784314
48.44	1.393718812
49.441	0.586589372
50.69	0.9953108911
51.7	0.2383841584
52.71	0.1776729435
53.73	0.6358336634
54.74	0.8575762376
55.759	0.702629703
56.78	0.7857960711
57.782	1.144031373
58.909	0.5626613861
59.919	0.7242059406
61.12	1.93154877
62.13	1.050823529
63.131	0.7025346535
64.259	0.1977960784
65.28	0.4099692308
66.3	1.00884789
67.459	1.693251908
68.469	0.5525773913
69.47	0.4309264957
70.59	0.6329276511
71.63	1.231785714
72.639	1.861522478
73.659	1.512237037
74.67	1.071256182
75.69	1.552447059
76.699	1.147325165
77.709	0.977859545
78.731	1.344423576
79.909	0.7615207921
80.919	0.9811388611
82.149	0.8514914729
83.159	0.4117544554
84.169	0.8872421805
85.199	0.5428129032
86.209	0.9166461843
87.219	0.3969882353
88.359	1.756416254
89.549	0.6083253968
90.56	0.1502117647
91.619	0.4763459459
92.709	0.2991920792
93.879	1.296659384
94.889	1.170914851
95.959	1.624430189
97.159	0.9570890756
98.209	0.3229198813
99.339	0.9111516353
100.499	2.151659406
101.699	0.9751307692
102.709	0.897304912
103.719	0.6131142857
104.879	1.373663366
105.889	0.7419861249
106.979	1.060395604
107.989	0.9892170466
108.999	2.165053465
110.069	0.4420813008
111.079	2.122574257
112.129	0.9136475248
113.139	0.873812844
114.159	0.6188280702
115.169	1.634293706
116.239	1.163460232
117.249	0.8734811881
118.399	0.2994113208
119.409	0.5183984143
120.419	1.055120792
121.429	0.4894454383
122.458	1.989234043
123.549	1.026709291
124.689	1.66705949
125.759	0.4896941176
126.769	0.5506021718
127.778	0.8911232423
128.789	0.3197863501
129.819	1.034365634
130.958	0.6501306931
131.978	0.7639480519
132.989	0.8764356436
134.129	0.4131628372
135.17	0.7574987593
136.179	0.999367619
137.188	1.107268731
138.199	0.480717757
139.229	1.003740741
140.258	0.9976023976
141.259	0.6527552448
142.379	0.8332831683
143.388	0.4607864407
144.518	1.416975223
145.73	0.3278257426
146.758	0.1507428571
147.768	0.6765300286
148.778	0.7334390486
149.788	1.117098039
150.988	0.6798495049
151.998	0.4005126214
153.011	0.7883133333
154.017	0.4827082569
155.027	0.4727278743
156.028	0.9111445545
157.257	1.308533333
158.258	0.8468356436
159.268	0.4609153153
160.407	0.7115235351
161.457	0.8176585366
162.487	0.5008079208
163.647	0.9743128713
164.658	0.4645227723
165.667	0.895249501
166.668	0.4900396396
167.678	1.375430712
168.697	1.83289121
169.707	1.402928155
170.817	0.8022120912
171.837	0.3584739884
172.907	1.001912698
173.997	1.166353333
175.048	2.020811337
176.058	0.4790495049
177.068	1.53920308
178.087	0.7485386139
179.088	0.9541818182
180.217	1.076272997
181.218	1.241813861
182.219	1.037218781
183.227	0.5449030969
184.237	1.107213559
185.437	0.5102666667
186.457	0.8417864078
187.497	0.8237818182
188.517	0.2543728814
189.527	0.3033980198
190.537	1.250251734
191.687	0.6618666667
192.796	0.3953346535
194.477	0.8694265734
195.556	0.5515444555
196.557	0.1615748032
197.707	0.7811857708
198.748	1.430996078
199.756	0.926017982
200.787	0.8470336634
201.796	0.2876126482
202.806	1.117354455
203.826	0.7437306931
204.827	1.116737138
205.837	0.302551001
206.847	1.072940312
207.856	1.055144554
208.967	0.8581676545
209.968	1.117812389
211.059	1.580842478
212.067	2.866466839
213.086	0.5800079208
214.087	0.7907145709
215.106	0.9228105986
216.117	1.110807843
217.127	1.324587413
218.188	1.018814109
219.197	0.8497587549
220.216	1.200491576
221.256	0.8677254902
222.276	0.6093747573
223.286	1.224784158
224.296	0.6625374625
225.297	1.311914969
226.307	1.13100578
227.316	0.6607952522
228.327	1.605
229.347	0.5168350877
230.348	1.146460317
231.366	1.691394783
232.376	0.2682352941
233.416	0.1342188679
234.426	0.962259663
235.566	1.076118812
236.766	0.9333808111
237.776	1.066906667
238.796	1.060526212
239.816	0.6289791873
240.826	0.8649421001
241.836	1.763628372
242.856	0.6904712739
243.876	0.2880475248
244.886	1.713118881
245.896	1.265254745
246.906	0.6318033363
247.916	0.9183113456
248.926	0.4188560748
249.936	1.067862295
251.176	1.123768421
252.216	0.7005657765
253.226	1.576834902
254.236	0.1318554217
255.256	0.2675960396
256.436	0.2244375
257.526	0.9543762376
258.556	0.4252144956
259.576	0.9390604559
260.586	1.568383616
261.626	0.6900277228
262.636	1.605790099
263.646	0.8928902077
264.659	0.721562316
265.666	0.4172765114
266.786	1.213666334
267.796	0.5742019802
268.805	0.5194846383
269.815	0.859827451
270.826	0.2231300971
271.996	0.8644842105
273.008	0.9153406593
274.045	2.265504087
275.055	1.096902846
276.075	0.5237281553
277.095	0.810279646
278.106	0.3251137255
279.135	1.723322034
280.144	0.5851247525
281.154	0.9169072544
282.155	0.2780333007
283.163	0.8820036832
284.164	1.541012389
285.166	0.5411009901
286.174	0.8848364718
287.184	1.339693368
288.204	0.5960675273
289.213	0.260215475
290.233	0.7073
291.323	0.6726502964
292.333	0.2360470588
293.334	1.121703226
294.393	0.9825955383
295.423	1.36558
296.444	1.35956044
297.454	1.142937931
298.483	0.9510644202
299.503	0.5238336634
300.514	0.2896325148
301.535	0.8117902913
303.504	1.626378593
304.523	1.277674326
305.533	0.1806291262
306.714	0.3831921569
307.723	1.425111111
308.784	0.8801043478
309.793	0.9184152381
310.803	0.7661943081
311.933	0.6901660377
312.943	1.026555885
314.133	0.6049188119
315.183	1.217126546
316.193	0.3970242991
317.202	0.3925045045
318.205	1.057083415
319.653	1.0584
320.843	1.184865079
321.845	0.3873259259
322.853	0.9889584158
324.073	0.4399058824
325.093	0.759246779
326.133	0.9620509091
327.143	0.7889191644
328.153	1.061821782
329.263	0.7885319149
330.264	0.7589048544
331.273	0.6745363908
332.283	0.507218842
333.303	0.702072763
334.307	0.9961425743
335.393	0.3753663366
336.454	0.6696134787
338.013	0.3843686275
339.093	0.9858896552
340.103	0.8371722772
341.173	0.6799137255
342.194	0.5866300294
343.217	0.2096470588
344.294	0.3004235294
345.475	0.8876474576
346.544	0.5535324165
347.563	1.368982178
348.564	0.8530550534
349.573	0.3605019608
350.784	1.737718282
351.794	0.8971179386
352.913	1.730329412
353.914	0.8618117647
355.073	1.04628971
356.075	0.8528784166
357.076	1.075691089
358.083	0.5477465347
359.084	0.944568595
360.214	0.5219846154
361.223	1.52631028
362.284	0.7580858086
363.353	0.3872
365.623	0.9691892963
366.693	0.1502117647
367.873	0.2125870841
368.893	0.708131951
370.021	0.9801584158
371.023	0.8165815324
372.033	0.679390099
373.063	0.21498971
374.084	0.9264727992
375.103	0.3061672727
376.143	0.5567934426
377.153	0.7362317682
378.183	0.5129504951
379.203	0.3900831683
380.353	0.741639604
381.403	0.7662257426
382.413	1.242471287
383.423	0.992150495
384.433	0.7585188119
385.445	0.2827485149
386.483	0.4433009709
387.492	0.7317227723
388.503	1.106437562
389.593	0.4617411765
390.634	0.7629544554
391.635	1.013984314
392.643	0.5143128713
393.653	1.057291089
394.843	0.436015873
396.033	0.6542823529
397.043	0.1963495146
398.063	0.8226689304
399.073	0.3846314076
400.29	1.319912088
401.293	1.061502478
402.31	0.780765114
403.445	1.003497345
404.452	0.1984313725
405.453	1.101687129
406.463	0.6648747664
407.473	1.731225241
408.483	0.8263569231
409.613	0.3647390476
410.614	1.175992079
411.622	0.8767142857
412.633	0.5123168317
413.653	1.701482517
414.873	0.5486712463
415.883	0.5596781158
416.892	1.012863366
417.913	0.3091377602
419.023	0.5189401374
420.032	1.033984615
421.034	1.080863137
422.058	0.4117782178
423.067	0.311670265
424.068	0.9584255744
425.078	0.7088792079
426.088	1.780888889
427.108	0.9869465347
428.128	0.6429689991
429.157	1.063746535
430.168	0.6894035088
431.177	0.7949990186
432.178	1.040815842
433.268	0.50866
434.449	1.831426295
435.578	1.259706931
436.588	0.5499962617
437.598	0.993219802
438.599	0.3295744256
439.698	1.314148662
440.728	1.250141858
441.729	1.130497522
442.878	0.2556582524
443.897	0.5895764706
444.907	1.573055556
445.937	1.069989916
446.947	0.6205803922
447.967	0.8229906542
448.97	0.2501485714
449.977	1.217259406
450.978	1.233607921
451.988	1.495634483
453.068	0.7399128713
454.077	1.661156436
455.097	0.8861298701
456.258	0.2168150943
457.268	1.216069231
458.277	1.047349851
459.438	1.315778218
460.467	0.9753551816
461.488	1.881806194
462.648	1.027456311
463.649	0.6049297725
464.757	0.2383841584
465.767	0.5357731443
466.777	0.5630875842
467.797	0.5157978196
468.867	0.963680462
469.878	0.5444356436
470.879	1.090186139
471.909	0.6827650485
472.91	1.713869307
474.097	1.669818182
475.098	0.4866217822
476.099	0.8088699029
477.107	0.7019464817
478.118	1.104150495
479.287	0.29184
480.298	0.2145882353
481.447	1.331716849
482.457	0.8276506379
483.458	0.3181218781
484.467	0.5990415842
485.637	0.6587908821
486.677	0.3044660194
487.679	0.1593786408
488.687	1.195342574
489.748	0.2088156863
490.889	0.5201108911
492.049	1.075212537
493.167	0.4806073926
494.318	1.106553023
495.329	0.5727392607
496.437	1.13829703
497.447	0.8443168317
498.597	1.163038576
499.698	0.9565815324
500.737	0.1286268364
501.817	1.442885115
502.847	0.2804470588
503.858	0.7675247525
504.878	0.9712389227
506.078	0.4717203252
507.127	1.558313514
508.137	0.8758039216
509.286	1.621129453
510.287	1.159698712
511.289	0.9664
512.29	0.6935445545
513.418	0.8490767697
514.516	0.672360036
515.658	0.7593053892
516.659	1.020371628
517.66	0.8684235294
518.777	1.336509305
519.787	0.6663223301
520.938	1.15965114
522.027	0.7590039216
523.097	0.3830064516
524.247	1.020082713
525.377	0.1773574833
526.546	0.4869254902
527.557	1.168863137
528.716	0.3359049505
529.717	0.984991009
530.827	1.182950459
531.866	1.1055778
532.908	2.236324752
533.91	0.6579266601
534.916	1.370773227
535.917	1.89047585
536.918	1.023310891
538.057	0.6257295238
539.166	0.4571144916
540.348	0.5030869972
541.358	2.248447706
542.456	1.087873393
543.457	0.8970059406
544.458	0.8343445545
545.587	1.062257426
546.597	1.110255172
547.777	0.5756277228
548.946	0.4443805825
550.036	0.1307333333
551.046	0.8649910803
552.048	0.5876820412
553.157	0.6217019608
554.327	0.5100116505
555.475	1.146397602
556.477	0.445998045
557.607	1.665573995
558.608	1.068710345
559.702	1.118440678
560.706	0.97766787
561.708	0.7913584158
562.709	0.6073974232
563.828	1.047851327
564.836	1.724031068
565.916	0.7875960396
567.026	0.5719529412
568.085	1.151508911
569.126	1.048188235
570.286	2.051564436
571.446	0.4304590164
572.646	1.393907143
573.746	1.180123876
574.747	0.8331828172
575.926	0.8486413793
576.946	0.5361714286
577.996	0.5008942937
579.006	1.166497502
580.008	0.8368554455
581.045	1.088737364
582.046	0.7229028571
583.065	0.7281345203
584.225	0.3525615385
585.226	1.502771623
586.296	0.5866845124
587.305	1.508895049
588.306	0.7943366337
589.555	1.003724276
590.586	0.9039040959
591.605	2.144512635
592.615	0.4073183154
593.665	0.973
594.666	0.6390254545
595.675	0.2386204163
596.755	1.122407921
597.765	0.6899028741
598.775	0.9034772277
599.825	0.7452660732
601.055	0.6009117939
602.056	1.072142574
603.175	1.046040816
604.185	1.426514286
605.195	0.4144466019
606.255	0.2132356436
607.256	0.4987892108
608.295	0.9564910891
609.305	0.5774745098
610.325	1.029283168
611.326	0.5150117647
612.335	0.9531588412
613.355	1.315884116
614.505	0.4604818805
615.515	0.1723326733
616.715	0.6833538157
617.735	0.2149386139
618.775	0.3409474727
619.795	0.3611668332
620.975	1.753370297
622.105	0.6092289395
623.106	0.6414196078
624.115	0.5886709441
625.155	0.592190099
626.216	1.178605395
627.395	0.9181138861
628.515	0.4202810395
629.525	1.465354676
630.605	1.13068781
631.795	0.4639366337
632.796	0.422590099
633.815	0.5830989226
634.845	0.8185873874
635.865	0.7639177277
636.874	1.21389891
637.875	0.6392138728
638.885	0.7520235525
639.905	0.4222178218
641.095	0.6583209243
642.114	0.4814319328
643.135	0.5663599615
644.155	0.3359049505
645.185	1.973884232
646.255	1.304231768
647.264	0.7344275862
648.274	0.2453615385
649.295	0.5615264735
650.335	1.079985047
651.454	0.3895087719
652.455	1.328792079
653.485	0.5976475248
654.494	1.101710345
655.514	0.9010285714
656.524	0.8875326733
657.564	1.096946087
658.744	1.184461692
659.774	1.158281718
660.794	0.8040792079
661.814	1.230120912
662.855	0.2128989205
664.065	1.08373439
665.074	1.836241345
666.104	0.4373307164
667.105	0.5740783987
668.106	1.178603175
669.185	0.8988851149
670.194	0.8422584071
671.196	1.972263473
672.204	1.066415842
673.274	2.150905095
674.275	0.570957043
675.285	0.8996859813
676.385	0.5051508492
677.394	0.8919562658
678.395	0.4046901961
679.404	0.7969834862
680.534	1.116963037
681.544	0.1724114921
682.554	0.7264679434
683.555	0.6396673267
684.714	0.5723816514
685.715	1.122301918
686.724	1.228792157
687.725	1.056991009
688.734	0.8305440158
689.735	0.1092194175
690.744	1.006561439
691.934	1.272951437
693.094	1.531548452
694.229	0.8561142857
695.384	0.2820059465
696.394	1.117742574
697.404	1.017267257
698.424	0.7085148515
699.443	0.8064444444
700.444	0.4918823529
701.454	0.7866991304
702.464	1.709470085
703.624	0.2443805825
704.634	0.9081504951
705.824	0.4001828571
706.825	0.3145450942
707.871	1.09368545
708.874	0.7632470588
709.884	0.8448
710.904	0.4273087819
711.905	0.3226614018
712.914	0.6048125613
713.924	0.3928475248
714.973	0.4415446686
715.984	0.6618060725
717.054	0.5350339623
718.064	0.4314461538
719.083	1.503326733
720.263	0.5925544554
721.274	0.7343221239
722.283	0.3693605442
723.294	0.2443215686
724.295	1.100470588
725.303	0.4794514286
726.384	0.9908063021
727.593	0.4760871287
728.594	0.5533798165
729.603	1.01994006
730.604	1.04170297
731.623	2.021727194
732.633	0.6969267327
733.644	0.2253176471
734.654	0.6861627119
735.663	1.676482464
736.803	1.001733722
737.823	0.8374961832
738.944	0.9534360711
739.953	0.3788307692
740.963	1.081879896
741.964	1.637170829
743.053	0.4969981651
744.054	0.8213069307
745.063	0.9093676908
746.064	0.6669170829
747.065	1.156813886
748.103	1.311312687
749.113	1.087025743
750.114	1.36227552
751.303	0.8325411765
752.313	0.6937244797
753.443	0.745966034
754.453	2.319714286
755.454	1.341902913
756.473	0.9071730959
757.483	0.6920759241
758.494	1.105036597
759.513	0.3612582524
760.613	1.873406673
761.684	1.036744828
762.694	0.5046884273
763.703	0.3367384615
764.713	2.14208991
765.743	0.7759920792
766.793	0.7133555556
767.853	0.8251028971
768.862	0.6361559322
769.873	0.8338689076
770.883	0.5063950834
771.884	1.015576424
772.893	2.069351299
773.903	1.036564706
775.053	0.619145098
776.163	0.9540534022
777.183	1.4735778
778.543	1.080411881
779.733	0.4645103042
780.743	0.6187564356
781.923	1.052988235
783.003	1.724059465
784.104	0.5605647059
785.303	0.7550738523
786.312	0.9556941176
787.313	0.6088308605
788.323	0.3718834951
789.343	1.540891109
790.362	1.164878431
791.373	1.296879121
792.382	1.102772277
793.383	1.303088911
794.463	0.1894538462
795.472	0.7818613861
796.473	1.194418057
797.503	0.6238652131
798.512	0.5345584158
799.582	0.8043189241
800.602	0.6430700855
801.642	0.4010851485
802.672	1.163702676
803.692	0.4035697479
804.712	0.7951207921
805.882	0.2061359223
806.932	0.5793835616
807.942	1.255691089
808.952	1.112926733
810.113	0.9237882353
811.123	0.4237400186
812.133	0.5600313725
813.142	0.6522980392
814.162	0.414384466
815.173	0.5249407407
816.192	0.735282243
817.393	1.008047525
818.412	0.5347539683
819.429	0.483361587
820.432	0.5874352941
821.433	1.025314659
822.445	0.5858174757
823.462	0.289409901
824.472	1.019692308
825.473	0.6753699115
826.672	0.6584237624
827.682	1.913012859
828.692	0.6784436364
829.712	0.8116342412
830.742	0.6207006803
831.752	0.5006384615
832.772	0.5526178218
833.792	0.9544206897
834.982	0.4934337662
835.992	1.368772201
837.002	1.123644521
838.022	1.079269872
839.042	0.5091686275
840.062	0.7450588235
841.092	1.07243956
842.102	0.8945786408
843.112	0.389409901
844.122	0.6155966387
845.142	1.032570297
846.152	0.1596494024
847.162	0.4561108911
848.172	1.226157842
849.181	0.3773960784
850.182	0.901042957
851.202	0.3660156863
852.212	0.4209009709
853.251	1.01149434
854.362	1.696335238
855.432	0.3827881188
856.511	1.063315254
857.591	0.6997484927
858.592	2.070273267
859.602	0.8650624381
860.612	1.003231638
861.821	1.827564356
862.832	0.7756336449
863.872	1.113869307
864.881	0.5404256702
865.892	0.7424610169
866.902	0.9104283186
868.131	0.686780198
869.141	1.66070674
870.162	0.2324862745
871.191	0.3460504854
872.202	1.084706796
873.282	0.5201108911
874.292	0.9631501416
875.332	1.960023952
876.341	0.8849672727
877.354	0.9499538462
878.362	1.522827723
879.375	0.8146851485
880.411	0.9715076923
881.441	0.9741782178
882.472	0.8604910891
883.482	1.268578218
884.531	0.8362757243
885.541	0.8633614679
886.551	0.6411137255
887.611	0.573409901
888.651	0.8038336634
889.691	0.162944
890.722	0.7203908275
891.742	0.2458125
892.766	0.83503667
893.891	0.340007767
894.901	0.3612582524
895.931	0.6614332373
896.932	0.1534205607
898.163	1.245328016
899.281	0.2275485149
900.321	0.9369578018
901.371	0.972990099
902.381	0.4254227405
903.391	0.7340697051
904.401	0.5644933333
905.451	0.3511059281
906.461	1.366436508
907.471	2.363228771
908.481	1.22378635
909.511	0.7080633663
910.751	1.154402184
911.771	0.9446922391
912.892	1.064475248
913.961	1.031128713
915.041	0.6954196078
916.071	0.8003076923
917.181	0.5660356436
918.201	0.8738504348
919.281	0.2653734239
920.451	1.343093942
921.601	0.6877782178
922.621	0.2327049505
923.761	2.313300297
924.771	1.282790882
925.802	0.7509333333
926.991	0.5953709199
928.001	1.216285149
929.021	1.101544554
930.031	0.6306124876
931.032	0.2146242991
932.121	1.152167832
933.122	1.006242735
934.151	0.7226534653
935.17	2.300423154
936.2	0.5813411765
937.23	1.529504951
938.411	1.177553398
939.421	1.047210267
940.432	1.201560396
941.6	1.190353646
942.737	1.541870334
943.751	0.5593907023
944.811	0.5531655104
945.82	0.3674935707
946.821	0.9480290909
947.87	1.044282353
948.881	0.8166901961
949.882	1.310423301
950.91	1.020291708
951.931	0.9364514851
952.94	1.172852329
953.97	1.602709291
955.06	1.113140594
956.08	1.076408325
957.081	1.125749503
958.09	0.4525386139
959.63	0.4335596508
960.74	0.9530059406
961.76	0.8646148532
962.77	1.30390495
963.78	0.5413084746
964.79	1.80765873
965.791	1.522359484
966.8	0.9429375619
967.801	0.5190692308
968.821	1.688845121
969.87	1.088125613
970.95	0.7185271028
971.99	0.732798574
973.01	1.371115174
974.02	1.017807792
975.03	0.8050959446
976.031	0.4462761998
977.16	1.452775693
978.17	0.6936237624
979.2	0.3145450942
980.21	0.236627027
981.409	0.6227052947
982.41	0.7970829171
983.42	0.9802243313
984.58	0.6982217782
985.59	0.2749990109
986.6	0.8484831683
987.76	1.067884116
988.78	0.1824
989.79	0.3324083251
990.8	0.3457346535
991.89	1.937149701
992.895	1.310704961
993.98	0.6995004995
995.14	0.3764230769
996.16	0.7613399405
997.17	1.02750099
998.29	0.7758733927
999.3	1.737567944
1000.48	0.6976333066
1001.67	0.1000467242
1002.89	0.6522249762
1003.9	0.5628538462
1004.91	0.5488871287
1006.11	1.0512
1007.12	1.036507493
1008.329	1.400953069
1009.33	0.9938208232
1010.53	1.290423762
1011.539	1.686409496
1012.541	0.6413148515
1013.55	0.9787455621
1014.57	1.13505
1015.58	1.43954491
1016.589	0.2535289575
1017.601	1.019004955
1018.619	1.586621379
1019.709	0.1954217822
1020.72	1.387269841
1021.9	0.6495683168
1023.04	1.248578218
1024.16	1.03227451
1025.229	0.6082352941
1026.24	1.097665015
1027.249	0.4591764706
1028.26	1.170891743
1029.269	1.494003738
1030.279	0.646360396
1031.289	0.9106
1032.319	1.15289505
1033.354	1.432103538
1034.359	0.9151882461
1035.459	0.4720319361
1036.469	1.335681356
1037.481	1.650129597
1038.489	0.6991084945
1039.49	0.3883294118
1040.539	1.458989011
1041.549	1.659714286
1042.559	0.8760222222
1043.789	0.4267294118
1045.079	0.4550980392
1046.109	0.6735053346
1047.139	0.7260730503
1048.169	0.4896692308
1049.189	1.050613793
1051.329	0.2786877602
1052.339	0.2804392157
1053.389	0.2414272971
1054.609	1.036453765
1055.619	0.3913391642
1056.639	0.8713691057
1057.649	0.5921185771
1058.659	0.1950415842
1059.689	0.6021328048
1060.699	0.9645351833
1061.728	0.2921165049
1062.749	1.380736634
1063.788	1.027215842
1064.839	0.9581285714
1065.849	1.072332673
1066.879	0.5079555556
1067.898	0.4612591304
1068.899	1.697922714
1069.919	0.831429703
1070.939	1.318091089
1071.988	0.6879085714
1072.999	0.4816872207
1074.008	0.458842002
1075.029	0.3061714286
1076.059	0.8461030126
1077.138	0.6774838113
1078.198	0.3283883495
1079.214	1.052701685
1080.218	0.4153663366
1081.419	1.241579467
1082.438	0.528744186
1083.578	0.3293398629
1084.628	1.087315634
1085.639	0.2430121739
1086.648	1.204118208
1087.668	0.4686019802
1088.768	1.083821606
1089.788	0.3376715258
1090.808	0.862433132
1091.828	1.439285714
1092.838	1.0053
1093.858	0.7185281899
1094.898	0.7567372549
1095.918	1.237008902
1096.938	0.6806488352
1097.949	0.9223128713
1098.959	1.286954092
1100.118	0.2027514019
1101.128	0.7689821782
1102.138	1.088190308
1103.248	0.7478148148
1104.258	2.479040959
1105.328	1.148184731
1106.339	0.1875538462
1107.358	0.9282044053
1108.388	0.8967929342
1109.408	0.8315204795
1110.438	0.4149692765
1111.478	0.1038618182
1112.488	1.120538614
1113.497	0.2088078431
1114.498	1.128975025
1115.598	1.046859016
1116.628	1.19669916
1117.688	0.5846732673
1118.757	0.8329647059
1119.937	1.449469091
1120.947	1.084927103
1122.247	0.405205103
1123.257	1.222827184
1124.297	1.243373679
1125.298	0.6444470821
1126.317	1.017237607
1127.326	0.3241657459
1128.327	0.8008475248
1129.336	1.066082994
1130.337	0.7711150442
1131.627	0.7869284404
1132.667	1.268343925
1133.676	0.8003402572
1134.687	0.4785242718
1135.688	1.221514486
1136.697	0.7365274725
1137.707	0.5837100881
1138.717	0.4006588235
1139.926	1.162571429
1140.976	1.098677228
1142.157	1.167326667
1143.276	0.7555964036
1144.427	1.567514911
1145.44	1.324386667
1146.616	0.725776459
1147.906	1.292399202
1148.976	0.8592871287
1149.986	0.4756663395
1150.996	0.4909720885
1152.006	1.061274725
1153.016	0.3056384615
1154.017	0.2005110132
1155.027	0.617277193
1156.106	0.8509126214
1157.107	1.012690196
1158.116	0.2653734239
1159.136	1.597590525
1160.236	0.9040316832
1161.266	0.8150569431
1162.366	1.3898
1163.406	1.2576286
1164.566	1.521616162
1165.606	0.3894643188
1166.636	0.7931702128
1167.866	1.03713776
1168.986	0.706
1169.996	0.9361256133
1170.997	1.047025743
1172.016	0.877024728
1173.026	0.4165176023
1174.156	1.294137705
1175.166	1.521348148
1176.176	0.7024856293
1177.186	1.521518482
1178.196	0.8218648874
1179.206	1.866504705
1180.216	1.049980952
1181.217	0.9817647059
1182.406	0.8391672131
1183.416	0.5464158416
1184.426	1.245116832
1185.646	0.7818642857
1186.866	0.5611650485
1187.384	0.744309217
