0.0	0.2358158668
1.01	0.5052730845
2.019	0.9484752475
3.069	1.48624
4.07	0.249219802
5.079	0.588585839
6.09	0.616839604
7.099	0.9328591409
8.201	1.498012185
9.37	1.066091089
10.39	0.8158809524
11.55	1.093805941
12.62	0.6059697479
13.621	0.4974336634
14.77	1.019317647
15.781	0.3675572816
16.801	1.286555447
17.802	1.058140733
19.0	0.8361333333
20.021	0.1307647059
21.03	0.9047858407
22.031	0.7537267327
23.2	0.7284193867
24.21	0.9111259259
25.211	1.042919017
26.212	1.563165217
27.229	0.4205193261
28.329	0.9185526839
29.33	0.8881084746
30.53	1.366352475
31.531	0.6582689655
32.649	0.9559686275
33.65	0.2997348273
34.671	0.8403643564
35.799	0.7133901639
36.82	1.427243453
37.83	0.5816950495
38.849	1.025390609
39.85	1.307885035
40.86	0.7020812686
41.861	0.4525462256
43.039	0.635727003
44.04	1.249045908
45.149	0.3241230769
46.309	1.423432567
47.31	0.7811
48.44	0.7455857284
49.61	1.434818004
50.619	1.370911686
51.709	1.119254902
52.719	1.261561538
53.799	1.067105788
55.029	0.7728206897
56.03	1.068051434
57.039	0.2467764706
58.049	1.13950099
59.069	0.9564915085
60.199	1.302597092
61.209	0.3228318584
62.219	1.31926729
63.239	1.565687129
64.249	0.4270811881
65.259	0.974840678
66.269	0.5155171737
67.289	1.485467728
68.308	0.3612582524
69.349	0.5933386139
70.518	0.8834796116
71.519	0.9654
72.538	0.9646433566
73.539	0.9860631579
74.549	0.5004428179
75.619	1.372554455
76.809	1.428907143
77.82	1.189026759
78.839	0.2975841584
79.859	0.734439604
81.019	1.563394783
82.099	0.1531753183
83.169	1.285544554
84.179	1.503744256
85.18	0.904167619
86.409	1.557193392
87.639	1.64823976
88.849	1.198521479
89.959	0.4559136408
91.099	0.6149401374
92.198	1.209380362
93.208	1.019239604
94.219	0.7173146853
95.239	0.8275529179
96.329	1.243509138
97.338	0.7055584416
98.379	1.120520749
99.399	1.078601134
100.409	0.2975067961
101.439	0.1381923077
102.44	0.8659564356
103.598	1.626449263
104.668	1.071592493
105.669	0.8863207921
106.679	1.031468781
107.875	0.3008361138
108.88	0.2915623216
110.039	0.7731369216
111.04	1.779627723
112.089	1.397333333
113.288	0.6059287777
114.289	0.9511619048
115.298	0.2304917396
116.299	1.483345455
117.3	1.073219802
118.368	1.018854311
119.498	0.5373803922
120.508	0.49361079
121.509	0.7436884956
122.518	0.9848
123.678	1.448295704
124.688	0.2550729271
125.698	0.496884652
126.888	1.317766895
128.058	0.5730196078
129.078	1.143262636
130.188	1.29106383
131.198	1.260835165
132.208	1.538926254
133.418	1.221219648
134.538	0.5942257426
135.718	0.7316156863
137.228	0.9301445378
138.238	0.2868815534
139.307	1.638328713
140.498	0.1594007782
141.738	0.3187572816
142.778	0.976976295
143.878	1.222172477
145.038	0.8065214785
146.048	0.6277959577
147.075	0.6894906832
148.238	0.3648
149.248	0.4551922055
150.318	0.8561189296
151.408	0.2435407407
152.458	0.5010069652
153.468	1.033718282
154.478	0.173370297
155.488	0.6569420561
156.489	0.8710647482
157.498	1.068275168
158.508	1.336240777
159.528	0.372836036
160.658	0.6854425574
161.688	1.89002997
162.868	0.5894577259
163.888	0.8082693358
164.938	1.587645283
165.939	0.9226076923
166.948	0.4823468507
167.957	1.356063717
169.028	0.5171308691
170.047	0.3249328063
171.048	1.136730435
172.158	0.9759764475
173.218	0.8911318137
174.238	0.5158524272
175.247	1.021620789
176.257	0.6197950413
177.287	0.9994347399
178.298	0.9995604396
179.299	1.197385063
180.308	0.6998171429
181.348	0.9948543112
182.357	1.540569185
183.377	0.657757265
184.457	0.5548458498
185.567	1.549607921
186.587	0.7708872727
187.837	0.3227960396
188.887	0.9615184815
189.891	0.5058711596
191.018	0.5017368942
192.238	0.7993339941
193.327	1.053176923
194.329	1.388293069
195.367	0.6208981064
196.487	1.760839216
197.557	1.382407921
198.667	0.5634138614
199.668	0.1952172261
200.677	0.5374384615
201.678	0.8881665015
202.687	1.408332673
203.867	0.1676917148
204.878	1.018133866
205.957	1.005299313
207.077	0.6716752475
208.179	1.146085233
209.187	1.068863366
210.267	1.184487512
211.277	1.056808156
212.278	0.7504045802
213.317	0.6979881188
214.327	1.624398406
215.346	1.226789422
216.44	0.2605714286
217.458	0.1609411765
218.466	0.2282303665
219.476	0.8544461538
220.477	0.9010372881
221.487	1.329451824
222.507	1.341290566
223.519	0.7504822134
224.537	0.7951088911
225.857	0.7282059406
226.877	0.5370851485
227.887	1.584622568
229.047	1.567288711
230.156	0.1786484375
231.386	0.5941647059
232.407	1.404699301
233.538	0.9381983193
234.678	1.079003922
235.687	0.7574707631
236.698	1.245098039
237.717	0.9307538462
238.898	1.115160396
239.987	0.6907492507
241.068	1.624285466
242.518	0.1240113314
243.528	0.8748039604
244.529	0.8321153153
245.538	1.374311192
246.617	0.7320862745
247.838	1.16289901
248.848	1.294122034
249.987	0.4625910246
251.068	0.8634393162
252.137	1.443568696
253.169	0.2540193424
254.208	0.4993061947
255.218	1.258179641
256.237	0.5005623762
257.249	0.5112062868
258.277	1.270121878
259.297	1.925731773
260.617	1.025230769
262.157	0.6584210526
263.197	0.8622063492
264.207	1.577721905
265.227	1.111065487
266.237	1.728391608
267.257	0.6481267327
268.317	0.1738881256
269.327	1.185687129
270.557	0.6226485437
271.617	1.999873142
272.627	1.096778378
273.647	0.6356669931
274.667	1.891868132
275.677	0.3613544554
276.707	0.2708910891
277.727	1.006037997
278.737	1.319342574
279.767	0.8110678899
280.777	0.9677386139
281.807	0.7787382054
282.822	0.2253176471
283.827	0.8240212202
284.907	1.580285149
285.917	1.180812561
286.927	0.3666117647
287.937	0.3453426573
288.948	1.12337092
290.287	0.3234234234
291.316	1.158191235
292.377	0.8765777778
293.387	1.069107692
294.417	1.24684007
295.427	0.8818861139
296.436	1.057578231
297.487	1.034415686
298.496	0.1740342857
299.506	0.9063656344
300.557	1.038978218
301.567	1.240792453
303.697	0.1879841584
304.926	1.230772277
305.958	0.9568448598
307.046	0.4886524272
308.066	0.1505108911
309.107	0.6209821138
310.147	1.490803478
311.157	0.8950653465
312.176	1.366138614
313.187	0.2415662188
314.226	1.404648649
315.26	1.723033663
316.277	0.4951674797
317.286	0.8264775225
318.337	1.396903733
319.396	0.8651251212
320.425	0.6846423645
321.465	1.055056943
322.515	1.053369971
323.575	0.8166336634
324.585	0.8681501444
325.615	0.9966303271
326.826	0.2708910891
327.845	1.152340932
328.955	0.8303985171
329.985	0.6769105403
331.005	1.092771229
332.045	1.044235764
333.055	1.596747253
334.095	1.345646354
335.115	0.2817267327
336.245	0.7349960784
337.275	1.249802155
338.418	1.682545094
339.426	1.169543027
340.465	0.1999384615
341.515	1.286755203
342.52	1.347748252
343.535	0.6802619048
344.545	0.6549990663
345.565	0.4298354807
346.605	0.8685018727
347.625	1.069655446
348.675	1.367444444
349.685	0.4707932068
350.715	0.2056735905
351.725	1.464326087
352.735	0.7648403361
353.785	1.524587413
354.824	0.9801205674
355.825	1.534428291
356.865	0.8445523996
357.875	0.4342472799
358.885	1.289213082
359.915	1.017621053
360.955	0.1980342857
361.965	0.4009188119
362.995	0.1876114286
364.015	1.001631683
365.025	0.2393663366
366.035	0.7894588235
367.115	0.8686786427
368.155	1.12775304
369.165	1.214447059
370.175	1.258184586
371.185	1.689359223
372.215	1.000617822
373.365	1.769822785
374.385	1.6864
375.404	0.7127672328
376.495	0.4828235294
377.604	0.8786573427
378.615	0.750454902
379.664	0.4228737864
380.684	0.4613647059
381.725	0.695952048
382.744	0.8396235294
383.754	1.486869565
384.764	0.2374641509
385.806	1.095667327
386.844	1.261162837
387.874	0.7782569106
388.884	0.8493571429
389.894	0.9010461538
390.924	1.134401598
391.945	0.3036987116
393.175	0.8203364486
394.217	0.9924655674
395.234	0.2908346457
396.275	0.9984830189
397.294	1.424488889
398.314	1.131655431
399.385	0.9234648167
400.404	1.128934653
401.414	0.7984761905
402.434	0.8412130823
403.444	1.279480519
404.464	0.7653623762
405.465	1.177313551
406.484	1.098632124
407.686	1.1216286
408.724	0.5636851312
409.755	0.7089647059
410.764	1.172403596
411.784	0.9129831516
412.814	0.4081177625
413.824	0.5170397968
414.834	1.26408381
415.844	0.4854415842
417.034	1.000642722
418.054	0.4659883495
419.056	0.7866824926
420.064	0.1577513514
421.194	1.259237795
422.204	0.6001393217
423.205	0.8098444444
424.304	1.771760479
425.314	1.019152475
426.344	0.624137931
427.355	0.9024313725
428.364	1.743432567
429.464	0.8696079208
430.474	0.2946019417
431.584	1.025788909
432.604	1.028700297
433.774	1.063326733
434.794	0.2383841584
435.795	1.005655446
437.104	1.013383548
438.113	0.1547219604
439.204	0.9399646018
440.216	0.4122923077
441.224	1.068569231
442.314	0.2171428571
443.323	0.7628186916
444.324	0.298138475
445.453	0.8193709199
446.473	0.8470965517
447.474	1.002842105
448.484	1.020691262
449.494	1.704704253
450.654	1.310441558
451.663	0.8949357798
452.664	1.274775665
453.673	0.9537517241
454.683	1.023781132
455.694	0.4133916501
456.704	1.273359125
457.723	0.1543330125
458.734	1.149676908
459.753	0.2040588813
460.763	1.038969031
461.764	0.8365555556
462.793	1.300554955
463.803	1.073054945
464.804	0.1806291262
465.883	1.311676923
466.893	1.384558621
467.903	0.9347052947
468.904	0.5561878122
469.972	1.562210169
470.983	0.3546217822
472.432	0.3318377844
473.443	0.7739326733
474.444	0.2231300971
475.513	0.9504335664
476.682	0.4088
477.713	1.600203509
478.752	0.9388767377
479.753	0.3809333333
480.852	1.005734653
481.863	1.111171477
482.873	0.7565374211
483.882	1.35191595
485.013	1.6072
486.122	0.8036271845
487.123	0.4786601371
488.332	1.596819181
489.382	0.9506056475
490.394	0.4429811321
491.462	0.9701149425
492.463	0.6320627451
493.562	1.039168317
494.684	0.459225422
495.713	0.8026851485
496.723	1.338111874
497.732	1.008701887
498.733	1.238048972
499.862	0.9594
501.023	1.535613559
502.025	0.5341768173
503.072	0.8869069307
504.122	0.4032013311
505.253	0.2782372881
506.263	0.960649505
507.264	0.5490909091
508.293	1.20902963
509.303	0.6365669903
510.352	0.8556079171
511.354	0.8144655345
512.523	1.267643861
513.593	1.115516832
514.672	0.8424897196
515.862	1.490843636
516.863	1.576222002
517.872	1.318361638
518.892	1.028682375
519.893	0.3467405941
520.912	0.8648715678
521.922	1.127702391
522.982	0.8475781684
524.092	0.9492186916
525.102	0.4930901961
526.192	0.1950415842
527.232	0.3166970297
528.572	0.7772244196
529.592	0.4615384615
530.612	0.6770664305
531.613	0.102971867
532.622	1.113896552
533.782	1.308067932
534.862	1.319568432
535.891	1.195028741
536.972	1.357888889
538.122	0.9671612265
539.132	1.524530029
540.142	0.3187572816
541.332	1.703555169
542.452	1.573066424
543.552	0.9963851852
544.582	0.911350495
545.583	1.390593407
546.592	1.01958042
547.682	0.6834431373
548.691	1.030897919
549.692	0.234001994
550.702	0.5129811321
551.721	1.829502478
552.722	0.9719160839
553.741	0.5448333333
554.761	0.4387229358
555.791	0.8766827586
556.811	0.4019119931
557.851	0.8766178218
559.051	0.3345899925
560.061	1.213312377
561.062	0.4185132075
562.082	0.60025857
563.112	0.8873196262
564.131	1.140765517
565.151	1.038021847
566.211	0.975452381
567.232	0.9736663337
568.403	0.6516078431
569.528	0.3022628571
570.561	0.1676903226
571.562	0.108773444
572.571	1.109325864
573.582	0.2167128713
574.621	0.9532539683
575.634	1.08530566
576.641	1.080361382
577.661	1.301439134
578.671	0.2185975024
579.701	1.161125664
580.842	0.9853782178
581.971	1.026087619
582.991	1.261687129
584.011	1.412615091
585.101	0.9583904856
586.102	0.1931294118
587.103	0.6322991371
588.241	0.7066772277
589.511	1.587974288
590.512	0.3920069565
591.53	1.034091089
592.541	0.8060819181
593.551	0.8018376238
594.681	0.9800159681
595.691	1.134972549
596.721	0.8541386139
597.831	0.6795489614
599.021	0.7155044599
600.111	0.9848951049
601.321	1.638362039
602.373	0.7642080471
603.531	0.6218767396
604.532	0.3372076923
605.681	0.7365638095
606.682	0.9319933884
607.683	0.8990516129
608.691	0.9618790882
609.701	0.5593490196
610.881	0.1912313725
612.041	0.7069931973
613.05	0.9527137255
614.071	0.8723250743
615.131	0.2137152156
616.141	0.8969108911
617.251	0.6056156863
618.421	0.8954039216
619.431	0.9093069307
620.432	1.272321569
621.441	1.275176238
622.442	1.700683317
623.451	0.4757570573
624.461	0.8390723489
625.481	0.2129047161
626.511	0.976326228
627.591	0.5154851485
628.751	1.081037924
629.761	1.047251968
630.881	0.1705297892
631.92	0.8977491525
633.19	0.5216498054
634.201	1.312575425
635.219	0.1298991098
636.23	1.057783681
637.231	0.727239604
638.232	1.496126858
639.299	0.4399058824
640.373	1.014954455
641.42	0.4025129225
642.631	0.2216023506
643.78	1.177786916
644.85	0.4005222552
645.851	0.903992008
646.981	1.494561439
647.991	0.4769647059
649.011	0.6556356436
650.081	1.370043564
651.1	1.125922696
652.101	1.046831216
653.19	0.878793934
654.2	1.039912957
655.24	1.289638362
656.42	1.349708622
657.421	1.247627546
658.431	0.9722902419
659.44	0.938130217
660.491	0.4921481481
661.671	1.441314851
662.77	0.7091722772
663.88	1.325547619
664.98	1.539308691
666.072	1.241267327
667.222	1.693037901
668.231	0.2897568627
669.35	0.1534040816
670.351	1.061390374
671.373	1.013490509
672.453	0.7278561439
673.46	1.178495049
674.48	0.2817267327
675.49	0.8636470588
676.5	1.307215842
677.51	0.4071821306
678.52	0.5150117647
679.524	1.002448423
680.53	1.310471429
681.61	0.2844156863
682.69	0.8677389635
683.71	0.4763860697
684.711	0.5686713287
685.731	1.099042766
686.74	0.1997463977
687.75	1.456903097
688.76	1.099468531
689.77	1.644295567
690.771	0.9722536585
691.78	0.7324356436
692.799	0.6466980392
693.972	0.9875599604
694.999	1.087136634
696.009	1.551616384
697.039	1.346493506
698.05	0.238601626
699.18	0.7726178218
700.199	0.8313248283
701.2	1.128879208
702.201	1.544925816
703.221	0.5381565907
704.379	0.4060058881
705.39	1.70419823
706.4	0.5147634936
707.409	1.104174257
708.48	1.046602366
709.62	1.44433966
710.669	0.6568235294
711.679	0.95494
712.689	0.5358336634
713.739	0.808047105
714.799	0.7643556444
715.8	0.9222937063
716.81	1.65702381
717.84	1.164239521
718.841	0.9491686957
719.842	1.450617902
720.96	0.7154525475
722.12	1.27594897
723.129	0.987618018
724.309	0.5601190476
725.489	0.8986745098
726.509	1.439564356
727.529	1.199508424
728.549	1.423344655
729.589	0.6429335371
730.619	1.057926074
731.669	0.6895207921
732.68	0.8130822597
733.688	0.7854883721
734.75	0.4867271045
735.778	1.006690909
736.788	0.4430630631
738.028	1.437002997
739.047	0.96999001
740.077	0.923277193
741.117	1.069240367
742.227	1.204145931
743.237	0.3007183513
744.416	0.8364400396
745.437	0.9400849558
746.466	0.2405782178
747.647	0.3055533981
748.697	0.1040077595
750.277	0.9029981982
751.287	0.680595217
752.347	1.646193806
753.377	1.004007921
754.398	1.242549451
755.401	0.6699326733
756.417	0.4443137255
757.46	1.483237383
758.476	0.6961490196
759.477	1.343328671
760.607	0.4077176471
761.806	1.241994065
762.807	0.9972779426
763.977	0.6493933775
765.106	0.3717791045
766.137	0.3495269872
767.187	1.723928713
768.347	0.9980597015
769.363	0.7774995093
770.367	1.143744256
771.447	1.221471186
772.537	0.9160744021
773.637	0.3004235294
774.799	1.048943508
775.827	0.6231448551
776.877	0.2561568627
777.887	0.9808310428
778.897	0.7599921569
779.986	0.5905752381
781.107	0.7446746032
782.177	1.200137143
783.178	0.734961039
784.377	0.8240718563
785.378	0.7693906094
786.386	1.315663866
787.387	1.367144855
788.398	0.8968862512
789.587	0.7511858407
790.607	0.63866795
791.616	1.489282203
792.617	0.4287561215
793.756	1.086324138
794.758	0.6510715972
795.766	0.917980198
796.866	1.103128871
797.886	1.171492507
799.116	1.479055556
800.126	0.2310633397
801.146	0.90703667
802.336	0.5446460618
803.338	0.2115326733
804.406	0.6715564356
805.516	0.7665014866
806.706	1.164712871
807.886	0.1169096099
809.046	0.3186606005
810.156	0.8249038652
811.166	0.9690275762
812.176	1.27175778
813.186	1.274716832
814.196	0.3966601942
815.199	0.6987195243
816.206	1.229128205
817.216	1.147804196
818.256	0.7187522936
819.266	0.8715726027
820.276	1.191372549
821.286	1.238186139
822.295	0.9698461538
823.296	0.7889980198
824.297	0.4960955005
825.306	0.9065960784
826.307	1.747380952
827.466	0.3170589411
828.646	0.9627137255
829.906	0.1945828571
831.056	1.146136499
832.167	0.8418534653
833.168	0.3230404738
834.185	1.415856144
835.186	1.280444004
836.187	0.5174524272
837.198	0.2081911504
838.238	0.1683692308
839.366	0.2932990099
840.456	0.3540399619
841.916	1.17826973
843.046	1.171077477
844.206	0.8863215686
845.208	0.268498528
846.266	1.070273267
847.275	0.4699846154
848.546	1.63144334
849.576	0.2332178478
850.657	0.4679529412
851.686	1.113422577
852.766	0.185750495
853.826	0.6846958212
854.88	1.233061386
855.905	0.860910759
856.916	0.8507517241
857.946	0.5935419982
858.973	0.8715764236
860.126	0.9802650841
861.145	1.400096386
862.245	1.097910803
863.317	0.9755778175
864.318	1.409021956
865.325	0.7407207921
866.515	1.226716832
867.516	0.9078567493
868.635	1.244869863
869.645	0.2896941176
870.805	1.608509466
871.836	1.020416807
872.837	1.317803766
874.026	0.7367536801
875.136	0.465980198
876.275	1.077898039
877.276	0.1184201984
878.316	0.9142217782
879.465	0.8710137931
880.466	1.503416583
881.486	0.9433419227
882.487	0.8669732408
883.685	0.2412307692
884.765	0.8512519754
885.775	0.7215168431
886.785	0.939642787
887.855	1.678029304
888.875	0.7079527559
889.885	1.244749606
890.886	0.9768366972
891.995	1.783762376
893.135	0.9574634146
894.175	0.1999384615
895.176	1.028224189
896.196	0.6847105005
897.225	1.223708029
898.235	1.147490196
899.395	1.052945455
900.398	1.069438532
901.545	1.101154845
902.668	1.341194805
903.685	1.468885444
904.686	0.8860500963
905.725	1.172
906.745	1.544311688
907.895	0.3229254902
908.905	1.27574026
909.926	1.010026667
911.131	1.119413861
912.695	1.074507692
913.705	1.068739862
914.715	1.240142857
915.716	0.4666907301
916.745	0.9918134111
917.754	0.5054198198
918.755	0.587218842
919.764	1.322276762
920.895	0.8583325143
921.904	0.6622019802
922.915	0.4442613861
923.925	0.7168201681
924.935	0.3651477598
926.064	0.2605356522
927.075	0.718271556
928.084	0.9964876115
929.085	0.7109763365
930.095	0.9135926605
931.115	0.180761165
932.124	1.134229126
933.265	0.8561869159
934.274	0.9586173826
935.285	0.2902181818
936.324	0.3422885182
937.344	1.059104951
938.364	0.3142336634
939.384	0.94984
940.484	1.579195531
941.485	1.565150786
942.544	1.234643137
943.545	0.3131643564
944.554	0.5677132075
945.564	0.2925623762
946.565	1.027563025
947.623	0.9272971576
948.644	1.12375
952.514	0.8400230769
953.523	1.187723894
954.543	0.7262178218
955.553	0.2275485149
956.554	1.33311068
957.576	1.012400396
958.583	0.8611308691
959.724	0.7700615655
960.743	1.213645528
961.773	0.8763796204
962.953	0.8497582418
964.003	0.7711920792
965.013	1.018368317
966.483	0.6075247525
967.503	0.7761369369
968.553	1.029427451
969.562	0.7825454545
970.643	0.5755863278
971.823	0.8604630739
972.983	0.9638453915
973.993	1.103944554
975.114	1.428899101
976.193	0.4643961165
977.203	0.2897111111
978.213	0.6735387488
979.253	0.7736663337
980.254	0.933943067
981.423	1.033604185
982.443	0.8881101928
983.453	0.4034711864
984.461	0.9736372646
985.463	1.478897103
986.473	0.9116053512
987.492	1.026338462
988.643	1.281879612
989.652	0.9274431373
990.662	1.297734266
991.672	1.065078261
992.692	0.1928466019
993.743	0.4589185185
994.935	1.234216867
995.943	1.53908946
996.993	0.5167873393
997.994	1.266782953
999.003	1.021328048
1000.023	1.06224975
1001.203	1.451368067
1002.332	0.796963037
1003.483	0.393516035
1004.623	1.213330669
1005.663	1.345247706
1006.673	1.17230099
1007.674	1.267056738
1008.682	1.510688889
1009.733	1.058521308
1010.735	0.758979628
1011.743	0.9798632479
1012.812	1.031769613
1013.963	1.334743867
1015.042	0.6254666667
1016.153	0.5887254708
1017.214	0.4912923077
1018.215	0.2106641001
1019.222	1.198895273
1020.223	1.32432529
1021.224	1.013059459
1022.373	0.1220514776
1023.503	0.849856
1024.513	0.5892673267
1025.563	0.8022403178
1026.662	0.70568
1027.692	0.1951255814
1028.702	1.624526946
1029.712	0.198360396
1030.713	0.8500524345
1031.722	0.218504817
1032.732	0.8649745042
1033.762	0.8051722772
1034.782	0.1382623907
1035.832	1.371185047
1036.843	0.2934601942
1037.853	1.603434224
1038.862	0.9768871287
1040.062	0.9722059406
1041.133	0.1305498008
1042.138	0.6537545195
1043.302	1.836316832
1044.331	0.8047792208
1045.352	1.433134384
1046.542	0.2630336634
1047.566	1.346813187
1048.582	0.8923703704
1049.732	1.490215628
1050.772	0.7558135922
1051.901	1.624422311
1052.922	0.8973544554
1053.932	0.2448784314
1055.002	0.9702063492
1056.05	1.116427723
1057.061	1.346979983
1058.062	0.7412
1059.072	0.8734465534
1060.075	0.4631611058
1061.076	1.31627156
1062.082	0.1065974026
1063.152	0.9260072727
1064.242	0.5038370514
1065.252	0.436058309
1066.273	1.042728843
1067.274	1.23422002
1068.411	0.5143529412
1069.412	1.400137143
1070.442	0.8023517241
1071.473	0.7296063304
1072.493	0.7871683168
1073.501	0.4009188119
1074.541	1.836706349
1075.542	0.4007384615
1076.581	1.078494118
1077.631	0.9488571429
1078.762	0.7815524752
1080.001	0.9368413793
1081.002	0.172987116
1082.131	0.9863816184
1083.132	1.284993854
1084.351	0.8819481481
1085.352	0.574170297
1086.372	1.111920792
1087.501	0.3401856
1088.571	0.9029465347
1089.592	0.7641655172
1090.621	1.180236205
1091.632	1.890597403
1092.641	0.1578461538
1093.651	0.9903461179
1094.751	0.1886
1095.752	0.9431111111
1096.761	0.1392093933
1097.872	0.4469148515
1098.881	1.136
1099.891	1.213406897
1100.901	1.356589831
1101.912	1.208703297
1102.961	0.1908174603
1103.981	1.352335664
1105.0	1.355944554
1106.081	1.195393459
1107.112	0.8757461538
1108.121	1.008122633
1109.132	0.8582574257
1110.141	1.838065411
1111.231	0.9682431373
1112.241	1.122961802
1113.351	1.04150736
1114.521	0.7978147802
1115.531	0.7740416254
1116.532	1.400466019
1117.54	1.093762238
1118.541	1.003434092
1119.561	1.403401869
1120.571	1.648055944
1121.58	1.07718734
1122.711	1.354751239
1123.753	0.6955241379
1124.76	0.8416813559
1125.811	0.8951711712
1126.831	0.9364034188
1127.841	0.1771226693
1128.912	1.29080199
1129.921	0.1180235294
1130.922	0.8317735849
1131.941	0.622382557
1133.04	0.2589283019
1134.041	1.604211788
1135.05	1.187038427
1136.111	0.9838992443
1137.112	2.209310689
1138.12	1.053463248
1139.122	0.4781359223
1140.131	2.036499501
1141.21	1.057561943
1142.27	0.7617522299
1143.271	1.202627523
1144.291	1.728095904
1145.311	0.305127619
1146.312	0.9151585244
1147.313	0.7205568627
1148.461	0.4613647059
1149.462	1.013154845
1150.84	1.928435644
1151.952	0.2910424242
1153.01	1.071489037
1154.08	0.8781836394
1155.241	1.855742373
1156.26	0.2837596059
1157.321	0.193699115
1158.34	1.34590099
1159.341	1.101230465
1160.35	1.15725669
1161.39	0.6144575425
1162.4	0.2211973051
1163.401	1.073334642
1164.41	1.681459357
1165.42	1.122131034
1166.55	1.35410261
1167.61	0.1945847374
1168.65	0.3049074627
1169.651	0.9403158896
1170.78	1.139493578
1171.94	1.746025819
1173.08	1.216870027
1174.1	0.6453699706
1175.101	0.2756969697
1176.11	0.3585103448
1177.111	0.729308666
1178.17	1.602463298
1179.18	0.8887862069
1180.181	1.246429708
1181.19	1.062679245
1182.2	0.2112766309
1183.21	0.9137003745
1184.42	1.512526126
1185.45	0.5557581764
1186.54	1.228557157
1187.62	0.6836194175
1188.631	0.1595335277
1189.646	0.2202153846
1190.75	1.620134921
1191.751	1.07470159
1192.752	0.3326117647
1193.89	0.3791323944
1194.892	1.19610297
1195.911	0.751367619
1197.03	1.550311927
1198.034	1.12492549
1199.13	1.405370297
1200.14	0.424990099
1201.18	0.7368158416
1202.249	0.577656526
1203.359	1.398849151
1204.36	0.1511833499
1205.37	1.215120879
1206.371	0.2896941176
1207.39	0.7274033366
1208.48	1.083195243
1209.54	0.81571875
1210.96	1.190572973
1212.02	1.245517743
1213.022	1.167692884
1214.03	0.5816871287
1215.04	1.390657343
1216.119	0.6241189296
1217.12	1.061623762
1218.16	0.9624813559
1219.21	0.4898909091
1220.219	0.7836190476
1221.259	1.051435294
1222.419	1.081646354
1223.499	1.131818648
1224.501	0.7406588235
1225.51	0.1807842365
1226.669	0.342054902
1227.675	0.4419692308
1228.699	0.8762472727
1229.849	0.8084419048
1230.859	1.71139258
1231.869	0.7884638256
1232.879	0.6143191278
1233.07	1.064451668
