0.0	0.9558300885
1.28	1.038556291
2.43	0.5796203796
3.441	1.003139742
4.45	1.168491089
5.451	1.165576238
6.46	0.7058120673
7.471	0.1322742857
8.66	0.66275
9.671	0.1741069307
10.672	1.023204225
11.82	0.2952316832
12.821	0.5887529412
14.06	0.6821818182
15.061	0.8866013986
16.269	0.3736903097
17.332	0.3776156863
18.53	0.8095929204
19.532	0.3792475248
20.71	0.801062069
21.711	1.245792863
22.712	0.8205394605
23.72	1.181642358
24.809	0.4479841584
25.81	0.1031479736
26.82	1.019300603
27.83	1.079583906
28.839	1.345878122
29.86	1.037839126
30.889	1.173354455
32.129	0.7730852106
33.13	0.6799680639
34.132	0.1257666667
35.14	0.7474093162
36.16	0.3224942966
37.35	0.6092844037
38.36	0.8301288404
39.361	0.6373830508
40.52	1.008689061
41.529	0.1380324324
42.53	0.3358742763
43.539	0.2039580553
44.55	1.393070929
45.739	0.347753271
46.749	0.9095037847
47.93	0.3055154536
49.039	1.145289812
50.04	0.5861782178
51.05	0.7647249775
52.06	0.1929402547
53.062	0.4186781708
54.07	1.258138318
55.08	0.1004383142
56.179	1.014509415
57.389	0.4266579163
58.59	1.126312871
59.8	0.8598333333
60.85	0.3221982336
61.89	0.5841998002
62.95	1.038479922
63.951	0.7463816184
65.01	0.3262153846
66.16	1.031360639
67.17	0.8284115884
68.39	1.040884553
69.391	0.4637220339
70.393	0.8241425743
71.4	1.04128444
72.41	1.014714754
73.411	0.6546588235
74.419	1.102649351
75.42	1.047952895
76.421	1.365536634
77.422	0.3683076923
78.43	0.83108
79.65	0.4291764706
80.75	1.507084915
81.77	1.088940741
82.889	0.3212078431
83.958	1.126106931
85.06	0.8404277228
86.28	0.1912392157
87.29	0.9939386746
88.31	1.20904451
89.34	0.1383256743
90.359	0.9767266611
91.509	1.03800999
92.56	0.3033475728
93.689	0.3397747573
94.919	0.8160870425
96.059	0.6274361905
97.06	0.6654026975
98.249	0.2591810089
99.25	0.6402157842
100.34	0.7251009901
101.349	1.191668862
102.531	0.549750495
103.539	0.2717958783
104.67	0.7999582971
105.679	0.2682352941
106.68	0.7624740741
107.7	1.574464286
108.711	0.992882243
109.72	1.148
110.721	0.3131962617
111.739	0.7833766234
112.74	0.6008470588
113.9	0.154570594
114.919	0.3797744807
115.92	1.480822355
117.059	1.032134653
118.07	1.161454545
119.079	0.9320950495
120.09	0.760547619
121.119	0.2233469388
122.13	0.7463207921
123.131	0.9936609524
124.132	0.375000999
125.14	0.7442666667
126.15	0.7637090204
127.17	0.4403225241
128.179	1.359192807
129.187	1.057435084
130.19	0.2512095808
131.379	0.5181163012
132.4	1.247488511
133.54	1.109121903
134.555	1.274749251
135.559	0.3906253746
136.779	0.9704
137.791	1.323829534
138.799	0.6222901961
139.809	1.280095904
140.859	0.1145193036
141.87	1.303984016
142.871	0.2465230769
143.889	0.8824261645
144.959	1.401078921
146.199	0.602294514
147.2	0.751446729
148.319	1.165534838
149.33	0.9431841584
150.339	0.5889029703
151.4	0.2834138614
152.529	0.7873628319
153.65	0.9568595041
154.679	0.885340803
155.68	0.9243492063
156.682	0.689372549
157.689	0.4799533981
158.889	0.3448950495
159.89	0.5155881188
160.899	1.124185185
161.92	0.7483070943
162.93	1.28234965
164.07	0.2051148851
165.079	0.7847466667
166.149	0.9083076923
167.16	1.345199603
168.22	0.9021764123
169.23	1.021687129
170.239	0.7968610169
171.24	0.8981436893
172.25	0.9460255152
173.339	0.5628356436
174.559	0.6622777778
175.62	1.289839252
176.621	0.3460991885
177.639	1.024023529
178.689	0.6999240759
179.729	1.291561739
180.749	0.7122669284
181.919	0.2858507463
182.929	0.6728880079
184.169	0.1824
185.209	0.7086165138
186.258	0.8776604514
187.261	0.3467405941
189.167	0.5191841584
190.369	0.2868815534
191.379	0.7983636364
192.39	1.021298701
193.63	0.7678609904
194.649	0.9718757282
195.659	0.8735937193
196.671	0.5822017982
197.679	1.12273209
198.69	1.098893039
199.699	0.8761176471
200.769	1.052697842
201.799	0.5441769231
202.819	0.5868101761
203.821	0.7074693069
204.83	0.2025438441
205.839	0.8886905418
206.841	0.9922
207.879	0.6299941917
209.099	0.3238178218
210.11	1.090061938
211.111	0.5385786408
212.119	1.310654797
213.12	0.249219802
214.259	0.9326458716
215.4	0.7509426628
216.529	0.1619131915
217.539	1.508267732
218.54	0.7160519481
219.541	1.039725926
220.559	0.8926171429
221.71	0.7497382617
222.74	1.306792157
223.76	1.021842158
224.761	0.7295030729
225.82	0.6194613861
226.841	0.1036516129
227.849	1.235166667
228.85	1.111382178
229.871	0.9865477252
230.91	0.7262151394
231.93	0.2082588011
232.94	0.9991199207
234.05	0.5106588235
235.1	0.7335916061
236.281	1.004780971
237.339	0.2617538462
238.34	0.6283412698
239.35	1.114485514
240.369	0.7745119575
241.51	1.003984906
242.529	1.065275248
243.53	0.6626973684
244.66	0.7757940594
245.669	0.3104415584
246.681	0.6440316832
247.81	0.3352411067
248.819	1.242741259
249.83	0.7641269841
250.849	0.9859130435
251.9	0.3140096993
252.92	0.7448128704
253.929	0.5385853194
254.93	0.6360909918
255.947	0.8536158416
256.95	0.9322312338
257.98	0.224904918
259.539	1.178961284
260.57	1.177776923
261.749	0.7561333333
262.76	1.215072349
263.769	0.5998153846
264.77	0.8053386613
265.89	0.7683009901
267.049	0.2835739645
268.061	0.4450666667
269.08	0.8827168317
270.089	0.1250742857
271.101	0.3804131599
272.12	0.5473507149
273.13	0.3273657086
274.15	1.02839604
275.16	0.913031746
276.439	0.7116421471
277.59	0.5685944444
278.599	0.7686184341
279.809	1.121354455
280.819	0.1086520496
281.83	0.8524923077
282.95	0.7284990099
283.969	1.512664688
284.989	0.7900999057
286.02	0.9207581931
287.341	1.193774257
288.442	0.3746437346
289.451	0.9097244797
290.472	0.45696875
291.482	0.6578808374
292.513	0.2252273152
293.522	0.6889393346
294.532	0.9484435564
295.541	0.424515128
296.542	0.5820880069
297.552	0.2743730159
299.072	0.775452381
300.171	0.8346719524
301.192	0.3068411215
302.213	0.3637985978
303.352	0.9289444444
304.385	0.5214822335
305.391	1.192164868
306.421	1.133502478
307.504	1.265653846
308.922	1.683020979
309.941	0.2386204163
311.052	0.5941098901
312.082	0.6119849057
313.131	0.9156423298
314.162	0.7427564356
315.172	1.122726957
316.221	1.041247121
317.263	0.6610915819
318.332	1.226235514
319.532	0.2600554455
320.561	0.8058716852
321.611	0.7043089109
322.872	0.372609901
323.907	0.9853423729
325.082	1.001701981
326.382	2.010685149
327.661	0.3919049505
328.672	0.9108701754
329.875	0.5207536801
330.892	0.7856854599
332.071	1.363204795
333.082	0.9055936571
334.092	0.3637128205
336.162	1.177623762
337.211	0.4822257426
338.422	0.5065907753
339.791	1.329736373
340.811	0.2008716528
342.116	0.7856491576
343.151	0.9754425908
344.211	0.2396913947
345.411	0.8570703667
346.462	0.8249197225
347.491	0.9295351137
348.521	0.323784525
349.542	1.113601291
350.791	0.368
351.821	0.4334257426
352.841	0.888999001
353.901	0.2926732673
354.911	0.8182997371
355.921	0.1857521614
356.941	0.6532461538
357.971	0.9124118812
359.011	0.5838934348
360.021	0.3476075472
361.071	0.6831923077
362.072	0.3540705882
363.131	0.4041490196
364.161	0.8222732673
365.382	1.202373626
366.431	0.8141227723
367.441	0.4618857143
368.501	0.2507307692
369.532	0.9332901998
370.571	0.6426693307
371.602	0.7340815534
372.631	1.371412587
373.651	1.024310982
374.671	0.9942041625
375.681	0.351849505
376.711	1.17365035
377.752	0.719642538
378.791	0.1143787217
379.901	0.9529742574
380.912	0.493727422
381.992	0.1261937139
383.332	0.4287153846
384.342	1.177226508
385.353	0.8918683948
386.362	0.6050902592
387.372	0.6056214073
388.432	0.4030368272
389.601	1.128298039
390.791	0.9148078431
391.861	1.126490566
392.882	0.3652271845
393.892	0.8361382034
394.893	1.975825
395.902	0.8622513274
396.943	0.9600137812
398.171	0.4447016848
399.184	0.9709176471
400.202	1.182817183
401.291	1.012917241
402.452	0.136537428
403.589	0.1180705434
404.652	0.4424259078
405.662	0.9196416938
406.672	1.267989646
407.683	0.3616093294
408.712	0.1949910979
409.722	0.9655624376
410.732	0.5937027523
411.802	1.225692615
412.862	0.7907612388
413.872	0.9377694278
414.881	1.011030808
415.892	0.417570808
416.902	0.8089663366
418.121	1.207479245
419.122	1.564130823
420.123	1.126628345
421.125	1.019964671
422.321	1.133386613
423.322	0.9879366337
424.324	1.241805941
425.332	0.704745098
426.512	0.4665717112
427.522	1.078755203
428.741	0.9197031924
429.781	1.023742609
430.782	0.8367207921
431.831	1.007503293
432.841	0.7826600595
433.861	0.7434144411
434.902	1.152863137
435.921	0.8725465347
436.941	0.3642622345
437.971	0.4884272997
439.011	1.215912698
440.012	1.439504496
441.031	1.112261386
442.032	0.6443089109
443.033	0.7494965986
444.202	1.01994907
445.203	1.088959041
446.371	1.019532673
447.372	0.4509441624
448.383	0.7042517207
449.392	0.2811124889
450.542	0.9038124436
451.543	1.288094118
452.692	0.4417902098
453.693	0.1244582043
454.846	0.8045314685
455.851	0.3250693069
456.863	0.1876114286
457.866	0.2888388942
459.051	0.5085148515
460.052	0.7308931069
461.053	1.424356436
462.183	0.5100116505
463.423	0.8435066667
464.492	0.5461291585
465.493	1.021162963
466.503	0.9378141858
467.523	0.4064914286
468.532	0.9684857982
469.542	1.052627586
470.544	0.6969206349
471.552	0.5681879896
472.792	0.2550421982
473.802	1.133104013
474.803	1.466013986
475.812	0.59468431
476.813	1.029929155
477.823	0.4483032258
479.011	0.2789647059
480.012	0.9492747253
481.102	0.8904204322
482.111	0.3603343052
483.122	0.7321142857
484.532	1.030961039
485.542	0.2770666667
486.543	0.2457454545
487.551	0.3648
488.561	1.075407262
489.651	0.6124514851
490.661	0.7071810089
491.741	0.2527683168
492.871	0.4306997434
493.872	1.165581081
494.882	0.2841230769
495.891	0.111026087
496.982	0.399037037
497.992	0.2360838095
499.021	0.6802877123
500.022	1.066460317
501.161	1.00810297
502.211	0.3671762376
503.212	1.019460539
504.213	0.9413684211
505.262	1.234444261
506.263	0.4666618182
507.271	0.8864392157
508.272	0.2571009901
509.431	0.7825882353
510.451	0.7666640472
511.452	0.8757962038
512.462	0.8077145689
513.481	0.919968032
514.491	0.8067490909
515.492	1.124110891
516.503	0.2250168224
517.611	1.020662042
518.621	1.405490509
520.061	0.3062036857
521.188	1.481582418
522.271	0.6227076313
523.291	0.2873605813
524.851	0.6924470588
525.852	0.7478377844
528.371	1.118194308
529.391	0.7617657658
530.581	0.9806062917
531.591	0.2325452775
532.601	0.8613803922
533.681	0.7345973025
534.691	1.058693069
535.911	0.6176316832
536.991	0.6822019802
537.992	0.4211089109
539.122	1.143976024
540.131	0.7996990099
541.291	1.018355289
542.301	0.4036194175
543.311	0.4190757129
544.321	0.5694545455
545.521	0.4597104762
546.523	1.041849206
547.561	0.7601506442
548.621	0.4808682171
549.67	1.190233766
550.692	0.9927292035
551.719	1.137456625
552.728	0.8859942803
553.739	0.3912959448
554.759	0.8095381566
555.818	1.14183185
556.839	0.8577425743
557.869	0.5315485149
558.909	0.7200377358
560.169	0.1698389913
561.209	1.019611062
562.219	0.272238806
563.228	1.051108495
564.637	1.221367691
565.926	0.3690851485
567.037	0.3569688073
568.067	0.9470745098
569.097	1.381596806
570.147	0.5895421209
571.157	0.9421457419
572.158	1.125282717
573.207	0.8040280702
574.208	0.9054468832
575.217	1.10075514
576.266	0.5722971429
577.276	1.289306931
578.327	0.8935241379
579.477	0.5944156863
580.557	0.4205435897
581.567	1.085146853
582.568	1.126638971
583.569	1.047081188
584.727	0.216
585.837	1.269849206
586.947	1.517794206
588.067	0.9535656836
589.147	0.2186717412
590.357	0.8270200523
591.367	0.5905035971
592.368	1.042729412
593.587	0.1541623762
594.588	1.289077228
595.597	0.8172539683
596.598	0.9852923687
597.607	1.332083086
598.617	0.9357442623
599.628	1.259123885
600.637	1.016094118
601.697	0.4188011869
602.707	0.9789972248
603.737	0.7925254902
604.897	1.018461538
605.988	0.1023760524
606.997	1.077668979
608.015	0.4402226345
609.017	1.221124752
610.027	0.8488164868
611.157	0.2908346457
612.158	0.4866403162
613.168	1.118281188
614.187	1.054019417
615.197	0.3577846154
616.267	0.163996004
617.367	0.9121882353
618.377	1.107740905
619.387	1.241166972
620.556	0.6960448179
621.557	0.9325578635
622.577	0.2046524272
623.587	0.9199407407
624.588	0.6105960784
625.667	1.363324675
626.676	0.4550970297
627.677	0.8844191969
628.688	0.1961660377
629.696	0.9107452547
630.697	0.8774345654
631.707	0.7797744807
632.737	0.4358811881
633.817	0.9029436893
634.997	0.9511611058
636.007	1.549304505
637.157	0.8421738262
638.208	0.4887006737
639.216	0.4106196078
640.387	0.8043758655
641.388	0.8488941642
642.397	0.9588023952
643.407	1.120031968
644.628	1.180103175
645.768	0.9206713287
646.776	1.113847374
647.846	0.5932460177
648.937	1.05623976
649.947	0.9339458573
650.948	0.745837037
652.076	0.7445775226
653.078	1.085929666
654.097	0.2520756219
655.287	0.2711595639
656.297	0.593029703
657.307	0.2181465347
658.308	1.090692836
659.309	1.076383778
660.317	0.7512567433
661.327	0.2358158668
662.436	0.2353210475
663.437	0.3190670554
664.456	0.8588371628
665.466	0.3250693069
666.486	0.9093492063
667.516	0.8694768713
668.556	0.1505068762
669.577	1.107226027
670.706	1.127968348
671.746	0.619357377
672.766	0.5116114965
673.906	1.099089109
674.996	1.355817822
676.017	0.3777238002
677.026	1.05527406
678.046	1.028506931
679.116	0.7007281964
680.206	0.9975224775
681.217	0.3887843137
682.227	0.1999384615
683.327	0.5833346535
684.427	1.081609714
685.563	0.5077765363
686.576	1.076580392
687.598	0.8411348651
688.706	1.009759846
689.726	0.3715227934
690.756	0.7225688801
691.776	1.096459861
692.816	0.7042
693.826	0.9442750491
694.845	0.4295976448
695.846	0.3306042885
696.856	1.322077922
697.898	0.4326943105
698.906	0.8290426165
699.916	1.394309205
700.936	1.516003996
702.036	1.529879088
703.057	0.6216079208
704.066	0.8445931034
705.077	1.100678851
706.096	0.7182257742
707.208	0.9591768953
708.217	1.138814668
709.227	0.3843746341
710.237	1.037618382
711.256	0.8271445545
712.437	0.5215968379
713.439	0.8619764706
714.446	0.3575762376
715.456	0.7651529194
716.457	1.216316832
717.487	1.303592814
718.488	1.161902098
719.706	0.4886238532
720.786	0.9514384615
721.816	0.8615793103
722.826	1.09497006
723.836	0.8067564356
724.846	0.9926360656
725.856	0.9536888008
726.866	1.223081188
727.956	0.1474648701
728.996	0.2491318576
730.096	0.7024079208
731.097	0.3502171429
732.167	0.834867052
733.177	0.8997453477
734.182	1.117454906
735.217	0.7336871287
736.237	0.2684572457
737.248	1.04548662
738.257	1.020728713
739.288	1.039224775
740.298	0.9298272095
741.402	0.2399542421
742.408	0.7874772277
743.477	1.125180824
744.769	1.179793548
745.819	0.5609263158
746.837	1.283837463
747.898	0.3575762376
749.467	1.394188305
750.558	0.3362378593
751.598	1.511667327
752.625	0.2823920792
753.628	0.5276436364
754.647	0.6162
755.668	0.1747478261
756.678	0.1748781033
757.778	0.4486101049
758.779	0.4118588235
759.788	0.9331133333
760.798	0.3641786408
761.819	0.4705050821
762.82	0.9275803279
763.859	0.1220580645
764.868	1.052491508
765.878	0.2489311348
766.927	0.7990965517
767.928	0.8962814815
768.948	0.8996
770.078	1.115507143
771.297	0.5232428147
772.327	0.4443405941
773.358	0.2896941176
774.378	0.5692168793
776.159	0.3452571429
777.259	1.319696304
778.418	0.6032945455
779.425	1.209688801
780.428	1.109071429
781.429	1.072878403
782.447	1.206361638
783.448	1.214344554
784.468	0.5150117647
785.628	1.025328302
786.638	0.2092543021
787.808	0.8829990901
788.837	1.150137862
789.848	1.008444825
790.868	0.8562053162
791.928	0.6590058252
793.018	0.8195883495
794.019	1.511488774
795.038	0.8792727273
796.067	0.4177076923
797.099	0.2421436893
798.308	0.8693045045
799.327	0.3159137255
800.357	0.1320523364
801.367	1.241766234
802.397	0.5524519326
803.423	0.5232573044
804.448	0.9608951049
805.497	0.1548679245
806.517	0.8277482517
807.547	1.013207843
808.568	0.8718811881
809.677	1.333206726
810.717	0.3029212207
811.767	0.3750901961
812.819	0.537197225
813.827	1.161657086
814.843	0.9053861386
815.848	0.2977959184
816.859	1.315813677
817.877	0.5664642507
818.878	0.8687712288
820.038	0.4339924528
821.048	1.159728272
822.088	0.237829703
823.119	0.5446242578
824.127	0.5274246842
825.168	1.206325234
826.178	0.9307790262
827.207	0.8841652893
828.208	0.5338030769
829.257	1.289150849
830.317	0.1843339806
831.328	0.7362693069
832.358	1.042143689
833.398	1.475243243
834.428	0.8249101796
835.498	0.1930274579
836.567	0.5095287129
837.668	0.8396323676
838.827	0.9070823529
839.837	0.9348186323
840.847	0.498439604
842.027	0.596955045
843.028	0.6241333333
844.057	0.3736627451
845.058	0.4499683794
846.059	0.8449303107
847.067	0.9781169475
848.097	0.4716317336
849.117	0.4722671906
850.188	1.634318519
851.198	0.8016284585
852.207	1.333407334
853.208	0.4641009251
854.228	0.8048785714
855.247	1.072372277
856.286	0.9652
860.757	0.2712526215
861.827	1.071722772
862.857	0.5506493506
863.927	0.7998511263
865.077	1.025742258
866.137	0.3360921305
867.298	1.312247752
868.308	1.073595214
869.327	0.14459455
870.328	1.138513834
871.329	0.8507111984
872.337	0.3562943396
873.347	0.8732967228
874.387	0.8836941176
875.447	1.096877863
876.448	0.8765063788
877.458	0.7308494139
878.467	0.755474606
879.618	0.2922951456
880.627	1.009998002
881.667	0.1625346535
882.678	0.9824013378
883.688	0.9515044955
884.848	0.3359049505
885.858	0.6937785714
886.978	0.9586723116
887.984	0.7606257426
888.987	0.8856663337
890.037	0.2649507246
891.038	0.7540607248
892.057	1.026252632
893.067	0.2292791243
894.087	0.8117894737
895.108	1.104966337
896.127	0.64597862
897.128	0.8310969031
898.129	1.08367889
899.197	0.9184237624
900.268	1.298157842
901.278	0.987429703
902.517	0.9288421053
903.537	1.155548515
904.538	0.8198291956
905.547	1.370558416
906.555	0.4295976448
907.797	0.9610524233
908.887	0.7511306082
910.077	1.043952096
911.087	0.2397257143
912.147	0.8713612903
913.152	0.9790264731
914.357	1.125754661
915.358	0.6574230769
916.457	0.2211973051
917.648	1.13775025
918.808	0.2789647059
919.937	0.9356003996
921.027	0.2029935484
922.178	1.143838171
923.338	1.359008991
924.447	0.6260152672
925.457	0.7245906542
926.458	0.9460218038
927.617	0.3457039711
928.618	1.440149166
929.627	0.3858805093
930.628	0.1679366337
931.629	0.4686190476
932.677	0.1306799601
933.687	0.3564521739
934.697	0.7822602366
935.737	0.8828194175
936.747	1.254691774
937.748	1.256784936
938.787	1.252213439
939.788	1.239896723
940.797	1.18973027
941.807	1.271418041
942.877	1.420425871
943.888	0.5234076923
944.897	0.9803720106
945.917	0.8987655172
946.918	0.3714117647
947.928	0.3542936508
948.929	0.9579657534
949.948	0.2848862745
950.988	0.828735939
951.997	0.2959762611
953.077	0.9810772277
954.417	1.251714558
955.617	0.2210829171
956.628	0.5890262489
957.629	1.390506986
958.667	0.2502296369
959.797	0.7948123138
960.877	0.2962157842
961.917	0.979234886
962.918	0.4809342493
963.928	1.455496504
965.087	0.2685660377
966.088	0.7394285714
967.108	0.3718834951
968.157	0.7172993131
969.177	1.199412698
970.218	0.9924582524
971.347	1.06439604
972.357	1.205113725
973.367	0.6686196078
974.376	0.3965846154
975.388	0.7016102868
976.407	0.8033363886
977.467	0.3024685714
978.628	0.8682418236
979.708	0.7604945455
980.829	0.1953165049
981.837	1.048664688
982.917	0.9503616384
983.937	0.3114582924
985.057	0.9683116883
986.058	1.010951456
987.067	1.041632653
988.078	0.997368595
989.079	0.3646033966
990.088	0.3355727003
991.217	0.3981401952
992.218	0.2101968254
993.448	0.886638806
994.457	0.9565770363
995.657	0.1062524272
996.658	0.6373861386
997.677	0.3940235294
998.678	0.9067085378
999.688	0.1842059406
1000.797	0.8699665025
1002.008	0.8694564103
1003.188	0.9313538157
1004.197	0.9379646762
1005.198	0.2726642857
1006.207	1.023206957
1007.317	0.14376
1008.328	1.021682243
1009.348	1.178935707
1010.349	0.5210888889
1011.496	0.9309920635
1012.497	0.2951928072
1013.498	1.185885149
1014.668	0.5292606541
1015.717	0.5372727273
1016.888	0.4227684211
1017.897	1.293698302
1018.997	1.27731219
1020.007	0.1824
1021.037	0.6026771344
1022.047	1.303819699
1023.057	1.283604396
1024.087	1.162021978
1025.167	1.041117764
1026.177	1.141274725
1027.397	0.35182762
1028.408	1.08518664
1029.557	0.7442277319
1030.568	1.177639604
1031.587	1.31816983
1032.589	0.8170634921
1033.597	0.4117544554
1034.608	0.1106075239
1035.716	0.7673994823
1036.877	0.3250693069
1037.946	0.9583110273
1039.016	0.2769096099
1040.026	0.1359649379
1041.027	0.9393846154
1042.037	1.199437066
1043.344	1.24790495
1044.486	1.292166667
1045.496	1.100491089
1046.497	0.4912216216
1047.686	0.9157592233
1048.756	0.4469477477
1049.806	0.2012417303
1050.816	0.5585793651
1052.026	0.92064
1053.027	1.216822355
1054.036	0.4220454545
1055.037	0.6508784314
1056.056	0.7206238532
1057.066	1.244310571
1058.076	0.9917784372
1059.095	1.259270346
1060.316	0.5843883495
1061.325	1.087699358
1062.336	1.155900166
1063.343	0.3946718447
1064.525	1.169046953
1065.526	1.133536634
1066.536	1.08226973
1067.556	0.9510900099
1068.906	0.2909928571
1070.026	0.447208619
1071.036	0.4687366337
1072.055	1.034091089
1073.065	1.401270729
1074.086	0.9368325074
1075.106	0.8552
1076.136	1.111488889
1077.295	0.3755294118
1078.296	0.8123415113
1079.297	1.146867327
1080.306	0.7826431373
1081.426	0.8230653465
1082.435	0.6826772277
1083.616	0.5181808604
1084.626	0.7873019608
1085.645	0.9149410589
1086.655	1.288977099
1087.677	0.3713943925
1088.686	0.6232141454
1089.705	0.1905921173
1090.706	1.173808511
1091.715	0.2464222415
1092.726	1.195850467
1093.736	0.6482378593
1094.766	0.6084789009
1095.916	1.005862595
1097.056	1.166111498
1098.065	1.204507493
1099.146	0.812639857
1100.156	0.4741
1101.555	1.027335277
1102.556	1.019004995
1103.566	0.2903923077
1104.596	0.5272245302
1105.715	1.452235764
1106.755	0.9637421488
1107.775	0.9922139776
1108.785	0.6170840752
1109.786	0.207062069
1110.787	0.7904222002
1111.795	1.297931305
1112.815	0.589986014
1113.825	1.135904856
1114.835	1.221234765
1116.025	0.9123535062
1117.035	0.6242717283
1118.045	1.082685149
1119.175	1.119556436
1120.356	0.8414291417
1121.475	0.2842597403
1122.496	1.169359528
1123.505	1.032977049
1124.665	0.8520436075
1125.666	1.017218692
1126.786	0.5743666997
1127.795	0.4965260059
1128.886	0.811652459
1129.896	0.9683610619
1130.935	1.118271556
1131.945	0.6444313725
1132.955	0.9506307692
1133.965	0.4566739346
1135.145	0.3129837941
1136.185	0.5463401361
1137.188	0.5529266136
1138.195	0.6727770069
1139.215	0.1934942288
1140.286	1.329446553
1141.475	0.389280943
1142.476	1.444107892
1143.495	0.3431773585
1144.505	0.4472784314
1145.545	0.8972307692
1146.565	1.032103072
1147.575	0.6630336634
1148.585	0.3715239669
1149.615	0.3091339806
1150.635	1.228563437
1151.646	1.165074925
1152.656	0.4029306931
1153.835	1.054226415
1154.836	0.6528871287
1155.955	0.435160396
1156.956	0.3612582524
1157.975	0.4484259928
1159.045	1.340123636
1160.096	0.7505818442
1161.255	0.2668979981
1162.265	0.3841099117
1163.346	1.338637624
1164.395	0.1903304348
1165.465	1.077795996
1166.466	0.4684990099
1167.475	0.7914352941
1168.665	0.1381281553
1169.676	0.3885272547
1170.695	0.9991019645
1171.911	1.051418398
1172.985	0.4876039604
1173.986	0.8225598417
1175.005	0.238081592
1176.036	0.5751669941
1177.046	0.4184470588
1178.225	0.5292252252
1179.226	0.3535561851
1180.245	0.6981443983
1181.525	0.5520199501
1182.685	1.42736015
1183.696	1.269206349
1184.705	0.9648518519
1185.715	0.9958016529
1186.716	0.6613042616
1187.725	0.5418455446
1188.745	0.2358158668
1189.855	0.4347908821
1190.875	0.401029703
1191.885	0.8521806452
1192.911	0.8487832168
1193.925	0.7785734266
1194.935	0.9296218182
1195.945	1.307144554
1197.165	0.5552932039
1198.195	0.6319841584
1199.205	1.135432567
1200.445	0.1306799601
1201.455	0.1187246377
1202.477	0.7013042616
1203.485	0.3577846154
1204.496	0.3055154536
1205.505	0.3609078565
1206.506	0.7817142857
1207.524	0.3372405567
1208.536	0.9274175439
1209.585	0.8222415842
1210.595	1.265710891
1211.619	0.7003956044
1212.665	1.051020979
1213.685	0.5211880597
1214.735	0.3929562682
1215.775	0.960192123
1216.895	0.9965151764
1217.974	0.8747121951
1219.144	0.1656461538
1220.165	0.7997607477
1221.325	0.9685227723
1222.335	1.181738095
1223.345	1.544135864
1224.375	0.8111808192
1225.385	1.312541708
1226.405	0.1906019417
1227.425	1.385060336
1228.465	0.9058588235
1229.466	0.5255952583
1230.475	0.3012487611
1231.495	0.7723580366
1232.515	0.2946461538
1233.525	0.7956461538
1234.705	1.07234817
1235.725	0.6680422671
1236.765	0.7403222004
1237.845	0.9179529412
1238.865	0.3822754491
1239.885	0.6546407767
1240.895	1.130316522
1241.904	0.2549603175
1242.965	0.8981587302
1244.065	1.078010084
1245.085	0.2630769231
1246.125	1.154613387
1247.175	1.017490585
1248.205	0.7773266733
1249.325	0.6352206897
1250.365	0.4053333333
1250.407	0.1371721377
