0.0	0.4659326733
1.001	0.24414355
2.191	0.8855055986
3.192	1.456293069
4.261	0.9202537166
5.311	1.115168317
6.45	0.9140313725
7.451	1.028571429
8.46	0.7952440945
9.61	0.4593935145
10.62	1.102059406
11.621	0.8538830525
12.622	0.6219742829
13.63	1.394483461
14.8	0.173027668
15.809	0.9290534653
16.81	0.8911524752
17.811	0.1710327273
18.823	1.032554455
19.83	0.6777530266
20.84	0.2604461538
22.0	0.6965306931
23.39	0.4045234765
24.49	1.535508424
25.94	0.3838019802
26.941	1.412459274
27.959	1.176494118
29.023	0.8432730884
30.039	0.731009901
31.131	0.2723485149
32.15	0.616
33.199	1.145306931
34.209	0.9661843409
35.23	0.874328841
36.32	1.307985965
37.399	0.8312401434
38.4	0.83752
39.419	0.8451829871
40.429	1.047088911
41.54	0.5728264463
42.559	0.4504750958
43.56	0.5037283019
44.609	0.1342188679
45.67	1.021267327
46.679	1.210571429
47.689	0.6565069307
48.699	0.658550495
49.701	0.7661330834
50.81	0.9498344371
51.829	0.5861489161
52.84	0.9339568594
53.849	0.817180198
54.85	0.2072449952
55.889	0.7584920354
56.89	1.092545133
58.049	1.086740594
59.069	0.7713406593
60.079	0.2623936064
61.089	0.9295061932
62.1	0.5526178218
63.119	1.369484127
64.129	0.4740037383
65.139	0.6395686275
66.289	1.043136634
67.329	0.5220176644
68.349	1.107180819
69.369	0.3798442478
70.379	0.4414117647
71.489	0.7908673267
72.599	0.5287443478
73.609	0.2682352941
74.629	0.3051058151
75.959	1.407085714
77.479	1.121126873
79.429	0.6338370952
80.439	1.031016206
81.459	0.6733826174
82.47	1.051156364
83.539	0.6025469941
84.549	0.2525538462
85.559	0.8113267327
86.579	1.289166833
87.589	0.5336328125
88.609	0.9489172414
89.64	0.4688547009
90.649	0.9891752212
91.889	0.1622551929
92.899	0.8276243478
94.029	0.8424103072
95.038	0.9307280779
96.039	1.014027723
97.189	0.249219802
98.209	1.289086913
99.219	0.1858415094
100.229	0.7616603774
101.234	1.086334985
102.379	0.3545714286
103.389	0.9854305694
104.478	1.104335664
105.488	1.032551456
106.619	0.4009188119
107.629	1.179984314
108.639	0.4462601942
109.649	0.7064333996
110.729	0.3099380619
111.738	0.2067923077
112.749	0.4979465875
113.898	0.2828674929
114.909	0.8757069307
115.918	0.8738283433
116.929	1.327709619
117.948	0.925029703
118.959	0.8989227723
119.968	0.2239843137
121.069	0.1978458611
122.07	1.274805195
123.078	1.187078261
124.088	0.9534352941
125.108	0.9776633663
126.118	0.2096056738
127.168	0.3123006924
128.198	0.5437069307
129.218	1.142031373
130.229	1.059964671
131.238	0.8133439049
132.438	0.1888610354
133.448	0.8743841584
134.449	0.5532231405
135.688	1.378664424
136.699	1.219809901
137.709	0.3164495868
138.718	0.6237700694
139.738	1.345014866
140.748	0.8490772277
141.758	0.2723937935
142.888	0.9531869436
143.928	0.265009009
145.138	1.008251447
146.158	1.597172277
147.168	0.4450028599
148.189	1.127960396
149.208	1.487224775
150.378	0.2253176471
151.599	1.065813861
152.608	1.320745763
153.779	0.4403375859
154.788	0.4134574257
155.958	0.5705734266
156.969	1.219946667
157.978	1.211548515
158.989	1.197528713
159.998	0.8076435644
161.058	0.7622279485
162.068	0.1125084112
163.078	1.500838323
164.109	0.05185068762
165.117	0.2376114955
166.118	0.5650851485
167.458	0.3376452242
168.469	1.198859406
169.477	0.8408554455
170.478	1.30032
171.577	1.349296333
172.788	1.048340594
173.798	0.9504735265
174.877	0.2587794779
175.888	1.457743284
176.908	1.426930909
177.918	0.9660739261
178.937	0.6277765766
180.048	0.4913523062
181.078	0.8088428571
182.088	0.6946836364
183.098	1.139120616
184.117	1.235783784
185.318	0.2679725759
186.368	0.825254902
187.388	0.9030852858
188.767	0.4655615385
189.777	1.035123885
190.878	1.024562376
191.888	0.2432
192.898	1.07166868
194.024	0.48
195.158	0.886160555
196.168	0.3537742258
197.169	0.875445045
198.178	0.3235607843
199.377	1.009654369
200.388	1.553213082
201.577	1.796039604
202.617	0.9533689416
203.637	1.558555447
204.647	1.421306931
205.648	0.2073140578
206.828	0.132964486
207.829	1.225326673
208.837	1.259437624
209.998	0.8014085064
211.017	1.04078
212.018	0.8831292035
213.019	0.3158990291
214.027	0.8143846823
215.028	1.221404826
216.197	1.290749251
217.198	0.5559327399
218.297	0.7662081269
219.307	0.3355967383
220.317	0.6497492711
221.327	0.9410813845
222.517	0.894227451
223.527	0.7189482072
224.567	0.9288544358
225.588	1.253156436
226.617	0.7895548961
227.648	1.002094915
229.527	0.9324365079
230.529	0.9527683168
231.748	1.498261633
232.937	0.9846970297
233.938	1.497028571
234.945	0.4261014925
235.947	0.8570376238
237.027	1.037783486
238.037	1.098439216
239.057	0.819176699
240.087	1.446073632
241.097	0.569829703
242.117	1.030257426
243.287	0.9836111111
244.297	0.2975067961
245.307	0.9602061447
246.317	1.397239188
247.337	1.308915085
248.417	0.7634455446
249.437	1.224792079
250.456	1.481449505
251.667	1.502035644
252.707	1.015611881
253.777	0.427431405
254.787	0.8772063492
255.808	0.5385962264
257.027	0.5707851852
258.037	0.918953047
259.048	1.696369811
260.115	0.4873686237
261.286	0.3193364055
262.288	1.798881356
263.396	0.9292176991
264.417	0.6609742574
265.427	0.4487207921
266.437	1.275037168
267.447	1.004984127
268.647	1.042093162
269.896	0.4729425743
271.077	0.3384268846
272.146	0.9522391119
273.287	0.3843215686
274.306	0.7965514563
275.308	0.9750339623
276.316	0.6056507385
277.326	0.6322617902
278.336	1.142401583
279.516	1.238088149
280.556	0.7956947473
281.597	0.2443805825
282.606	1.404088731
283.646	0.8455579782
284.664	0.4249066667
285.674	1.461227723
286.675	1.20887767
287.676	0.8510088149
288.774	0.3303849057
289.786	0.9766347107
290.794	0.9213986014
291.804	0.5510564916
292.954	0.9378172324
293.975	0.2504862745
294.986	1.012777143
295.994	0.3744281525
297.004	0.6634217822
298.014	1.304700584
299.019	0.3752388503
300.024	0.4753864542
301.034	0.6953634578
302.064	0.1209674729
303.165	1.027017822
304.214	0.3061258741
305.304	0.8990666667
306.334	0.820077193
307.533	0.4935529412
308.904	0.4657188119
309.914	0.1675619597
310.915	0.8065176471
311.924	0.4772591928
313.034	1.215371933
314.234	0.4994133333
315.334	1.032671329
316.414	1.050941059
317.604	1.338075996
318.835	0.5303215686
319.846	0.9663445621
320.857	0.8255584416
321.858	0.4769425743
323.594	0.1091962617
324.595	0.6125306931
325.614	1.012117092
327.274	1.348710345
328.484	1.290981019
329.494	0.750493558
330.554	0.5985094017
331.584	0.458970297
332.754	0.2167128713
333.934	0.9085589693
335.013	1.078855285
336.014	0.5425960784
337.033	0.2222257426
338.043	0.9486039216
339.047	0.102232381
340.064	0.9994805195
341.074	1.239150259
342.174	0.3857847976
343.193	0.5119686275
344.423	0.4723039852
345.424	0.2271396226
346.433	0.1955495146
347.434	1.618165834
348.543	0.1318554217
349.544	0.9614222222
350.753	1.076273538
351.754	0.9528639157
352.763	0.9547372549
353.773	0.4186092067
354.803	1.003453465
355.813	0.9888015873
356.913	0.3604311377
357.914	0.8880392927
358.924	0.6948313043
359.933	1.057169176
361.073	0.4045056604
362.084	1.084079208
363.153	0.2958970297
364.263	1.206534653
365.273	1.039769634
366.293	0.4077386139
367.303	1.160591409
368.323	1.048315385
369.343	0.9601201001
370.363	1.589754128
371.373	0.5060752475
372.403	1.067871192
373.413	1.000486667
374.462	0.8673066667
375.473	0.3114582924
376.683	0.8535659068
377.713	0.9701438356
378.733	0.5417821782
379.743	0.8989119683
380.744	0.5579206349
381.752	0.3362378593
382.803	0.2846997958
383.813	1.099933268
385.024	0.973016683
386.033	0.5657052423
387.043	1.1072
388.083	1.009474978
389.093	0.1534653812
390.094	1.506911712
391.095	0.4506352941
392.143	0.9175287129
393.203	1.175168831
394.332	1.16336698
395.473	0.612404318
396.482	1.024785647
397.642	0.311945098
398.652	0.6604435644
399.662	1.117565217
400.722	0.4185029703
401.732	1.350997062
402.752	0.2580844037
403.763	0.7208932419
404.772	1.314501499
405.773	0.8728158416
406.779	0.96199001
407.783	1.030376471
408.792	0.7920696258
409.812	1.454994286
410.822	1.29328885
411.842	0.7241684623
412.862	0.3102541222
414.104	0.1625346535
415.142	0.766132542
416.202	0.3188285164
417.204	0.8254760661
418.714	0.4970840752
419.784	0.3684118812
420.825	0.675004995
421.905	1.263334653
422.975	0.916475931
424.155	0.4082904809
425.166	0.1066006601
426.635	1.159712281
427.656	1.460741328
428.686	0.9908277228
429.735	0.4675729323
430.746	1.058765049
431.755	0.6744827586
432.795	1.327109448
433.796	1.37006993
434.826	0.3029747573
435.866	1.142397373
436.876	0.3994059406
437.916	0.955809901
438.936	0.3482019417
439.975	1.07982557
440.976	0.2790470701
442.006	0.8474431373
443.056	1.434724752
444.068	0.5639407407
445.079	0.7252187812
446.489	0.4506352941
447.498	0.804952381
448.688	1.068104996
449.808	0.9792067227
450.809	1.736415584
451.818	0.5247872128
452.828	1.071267925
453.829	1.18562963
454.998	1.165140594
456.008	0.7419300699
457.142	1.353333333
458.168	0.6046912621
459.188	0.7441415929
460.198	1.095358416
461.228	0.859849505
462.229	0.8202814668
463.378	0.4032475248
464.379	1.373027451
465.388	0.7863149728
466.518	0.6942239841
467.698	1.024340594
468.879	1.015312687
469.998	1.357826501
470.999	0.9265240432
472.188	1.155125618
473.238	0.9133506494
474.378	0.8388183633
475.508	0.2187378833
476.518	1.24
477.688	1.618853147
478.698	0.842590099
479.699	0.3518433648
480.838	1.111718706
481.848	0.9317902913
482.958	0.3053177318
484.113	1.401229219
485.298	0.9679504425
486.388	1.235456888
487.568	0.7317861386
488.628	0.365776459
489.638	0.573772549
490.639	0.593029703
491.648	1.18469703
492.658	0.7186930693
493.758	0.4406509804
494.909	1.242241584
496.068	1.180941403
497.069	0.9808444004
498.128	0.950556331
499.307	0.6251006979
500.407	1.535984016
501.508	1.052055446
502.557	1.113952191
503.659	0.9046458716
504.838	0.8877409524
505.988	0.7848237624
507.179	0.5313029703
508.198	1.048509804
509.278	0.2605714286
510.379	0.9123150123
511.558	0.4121625372
512.608	0.6819881188
513.808	0.4291764706
514.818	0.786743255
515.819	0.8773121903
516.984	0.5989882353
517.987	0.8552076923
518.988	1.515125618
519.989	0.9431746032
521.008	0.267239604
522.009	0.5217725025
523.017	0.8416941176
524.157	0.5822257742
525.158	1.075537092
526.167	0.8356868186
527.177	1.566431068
528.182	1.41556044
529.187	1.261423009
530.267	0.5217960784
531.268	1.320438938
532.418	1.11280678
533.427	1.147705263
534.438	1.437159248
535.507	1.559216783
536.508	0.8263384615
537.667	0.7086913087
538.677	0.3703422354
539.857	0.4926062917
541.039	0.8760316832
542.047	0.8278745098
543.097	1.364411588
544.207	1.323348651
545.237	1.068674603
546.387	1.072151848
547.391	0.4876039604
548.458	0.8083436563
549.467	1.289022977
550.478	0.8318666667
551.487	1.09150446
552.567	0.8509170829
553.597	0.2814171429
554.747	0.4419372549
555.758	0.8743128713
556.797	0.5131215686
557.81	0.7816340257
558.846	0.5496592593
559.847	0.6295049505
560.858	0.9637544554
561.859	1.110205967
562.867	0.5145073457
563.946	0.7776158416
564.947	0.8707457927
565.956	0.9802763636
567.017	0.8212514851
568.067	1.376269574
569.077	0.852229703
570.246	0.2437894737
571.256	0.7840344531
572.276	0.714360396
573.286	0.5777098039
574.296	0.6326553447
575.496	0.595988012
576.637	0.9154772277
577.737	1.352054848
578.746	0.906231454
579.766	0.8623284553
580.826	0.4893371758
581.846	0.3778217822
582.857	0.3111529412
583.866	0.7633867458
584.876	0.6369803922
585.906	0.7198252234
586.947	0.5805589693
587.976	0.4387610954
588.979	0.3540705882
589.996	0.7463646961
591.076	1.544484127
592.097	0.776572549
593.106	0.9660579421
594.116	1.030033697
595.277	0.1572626176
596.596	0.4784
597.626	0.8822868447
598.627	0.5615368421
599.716	1.052739261
600.906	0.8115799804
601.916	0.8504438984
602.936	0.6625728444
603.937	1.206067327
604.938	0.3819460539
605.946	0.4292116505
606.957	0.7403883495
607.966	0.6813960784
608.967	1.0937
609.977	1.397333333
610.981	0.1622134387
612.127	0.9171643564
613.136	0.6439921569
614.316	0.9249070929
615.326	0.6161838162
616.536	0.7510645161
617.546	1.086455652
618.556	0.7225663366
619.566	0.4997366111
620.567	0.5532156863
621.576	0.9731536174
622.676	0.8762418236
623.686	0.972454902
624.687	0.8791768232
625.806	1.283651852
626.946	1.351762376
628.056	1.361012859
629.066	0.75648
630.095	0.8800707269
631.096	0.8484277228
632.097	0.7241471343
633.116	0.5641348315
634.245	1.081958375
635.246	0.8920842105
636.256	0.59656
637.275	0.2559286422
638.426	0.8749754661
639.436	0.9346518519
640.445	1.338
641.455	0.2918176292
642.475	0.6817111111
643.505	0.542939759
644.585	0.7744
645.595	1.004851149
646.615	0.6604479683
647.635	0.5514252427
648.636	0.7173201189
649.675	0.7258117647
650.685	1.103834156
651.775	0.4733968254
652.776	1.054327273
653.785	0.5031524752
654.935	0.6333426087
655.936	0.8009672944
656.965	1.270651852
657.985	1.084055446
659.006	0.8807087653
660.015	0.4191714569
661.025	0.7203722772
662.026	0.3751616063
663.027	0.1020990826
664.035	0.8329411765
665.036	1.122105983
666.045	0.6285314685
667.055	0.9073980198
668.075	0.7614100186
669.136	1.028937685
670.145	0.4741918892
671.155	0.8284866469
672.205	1.154312871
673.215	0.7917203884
674.216	0.8757923077
675.225	1.349328048
676.465	1.498594783
677.475	0.1854915254
678.525	0.8679161905
679.565	0.6169990089
680.575	0.6312633663
681.585	0.2643478261
682.605	0.53552
683.616	1.272333623
684.625	1.15160396
685.645	0.2676466667
686.655	0.9384436364
687.675	0.9913980198
688.735	0.521827451
689.745	0.570629703
690.746	0.5872784314
691.755	0.4677623762
692.765	0.7051722772
693.766	0.4334257426
694.775	0.7454545455
695.935	0.7808911089
696.936	1.629522478
697.995	0.7864935065
699.005	0.7393538157
700.015	1.097963025
701.025	0.9867137255
702.035	0.6137504951
703.045	0.431770297
704.055	1.575429138
705.065	0.6426016807
706.215	0.8397782178
707.245	0.4189544554
708.255	0.163996004
709.265	1.234859406
710.284	0.556058309
711.285	0.7343683168
712.414	0.4854490566
713.425	0.8351292744
714.434	0.9407607843
715.436	0.6364594059
716.445	0.6663067034
717.455	0.7917859267
718.677	0.8959287834
719.684	0.3728667992
720.695	1.653073666
721.715	0.853409901
722.725	0.9543683168
723.735	1.084166337
724.736	1.309552475
725.754	0.3775640786
726.775	0.2740356436
727.904	0.1648
728.905	1.08430099
729.915	1.010589831
730.964	1.17768254
731.965	0.5840712166
732.976	0.4230153846
734.065	1.173386613
735.074	1.400493243
736.075	0.5424475248
737.084	1.25618254
738.094	0.5161374795
739.114	0.6103264095
740.214	1.493758416
741.224	1.086604341
742.234	0.5603244313
743.244	0.5640792079
744.415	0.5189861386
745.465	1.138664122
746.624	0.5402588235
747.625	0.9678253968
748.634	1.186502483
749.654	0.920864222
750.834	1.009307692
751.835	0.5692168793
752.844	0.7000436075
753.864	0.4618174681
754.874	0.4443106796
755.884	0.3366524272
756.901	0.135702407
757.915	1.066598626
758.924	1.070136769
759.935	0.6821364985
760.944	1.048769078
761.954	1.142787652
762.964	0.7593827893
763.975	0.6628979187
765.124	0.9772147852
766.134	0.8900862745
767.144	1.178944063
768.154	0.5285594406
769.174	0.4037592233
770.184	1.09049505
771.204	0.4716317336
772.215	0.8308313725
773.544	0.3579247525
774.553	2.612678992
775.723	1.335505882
776.913	1.551968317
777.923	0.8459068385
778.933	0.9787433102
779.943	0.7781940594
780.944	0.5181940594
781.963	1.024916968
782.973	0.8554930693
783.974	1.30869703
785.192	0.4587736842
786.203	0.4748831683
787.343	1.187145176
788.473	0.3718834951
789.523	1.286384158
790.533	0.2258895238
791.613	0.6587569856
792.623	0.6655344655
793.753	0.4820910891
794.763	0.6077048544
795.773	1.260098135
796.793	0.7954359712
797.803	0.8328158416
798.833	0.1384096386
799.993	0.4279762376
801.013	0.665308226
802.014	1.316234097
803.153	0.6727223301
804.163	1.230516192
805.263	1.492627373
806.273	0.8951607843
807.283	0.6880396432
808.313	0.5584806723
809.333	1.034830525
810.352	1.573762238
811.355	0.492779661
812.363	0.3032712871
813.402	0.8837310345
814.426	0.9847112887
815.443	0.4005222552
816.452	1.165386613
817.453	1.096309244
818.462	0.9625974026
819.482	0.6603636364
820.502	0.939028971
821.526	1.101351834
822.532	0.7494920635
823.552	1.042320792
824.572	1.349206667
825.613	1.521560396
826.642	1.066657696
827.662	0.8337943409
828.673	1.497939156
829.682	1.321878122
830.903	0.3842930693
831.923	1.086127326
832.982	0.4931333333
833.984	1.20659663
834.992	0.8562737382
836.002	1.531356643
837.142	1.283184158
838.152	0.563239604
839.162	1.033519288
840.182	0.3416933462
841.363	0.4316118812
842.382	0.4767683168
843.403	1.348273538
844.413	0.7458071242
845.432	0.1868356436
846.443	0.8579321357
847.452	0.5174336634
848.473	1.324011869
849.482	0.1281175318
850.512	0.9556612489
851.522	0.8813306931
852.582	0.8928273504
853.622	1.124471754
854.662	0.6401254902
855.702	1.206353646
856.772	0.7436803197
857.792	0.8393461538
858.802	0.3065711593
859.862	0.5314727453
860.872	1.134362147
861.882	0.3297742574
862.901	0.8656333003
863.902	1.121462537
864.992	0.9431912785
866.052	1.259148148
867.122	0.2688574359
868.161	0.8104298507
869.192	0.86403996
870.222	0.977087236
871.292	1.137827937
872.342	1.112614173
873.382	0.6587960396
874.392	1.575472527
875.402	1.810746032
876.412	0.2851495146
877.442	0.485962326
878.462	0.3788724036
879.541	0.7263728814
880.682	0.8289663366
881.782	0.911292517
882.783	0.5742891089
883.792	0.91296695
884.802	1.014555985
885.821	0.8451895652
886.832	0.9626643478
887.842	1.009815385
889.002	0.6846259947
890.012	1.029123967
891.023	1.070537463
892.041	1.040182178
893.051	0.5493940594
894.102	1.276277228
895.161	1.045906094
896.182	0.5092752475
897.231	1.188622398
898.232	1.072346667
899.262	0.7158612488
900.272	0.8112949513
901.351	0.6569420561
902.363	1.240958416
903.372	1.12632967
904.387	1.150652131
905.502	0.3007424684
906.521	1.106979817
907.532	0.1408633663
908.541	0.1912543689
909.552	0.4659076923
910.561	0.595960396
911.562	1.24330297
912.572	1.058392593
913.861	0.7340375865
914.871	0.1248893167
915.872	0.6919246779
916.891	0.898283449
917.892	1.047144554
919.021	1.312191808
920.031	1.385070367
921.032	0.9221854043
922.041	1.008734619
923.061	0.671920398
924.251	0.9266442022
925.281	1.122957043
926.432	0.5825173439
927.442	1.254677966
928.452	1.368055446
929.473	0.2109686747
930.583	0.6718001998
931.633	0.386013346
932.643	1.218461538
933.68	0.2838501441
934.703	0.8437940594
935.713	0.7138855679
936.724	1.075750943
937.844	1.15250996
939.193	0.6563127715
940.213	1.214585714
941.224	0.8409108911
942.243	1.215873267
943.253	0.7241463897
944.263	0.7505774226
945.273	0.5829257143
946.283	0.7655054545
947.304	1.270248436
948.348	1.184673267
949.377	0.4021529745
950.403	0.1394823529
951.413	0.5630415842
952.433	0.8473019608
953.443	1.117578422
954.466	0.2446856095
955.473	0.2736
956.493	0.9170642928
957.513	0.1790644851
958.523	0.6194067334
959.533	0.6945644725
960.543	0.9635724276
961.563	0.7310385757
962.574	0.5837227723
963.676	0.5657882353
964.683	1.026257143
965.723	0.6739061116
966.743	1.017852797
967.873	1.284843157
968.892	0.6615740922
969.893	0.7573016815
970.903	0.7509846154
971.953	1.422785215
972.963	0.6135817641
973.993	1.057334657
975.373	0.9398023715
976.383	0.5428356436
977.384	0.9529679193
978.553	0.7690069376
979.583	1.11569901
980.593	0.8542807018
981.793	0.6762001963
982.803	0.6990891089
983.813	0.5128457808
984.816	0.9063333333
985.823	0.1304582781
986.904	0.8566811881
987.912	0.3003976143
988.913	0.2971764706
990.033	0.8203314192
991.043	0.3851757696
992.053	0.5999207136
993.103	0.5072896552
994.123	0.7139168317
995.124	0.7880705882
996.133	0.4770979631
997.143	0.3712847153
998.153	0.6441070367
999.162	1.010126984
1000.192	0.8927016848
1001.193	1.090508408
1002.203	0.8284232804
1003.212	0.6380862745
1004.233	0.6665543585
1005.346	0.6426851485
1006.362	0.7972380056
1007.373	0.9560316832
1008.393	0.9892356436
1009.402	1.199656344
1010.572	0.3184769231
1011.573	0.2713657086
1012.722	0.5239366337
1013.733	0.985145098
1014.742	0.4961101278
1015.743	0.5525074331
1016.763	1.191524752
1017.764	0.7113886792
1018.772	0.4651394892
1019.802	0.5032324431
1020.816	0.8940815534
1021.822	1.292727273
1022.952	0.195234886
1023.972	1.008736634
1025.184	1.066588004
1026.264	1.284131868
1027.624	1.013718812
1028.745	1.211204795
1030.614	1.479277778
1031.624	0.5350019802
1032.634	0.9079327731
1033.644	1.112542609
1034.794	0.9992633663
1035.806	0.418954955
1037.014	0.3220039604
1038.074	1.026442022
1039.084	0.8222470694
1040.174	0.7790256864
1041.175	0.2064533857
1042.184	0.8735104895
1043.3	0.2297243402
1044.304	0.5214350842
1045.454	0.3111529412
1046.464	0.6456102868
1047.474	1.189490509
1048.604	1.274693227
1049.614	0.9820644038
1050.634	0.8290745098
1051.664	1.119038627
1052.673	0.7393176471
1053.684	0.4797490196
1054.693	0.4888156863
1055.854	1.058479279
1056.894	0.1281188119
1058.024	0.9075617391
1059.084	1.261037624
1060.104	0.4468537782
1061.114	1.124893204
1062.124	0.8359405352
1063.134	0.9525866667
1064.154	1.137463897
1065.164	0.981026973
1066.294	1.055198543
1067.304	0.3755805529
1068.305	1.142447525
1069.306	1.246344554
1070.474	0.9755044955
1071.475	0.6596162216
1072.644	0.3575762376
1073.793	0.7731881188
1074.794	0.6763037037
1075.803	0.8865534062
1076.894	1.219924076
1077.904	0.7548879384
1078.994	1.176501961
1080.104	0.4600451467
1081.254	1.050837163
1082.393	0.2623936064
1083.395	1.289319298
1084.404	0.1963372549
1085.414	0.7266828528
1086.423	1.002231337
1087.433	0.3577846154
1088.584	0.4249827116
1089.604	0.4535779817
1090.613	0.5088204122
1091.624	0.14501069
1092.805	0.6721821782
1093.954	1.145030969
1095.184	0.3352
1096.264	0.9192950495
1097.273	0.4606847521
1098.353	1.435661017
1101.643	0.4117544554
1102.693	0.8595450049
1103.713	0.4382239841
1104.733	0.7450652368
1105.813	0.7385814186
1106.833	0.9327759079
1107.843	1.030723077
1108.854	0.7282823529
1109.864	0.9441267327
1110.873	1.405108911
1111.883	1.233318095
1112.884	0.9202772277
1113.903	0.6572283771
1114.923	0.3938901961
1115.964	0.4150419162
1116.984	0.891372549
1117.993	0.6308673267
1119.053	0.4435407407
1120.063	1.25959322
1121.133	0.4237330716
1122.203	0.7027980099
1123.204	0.9409188119
1124.234	1.349085149
1125.433	0.770590099
1126.444	0.9755810277
1127.454	1.330640238
1128.653	1.33428971
1129.654	0.1891607843
1130.655	0.6277019608
1131.664	1.104983152
1132.684	0.7714005877
1133.693	0.677180198
1134.694	0.9475564356
1135.823	0.8748211788
1136.903	0.4938455446
1137.913	0.7166896552
1138.924	0.3606980392
1140.063	0.4665734266
1141.073	1.138294849
1142.173	0.6262460317
1143.183	0.8011831933
1144.184	0.7852412673
1145.333	0.8736650149
1146.523	0.5946692088
1147.663	0.9373281553
1148.673	0.7285668663
1149.723	0.2918230089
1150.724	0.7179913719
1151.734	0.8042097087
1152.743	0.7239056143
1153.753	0.9786039216
1154.764	0.5301148515
1155.773	0.9002437562
1156.793	0.2620962963
1157.923	0.2282766355
1158.924	0.2261386139
1160.123	0.9038803738
1161.143	0.9562666667
1162.273	0.7967049505
1163.423	0.5141225806
1164.653	1.255576424
1165.773	0.5401536946
1166.783	1.34896
1167.793	0.5241994135
1169.233	1.027163964
1170.253	0.6503709519
1171.263	1.399149864
1172.273	0.4377075564
1173.283	0.2195764706
1174.293	1.044376611
1175.363	0.2525538462
1176.592	0.2555214953
1177.604	0.4587881188
1178.823	0.8545934066
1179.833	0.9553246753
1180.844	0.8750842418
1181.853	1.425158841
1182.564	0.8549217047
