0.0	1.132930909
1.009	0.9205787909
2.019	0.9241428571
3.092	0.1536474576
4.229	0.8655921569
5.348	0.5218962963
6.538	1.234827723
7.648	0.7561568627
8.819	0.4829931973
9.828	0.1293381818
10.829	0.8161295238
11.838	0.6041425743
12.849	1.585156436
13.85	0.7677777778
15.018	0.5863764706
16.159	0.2228130564
17.169	0.84600999
18.308	0.4238184874
19.309	0.7154461538
20.329	0.8794212091
21.488	1.566469772
22.518	0.6777302002
23.598	1.004224299
24.659	0.8876630754
25.709	0.3900831683
26.71	1.222138182
27.729	0.6926019802
28.739	0.8289376855
29.74	1.416943057
30.759	1.286910924
31.768	0.1578461538
32.888	0.488761165
33.889	0.5917745517
34.891	1.139182867
35.899	0.7438648111
36.9	0.9325132075
38.092	1.024751249
39.258	0.1626957384
40.259	0.884011893
41.278	0.7375302279
42.279	1.494223077
43.398	0.5273815659
44.399	0.6672997033
45.408	1.025371655
46.538	0.7330772277
47.539	0.3231085714
48.638	0.5486653465
49.639	0.7374770459
51.048	0.4176932039
52.158	0.9268779599
53.168	1.332364356
54.178	0.8945389222
55.188	0.9480692308
56.317	0.1354910394
57.478	0.4254415842
58.488	0.9875378486
59.489	0.5656521739
60.538	0.4129657594
61.548	0.1722666667
62.55	0.8009742574
63.617	1.476547042
64.618	0.7244038835
65.619	0.7935857284
66.658	0.6847872128
67.817	0.4986068223
68.958	0.645370297
69.968	1.015206997
71.188	0.8921761468
72.189	0.3234765235
73.278	0.6476594059
74.468	1.126628345
75.469	1.23956044
76.477	0.9527672328
77.488	0.6644277228
78.507	0.9956752475
79.508	1.405596806
80.509	1.145006993
81.527	0.6127550483
82.528	1.528480437
83.798	0.8493253968
84.807	1.122525475
85.808	1.502943396
86.867	1.268547453
87.908	1.047548515
88.988	0.6075153473
90.137	0.6347092907
91.138	1.12589011
92.247	0.9047112887
93.437	0.7896817289
94.477	0.3065073457
95.478	1.444841379
96.658	0.6780118812
97.847	0.9269202037
98.849	0.6906640238
99.857	1.152839604
100.858	0.5787168317
101.859	1.73889901
102.868	1.148794376
103.873	0.6986031746
104.877	0.2293028571
105.878	1.504193103
106.888	0.4911256182
107.977	1.05565873
109.111	0.4976
110.113	0.6109473684
111.122	0.8897152542
112.152	0.888333003
113.191	1.112634921
114.201	0.5173811966
115.212	0.8707795276
116.341	1.475575496
117.352	1.384911794
118.411	0.4608730159
119.412	0.679827451
120.501	1.20395225
121.631	0.5690571992
122.731	1.373328048
123.732	0.4792784314
124.741	1.225654346
125.891	0.6573803922
126.992	1.297194857
128.002	0.9628701685
129.011	0.7636203796
130.022	1.243619048
131.111	0.6885306931
132.114	1.093676647
133.121	1.825734266
134.172	1.061700694
135.191	0.6716167665
136.212	0.3410311615
137.371	0.9942985332
138.381	0.9781962339
139.561	1.000582677
140.571	1.163060939
141.576	0.838160555
142.581	1.203596396
143.591	0.6873253968
144.592	0.7915481481
145.619	1.728925926
146.811	1.421734653
147.861	0.8266323092
148.872	0.8332539683
149.881	0.6099345887
150.901	0.9444757185
151.911	0.5409039767
152.921	1.04033132
153.922	0.955566343
154.923	1.295050049
155.931	0.9305084075
157.061	0.2420307692
158.071	1.344007984
159.072	0.4328136814
160.073	0.1107564356
161.081	1.522790882
162.102	1.0306
163.111	0.7272053422
164.113	0.1578461538
165.251	1.579192079
166.261	1.448478901
167.271	0.6091258672
168.281	0.2695566502
169.282	1.57245954
170.461	1.034244861
171.471	0.1516990099
172.541	1.00437962
173.631	0.619755102
174.632	0.2955417349
175.66	0.3961958042
176.68	0.1894153846
177.681	0.7786534653
178.73	1.57018981
179.731	0.5772435644
180.741	0.5477823937
181.75	1.081438561
182.771	0.2040588813
183.79	0.86639445
184.99	0.4542612011
186.001	0.8296554455
187.2	1.784609901
188.61	1.13824082
189.621	0.601984127
190.63	0.6030009718
191.631	0.8537641229
192.64	0.9358769231
193.651	0.1703736264
194.801	0.5774785215
195.92	1.387373016
196.97	0.6724039604
197.986	1.03352
199.16	1.614669307
200.361	0.6121149653
201.371	1.140818991
202.38	1.031506542
203.602	0.6560719281
204.62	1.635667925
205.63	1.672726547
206.631	0.7500910891
207.652	0.9866347305
208.84	0.7942755203
209.841	1.312927651
210.851	0.1525132075
212.03	0.4816015857
213.04	1.383714569
214.2	0.5178109091
215.21	1.196369393
216.31	0.843239604
217.312	0.7142415842
218.32	0.6662524272
219.33	0.6271466198
220.4	0.6493176471
221.404	1.071032967
222.41	0.329328125
223.411	0.9167207921
224.412	1.455176358
225.453	0.8631528472
226.47	1.889038961
227.471	0.9865584158
228.5	0.4741312439
229.51	0.6321072925
230.52	0.1628571429
231.522	0.6189218613
232.531	0.9702200198
233.54	0.6546997027
234.541	0.9169555556
235.549	0.2653734239
236.559	0.30756
237.571	0.8915555556
238.579	0.7075215686
239.599	1.020835165
240.6	0.2759529412
241.611	0.1342188679
242.619	0.799390099
243.62	0.8962657092
244.63	0.9811564356
245.66	0.4746613861
246.679	0.6266588235
247.723	0.3112374228
248.731	0.9437145689
250.009	0.6454811881
251.069	1.093487733
252.2	0.3684118812
253.21	1.279388834
254.226	1.37898709
255.229	1.125328048
256.239	1.057340952
257.24	0.4153265993
258.262	0.8118165138
259.269	1.416972667
260.46	0.907849505
261.469	0.8773359762
262.47	0.9973948718
263.651	0.4856111111
264.652	1.113584158
265.67	0.3359049505
266.709	0.716838537
267.859	0.6210990654
268.87	0.3294916585
270.169	0.8022777223
271.177	0.9317157025
272.198	0.3852147852
273.314	1.101570722
274.317	0.7261069307
275.318	0.9985034483
276.328	0.5755495798
277.329	1.044530693
278.337	1.151659091
279.347	0.1487533981
280.349	1.145615842
281.357	1.19755005
282.367	1.334066667
283.557	0.9663366337
284.568	0.5910564916
285.569	1.126501487
286.617	0.8087701375
287.627	0.8831529412
288.629	1.183282855
289.867	0.3755294118
290.896	0.4644795205
291.908	0.9442769535
292.927	0.5216957802
293.937	1.439547945
295.037	0.9608396501
296.049	0.7546693069
297.057	1.123313208
298.187	1.128710579
299.312	0.6027529412
300.317	0.9191992149
301.327	0.3552111001
302.337	0.4169990089
303.348	1.684634006
304.507	0.9811669725
305.508	0.6150019802
306.517	0.7142945205
307.677	0.6758891089
308.717	0.1230823529
309.827	0.6733320119
310.946	1.318741659
312.137	0.9319706422
313.177	0.1824
314.208	0.9049430569
315.257	0.1950415842
316.267	0.2958257426
317.377	0.1304051329
318.387	0.9208229476
319.587	0.7511448551
320.757	0.5038990291
321.857	0.6871277014
322.957	0.863626108
323.958	0.9881863231
324.966	0.879849505
326.136	0.6767410208
327.277	1.410978151
328.357	1.288238387
329.437	0.1666921739
330.497	1.179252747
331.628	0.3033980198
332.748	0.4250386521
333.757	0.7574535618
334.767	0.8203290387
335.776	0.1912543689
336.777	0.6155980296
337.826	0.7678970297
338.836	1.321043137
339.846	1.166201798
340.848	0.4630745098
341.856	0.401029703
342.857	1.29466043
343.866	0.559827112
344.867	0.9917282717
345.896	0.8418701299
346.937	0.6205669903
347.938	0.5337142857
348.996	0.9718567493
350.126	0.6594431373
351.217	0.1718390579
352.227	0.3111529412
353.246	0.6827179981
354.248	1.780803197
355.267	0.7013861386
356.268	0.411347181
357.297	0.8445940594
358.306	1.628796829
359.312	1.769494505
360.316	0.8083433134
361.318	0.9381966894
362.326	0.5635555556
363.346	1.172671246
364.416	0.8756470588
365.578	0.4972831683
366.756	1.428715564
367.896	0.439207767
368.906	0.300129285
369.907	0.6218714144
370.915	0.8512126607
371.935	0.2557009346
372.936	1.417635714
373.947	1.073766337
375.045	1.381063032
376.205	1.048039216
377.267	0.6157362637
378.276	0.4345277311
379.296	1.114091816
380.316	0.4658966977
381.406	1.481743851
382.407	0.4784699029
383.463	0.3292639843
384.466	0.8417584158
385.467	0.4442613861
386.476	1.056802383
387.596	0.8411580952
388.597	0.4705947007
389.606	1.40461447
390.626	0.8505098039
391.705	0.2145882353
392.707	0.5515899218
393.816	1.261882118
394.826	0.411160396
395.835	0.8188912831
396.836	0.5498909812
397.916	0.7251413141
399.095	0.8466031746
400.106	0.2633301251
401.115	0.559313404
402.127	0.7615744256
403.135	0.7064079208
404.235	0.9897578646
405.336	0.5201108911
406.655	0.6895642023
407.665	0.582758209
408.666	0.8399207921
409.685	0.4551207921
410.745	0.7577412653
411.755	1.409017257
412.765	1.158407921
413.767	0.3628235294
414.775	0.9395642857
415.785	1.676003996
416.795	0.5535302279
417.895	0.8562078922
418.905	0.2005007634
419.935	0.7126073926
420.955	0.6792149166
421.98	0.7070663034
422.995	0.8416543909
424.145	0.7653253968
425.185	1.314377778
426.265	0.8537468106
427.275	0.8169029703
428.334	0.2682352941
429.345	1.166163162
430.375	0.9523588785
431.574	0.3043528284
432.585	0.7278721279
433.655	1.319896104
434.665	0.8648208579
435.735	0.4977946768
436.755	0.8238338279
437.794	1.690797203
438.845	0.6673882353
439.855	1.137615238
440.895	0.8154953743
441.896	0.6160449018
442.906	0.7567841584
443.945	0.2598495049
444.964	1.167356232
445.98	0.7616223776
446.984	0.5211428571
447.985	1.701620758
448.995	1.444308911
450.185	0.6593484699
451.324	0.871151277
452.435	0.9880313725
453.464	0.2152212389
454.465	1.141946054
455.484	1.386445554
456.494	0.6823256743
457.496	0.5515881188
458.514	0.455908046
459.526	0.6827490909
460.534	0.528
461.535	0.5766196624
462.554	0.8222160555
463.574	0.8366765579
464.584	1.145068249
465.585	1.694450928
466.644	0.6897742574
467.645	0.8314212091
468.654	1.77630099
469.805	0.3184481086
470.834	0.7075921569
471.924	1.794028571
472.934	1.336827344
473.954	0.8883086053
474.964	1.32827972
475.974	0.8137222777
476.975	0.2789647059
478.164	1.443714851
479.174	1.357059829
480.175	0.1555174477
481.184	0.8215662414
482.194	1.142969277
483.204	1.71666997
484.224	0.6594204444
485.234	1.101519442
486.254	1.564507493
487.257	1.692792079
488.274	0.2896941176
489.284	0.8596078431
490.304	0.8845367287
491.324	1.026286853
492.344	0.6314113208
493.364	0.958161194
494.424	0.7187372549
495.434	0.9343216783
496.474	0.7615764706
497.494	0.6942351798
498.503	0.4986483301
499.524	0.9162517483
500.534	1.028932994
501.545	0.9467405941
502.564	1.501436508
503.573	0.4855496183
504.574	0.8576237624
505.626	0.7267485149
506.633	0.1243157038
507.764	0.4537980198
508.853	0.8520313725
509.863	0.9057980198
510.864	0.4019709091
511.873	0.1738330097
512.973	0.9427514843
514.154	1.01044995
515.184	0.9071362832
516.194	0.4351652502
517.223	1.336769841
518.233	1.20155045
519.234	1.429116832
520.243	0.7071097923
521.394	0.5463071429
522.573	0.4376
523.613	0.5644072727
524.673	1.1540059
525.853	0.66576
526.863	0.4088922784
527.874	0.9754593536
528.883	0.2837333333
530.033	0.8016383616
531.043	0.4206054591
532.066	0.8506712683
533.073	1.050173826
534.074	0.3747428571
535.083	0.8622571148
536.113	1.998025768
537.193	0.3172173913
538.203	1.199080919
539.223	0.3826573427
540.243	1.100514851
541.264	0.7963521779
542.303	1.308499557
543.393	1.098080471
544.503	1.391977778
545.505	0.4617289812
546.533	0.4122485437
547.535	1.45009009
548.644	0.8976543457
549.653	0.9824
550.853	1.09846093
551.863	0.1931294118
552.923	0.5539425173
553.973	0.6188851149
555.013	0.4884198251
556.023	0.7908530973
557.223	1.110853755
558.303	0.8035485149
559.333	1.015453465
560.353	0.9287423423
561.402	1.284336967
562.403	0.9679555556
563.413	0.9378418766
564.423	0.5784230387
565.443	1.442463795
566.453	1.384752941
567.463	1.020267732
568.473	0.5242497522
569.533	0.5036356436
570.534	1.086264966
571.603	0.817218241
572.605	1.132630327
573.663	0.3665615385
574.694	1.198308571
575.703	1.149133913
576.883	0.9701176471
577.892	1.199736527
578.906	0.162577693
579.913	0.9377346535
580.993	0.754952381
582.053	0.7871762376
583.062	0.7642920204
584.063	0.95446
585.072	0.8314851485
586.112	0.5414834951
587.252	1.131382178
588.403	1.086479602
589.412	1.528633663
590.423	0.4298001978
591.482	0.2786733267
592.683	1.146133333
593.753	1.377665455
594.773	0.3820205415
595.933	1.492975022
596.934	1.032150346
597.962	0.5091137255
598.963	1.100103792
600.083	0.9040691643
601.084	0.8390336634
602.092	0.7858439716
603.093	0.2626242991
604.102	0.1062524272
605.243	1.582423762
606.252	0.8654188177
607.362	0.668419802
608.363	0.6938870547
609.372	1.191817822
610.373	0.7718336634
611.382	1.160634291
612.493	0.8969141235
613.652	0.6469210789
614.842	0.6954552529
615.942	0.951186087
616.944	0.4789952426
618.058	0.3982785603
619.062	1.310513487
620.233	0.5001851852
621.242	1.039922875
622.244	1.160062684
623.442	0.7617882353
624.462	0.4776475248
625.472	0.8770666667
626.502	0.2199333986
627.542	1.316695821
628.572	0.984532811
629.672	0.409945098
630.772	0.9345107577
631.782	0.8570730051
632.792	1.471190253
633.801	1.231230769
634.822	0.4275529179
635.857	1.26229703
637.042	1.090555556
638.072	1.030407921
639.082	0.8552962963
640.112	0.7802156522
641.152	0.7486303271
642.212	1.118430129
643.232	1.07733863
644.242	0.8373756194
645.272	0.6522879445
646.282	1.432906195
647.302	1.061186813
648.322	0.1841046729
649.562	0.6624063429
650.601	0.5657111111
651.611	0.4828235294
652.612	0.2981281553
653.621	0.5957803922
654.732	1.464333056
655.925	1.486156004
656.931	0.5427215686
657.932	0.6586693069
658.941	0.995020979
659.942	1.146867327
660.951	0.6002507346
661.962	0.4444787339
662.991	0.9635594714
664.021	0.7005623762
665.031	0.9082117647
666.062	0.7901227723
667.291	1.026727817
669.956	0.7190415842
670.971	0.7811247525
672.142	0.5625267327
673.161	1.062994059
674.192	0.2271396226
675.201	0.3859686275
676.202	1.069866667
677.203	1.351873016
678.212	0.1873297297
679.221	0.6874245754
680.231	0.656609901
681.261	0.5206470029
682.621	1.38157037
683.721	0.1250742857
684.841	0.9050713043
685.921	1.204617822
686.941	0.913513315
688.041	1.131754455
689.351	0.8844039604
690.361	0.7184520434
691.371	0.7214385614
692.441	1.282695798
693.462	0.7960194363
694.471	1.228997319
695.631	0.9358969277
696.642	0.3011960396
697.681	1.345062937
698.861	0.699766537
699.882	0.7352142252
700.891	0.9682557443
701.892	1.071888112
702.911	0.340007767
703.923	0.9911048951
704.931	1.025207843
706.091	0.8902867925
707.111	1.153634921
708.121	1.130485514
709.141	0.8772989076
710.151	1.153323077
711.161	0.3661960784
712.162	1.093885602
713.171	0.7610835735
714.181	0.9823710095
715.191	0.8485185891
716.2	1.318
717.201	0.4199000999
718.211	0.9235580952
719.221	1.48238961
720.231	1.476563437
721.24	0.8208316832
722.321	1.045940594
723.331	1.072150644
724.401	0.1502117647
725.47	0.97124
726.48	0.4408603774
727.481	0.1048275862
728.51	0.6151833499
729.631	1.475523077
730.766	0.3792475248
731.78	0.8926513487
732.79	1.369166833
733.81	0.6837509434
734.823	1.153145098
735.831	0.6369801802
736.84	0.6121766438
738.04	1.070320792
739.051	0.6864079208
740.2	0.4482557443
741.21	0.8974990138
742.221	0.4363929471
743.24	1.187650135
744.25	0.2131243879
745.3	0.5332083749
746.311	1.016151848
747.34	1.206730388
748.44	1.07261982
749.451	1.59048951
750.48	0.587964036
751.49	0.6192705882
752.68	1.297236364
753.69	0.6513699115
754.71	0.9266253746
755.73	1.029642358
756.74	0.8418666667
757.75	0.7140079365
758.77	1.04003996
759.771	0.5079372549
760.78	0.7665403012
761.8	0.9124550898
762.86	0.7641254902
763.87	0.5442564559
764.88	0.7301825319
765.89	0.6334803738
766.9	1.03383301
767.919	0.249219802
768.92	0.8811722772
770.12	0.5368245788
771.13	0.3008776699
772.139	1.500287425
773.26	0.9756746032
774.262	1.181589693
775.269	1.679817822
776.28	1.031390476
777.29	0.5133634783
778.3	1.061066933
779.32	0.9502577423
780.329	0.460098912
781.43	0.6284673267
782.45	0.6888007929
783.461	1.094509415
784.479	1.418211765
785.632	1.387318744
786.72	0.7461746811
787.73	0.8318091451
788.843	0.9845594406
789.93	0.9871582609
790.94	0.6269285033
791.95	1.411153398
793.089	0.5995467422
794.11	1.322849853
795.119	0.7767445545
796.129	0.1432240185
797.149	0.6290822597
798.169	0.3854230769
799.189	0.8410709291
800.19	0.9476594059
801.29	1.082687747
802.3	1.482461538
803.57	1.137849206
804.589	0.8257570457
805.599	0.8488
806.639	1.014067114
807.719	0.5487161905
808.771	1.020852941
809.78	0.2131485149
810.8	0.1897188119
811.901	0.365157998
813.079	0.4075485149
814.249	0.8338138614
815.409	0.4002307692
816.419	0.6317682318
817.429	1.346867327
818.619	0.7190847458
819.689	0.5929558442
820.699	0.1131927273
821.719	1.520673935
822.72	0.9987710605
823.849	0.2413623762
824.859	0.610780198
825.879	0.4892361516
826.899	0.7763931034
827.939	0.3118945736
828.949	0.7968906561
829.979	0.6441687929
830.984	1.060701561
832.139	1.020430769
833.309	1.007057426
834.329	0.7978624128
835.439	1.241904425
836.449	1.121678322
837.459	0.21888
838.589	0.3139228487
839.599	0.9234331021
840.619	1.208982456
841.658	0.2790725605
842.659	0.7073029703
843.739	1.930830525
844.889	0.9720627451
845.899	1.296974257
846.999	0.9422874133
848.169	0.4895168431
849.189	0.4069411765
850.208	0.1525354645
851.229	0.4841449559
852.239	0.9078482759
853.24	0.7990889111
854.359	1.099726316
855.369	0.2494126534
856.398	0.3247049505
857.418	0.9678117647
858.439	1.48996036
859.578	1.132810916
860.579	1.365119683
861.649	0.9560715706
862.658	1.244717542
863.669	0.427283871
864.678	0.9412408325
865.688	0.5322039216
866.699	1.288647353
867.708	1.031272727
868.709	1.338215501
869.738	1.088439327
870.765	0.3024158416
871.879	0.8599230769
872.898	0.4719365709
873.9	1.545275168
874.908	1.258741259
875.917	0.8565131195
876.928	1.044655172
877.978	0.2297803922
878.998	0.9809333333
880.018	1.173250749
881.028	1.510645545
882.029	0.6360133333
883.048	0.3695294118
884.058	1.194970297
885.088	1.533362376
886.148	1.203121756
887.328	1.012831683
888.348	1.345882353
889.349	1.094441558
890.368	1.253032727
891.378	0.4725442177
892.388	0.7263683168
893.408	0.8978228856
894.467	0.8859485149
895.478	0.9382374877
896.488	0.4538583257
897.498	0.1088047843
898.567	1.355692921
899.588	1.374327456
900.628	0.1834189944
901.918	0.8936571988
902.948	1.382161838
903.998	0.6443133333
905.008	0.6859215686
906.028	0.3902257742
907.088	0.7213084746
908.098	0.7552
909.118	0.9502433234
910.168	0.6590970297
911.178	0.3648
912.188	0.9742414132
913.217	1.417255053
914.221	0.9931258672
915.231	0.744053898
916.274	0.4365490196
917.301	1.051992095
918.321	0.4464295432
919.37	0.349508982
920.39	0.2441558442
921.491	0.2006352941
922.54	1.050014545
923.632	0.7754730539
924.64	0.4818509804
925.69	0.3986265487
926.777	0.6601153846
927.851	1.118566038
928.86	0.8951437066
929.861	1.212285149
930.901	0.3931339806
931.931	0.2603131814
932.981	1.25870099
934.001	0.6941778222
935.031	0.7261940594
936.051	0.9825887017
937.101	0.8959000833
938.131	1.015032428
939.151	1.471599607
940.161	0.1914402332
941.172	0.1180235294
942.221	1.068355644
943.331	1.187461386
944.351	0.7362061447
945.411	0.5582598653
946.441	1.468992308
947.471	0.4542670623
948.511	1.436123629
949.611	0.5742891089
950.702	0.9366466848
951.792	0.1142976501
952.851	0.1925490196
953.861	0.9192429481
954.871	0.6758691774
955.876	1.080722222
956.886	0.8235364635
957.896	0.9099511241
958.901	1.120684746
959.915	0.3332962963
960.936	0.6044260132
961.985	1.897622378
963.005	0.9783445545
964.006	1.162434093
965.016	1.350645045
966.065	1.295572881
967.076	0.9302057942
968.206	1.607269193
969.225	0.613837645
970.235	0.9269306931
971.236	0.6531082423
972.255	0.5801844946
973.345	0.9384499504
974.425	0.1753022795
975.445	1.394013986
976.446	0.9065794393
977.595	0.3794930693
978.715	1.140622398
979.815	0.9765064293
980.965	1.364152791
981.966	0.7844504202
982.968	1.027794059
983.975	0.5385094905
985.116	1.007968032
986.127	0.9172594059
987.305	0.4286303271
988.315	1.259068931
989.336	0.8429212234
990.345	0.2367683168
991.355	0.3717242757
992.365	0.9483089109
993.385	0.3204673267
994.395	0.5658217822
995.415	0.7204733269
996.425	0.7407472527
997.435	1.10580773
998.436	0.6865663366
999.615	0.6749377049
1000.617	0.1912934683
1001.625	0.8547339806
1002.635	0.2925623762
1003.644	0.6246313686
1004.695	0.2277740337
1005.715	0.8035758176
1006.735	0.9705297297
1007.736	0.7423764706
1008.745	0.9491468531
1009.746	1.014842418
1010.755	0.4669910979
1011.775	0.7089706458
1012.785	0.2162461538
1013.803	0.9013809524
1014.805	0.6418077304
1015.815	0.9767984791
1016.955	1.478345654
1017.956	1.015193676
1018.957	1.316162537
1020.125	1.311809901
1021.175	0.9061052632
1022.185	0.751809901
1023.235	1.255140299
1024.305	1.270996016
1025.365	0.9815366337
1026.374	1.214978218
1027.395	1.423712288
1028.445	0.7578661339
1029.625	1.148120755
1030.635	0.8110588235
1031.645	0.1669386139
1032.664	0.6962138614
1033.665	0.1287529412
1034.685	1.751672655
1035.695	0.8621010486
1036.705	0.2231300971
1037.725	0.1004036697
1038.726	1.183912438
1039.735	0.7338989098
1040.744	0.2524075472
1041.795	1.566929071
1042.805	0.6581090188
1043.815	1.198507961
1044.895	0.8587220574
1046.005	0.3028156863
1047.014	1.06841958
1048.015	0.3856457143
1049.016	0.9501828681
1050.024	1.516395604
1051.184	0.9716226415
1052.204	0.4672156863
1053.255	0.5642534653
1054.256	0.3139228487
1055.265	1.080411881
1056.274	1.13855489
1057.334	0.6698094357
1058.335	0.5562571711
1059.385	0.791992016
1060.514	0.9739321357
1061.554	0.5567873393
1062.574	1.17818981
1063.614	1.196290766
1064.684	0.5370520118
1065.685	0.7799247863
1066.694	0.8248791209
1067.744	1.093740157
1068.774	0.971030422
1069.776	0.3201668057
1070.784	1.068839604
1071.794	1.198914286
1072.804	1.374542574
1073.805	1.361574426
1074.814	1.34779469
1075.824	1.223832168
1077.044	1.101631683
1078.054	1.185148515
1079.064	1.636579421
1080.065	0.4996764986
1081.094	0.7279028037
1082.104	0.2629796673
1083.114	1.39900604
1084.134	0.8086980392
1085.144	0.6492750243
1086.163	1.124328224
1087.164	0.5047772326
1088.184	0.3518970297
1089.204	0.5112792079
1090.205	1.160855145
1091.225	0.5934365079
1092.304	0.7074285714
1093.334	0.1755169811
1094.384	1.265374625
1095.524	1.04731746
1096.534	0.3229504587
1097.564	1.092460317
1098.764	0.7987137255
1099.772	0.5757442557
1100.773	0.2433188119
1101.783	1.56445954
1102.803	1.129822178
1103.834	1.251260054
1106.175	1.081338614
1107.195	0.974968254
1108.204	0.2577433962
1109.214	1.023037037
1110.223	0.8658690909
1111.233	0.6033680079
1112.263	1.39395005
1113.293	0.3750480693
1114.314	1.008931034
1115.323	1.074780198
1116.403	0.8577794393
1117.404	1.017735714
1118.603	0.4022101695
1119.623	0.796227451
1120.634	0.5103153771
1121.653	0.534322453
1122.863	0.5758585462
1123.873	0.5474491018
1124.893	0.963862069
1125.894	0.8921346535
1126.913	1.620646184
1127.915	1.048114177
1128.922	1.076493458
1129.923	1.055027586
1130.952	0.7456463536
1132.003	1.128316832
1133.123	1.165026973
1134.224	1.135904856
1135.382	0.1067707317
1136.572	0.1043279314
1137.583	0.4792247752
1138.593	0.7795916749
1139.602	0.3187572816
1140.612	0.2647121662
1141.772	1.054874133
1142.783	0.9709453861
1143.792	1.022865135
1144.931	0.4437882353
1145.933	0.2664070107
1146.972	0.166184938
1147.973	0.4990358566
1148.974	1.048886297
1149.982	0.8766933333
1151.122	0.3506330097
1152.123	1.299436508
1153.282	0.1583662447
1154.382	0.3585584158
1155.443	1.092104918
1156.453	1.317351834
1157.562	1.070118562
1158.683	1.120075928
1159.684	1.964659341
1160.693	0.9308612613
1161.712	0.5409478992
1162.822	0.7513422699
1163.829	0.7778903863
1164.832	0.8641411765
1165.833	0.9971750742
1166.862	0.5579294118
1167.888	0.8330634802
1169.102	0.6626798419
1170.592	0.607784874
1171.902	1.168340594
1173.062	1.659228771
1174.072	0.5140910891
1175.082	0.7128424842
1176.093	1.180779221
1177.102	1.49026104
1178.112	0.9104237624
1179.122	0.8863857567
1180.132	0.8501172414
1181.133	0.2625828571
1182.134	0.1391607629
1183.362	0.6628457711
1184.512	0.3142063492
1185.513	1.335276342
1186.522	0.8227564356
1187.532	1.650650699
1188.543	1.703432567
1189.562	1.004851149
1190.752	0.2833622047
1191.762	0.706013986
1192.782	0.3142336634
1193.902	1.268115884
1195.012	1.089965517
1196.182	1.308951332
1197.202	0.3613490196
1198.392	0.8427063492
1199.401	0.148632381
1200.641	0.9409584158
1201.652	0.6936621359
1202.742	0.5832
1203.751	1.049672228
1204.761	0.5761332027
1205.781	0.5142039216
1206.782	0.8095984016
1207.791	0.4766752294
1208.793	1.456370909
1209.812	1.184528801
1210.822	0.9421382668
1211.831	0.5257411765
1212.852	0.8358174603
1213.863	1.136673935
1214.872	0.2042588235
1215.888	0.5284349515
1216.891	1.114125874
1217.971	0.9126807018
1218.982	1.577463897
1219.991	1.043425173
1221.062	0.5908731269
1222.071	1.107429584
1223.072	1.641030969
1224.082	0.6590178218
1225.091	0.8767046632
1226.092	1.099928713
1227.292	0.7042854656
1228.302	0.3947168317
1229.303	1.47135905
1230.311	0.8196344828
1231.321	0.8871285714
1232.322	0.5033405299
1233.532	1.237426295
1234.533	0.924151463
1235.542	0.421253493
1236.552	1.455476839
1237.571	1.789178821
1238.572	0.6939983036
1239.582	0.9113742574
1240.583	1.039723343
1241.611	0.9629044118
1242.701	1.177825455
1243.902	1.012992593
1244.911	1.148467327
1245.922	1.387716482
1246.931	1.549064293
1247.933	1.256570885
1249.021	0.3700116505
1250.022	1.112831169
1251.102	0.3650188305
1252.441	0.4602645161
1253.442	0.1454653465
1254.443	0.5639091735
1255.461	0.7470849151
1256.481	1.380361603
1257.731	1.351944554
1258.741	1.964712871
1259.781	1.436900834
1260.861	1.381234765
1262.102	0.873219802
1263.111	0.9508356436
1264.121	0.4950178218
1265.281	1.251111111
1266.341	0.5715564436
1267.37	0.7933122807
1268.493	0.7749355372
1269.501	0.9367192807
1270.542	0.6689333333
1271.701	0.706019802
1272.901	1.011247525
1273.91	0.2253176471
1274.92	1.204683317
1275.931	0.8737786333
1276.951	1.177305977
1278.033	0.2494667988
1279.042	0.7885227723
1280.251	0.2797236364
1281.252	0.497617443
1282.282	0.4626693069
1283.283	1.336578791
1284.461	0.3644427032
1285.462	0.6727025948
1286.471	0.2710899083
1286.828	0.3849267327
