0.0	0.3041647059
1.129	0.3500627451
2.249	0.3579728155
3.411	0.5096633663
4.573	0.7143049645
5.579	1.390809191
6.659	1.369468947
7.789	1.202223325
8.791	0.2822857143
9.792	1.906650699
10.799	0.4350227498
11.83	1.039764922
12.969	0.4377641229
13.97	0.9071841584
14.98	0.7341544554
15.989	1.398342276
17.009	0.7594217822
18.039	0.554888454
19.059	0.9827612388
20.439	0.4876039604
21.459	0.7166732673
22.519	0.2156962025
23.52	1.114010084
24.529	1.390091816
25.649	0.1914402332
26.669	0.7506322068
27.779	1.012387612
28.839	1.015304695
29.859	1.039264735
30.939	0.5722573913
31.948	1.251354386
32.949	0.1893046033
33.958	0.392
34.959	0.5406273726
36.058	1.183213373
37.189	0.316742515
38.198	1.06431968
39.379	1.354492582
40.389	0.8402460457
41.439	1.034106931
42.449	0.3809254902
43.468	0.3332235294
44.479	0.8278453915
45.488	1.121484615
46.489	1.038624465
47.498	0.6076078431
48.518	0.5390853778
49.588	0.3081320388
50.679	1.20859766
51.918	0.162780198
53.049	0.3203384615
54.051	0.7612888889
55.068	0.4618174681
56.069	0.8606858276
57.198	0.1589157793
58.208	1.02283449
59.218	0.4401663366
60.228	1.078721429
61.558	0.5216271186
62.598	0.3658969697
63.638	0.8156910891
64.649	0.5489047161
65.688	1.17881359
66.698	0.4096941176
67.718	1.017909434
68.728	0.3472615385
69.748	1.022198261
70.768	1.134630769
71.778	1.130390379
72.808	0.8409831516
73.928	0.6749177403
74.938	0.1407433071
75.948	0.8722119725
76.958	1.053772052
77.968	1.350336634
79.158	1.006568645
80.238	0.8734666667
81.248	1.162839216
82.257	0.967100885
83.478	0.3965113974
84.498	1.169376855
85.638	1.352051948
86.658	0.8322967449
87.678	1.129131553
88.688	0.3684118812
89.689	0.7097742574
90.698	1.107417245
91.708	0.3793741497
92.717	1.097772455
93.908	1.324490272
94.918	0.3253914767
95.938	1.51595514
96.953	1.155084242
97.958	1.168759644
98.968	1.049236569
99.978	0.9906819672
101.008	0.2714915888
102.037	0.8834491018
103.047	0.8411764706
104.049	0.4182461538
105.247	0.3775471698
106.258	1.005682107
107.287	0.8357442623
108.307	0.9650217822
109.318	1.162638596
110.517	1.14364036
111.528	0.8044262295
112.537	1.353244797
113.547	1.391248751
114.567	0.9190649351
115.568	0.4338553023
116.688	0.4525654135
117.697	0.9825584158
118.707	0.1298279371
119.708	0.8578900675
120.727	1.062072943
121.738	1.245698302
122.948	1.323711177
123.977	0.9444915758
124.988	0.6788107037
126.017	0.155337904
127.067	1.092087475
128.197	0.9295131467
129.398	1.411131814
130.4	1.129165714
131.407	0.6214039216
132.437	0.3557306931
133.457	0.7856
134.477	0.8605861386
135.517	1.502897103
136.626	0.8196514851
137.628	0.4919629941
138.791	1.103230922
140.095	0.8444710018
141.096	0.2213386613
142.246	0.2214296296
143.295	1.06814
144.305	0.9848143713
145.315	0.947900892
146.316	0.4781801638
147.317	1.031962929
148.318	0.8491210191
149.607	0.9259509323
150.625	0.7200504959
151.635	0.9035866667
152.647	1.031477228
153.655	1.247453465
154.705	0.6280039254
155.845	0.1356263108
156.855	1.287365709
157.965	1.328767557
158.974	0.1327423423
159.995	0.9833333333
161.015	0.8285940594
162.225	0.4711939736
163.235	0.5309465347
164.316	0.9562444444
165.406	0.9836634051
166.456	0.1069153846
167.484	0.7655866667
168.487	0.9756904762
169.495	0.3368396694
170.496	1.25147619
171.518	0.3122634731
172.526	1.608247752
173.545	0.3630153846
174.646	1.45429703
175.666	0.4993864078
176.675	0.1428769231
177.685	0.9721762712
178.698	0.6515164835
179.706	1.102447564
180.716	0.40202997
181.725	1.438390486
182.726	0.8893227723
183.936	0.4234285714
184.946	0.4857046729
185.955	0.9352695652
187.106	0.6702897103
188.305	1.243921569
189.306	0.2804470588
190.385	1.442886275
191.386	1.457157982
192.596	0.7957782178
193.775	0.2310970297
194.785	0.61835
195.805	0.5047207921
196.815	0.2871841584
197.825	0.7309761905
198.865	1.267884116
199.925	0.4918953271
200.946	0.5374338883
201.975	0.1030956522
203.035	0.2425519177
204.036	0.2823524752
205.045	0.3023071047
206.055	0.2058174681
207.275	0.5861981308
208.477	0.5486857143
209.485	1.383396226
210.495	0.1062608696
211.496	1.002509491
212.545	0.9328950495
213.555	1.086683643
214.556	1.667869565
215.565	1.306397602
216.716	0.8892867133
217.825	0.618967359
218.955	1.075704835
220.095	1.080269307
221.105	0.7516773602
222.285	1.054551293
223.295	0.8049198966
224.305	0.3406
225.315	0.3834
226.325	0.1404692308
227.525	0.2276672566
228.535	0.8836443556
229.545	1.141578422
230.555	1.003210285
231.565	1.20561718
232.575	0.6058910506
233.585	0.4467247525
234.704	1.0948
235.78	0.974590099
236.799	0.3371988247
237.93	1.134625375
238.94	0.3479246779
240.13	0.1157538462
241.21	0.1929270729
242.33	0.9524
243.459	1.082661724
244.47	0.1023760524
245.471	0.6713663366
246.7	0.1573462658
247.71	1.048551724
248.72	0.3232380952
249.859	0.2445076923
250.93	0.8027686275
252.029	1.321081481
253.099	0.7972990099
254.139	0.2931643564
255.249	0.3850823529
256.282	0.5074525475
257.51	1.403126984
259.419	0.9331168317
260.72	1.507405941
261.736	1.21006993
262.75	1.212506931
263.759	0.9979881188
264.82	0.8861983193
265.839	0.2250969638
266.87	1.323174603
267.889	0.9029620758
269.499	0.8891871969
270.539	1.070809191
271.571	1.361134865
272.719	0.3619541985
273.84	0.1842059406
274.959	0.4879122632
276.179	1.048556863
277.219	1.35494362
278.229	0.5144975223
279.239	1.091724754
280.299	0.7085565217
281.321	1.122114851
282.39	1.122350442
283.409	0.9114009983
284.41	0.8140594059
285.639	1.369445212
286.799	1.022309524
287.869	0.8124
288.879	0.4153188119
289.949	0.8396218721
290.959	1.28842623
291.969	0.8402717283
293.079	0.3158196078
294.08	0.4767683168
295.109	0.838253913
296.262	0.5227247525
297.279	0.9112669323
298.299	0.4995774926
299.315	0.925407334
300.33	0.2181230769
301.509	0.3284122894
302.534	0.8412990099
303.579	0.6091961165
304.629	0.8336186511
305.699	0.4133594515
306.787	1.224245788
309.028	0.2368579824
310.029	0.8859140859
311.059	0.753029703
312.069	0.3680705882
313.089	0.788686948
314.229	0.3293825243
315.249	0.2106481665
316.268	1.019488603
317.288	0.8213311093
318.298	0.1876114286
319.317	0.249219802
320.329	0.5549132075
321.348	0.2817267327
322.368	0.2288365792
323.388	1.468083916
324.398	0.6885465839
325.408	0.774484361
326.418	1.183320313
327.429	0.8367461538
328.438	1.042386555
329.488	0.4403411662
330.508	1.074605414
331.689	0.3209980198
332.748	1.43134127
333.788	1.405961062
334.789	0.8148752475
336.098	0.934695088
337.104	0.5227242395
338.108	1.267945854
339.26	1.001274336
340.398	0.4100057637
341.418	0.4845274302
342.518	0.3687770069
343.718	0.9957581764
344.759	0.7614676495
345.768	1.163891262
346.798	0.3591049505
347.898	0.3687809377
348.918	0.5156558742
349.948	0.5327215686
350.978	0.1755485149
351.988	0.1784712871
353.008	0.2673475177
354.048	0.4344705882
355.068	0.7099401198
356.078	0.6982
357.089	1.455674103
358.208	0.4900931414
359.219	0.7368237624
360.228	1.052739261
361.248	1.266181818
362.458	0.4124862745
363.518	0.1126588235
364.527	1.054504918
365.698	0.5021411765
366.848	0.127255814
367.867	1.368570297
368.869	1.001702564
369.947	1.151503448
371.058	0.1343456091
372.107	0.8722450593
373.208	0.1082492582
374.277	1.123125618
375.298	1.052566038
376.317	0.3755294118
377.383	0.4686876513
378.457	1.107228208
379.487	1.137972277
380.508	0.2792384691
381.517	0.8852827173
382.877	0.8232158341
383.907	1.074664348
384.928	0.819972028
385.937	1.332007937
386.977	0.2172249527
387.987	0.7991659427
389.287	0.4650330097
390.317	0.265631068
392.027	0.8250761622
393.098	1.237954046
394.348	0.9370069376
395.358	1.120984127
396.398	0.1855742972
397.428	0.6159921415
398.438	1.083239604
399.458	1.384522772
400.508	1.15387013
401.778	0.455853913
402.818	0.4928947834
403.868	0.9089157582
404.878	0.3474
405.888	1.309564562
407.208	1.057549583
408.228	0.4674229637
409.238	0.6801742574
410.248	0.9332642074
411.258	0.9702745793
412.259	0.1487533981
413.629	0.6607128713
415.029	1.011250642
416.299	1.08478797
417.359	0.7745725369
418.389	0.6674479419
419.419	0.119280654
420.429	1.338461538
421.438	0.5574792453
422.439	1.107916597
423.449	0.2762563107
424.459	0.7312266928
425.509	1.132091179
426.559	1.448575425
427.569	0.9015783784
428.579	1.329552475
429.589	0.8666776046
430.768	0.7728459016
431.769	1.100823762
432.778	0.5130534653
433.859	0.2374641509
434.9	0.9446405823
435.908	1.070065934
436.989	0.9765274725
437.991	0.2495733333
438.998	0.6108432432
440.008	0.5272790698
441.029	1.174687449
442.219	0.855066271
443.229	0.9460673267
444.379	1.20919604
445.389	1.084659259
446.608	0.442004882
447.609	0.8240879121
448.618	0.3430222222
449.619	1.02325264
450.628	1.4
451.629	0.5863524752
452.638	0.8434877193
453.649	0.9293916146
454.65	0.8345654346
455.658	1.269746087
456.659	0.9655103448
457.669	0.9257720515
458.748	0.5797568627
459.749	1.008716981
460.868	0.5395928144
462.198	0.3055921569
463.199	1.155984158
464.278	1.112885972
465.349	0.9936762661
466.369	0.4206019802
467.378	0.7577453839
468.619	0.4823105175
469.828	0.5677411765
470.838	0.4516269841
471.93	0.1692850147
472.938	1.03240354
473.968	0.5206368932
475.188	1.264530693
476.198	0.3430048972
477.199	0.7162310757
478.208	0.9403570128
479.288	1.235809524
480.388	0.8119483615
481.389	0.9366257426
482.398	0.5558704612
483.409	0.3744237624
484.629	0.8976633663
485.758	0.9292802829
486.769	1.10112
487.909	0.4521425743
489.028	0.875596607
490.087	1.078215443
491.218	0.5711445545
492.219	0.860957377
493.229	0.1985152
494.237	1.035207921
495.248	0.4054953271
496.269	0.8006866667
497.278	0.9757698413
498.288	0.1430588235
499.369	0.8197436893
500.508	0.6779058629
501.608	0.745892051
502.618	0.7781459566
503.628	1.468715285
504.828	0.6960712871
505.829	1.232713578
506.837	0.1563428571
507.847	0.4618217822
508.848	0.1609411765
509.849	0.4053147964
510.857	1.200919081
511.869	1.336774951
512.877	0.8551102439
514.077	0.7866909754
515.109	0.3615344655
516.117	0.9195669725
517.118	1.032027397
518.137	0.3648
519.177	1.116992126
520.217	2.821697077
521.577	1.015776224
522.597	1.203667327
523.598	1.075542857
524.607	0.4785461613
525.617	1.041962413
526.627	0.1959811499
527.658	0.7877322677
528.928	0.721086224
529.937	0.8385809601
531.118	1.412807921
532.137	1.236063492
533.138	0.9007063492
534.367	1.247007252
535.397	1.035424486
536.417	0.5358653465
537.738	0.5882059406
538.827	0.4432316832
539.837	1.253273786
541.077	0.9624098206
542.087	0.4008809524
543.097	0.7130634921
544.107	0.1804539282
545.127	0.5685893311
546.128	1.086455652
547.156	1.152062745
548.237	1.105912381
549.247	0.8632554455
550.257	1.23391009
551.277	0.6012039604
552.297	0.4325380811
553.337	0.137746676
554.356	0.9565714286
555.367	0.8011697743
556.387	1.264554455
557.396	0.2169276511
558.397	0.8486580773
559.407	0.9145267327
560.427	0.9123897254
561.527	1.284939061
562.547	0.4008474074
563.567	0.8532011662
564.647	0.4788859813
565.687	0.7846349206
566.746	0.3903827282
567.766	0.9486175439
568.786	0.322423301
569.976	1.385398601
571.177	0.533074331
572.187	0.7891698113
573.337	1.263794059
574.348	1.118214533
575.357	1.121230769
576.597	0.782780198
577.707	0.4609128306
578.868	0.7219420579
579.957	1.268479475
580.967	1.19959604
582.077	1.411294118
583.177	0.4357120623
584.257	0.5031770524
585.277	1.469988119
586.337	0.9814025974
587.346	0.3145980198
588.417	0.3396389634
589.427	0.3507321275
590.428	0.9565634366
591.436	0.2169276511
592.437	0.9338555885
593.516	1.070446281
594.522	1.018506986
595.526	0.5573412698
596.676	0.926819802
598.076	0.7500571429
599.077	0.5388239921
600.176	0.799770297
601.287	0.9026838454
602.427	0.3309238938
603.627	0.1245351299
604.806	0.7498496905
605.977	0.7291315315
607.057	0.645760633
608.276	0.8377870647
609.426	0.6465254902
610.636	0.2944118738
611.637	0.9186283449
612.646	0.450259663
613.647	1.078992494
614.667	0.4398588235
616.056	1.10647619
617.246	0.8390153846
618.257	1.354077304
619.426	1.054764356
620.428	0.9205391477
621.429	0.5411960396
622.446	0.2282214984
623.596	1.345022094
624.606	0.4798999038
625.616	0.1180235294
626.636	1.051005742
627.646	0.6423571429
628.656	0.9167319486
629.667	0.6892392157
630.676	0.7037960784
631.696	0.1408633663
632.716	0.8408950495
633.746	0.7686983051
634.747	0.8778341277
635.787	0.7403419355
636.796	1.072713578
637.996	1.408172549
638.997	0.5541269841
640.006	1.005842158
641.016	0.9087390476
642.046	0.4442613861
643.055	0.504784466
644.116	0.3783576424
645.146	1.126025768
646.156	1.133378621
647.166	0.2134421316
648.176	0.9114767096
649.177	0.6739709091
650.536	0.9818081108
651.546	0.4081664
652.556	0.9254414414
653.563	1.182868447
654.766	1.254691479
655.826	1.097226481
656.837	0.3648
658.056	1.876647468
659.067	0.1184201984
660.068	0.767628091
661.236	1.027036963
662.237	0.2045607477
663.335	0.3329381747
664.396	0.2477886792
665.406	0.9858981818
666.416	1.180048193
667.425	0.6623529412
668.427	1.151870036
669.586	0.1690427861
670.595	1.233807466
671.736	0.3028396947
672.746	0.1153143976
673.895	0.3490881988
674.906	0.8530109019
676.016	1.087259504
677.025	0.7619137255
678.026	1.103857426
679.085	1.08376129
680.206	0.386345098
681.215	0.9235114784
682.255	1.285354645
683.265	1.178805195
684.266	1.09646779
685.285	1.158419476
686.295	1.070994872
687.506	0.1394140127
688.522	0.4211881188
689.535	0.4475372549
690.537	1.044512299
691.545	1.314132805
692.546	0.9912411067
693.564	0.2899784102
694.565	0.1989649031
695.575	1.298906188
696.585	0.3864492308
697.654	0.2480226629
698.675	1.394805093
699.676	0.7805947955
700.684	0.8635285714
701.695	1.283060456
702.715	1.010555556
703.724	1.608483168
704.725	0.912785404
705.735	0.4982058252
706.925	0.3250823529
707.935	0.2630769231
708.954	0.6629861386
709.964	1.086729271
710.985	0.3523009901
712.004	0.5627301587
713.005	0.1912543689
714.055	0.8744883721
715.075	1.009520792
716.094	1.016910891
717.275	1.208151848
718.306	0.4215784216
719.365	0.8744981132
720.386	0.6141861386
721.426	1.214375215
722.484	0.265631068
723.494	1.18913776
724.522	0.8260832595
725.565	0.5991370262
726.884	1.111912871
727.904	1.506220353
728.974	0.9935372549
729.976	0.1535640786
731.024	0.3520135593
732.034	0.5043927273
733.044	0.9049038652
734.124	0.908345098
735.184	1.340586139
736.284	0.2104615385
737.295	0.9476843157
738.304	1.290814668
739.364	0.8794823529
740.565	0.2525487603
741.594	0.6160633663
742.604	0.7738102767
743.624	0.7282057369
744.664	0.9816518519
745.734	0.4168330579
746.744	1.167080277
747.774	1.479508911
748.804	1.002305455
749.864	0.6870555556
750.904	0.2472612967
751.914	0.8132270138
752.934	1.16366034
753.944	0.1754376238
754.945	0.4984392157
755.954	0.4195149606
757.264	0.1287824109
758.294	1.045835454
759.295	0.2486319846
760.305	0.567202454
761.314	0.8778181818
762.324	0.4770301263
763.514	0.2711595639
764.574	0.7089230769
765.813	1.368327345
766.824	0.238148368
767.834	0.640990099
769.034	0.6735366337
770.214	0.1491602339
771.234	1.207842235
772.265	0.3233454545
773.274	0.1948486647
774.293	0.7767748184
775.454	0.8883485149
776.463	0.3293825243
777.484	0.671340055
778.614	1.115011952
779.644	0.9118679612
780.654	0.4938341658
781.714	0.6223856144
782.724	1.59559604
783.903	0.2442211445
784.913	0.7968268908
785.934	0.943043257
786.945	1.379300648
788.493	0.1609411765
789.664	0.4445895153
790.669	1.031968597
791.674	0.7690059406
792.705	0.6155009901
793.743	0.4315831933
794.804	1.045610186
795.813	0.7254110787
796.853	0.5763171457
798.014	0.2374641509
799.163	1.747068931
800.204	0.4325069307
801.233	0.4431349594
802.245	1.098879056
803.265	0.6364392157
804.274	0.6644003512
805.484	1.139548515
806.494	0.2660174588
807.533	0.4948835673
808.574	0.9845431193
810.003	0.3340328806
811.013	0.8870406343
812.034	0.8192518519
813.063	0.695777998
814.083	1.121891757
815.113	0.6463490972
816.175	1.095606915
817.183	0.7782126126
818.193	1.331778218
819.213	1.297174825
820.223	0.4456443149
821.233	1.114957384
822.533	0.2811302752
823.553	0.7094178218
824.593	1.257678431
825.623	1.38890783
826.633	0.8196297521
827.643	1.205129832
828.753	1.207698712
829.763	0.4659326733
830.823	0.3433411765
832.083	0.8304930096
833.303	0.7597205882
834.553	1.393014985
835.903	0.211654902
837.133	0.8288633663
838.143	0.6774630631
839.153	1.114984127
840.163	0.4425267327
841.164	0.6684561983
842.353	0.8484627451
843.393	0.3387147541
844.413	0.6906271019
845.433	0.3975495495
846.472	0.8107485149
847.493	1.002205794
848.494	0.2038574109
849.603	1.228304649
850.653	1.077042616
851.683	0.4562407767
853.193	0.7164758621
854.203	1.464151697
855.813	0.4887607843
856.823	0.2104615385
857.834	1.255504496
858.962	1.005984361
860.222	1.232570297
861.485	0.4356349515
862.502	1.128543457
863.522	0.4737821782
864.533	1.059179588
865.542	1.296387735
866.753	1.190493558
867.782	0.3051692308
868.792	0.2312225462
870.031	0.8428561983
871.131	0.1204954936
872.132	1.075651485
873.15	0.7654368932
874.162	1.289022795
875.171	1.285259406
876.172	0.1651924528
877.202	0.5675444555
878.211	0.7858272095
879.232	0.14592
888.774	0.9425785714
889.784	1.015160396
890.974	1.102669027
891.984	1.026007874
892.995	0.5306509804
894.004	0.9989861386
895.194	1.031483643
896.204	0.927248269
897.354	1.303457086
898.356	0.2963781818
899.573	0.8081301871
900.594	1.21795005
901.596	1.367120879
902.813	0.4059961165
903.924	1.268077754
904.934	0.5433012758
906.024	0.7064426877
907.025	1.198572283
908.034	1.038055407
909.253	1.070285714
910.256	0.1084540541
911.263	1.063670588
912.314	0.1146514286
913.443	1.148896825
914.453	0.1776259607
915.603	0.5524836472
916.623	0.3424
917.773	1.067548665
918.783	0.7562909091
919.793	0.776007992
920.844	0.5846286837
921.875	0.4876039604
922.879	0.3769742574
923.904	0.8813186813
925.003	1.17634721
926.004	0.503184466
927.016	0.2501485714
928.113	0.1716705882
929.123	1.044699301
930.333	1.020308911
931.343	0.547254902
932.434	0.1404538462
933.443	0.7702137862
934.455	0.4828235294
935.463	1.000196078
936.473	0.2103971631
937.484	0.3836752475
938.493	0.7566130398
939.494	0.315389049
940.533	1.34820218
941.693	0.6075432921
942.823	1.019560831
943.883	0.7972921074
945.073	0.8101148515
946.293	0.3506746371
947.773	0.6144014532
948.783	0.4175460852
949.893	0.7401718282
950.903	1.212867133
951.912	0.6607763272
953.133	0.4824888889
954.353	1.627536174
955.573	0.2074867925
957.013	0.5166811881
958.022	1.092432111
959.182	0.6991287129
960.333	0.4009188119
961.534	0.1501848739
962.543	0.5009066667
963.553	0.3375761194
964.563	1.008
965.583	1.114485437
966.713	1.51086216
967.883	0.5989359223
968.932	0.3774225774
969.933	0.9849972702
970.953	0.5107408696
971.973	0.7559167493
972.974	0.6618640394
973.993	0.346055336
975.015	0.872503937
976.094	1.023847619
977.103	0.6731843137
978.113	1.060963037
979.114	0.5309465347
980.142	0.2722193928
981.332	1.149713155
982.334	0.8968391608
983.343	0.9876039604
984.353	0.3969882353
985.482	0.9849740519
986.632	0.9573790476
987.693	0.3433411765
988.793	0.5683137255
990.012	1.079403211
991.023	0.6024295704
992.032	1.038051485
993.042	0.3445333333
994.162	1.125273863
995.163	0.3401501976
996.302	1.361438561
997.313	0.5206263627
998.314	0.3322859941
999.543	1.105086224
1000.752	0.2384784314
1001.812	0.8550991597
1002.822	0.9093509434
1003.953	0.6278456973
1005.042	1.336182359
1006.112	0.3241752381
1007.192	1.083432322
1008.232	0.2494667988
1009.239	1.099062857
1010.242	0.4771326733
1011.252	1.003480674
1012.342	1.537407143
1013.343	0.6913692162
1014.362	1.06252456
1015.363	0.4600689655
1016.372	0.891775452
1017.452	0.8481101278
1018.672	0.3185751825
1019.673	0.7302163062
1020.682	1.194997535
1021.862	0.5320869565
1022.962	1.195733807
1024.072	0.2036927152
1025.074	0.2419114504
1026.082	1.187548452
1027.103	0.5181306931
1028.332	0.4924752475
1029.342	0.4332678725
1030.353	0.8063136863
1031.354	0.8438819672
1032.442	1.227562624
1033.492	0.4104
1034.723	1.102470588
1035.812	0.5531956339
1037.031	0.3372226415
1038.033	1.136728713
1039.073	1.172243756
1040.255	1.061275248
1041.382	1.336363636
1042.383	1.027389129
1043.403	0.2415662188
1044.532	0.649839445
1045.542	0.4521546085
1046.553	0.5357754386
1048.002	0.2383841584
1049.015	1.157026973
1050.171	1.102227027
1051.173	1.156075924
1052.372	0.6837090204
1053.373	0.9295698712
1054.472	0.2275485149
1055.473	0.5479633028
1056.552	1.053235294
1057.753	0.1275736886
1058.971	0.9946745098
1060.132	1.181306693
1061.312	0.8359764706
1062.313	0.9466794258
1063.322	1.340368627
1064.323	0.3788307692
1065.332	0.1630391061
1066.333	1.045185965
1067.342	0.2577585869
1068.352	0.3156923077
1069.531	1.024792864
1070.532	0.8443503369
1071.731	1.440785455
1072.732	0.6249495549
1073.752	0.9884036036
1074.931	1.118650143
1076.141	0.6339184013
1077.142	0.319000999
1078.353	1.118914851
1079.362	0.9024063429
1080.372	0.8392720079
1081.373	0.3004235294
1082.542	0.5937098039
1083.543	0.6997349159
1084.551	0.722439604
1085.672	0.5023524752
1086.693	0.340709434
1087.702	0.9799271523
1088.713	1.115956479
1089.721	1.129502804
1090.722	0.5372718351
1091.731	0.3588107037
1092.732	0.6165861386
1093.741	0.1871873016
1094.752	1.144055446
1095.761	1.392229703
1096.772	0.3467405941
1097.781	0.1723891051
1098.792	0.1992470588
1100.001	0.7726891089
1101.012	0.3259020173
1102.197	0.7418821179
1103.266	0.1309117117
1104.287	0.9430178218
1105.307	1.444611599
1106.327	0.9429811321
1107.364	0.8170693069
1108.367	1.014407921
1109.368	1.081448649
1110.378	0.7934709454
1111.479	0.3985214785
1112.031	1.11630099
