0.0	1.111856287
1.011	0.4686699314
2.11	0.1301942857
3.111	0.9918415842
4.14	1.197602398
5.141	0.9846208251
6.52	1.046841159
7.631	0.1122940171
8.632	0.669639604
9.861	0.6434205794
10.87	0.9794446281
12.011	1.534297702
13.031	1.5976
14.032	0.7999285005
15.041	1.272631369
16.071	0.783016983
17.14	1.243876124
18.15	0.578805501
19.151	0.4943858407
20.16	0.4805866667
21.36	0.9599102804
22.37	0.9627668659
23.371	1.028177778
24.381	0.7625245629
25.55	1.558239841
26.56	1.011290387
27.648	0.4077151335
28.87	1.026120114
29.95	0.8427115956
30.951	0.6899495146
31.96	1.198615232
32.98	0.5070933333
33.99	0.5536153846
35.04	1.078709924
36.05	2.150492864
37.06	0.8755845697
38.061	0.5260222222
39.079	1.042093906
40.08	1.472135864
41.2	0.6599332679
42.21	0.8693808111
43.211	1.251413861
44.4	1.151784216
45.53	0.1287529412
46.65	0.2126834734
47.77	1.009879896
48.79	1.088026187
49.799	0.3898666667
50.8	1.301217047
51.82	1.361261017
52.84	0.8081425743
53.89	1.253958457
54.99	1.765456905
56.0	0.1799660057
57.01	1.191277778
58.219	1.06330366
59.23	0.5544295704
60.239	1.076752475
61.259	1.847079514
62.279	0.767001996
63.28	1.055382789
64.32	0.8371428571
65.529	1.300502447
66.53	0.8057980198
67.629	0.4374965986
68.83	1.222537143
69.99	0.1722468168
71.0	0.7775207921
72.01	1.282005994
73.02	1.112103072
74.03	0.7340591304
75.04	1.519614731
76.06	0.3755294118
77.069	0.3593280632
78.07	0.9966253102
79.079	0.2112900097
80.259	0.4291764706
81.43	0.4038315377
82.489	1.405370297
83.509	0.9265835806
84.529	0.9157026549
85.53	1.108757185
86.54	1.24270099
87.75	0.6083726462
88.89	1.426505263
89.919	0.259737393
90.929	0.3892340778
91.94	0.9613066898
92.941	0.9864978012
93.942	0.3862588235
94.949	0.9990990291
95.959	1.319831579
97.019	0.6374574257
98.049	0.5798054475
99.059	0.9576355052
100.06	0.1912543689
101.089	1.207119048
102.099	0.913859545
103.309	0.2811
104.311	0.925707563
105.319	1.329563145
106.329	1.013925664
107.479	0.7455555556
108.489	0.2427935484
109.62	1.051225929
110.629	0.9167698413
111.63	1.059778218
112.789	1.35820198
113.79	0.7312838773
114.799	0.6986455446
115.801	0.5295540139
116.919	1.221353846
117.929	0.8834491449
118.959	1.181043137
120.129	0.597716551
121.139	1.114519413
122.148	1.020631193
123.361	0.3673568627
124.368	0.7854352941
125.429	0.6093492063
126.439	0.7794789422
127.68	0.9958970297
128.691	0.1257241379
129.899	0.6031503395
130.909	1.162128586
132.119	0.231184466
133.129	0.8709795521
134.299	1.038745098
135.439	0.9237623762
136.538	0.1625346535
137.539	1.834980656
138.549	0.4526891386
139.558	0.5634534653
140.559	0.2779347181
141.568	0.4903524752
142.578	1.317095082
143.579	0.9291659028
144.606	0.7740019822
145.608	1.362227948
146.718	1.514725275
147.919	0.9357938553
148.929	1.124296439
149.958	0.7269861386
151.079	1.114714428
152.188	1.014109091
153.318	1.008468468
154.329	0.7365982609
155.338	1.615464535
156.516	0.7657941748
157.678	0.8180238095
158.908	1.024289912
159.919	0.6928590865
160.948	0.925980198
161.959	0.1857372148
163.068	1.014883095
164.158	0.5010873405
165.168	0.9102412869
166.328	0.6522893954
168.368	1.419204795
169.374	1.246689311
170.375	0.7819168317
171.543	1.104623377
172.553	0.7159057493
173.563	1.001913751
174.633	1.208463985
175.814	1.363123885
176.903	1.151287129
177.904	0.8136633663
178.993	0.7037411765
180.202	0.8972055888
181.223	1.416907463
182.373	1.055225549
183.374	0.4409029703
184.583	0.2256784314
185.593	1.118654515
186.803	1.473022977
187.808	0.7678019802
189.023	0.6762787046
190.254	0.836653913
191.373	0.414384466
192.533	0.928225641
193.613	1.3635476
194.703	1.040458952
195.813	0.7448862745
196.934	1.408411474
198.132	1.124519326
199.191	0.2007141569
200.193	0.4885913043
201.443	0.602921875
202.452	1.205968569
203.473	0.5895524752
204.502	1.72045269
205.522	0.9124392157
206.633	1.695496504
207.642	1.317922078
208.683	0.492015534
209.692	1.336073333
210.713	0.7365026549
211.742	0.4190962672
212.772	1.356651349
213.922	2.257626984
214.947	1.282793274
215.982	0.3661126214
216.988	0.5813782178
218.142	0.1742579439
219.152	1.029176877
220.172	0.5297692308
221.19	1.380702609
222.192	0.9159126984
223.213	1.083901754
224.233	0.4953251433
225.282	1.161798347
226.302	0.2467764706
227.322	0.9347472745
228.543	1.029090188
229.563	0.6908392157
230.573	0.9754920635
231.583	0.9391476636
232.702	0.1876114286
233.712	1.697333333
234.722	1.02559856
235.732	0.9845019608
236.762	1.540253465
237.772	0.8478495049
238.782	1.150769231
239.792	0.4291772465
240.812	0.1207725857
241.832	0.4219922179
242.842	0.7817252174
243.932	0.3688950495
244.942	0.8975178416
245.962	0.6950509804
247.013	0.6853853659
248.022	1.039328814
249.042	0.9293227723
250.062	0.8398739574
251.112	1.252506931
252.121	0.8314885115
253.131	0.8024727273
254.151	1.270993062
255.161	1.031453465
256.27	1.115355325
257.28	0.378124383
258.29	0.595960396
259.321	1.047145098
260.34	0.5314039216
261.351	0.8067132867
262.36	1.45129505
263.51	1.048134653
265.051	0.8928871287
266.2	0.8762434783
267.23	0.5537238002
268.411	0.2489732938
269.421	1.341740337
270.422	1.629132673
271.431	0.7714097087
272.451	0.9238095238
273.591	2.09592008
274.611	1.083774034
275.621	1.20167033
276.671	0.9620359712
277.691	1.106062745
278.721	1.242518812
279.761	0.9893946054
280.771	1.068051948
281.791	1.205918892
282.811	0.6240237624
283.851	0.8726873127
284.871	0.8378059406
285.881	0.8744182359
286.891	1.196178394
287.921	0.1786288751
288.931	1.547708292
289.951	1.077653505
291.172	0.9261623762
292.181	0.8640799201
293.251	1.180581818
294.271	1.086261905
295.281	1.117742574
296.291	0.9878214286
297.311	1.613991251
298.441	1.048870651
299.461	0.4017529306
300.491	0.9811364486
301.591	1.368710104
302.651	0.6898363273
303.661	0.7823696304
304.731	1.178338949
305.751	1.306576809
306.771	1.062649351
307.791	1.179554783
308.851	1.375032967
309.871	1.569313897
311.072	0.9677698413
312.271	0.1336671756
313.291	1.164385303
314.301	1.268877876
315.491	1.061552941
316.492	1.241494505
317.501	1.075126833
318.651	0.5327372549
319.652	1.946245754
320.67	0.9211020813
321.681	0.6902638763
322.691	0.7329463221
323.693	0.4192691552
324.812	1.847000999
325.821	0.9572738626
326.91	1.448286412
327.924	1.522459339
328.934	0.2915247525
329.935	0.7752316832
330.954	0.5678448109
332.144	0.6147576657
333.325	1.26359604
334.334	1.025655446
335.345	0.7357233202
336.354	1.037092174
337.355	0.4013161546
338.426	0.4459215686
339.554	1.036574827
340.555	0.5737631068
341.745	1.364538614
342.764	1.174553447
343.774	1.084578218
344.934	2.179948052
345.944	1.23638835
346.954	1.532199601
347.974	0.3615686275
349.025	1.268787213
350.034	1.517893069
351.044	0.9624175467
352.074	0.1062524272
353.124	0.1096228571
354.144	1.232426079
355.154	1.038447525
356.164	1.232687313
357.184	1.270381139
358.204	0.2443805825
359.205	1.205323636
360.224	1.464400393
361.494	0.9573226773
362.506	2.080636852
363.514	1.879527454
364.545	0.7454552684
365.553	1.099566265
366.594	1.204238095
367.624	1.013762238
368.714	0.4284075173
369.724	1.013661538
370.744	1.791849199
371.834	1.124238462
372.904	0.2596118812
374.027	0.8064078431
375.127	1.115045296
376.274	0.8454231913
377.285	0.8732561404
378.494	0.2682352941
379.504	1.703611881
380.514	1.014993007
381.524	1.31020198
382.674	1.083055828
383.776	0.2622213592
384.794	0.7885254902
385.984	0.8744425957
387.003	1.159360294
388.044	0.4488237624
389.054	0.2550058252
390.063	0.72424
391.094	1.144883582
392.123	1.709135707
393.144	0.8827774481
394.194	1.564765114
395.204	1.824132039
396.254	0.7404995442
397.273	0.2125048544
398.284	0.4880872151
399.383	1.694392661
400.415	1.356127434
401.423	0.7405025467
402.433	0.5865371655
403.443	0.5326025267
404.463	1.176718563
405.484	0.8758019802
406.494	0.5645802113
407.504	0.9033882353
408.523	0.5513916888
409.744	1.442373887
410.753	1.766530909
411.797	1.667735961
412.803	0.9972465419
413.834	1.721245509
414.853	0.6293121903
415.859	0.5411377602
416.883	1.079078571
417.893	0.3603106796
418.953	0.4601980198
419.973	0.3661185185
421.173	1.098621379
422.183	0.5466271019
423.223	0.8720954128
424.233	0.541427451
425.243	1.08846779
426.453	0.989924783
427.503	2.3998002
428.632	1.062588702
429.845	1.437438532
430.853	0.7789782178
432.084	1.259542039
433.254	1.406106924
434.384	0.4720941176
435.553	0.7861417848
436.664	0.537328125
437.845	1.252108949
439.074	1.226753709
440.183	0.9405122807
441.274	0.8466182532
442.303	0.9667750214
443.473	1.181312439
444.593	1.326067327
445.723	1.838017982
446.833	1.530478431
447.973	1.185726274
449.122	0.1342188679
450.324	0.6264133203
451.333	0.386013346
452.383	1.063992008
453.413	0.9625584158
454.483	1.1748922
455.563	0.9185134865
456.703	1.214859406
457.773	0.4880238569
458.843	1.080410619
459.863	1.307691089
460.864	1.060166957
461.873	1.194487129
462.874	0.596190099
463.883	0.5577435897
464.893	1.424285431
465.903	0.8405153617
467.093	0.5373682243
468.103	0.4725109244
469.343	1.333026973
470.353	1.345094153
471.354	1.305890639
472.363	1.248182178
473.365	1.28597619
474.572	1.240110891
475.573	0.6053459001
476.713	1.298637624
477.714	1.06544859
478.723	0.6141538462
479.943	0.3471372549
481.032	1.233782178
482.152	1.197321947
483.273	0.8669177403
484.284	0.9489367521
485.285	1.184191808
486.292	0.8565729443
487.453	0.6502574257
488.562	0.6531686275
489.564	1.278553447
490.572	0.9138624754
491.582	0.4019834711
492.592	0.868255489
493.703	0.5214085064
494.713	1.044757185
495.714	1.949138861
496.724	0.8820773043
497.892	1.251901088
498.912	1.09908
499.913	0.2814171429
501.072	1.106063492
502.073	0.1355893805
503.283	0.9880174064
504.284	0.6675643564
505.289	0.80130033
506.412	1.234770459
507.423	0.9231957484
508.552	1.162376238
509.762	0.5019372549
510.773	1.30768
511.793	1.300768627
512.803	0.8981485714
513.983	1.66490566
514.993	0.9397916311
516.152	0.5445829457
517.153	0.2405274725
518.303	1.383392607
519.322	1.130922772
520.333	0.1136301103
521.482	1.769190244
522.483	1.642252427
523.484	0.7887153846
524.485	0.9280079208
525.622	0.3845782178
526.722	0.9928163265
527.822	0.1942684932
528.862	0.2630769231
529.882	0.2929889764
530.922	0.8816943057
531.952	0.9893358999
533.002	1.179276723
534.003	1.093765766
535.232	1.184487512
536.242	1.426164706
537.443	0.2125048544
538.684	0.9400079208
539.872	0.6205554446
540.882	1.144488084
541.961	1.01740337
542.971	1.03723371
543.972	1.351932088
544.981	0.5302039216
546.091	1.098086275
547.101	0.9864173623
548.111	0.233592381
549.261	1.539116883
550.271	1.052042857
551.421	1.103803959
552.422	0.7907065868
553.443	1.086623805
554.461	0.4720941176
555.471	0.9762237762
556.662	1.822346118
557.712	0.8326953047
558.731	1.133409225
559.831	1.033835294
560.842	1.097396226
561.843	0.8866813187
562.901	0.7399221239
563.911	1.244091179
565.123	1.07221365
566.131	0.4096486752
567.231	0.8181555556
568.581	0.6744
569.802	0.2848727273
570.811	0.6082852292
571.821	0.3648
572.941	0.3506330097
573.971	0.8972356436
574.981	1.162877123
575.991	0.2293028571
577.011	1.743629091
578.142	1.259144554
579.152	1.723117757
580.162	0.1265398058
581.171	0.4077176471
582.182	1.081984733
583.341	0.9792436364
584.532	1.179128713
585.731	1.082823062
586.781	0.6992208696
587.801	0.5320999001
588.811	0.972506422
589.812	0.8943666667
591.041	1.767168831
592.071	0.5860059465
593.091	0.5212527255
594.101	1.061955476
595.121	0.333945098
596.13	1.071945098
597.181	0.3250693069
598.341	1.753333333
599.35	1.676131868
600.361	0.9461703248
601.371	1.301954046
602.391	0.9086341895
603.521	0.8529425743
604.53	0.4663372549
605.531	0.4413306931
606.641	0.3714968778
607.661	0.150401537
608.69	0.9672672269
609.7	1.068130823
610.71	1.058415686
611.771	0.8618306306
612.781	0.9142077151
613.788	0.4894095238
614.79	1.323084242
615.82	0.3954210091
616.95	1.180257703
618.03	1.076893071
619.05	0.736609901
620.08	0.4606558559
621.1	0.8354039216
622.13	0.2759426009
623.14	0.2525538462
624.16	1.263455782
625.171	1.178764647
626.321	1.359176238
627.331	1.332475524
628.741	0.4153362888
629.743	0.7349163347
630.75	1.264486752
631.761	0.4942485207
632.801	0.3139228487
633.82	0.4315168317
634.84	1.913620758
635.86	0.3033980198
636.89	0.3081320388
637.91	0.5951378641
638.98	0.4822144
640.01	1.376049209
641.137	0.4564528302
642.15	0.917959322
643.17	1.046802571
644.18	1.058877589
645.43	1.097098039
646.46	1.553451018
647.49	1.193029703
648.501	0.8841996008
649.861	0.3474431373
650.862	1.367365709
651.873	0.3959361277
652.874	1.617465546
653.901	0.2504
654.981	0.9482997003
655.991	1.290861139
656.992	0.965560396
658.001	0.9826212269
659.011	0.6199803729
660.161	0.7637383821
661.181	1.458021804
662.36	0.2360470588
663.401	1.20047105
664.472	1.005649123
665.481	0.6199862069
666.631	1.333173653
667.731	1.040869231
668.741	0.9272807193
669.831	0.7298231827
670.833	1.00858431
672.011	0.3286811881
673.072	0.9653866134
674.172	0.2796
675.251	1.378277722
676.361	1.638312977
677.362	1.10437377
678.363	1.173169475
679.411	1.176261386
680.552	0.6792897196
681.741	0.797980198
682.971	0.662589618
684.01	1.378157842
685.041	1.693442557
686.052	0.2967065751
687.131	0.415976699
688.151	0.5829044335
689.312	0.8322117647
690.512	0.8847183513
691.513	0.943832381
692.55	1.620526212
693.551	0.9169455843
694.571	1.283092907
695.581	1.181449505
696.89	0.3259020173
697.93	0.2360470588
698.931	1.008695327
700.07	1.371988775
701.071	0.621447619
702.28	0.9184216765
703.281	0.5695113749
704.491	0.5325116279
705.632	0.4533490196
706.858	0.7799524752
707.86	0.7647465619
708.98	0.9000079208
710.121	1.156595405
711.141	1.090978044
712.22	1.747008547
713.391	0.9188130564
714.51	1.039905882
715.54	1.306597403
716.681	0.8253875124
717.911	1.220156506
719.131	2.003722222
720.14	1.258197802
721.33	1.165792285
722.331	1.756
723.37	0.7510089197
724.371	1.170373626
725.42	0.4876039604
726.431	1.168454902
727.44	0.9378851485
728.591	1.215271287
729.6	1.061688136
730.74	1.009190434
731.93	1.4457844
732.991	1.687420183
733.992	1.115564436
735.091	1.759557282
736.191	1.06372028
737.25	1.048411881
738.359	1.787709826
739.369	0.9824936937
740.58	1.613331092
741.59	0.8849821782
742.618	0.5874205794
743.62	0.9485254902
744.681	0.2908346457
745.769	2.572611389
746.89	0.2765247813
748.09	0.2555368008
749.091	0.7516074583
750.239	0.9839683168
751.25	1.31269703
752.26	1.08885005
753.3	0.3313254902
754.43	0.9837090909
755.69	0.3289311348
756.861	1.037058474
757.87	0.3762693069
758.99	0.2947445743
759.991	1.220506931
761.0	0.8269842845
762.01	1.313518482
763.15	1.176416807
764.379	1.208357282
765.38	1.299461386
766.391	1.216879121
767.399	0.5601411765
768.409	1.020987607
769.599	1.233163891
770.61	0.8700058881
771.619	0.9704437811
772.62	0.8802053097
773.639	0.4369455984
774.739	1.053763107
775.779	1.131486271
776.959	1.116411881
777.979	0.7954455446
778.989	0.9262016529
780.229	1.10336
781.259	1.164792381
782.279	1.029949609
783.309	0.7059405941
784.339	1.02812549
785.509	0.5638873751
786.519	0.2901669903
787.579	0.9401783944
788.589	0.2863529412
789.818	0.2058772277
790.939	0.8205714286
791.959	1.501722278
792.969	0.3828804665
794.019	0.6581962077
795.099	1.062401598
796.109	0.9443185185
797.119	0.3761210084
798.139	0.2383841584
799.15	0.2935531281
800.159	0.742953047
801.169	0.8496333003
802.179	1.7589438
803.229	1.151395486
804.239	1.066051485
805.699	0.2233536
806.729	0.8485354645
807.739	0.2534558559
808.979	1.14021696
810.048	1.441758416
811.079	0.1783683168
812.099	1.318818632
813.129	1.382101961
814.138	1.23379021
815.178	1.188795252
816.228	0.9037940594
817.808	0.1381281553
819.018	0.9403868395
820.038	0.9796043956
821.068	1.363908092
822.078	1.242029732
823.079	0.5429553719
824.1	0.1328126858
825.128	1.070289109
826.168	1.383313333
827.488	1.573583408
828.518	1.295970561
829.548	1.071294118
830.678	1.22229703
831.988	1.121281592
833.038	0.5163521266
834.058	0.8688331762
835.298	2.011060456
836.308	1.198144698
837.592	0.4991764706
838.608	0.6259764706
839.718	1.263712665
840.738	0.7947556428
841.788	0.7991331497
842.818	1.021631373
843.848	1.005856722
845.119	0.7832871287
846.148	1.499020979
847.299	0.3738823529
848.489	0.8992752137
849.579	1.110928571
850.58	0.8154005168
851.749	1.09376089
852.759	0.3176973294
853.769	0.6036233895
854.799	0.6982132353
855.809	0.4720077745
856.849	1.057899902
857.858	1.123279208
858.859	0.9720316832
859.979	1.528824579
861.049	0.00797874225
862.079	0.8237627119
863.109	0.8615500496
864.198	1.143220017
865.199	0.6574917492
866.2	1.300324752
867.209	0.8969346535
868.21	0.8659420579
869.218	1.153086224
870.428	1.71781019
871.438	0.3173657624
872.468	0.6021390728
873.469	2.644720792
874.598	0.7411129477
875.609	0.4568776699
876.618	2.006154455
877.619	0.9617236364
878.638	0.5134732673
879.649	1.027849206
880.798	1.141410589
881.808	0.8894571686
882.87	0.9728079208
883.918	1.302896825
884.928	1.045785714
885.929	1.015926606
886.938	0.2830601942
887.948	0.7290761622
888.968	0.7357544554
889.973	0.494500455
890.978	0.3111529412
892.148	0.3827269565
893.158	0.4588364222
894.168	0.5414456415
895.268	0.5483607843
896.278	1.419641476
897.287	1.008245302
898.289	0.5695704568
899.358	1.140036944
900.36	1.31732437
901.369	1.219321149
902.528	0.9452739862
903.529	0.9829544554
904.53	0.8953126873
905.548	1.215792208
906.55	0.1000372566
907.628	0.6953134752
908.771	1.066471287
909.917	1.614364602
910.918	0.7577029703
912.008	0.60803996
913.129	0.8115127479
914.13	0.2915623216
915.168	1.397386613
916.268	0.7498928885
917.458	1.229829703
918.488	0.8074499565
919.489	1.073316155
920.497	0.9175128713
921.699	0.955789891
922.708	1.075616438
923.817	0.9756560748
924.857	1.297406593
925.858	1.120519481
927.007	0.7251456888
928.127	0.637928972
929.129	1.100237838
930.258	0.9107973856
931.259	0.7719160839
932.438	1.239426997
933.439	1.008317146
934.558	0.5406461538
935.75	1.032100901
936.868	1.008180215
937.869	0.4139960396
939.007	0.1509163636
940.058	1.143272727
941.128	0.3364149856
942.137	0.3805126417
943.138	0.7770782609
944.148	0.3215670911
945.217	1.434811881
946.218	0.6667826087
947.22	1.200412698
948.228	1.603415126
949.418	1.280468254
950.428	0.7894918919
951.517	0.9960784314
952.688	0.719373913
953.697	0.907853913
954.698	0.2678807018
955.707	0.9317148515
956.797	1.573906094
957.808	0.284222318
958.867	0.2337553398
959.877	1.098822682
960.897	1.05787013
962.007	1.098582178
963.137	1.023636004
964.167	0.7533637265
965.168	1.650101898
966.177	0.4253465347
967.327	0.3992720971
968.342	1.30410297
969.347	1.684892282
970.357	1.194019802
971.497	0.4613647059
972.507	0.9950019802
973.597	0.8622740525
974.727	0.750423301
975.787	0.9346629936
976.857	0.4346387097
977.887	1.134249264
978.897	0.1354971429
979.908	1.965313761
980.927	1.052645614
981.937	1.108273538
982.938	1.508894118
984.017	1.216962602
985.018	1.229449505
986.026	1.270069705
987.036	1.107543925
988.056	1.046019315
989.057	0.6999245283
990.066	0.9728692308
991.076	1.600071928
992.196	1.123635644
993.206	0.652402963
994.216	0.8218217822
995.217	1.205403304
996.228	1.19639604
997.426	0.7979163763
998.427	0.9625894106
999.436	0.6264712871
1000.447	0.3188893204
1001.496	1.057774572
1002.507	0.8915250245
1003.515	0.8851148851
1004.527	1.264679321
1005.537	0.8713121495
1006.558	0.3326117647
1007.697	0.5033267327
1008.707	0.9477882353
1009.718	0.6651495798
1010.727	0.9741821743
1011.857	1.33611893
1012.927	0.8991008991
1013.928	1.348870588
1014.947	1.437274074
1015.958	1.107282736
1016.978	0.5937913486
1018.157	1.036491897
1019.177	1.066793274
1020.467	0.8648668321
1021.557	0.8200206897
1022.567	1.191215842
1023.578	1.707313373
1024.598	0.300129285
1025.607	1.249622378
1026.618	1.044861953
1027.627	1.115421782
1028.637	1.321902098
1029.717	1.857246753
1030.727	0.4412039604
1031.798	0.9857982018
1032.947	0.4508039604
1033.957	0.3862588235
1034.967	0.9436962963
1036.037	1.149291462
1037.187	1.183469307
1038.188	1.37728412
1039.207	1.176316518
1040.277	0.1625346535
1041.301	0.2896941176
1042.316	1.023104895
1043.357	1.585301961
1044.358	1.14818254
1045.366	0.9332866861
1046.387	0.6108119891
1047.407	1.02185015
1048.418	0.3218823529
1049.427	0.9373588676
1051.657	0.1655300971
1052.677	1.467164835
1053.707	1.62268454
1054.796	0.8817850163
1055.826	0.8509732408
1056.827	1.035643636
1057.876	0.8214052174
1058.877	1.099100899
1059.887	0.6962772277
1060.906	0.5083722772
1061.926	0.501254902
1062.966	0.6974603175
1063.978	1.302701754
1064.997	0.1296091516
1066.026	0.2552536443
1067.037	1.216663337
1068.186	1.324979021
1069.386	1.184967619
1070.396	0.7096727273
1071.466	0.7850486594
1072.536	0.6262666667
1073.546	1.304126607
1074.556	1.083207921
1075.557	0.8530217822
1076.566	0.4013161546
1077.577	0.3684118812
1078.586	0.4822390671
1079.656	1.149126595
1080.666	0.9365143422
1081.816	0.982550887
1082.817	1.150231913
1083.836	1.090272317
1084.846	1.375540594
1085.856	1.382265347
1086.866	1.298035644
1087.876	1.038586667
1088.877	1.015348924
1089.878	1.581458219
1090.886	0.1714464752
1092.066	0.9131262136
1093.217	1.383738872
1094.757	1.433902874
1095.916	0.8908183486
1096.918	1.250083168
1097.926	1.099651424
1098.937	0.2169276511
1099.945	0.2847923077
1100.946	0.9352131148
1101.956	0.4667816514
1102.966	0.4950670554
1103.986	0.7271128713
1105.086	0.769469712
1106.095	1.211781962
1107.106	2.044755245
1108.246	0.6666217822
1109.257	1.178725275
1110.286	0.4294980392
1111.316	1.217322314
1112.337	0.5230891089
1113.396	1.084459406
1114.406	1.249908911
1115.417	0.3365714286
1116.425	1.248971537
1117.436	0.3510029441
1118.446	0.441703631
1119.456	0.1842059406
1120.457	2.120383616
1121.465	0.4904635545
1122.476	1.42595005
1123.577	1.53272
1124.645	0.2500647619
1125.646	1.746751239
1126.656	1.000196078
1127.658	0.5255128713
1128.665	1.145271835
1129.765	0.9287252336
1130.936	0.1568580645
1132.126	0.4061922696
1133.145	1.207832335
1134.156	0.2808397071
1135.217	1.161528713
1136.245	1.187889109
1137.275	0.1831304348
1138.305	1.039716364
1139.309	0.8329099901
1140.31	1.042793651
1141.329	0.9619149357
1142.489	0.8064235294
1143.499	0.3281088435
1144.52	1.942670025
1145.529	0.8066545455
1146.531	0.5686588235
1147.679	0.3650941176
1148.699	1.031738614
1149.71	1.123349206
1150.719	0.8700990099
1151.729	1.306035714
1152.75	0.7446732673
1153.751	1.097634188
1154.779	0.4057287805
1155.819	0.6664078431
1156.849	0.800640557
1157.879	1.055847273
1158.889	0.5820897544
1159.899	1.210323092
1160.908	0.3145992218
1163.229	0.7652156863
1164.25	1.275301961
1165.259	1.174218487
1166.269	0.4161027523
1167.27	1.134145854
1168.271	1.086017839
1169.279	0.8151215686
1170.289	0.7857663366
1171.299	0.5989490196
1172.318	1.052084615
1173.319	1.005083871
1174.32	1.164447082
1175.329	0.6866310584
1176.33	0.870340628
1177.349	2.285306931
1178.35	0.4956432111
1179.369	0.2786124876
1180.379	1.188209035
1181.389	1.317262959
1182.398	1.507912176
1183.409	1.113086224
1184.438	0.8714217822
1185.569	1.086555556
1186.578	0.412173913
1187.79	1.134772277
1188.839	0.9862297702
1189.84	0.7593467819
1190.978	1.502037201
1191.979	1.893873016
1193.028	1.865123077
1194.208	1.311009901
1195.338	0.1500793651
1196.538	1.09050297
1197.539	1.155964036
1198.618	1.337726274
1199.619	0.3028118812
1200.708	1.391776224
1201.729	0.9441215371
1202.75	0.9600475248
1203.758	1.943941765
1204.819	1.47661671
1205.829	0.2081188119
1207.009	1.474986028
1208.018	1.042601942
1209.168	0.5644095004
1210.288	0.5182135922
1211.289	1.549378218
1212.378	0.7392772809
1213.379	1.098564286
1214.389	1.535544456
1215.39	1.177013861
1216.391	0.7224846686
1217.439	1.700118812
1218.549	1.28876115
1219.558	0.7597782178
1220.579	1.127323383
1221.688	0.882625641
1222.689	0.1976152381
1223.698	0.5570217822
1224.709	1.111592408
1225.717	0.5551924528
1226.718	1.125536634
1227.728	1.286567273
1228.757	1.251404595
1229.869	0.9569910642
1230.878	1.122074074
1232.048	1.405266733
1233.058	0.5368862512
1234.078	1.239816184
1235.088	0.9294137077
1236.278	1.016498246
1237.288	1.043144047
1238.308	0.1933189401
1239.318	1.095471074
1240.328	1.390312553
1241.338	0.9664253215
1242.339	0.502590099
1243.348	1.154312871
1244.358	1.007247525
1245.368	0.6092828829
1246.378	0.8108275862
1247.379	1.211428571
1248.388	1.101383548
1249.397	1.042666667
1250.398	0.4546654836
1251.418	1.362285714
1252.427	0.9475643564
1253.438	0.8051239964
1254.498	1.06826561
1255.517	0.2029837838
1256.528	1.514157842
1257.53	0.7092644135
1258.537	1.021821782
1259.538	1.607284838
1260.548	1.103958621
1261.549	1.289783944
1262.558	1.207620339
1263.559	0.6353742834
1264.567	1.113141818
1265.568	0.9531643836
1266.588	0.8975601069
1267.717	0.3729401251
1268.718	0.7224428571
1269.728	1.300466667
1270.738	0.9518809524
1271.867	0.7877882118
1272.868	0.7708186916
1273.869	1.01154717
1274.877	0.6474413793
1275.878	0.9843488603
1276.887	1.279889219
1277.897	0.6621958457
1278.898	1.291655104
1279.952	0.7947686275
1281.117	0.8902913776
1282.317	0.4092039604
1283.328	0.9855504425
1284.417	0.3068271845
1285.587	0.3575762376
1286.588	1.102929936
1287.589	0.8106217822
1288.597	1.416007767
1289.617	1.45103697
1290.637	1.139628372
1291.657	0.2379980601
1292.677	0.6084235294
1293.697	0.9547764706
1294.797	1.302954455
1295.817	0.7665254902
1296.927	1.091821606
1297.952	0.8176598131
1298.957	1.025662338
1299.977	0.3990019802
1301.074	0.1326545455
1302.077	1.129579365
1303.078	1.205786214
1304.089	0.7888735632
1305.107	0.436734053
1306.117	1.288863366
1307.118	1.774314563
1308.228	0.4729411765
1309.317	1.815399651
1310.327	0.694345098
1311.337	0.5734707631
1312.487	0.8101924198
1313.497	0.1773637265
1314.508	2.424706349
1315.516	0.9585232854
1316.627	0.7112275399
1317.637	1.278678536
1318.646	0.361219802
1319.657	1.292855446
1320.668	1.439243744
1321.826	0.8978745098
1322.847	1.051357513
1323.857	0.3925592233
1324.867	0.4434217822
1325.876	1.371964392
1326.947	0.8785188119
1327.997	0.3875564436
1328.998	0.8112470588
1330.047	1.534497503
1331.048	1.563668332
1332.056	0.2752932039
1333.207	0.7526031746
1333.682	0.7962233503
