0.0	0.5983527482
1.039	1.157343905
2.15	1.406105263
3.16	1.203025743
4.169	1.284487026
5.17	0.3253914767
6.179	1.8916875
7.18	0.7902983051
8.199	0.2901544554
9.209	0.7252700297
10.249	1.33010109
11.25	1.270529471
12.259	1.107076923
13.309	0.7723924678
14.408	1.182255699
15.419	0.1287529412
16.548	0.222913676
17.55	0.6652235294
18.809	0.2036591577
19.85	1.870819802
20.859	0.2610901961
21.911	1.126114851
22.919	1.24027833
23.921	0.1137128463
24.929	0.6961734213
25.939	0.5206368932
26.951	1.267226957
27.959	1.511175421
29.109	0.8096316832
30.119	2.117446977
31.128	0.3244504854
32.129	1.311539683
33.149	1.363940653
34.209	1.062945491
35.219	1.427358416
36.239	0.6506716004
37.259	1.582985015
38.269	0.8210079365
39.278	1.170186139
40.279	1.387873267
41.568	0.173370297
42.569	1.010940171
43.589	1.857763107
44.658	1.439715134
45.668	1.756238095
46.678	0.6906407767
47.688	1.001378486
48.708	0.8602693069
50.018	2.772471754
51.028	1.072222002
52.058	1.161268583
53.078	1.835521266
54.119	0.9427009901
55.128	1.934153846
56.129	0.25002138
57.328	0.1555418672
58.329	1.331092907
59.338	1.484483168
60.348	1.256816042
61.357	0.9882948022
62.378	0.5374187884
63.388	0.6265568627
64.478	1.472546679
65.488	2.300755245
66.49	1.941915438
67.498	0.1428769231
68.508	1.621731109
69.509	1.250868347
70.51	2.522854311
71.668	1.098541459
72.678	3.980552486
73.679	0.814906588
74.688	0.3954308145
75.838	0.3868255916
76.848	0.7288711289
77.859	0.5447928642
78.868	0.8637122877
79.869	0.3171823009
80.958	1.147390099
81.968	1.950809524
82.971	0.8976650149
83.978	1.262769231
84.979	0.398368932
85.991	2.073142857
86.998	1.441415929
88.008	0.4223388834
89.009	1.679524752
90.018	1.181746254
91.029	1.558367347
92.038	1.149713274
93.048	2.547404595
94.058	0.8968704253
95.068	1.891420579
96.078	1.929716505
97.088	0.4076561605
98.092	1.246221429
99.097	1.001692562
100.1	2.276693756
101.108	0.9529142857
102.117	1.263849356
103.128	0.2951928072
104.137	1.442589411
105.147	0.7188705882
106.148	1.045130435
107.158	0.3570710383
108.258	1.661095146
109.277	0.3074725698
110.349	1.027708292
111.357	0.1135303717
112.527	0.1971460142
113.528	1.35981036
114.537	0.2451456
115.547	0.2896941176
116.557	1.266635464
117.708	0.6013186813
118.718	1.519777998
119.738	1.698719524
120.747	1.458063523
121.757	0.6255215686
122.758	0.5467692308
123.767	0.8601550947
124.777	1.176092774
125.787	2.41027027
126.797	1.268007339
127.807	0.4188610837
128.817	1.396558491
129.827	0.9215192878
130.828	1.557922696
131.837	1.863008991
132.848	2.17568032
133.857	1.817932673
134.957	0.2315076923
135.977	0.4068491228
136.987	0.709639604
137.997	1.06613176
139.128	0.6260958678
140.137	0.9598901961
141.147	1.775833663
142.157	1.254105894
143.166	0.342
144.168	1.286657343
145.277	0.8984688427
146.288	0.4734
147.297	1.235263366
148.317	1.482706231
149.324	0.2636673267
150.327	0.5145584158
151.336	0.4741623762
152.341	1.290878097
153.517	1.252315684
154.536	0.2420307692
155.547	0.2762563107
156.619	0.6684515485
157.63	1.751944554
158.636	0.6008470588
159.648	0.360570297
160.656	1.777045545
161.657	0.2069207547
162.667	1.444273538
163.677	1.478841159
164.688	2.156293069
165.689	1.240311688
166.697	1.636974257
167.707	0.7622732673
168.836	1.664087912
169.937	0.6906407767
171.117	1.49783017
172.128	0.5965348646
173.136	1.731378833
174.147	0.6577188119
175.156	0.7115137255
176.167	0.3825087379
177.168	1.212907093
178.177	0.3326117647
179.186	0.4913320388
180.226	0.7484003964
181.236	0.6816158416
182.247	1.28697619
183.262	1.298440678
184.292	1.166049554
185.302	3.166961039
186.322	0.3680695652
187.352	0.6630740741
188.363	1.392633663
189.422	1.196859141
190.603	0.6235322101
191.612	0.4972051536
192.622	4.297232604
193.643	0.2720555005
194.662	0.1451280899
195.672	1.028362393
196.692	1.139448959
197.771	0.1259044248
198.803	1.202637363
199.812	0.1374029851
200.822	1.645388724
202.992	0.2884392157
204.072	0.2505980198
205.092	0.4880872151
206.112	0.2757209302
207.113	1.288829358
208.132	1.48597003
209.312	0.4223137255
210.332	1.345791873
211.542	1.672
212.552	2.121158841
213.563	1.412931069
214.572	0.6683089109
215.582	1.54949703
216.591	0.912
217.712	1.63240396
218.731	1.225641229
219.741	3.012683317
220.851	1.506901099
221.852	0.5075218659
222.862	0.5423191278
223.873	0.9742987141
225.092	0.4221721068
226.112	2.277740337
227.132	1.48215873
228.182	1.311762141
229.222	0.3088304762
232.363	1.436158033
233.371	1.706875248
234.401	0.1381281553
235.451	3.13440959
236.452	0.9451148184
237.711	1.128801572
238.721	0.4537492596
239.761	1.231056492
240.774	0.6778501499
242.044	0.2477886792
243.054	0.1626810811
244.064	0.595960396
245.074	1.123409316
246.274	1.552926733
247.284	0.2489732938
248.294	0.4762967359
249.309	0.5092752475
250.324	0.5388436364
251.354	1.224427723
252.374	1.145322772
253.384	1.070425574
254.404	1.101994006
255.414	0.9576
256.574	2.394341658
257.604	0.9643722772
258.754	0.1514788991
259.794	1.035128157
260.893	0.2789647059
262.024	1.386819802
263.654	0.8579663033
265.004	1.976
266.064	1.301559322
267.104	1.136943508
268.134	0.4475764304
269.143	1.916011869
270.302	2.201815659
271.493	1.52788107
272.503	1.955256637
273.533	1.659496531
274.575	1.466763636
275.853	1.462811881
276.863	0.4248871745
277.872	1.3557003
278.913	1.249457426
279.923	1.450118095
280.943	2.070140455
281.973	0.3326117647
282.992	1.134229312
284.133	1.241523478
285.273	0.1365517241
286.282	0.3364149856
287.432	1.107438665
288.772	1.395250996
289.832	1.242870168
290.842	1.54949703
291.853	0.5794525475
292.933	0.1645736285
293.935	1.862409496
294.942	0.4250097087
295.953	0.6990179641
296.973	1.273156303
297.982	1.155908821
298.992	0.1713825503
300.013	3.709462834
301.023	3.771908092
302.032	0.2355037975
303.483	0.2624950495
304.492	1.308158416
305.493	1.103843137
306.603	1.563156843
307.613	0.7181665034
308.623	0.4781359223
309.632	2.709818905
310.653	1.360126858
311.672	0.7972727273
312.693	1.235436563
313.912	1.281053465
315.062	2.826767396
316.084	2.151296703
317.097	1.316133333
318.104	1.504664688
319.114	1.161931305
320.144	1.933270588
321.184	0.2231300971
322.204	1.226921429
323.224	1.647017822
324.354	0.8768189911
325.364	0.1754415871
326.874	0.2893597734
328.504	1.16572448
329.544	0.5953970443
330.564	0.6115361744
331.904	1.146616452
332.914	1.795580198
333.934	0.3156923077
334.954	1.751074184
335.994	1.506154455
337.355	1.594418236
338.384	0.3262153846
339.413	0.6947299396
340.414	1.237714286
341.475	0.8274525475
342.504	1.941576238
343.564	0.1183826807
344.584	0.7910019802
345.624	0.671809901
346.653	0.6759529412
347.674	0.2868815534
348.723	1.6216
349.744	1.123663699
351.124	3.405960317
352.145	1.306616452
353.155	0.3472615385
354.164	0.9161373896
355.174	2.015344655
356.184	0.4009188119
357.254	0.8929886792
358.315	0.5901176471
359.404	3.155277876
360.424	2.364511397
361.444	1.883537092
362.624	1.978885115
363.714	1.051057426
364.734	0.3051443709
365.736	1.825822178
366.785	3.514483034
367.804	1.051129785
368.824	0.5553680079
369.854	0.4389069307
370.864	0.6330128586
371.896	0.132964486
372.964	0.5472
374.067	1.418483034
375.334	1.672759241
376.344	0.1142311111
377.625	1.116071287
378.744	2.197546454
379.834	0.8154352941
381.095	1.722867327
382.105	0.3029307692
383.184	1.386940286
384.284	1.668689109
385.414	1.655087302
386.485	0.1440804424
387.487	0.2066855524
388.494	1.468234359
389.574	0.6759529412
390.595	0.3220846831
391.604	4.23976024
392.625	1.541782108
393.634	1.663058824
394.635	1.555028971
395.644	0.239129678
396.654	0.3231445545
397.674	1.354455446
398.685	1.207538767
399.824	0.6501386139
400.825	1.777350546
401.834	1.437741176
402.844	0.7641487131
403.845	0.8468571429
404.854	2.244974257
405.855	3.198665335
406.865	1.46373578
407.874	2.225880952
408.884	0.3796233895
409.885	1.029538462
410.896	0.17024
411.935	1.845007937
412.954	2.20847952
413.964	3.02722475
415.114	2.361542458
416.124	1.398549058
417.125	0.4407287129
418.126	0.2121941748
419.144	1.757113974
420.174	0.3931976048
421.183	3.161587426
422.204	0.5903809524
423.214	0.2114376238
424.223	1.328459406
425.224	0.1845714286
426.234	2.668275732
427.253	1.612942574
428.254	0.2455081967
429.393	1.545966355
430.404	0.5155171737
431.413	2.851076923
432.423	1.321504726
433.453	0.9736307692
434.533	1.083564356
435.543	0.1617339901
436.545	1.630062257
437.554	1.569614243
438.595	1.509431193
440.132	1.554756436
441.133	1.201730159
442.254	1.378592666
443.264	1.41962038
444.273	3.300744554
445.284	0.595960396
446.293	1.359864271
447.294	0.1953326673
448.303	0.6067960396
449.353	1.424367632
450.354	0.1701690962
451.363	1.315776447
452.463	1.118970297
453.474	2.084195804
454.484	0.9519841584
455.584	0.6073974232
456.585	1.790033966
459.144	2.387452547
460.153	1.091669582
461.154	3.134123651
462.163	0.2786914789
463.164	0.9773346418
464.173	1.770813187
465.294	0.7789383378
466.304	1.11434127
467.454	0.5418873786
468.533	1.724574827
469.535	0.1593786408
470.545	0.3233087379
471.553	0.760754717
472.564	0.9920237859
473.574	1.649326791
474.575	1.372731269
475.583	1.357146853
476.613	1.48886692
477.614	1.636182178
478.624	1.029386139
479.625	0.894001998
480.634	1.24583317
481.644	1.147972028
482.664	0.2056709652
483.713	0.7403294118
484.723	1.682488889
485.739	2.082506876
486.744	0.5042823529
487.896	1.580439169
488.897	1.923441031
489.902	0.3572692308
490.904	1.376150495
491.913	0.2383841584
492.944	1.4844995
493.952	1.070371257
494.953	1.596227772
495.962	1.257413024
497.223	1.453242757
498.232	0.3943692004
499.512	0.1607835455
500.513	1.526569745
501.533	0.8220336967
502.552	1.193102081
503.572	0.3900831683
504.633	0.7625358194
505.673	1.260619381
506.704	0.3799175662
507.752	0.4334257426
508.873	2.03355045
509.896	5.447184158
510.943	1.257302697
511.952	0.8018376238
512.972	0.1040427807
513.992	1.405849802
515.032	1.67880396
516.042	1.106331021
517.063	0.2573743793
518.072	0.2925623762
519.083	2.069607921
520.092	1.531180556
521.093	0.3803773585
522.094	1.362518812
523.103	1.268971259
524.112	1.492868186
525.192	0.2562497561
526.193	1.939162055
527.202	0.3540705882
528.212	0.5357202797
529.223	1.030057942
530.232	0.2784838095
531.252	2.466506986
532.272	1.987292707
533.303	1.210603006
534.322	0.8560158416
535.331	0.9535762376
536.363	0.2020758017
537.524	3.575736264
538.561	0.3835876289
539.572	3.103688312
541.152	1.410782953
542.161	1.347900498
543.172	1.369655446
544.202	0.9173861386
545.543	0.1183146067
546.552	1.44584381
547.596	1.912605217
548.604	0.7410559372
549.627	0.8047058824
550.657	1.083783251
551.667	0.8904023786
552.687	1.196512413
553.707	0.7207752248
554.797	0.3290630456
555.947	1.411877349
556.997	0.4940372915
558.006	0.9082624878
559.037	2.888915187
560.087	0.7691294118
561.097	3.472688427
562.107	2.668851149
563.126	1.263483636
564.136	0.4217549407
565.146	0.7708492063
566.157	1.093348703
567.206	0.4164915758
568.216	1.495318812
569.266	1.516990099
570.336	2.464503778
571.357	0.5531655104
572.367	0.1473230769
573.526	1.957373016
574.527	0.4434342235
575.546	0.8560158416
576.556	0.6252435644
577.557	1.302857143
578.666	1.387912698
579.706	0.5417821782
580.716	0.2951686275
590.244	1.630188679
591.284	0.8369803922
592.324	3.454849151
593.344	0.2147547826
594.384	1.107324675
595.574	1.125792285
596.575	1.303404466
597.584	0.7617882353
598.594	1.407333333
599.634	0.3531764706
600.644	1.543608392
601.714	0.8123224568
602.715	1.051827451
603.744	3.214321678
604.749	0.2099632353
605.755	1.26931219
606.756	0.9804191969
607.769	1.061493695
608.774	1.331465875
609.775	1.624207792
610.788	1.126105894
611.794	1.431112887
612.795	0.6437960784
613.805	1.71637962
614.806	1.938258449
615.994	1.046778989
616.995	0.8476512687
617.996	1.191405941
619.034	1.440269574
620.044	3.237189621
621.064	0.8351714569
622.255	0.1606262231
623.264	1.14948503
624.374	1.41988024
625.375	0.2147988224
626.376	0.1591854545
627.384	1.896237624
628.445	1.440611765
629.467	0.5954308145
630.475	1.906949051
631.476	0.1381568981
632.504	0.9821384615
633.515	1.062211765
634.516	3.406529471
635.517	0.6888
636.518	0.6661592233
637.524	1.178648166
638.525	1.584204322
639.534	0.9082176063
640.654	0.5446251236
641.655	1.033760159
642.664	2.171422886
643.675	0.902033966
644.676	1.156062622
645.678	3.991048951
646.764	0.5222991202
648.428	0.1618837209
649.434	0.5169043478
650.443	1.868542914
651.444	0.3262153846
652.453	0.3900831683
653.454	1.369305638
654.464	0.2412156863
655.475	3.41225974
656.476	0.7158612488
657.493	2.015429703
658.503	1.692035679
659.553	1.465030969
660.593	1.805178821
661.613	0.2992705882
662.62	1.428412169
664.303	2.17568032
665.321	1.249206349
666.323	0.9881475728
667.331	2.266893954
668.341	1.381335652
669.351	1.060259259
670.361	0.5039762141
671.362	0.2337553398
672.371	1.481971383
673.381	0.7650174757
674.391	0.383429703
675.392	1.732420339
676.581	0.26285625
677.601	1.034148662
678.612	0.9734296296
679.621	0.8352727273
680.631	1.955913043
681.632	1.267725714
682.641	0.2269255419
683.661	0.3611697479
684.701	1.637803766
685.85	1.356795205
686.851	1.480086871
687.853	0.924969578
688.857	0.9563773585
689.863	0.6642312139
690.873	1.724092308
692.123	0.3648
695.723	0.3362378593
696.732	0.9655976214
697.763	2.182285714
699.752	3.237426573
700.764	0.6934811881
701.803	1.448428571
702.823	0.3069229305
703.852	1.840364718
704.853	1.687827112
705.892	0.1674034417
707.063	0.4013161546
708.073	0.8766980392
709.085	0.6560235525
710.253	1.957018981
711.262	1.760223776
712.303	1.280317146
713.362	1.256198216
714.452	0.1368
715.462	1.713902874
716.472	0.4573137615
717.492	0.4959067961
718.512	2.108184971
719.522	1.207571853
720.523	0.4324784314
721.552	1.06700198
722.572	0.4808275862
723.582	1.149716551
724.642	0.8370480864
725.652	1.327635644
726.682	0.7267076313
728.162	1.988523477
729.412	2.17071453
730.572	0.4228435644
731.602	0.1593786408
732.632	0.5379722772
733.633	1.834925669
734.662	2.138857143
735.712	1.177739471
736.821	0.8620910891
737.922	0.1663488
738.972	0.9722517483
739.982	0.492972973
741.002	0.3740359281
742.102	2.671756624
743.132	0.568419802
744.152	2.079936064
745.192	2.562217355
746.232	0.8344079208
747.242	1.085511286
748.252	0.3832541708
749.265	0.8772296296
750.282	2.210896165
751.292	3.053139489
752.303	1.53070099
753.312	1.024953368
754.703	3.2067393
755.835	1.508494806
756.852	0.7615215686
757.872	1.315084915
759.081	0.3467405941
760.082	0.2389241114
761.092	1.753617272
762.103	1.668689109
763.112	0.8686507937
764.122	1.202756436
765.123	0.9645069307
766.132	0.8419215686
767.302	1.252891109
768.303	0.1651924528
769.322	0.9614718101
770.332	1.204063492
771.333	2.024261128
772.343	1.094403131
773.351	0.6579243453
774.352	0.3242666667
775.353	0.303027027
776.371	0.5359451518
777.372	1.096792934
778.373	2.000564052
779.381	1.969709402
780.411	1.462811881
781.423	1.138870168
782.432	1.42193007
783.442	1.27585361
784.461	1.950875248
785.462	0.3250693069
786.471	1.290029851
787.491	3.132554194
788.503	0.6273770813
789.511	1.860262425
790.521	1.243195243
791.531	2.012795205
792.701	1.540186323
793.703	1.738357642
794.711	0.4949782178
795.742	0.1710939664
796.761	1.213291089
797.771	1.406252166
798.782	1.372329412
799.783	1.305222222
800.802	0.9929346535
801.811	1.996436508
802.831	0.9781407334
803.841	1.333834166
804.842	0.8102769231
805.851	1.658231827
806.862	1.349293769
807.871	1.842059406
808.881	0.1474109091
809.971	0.1332134831
810.972	1.943825743
812.121	1.473647525
813.122	1.497215686
814.123	3.254831014
815.141	1.333149091
816.142	0.4394750245
817.143	0.5706745796
818.161	4.925341246
819.162	1.102621782
820.171	0.6167567568
821.181	0.6058821179
822.182	0.6032903865
823.191	1.732843965
824.201	0.4087366337
825.211	0.3043018868
826.221	1.0944
827.222	2.147378486
828.223	1.85453831
829.322	3.099012987
830.381	0.1191920792
831.382	1.366633367
832.401	0.8090703736
833.402	1.551032706
834.403	0.5520712166
835.417	0.2869960784
836.421	0.5768492417
837.422	0.4812423343
838.431	0.8798117647
839.432	0.8677106046
840.562	0.9557216397
841.571	0.1817492596
842.573	1.068934175
843.591	1.6776
844.592	1.694685039
845.611	2.540936466
846.612	1.35168032
847.622	2.186780198
848.63	1.343619802
849.631	0.3467405941
850.641	0.4077176471
851.651	0.2377196262
852.652	0.4901705426
853.661	0.4083925417
854.67	1.159158301
855.68	1.48356778
856.71	0.326746507
857.711	0.959619802
858.72	1.382580392
859.73	0.1417473684
860.731	2.369334665
861.74	1.328800793
862.741	1.679472527
863.75	1.431111992
864.751	1.188867133
865.77	2.015033663
866.81	0.7343508424
867.83	1.763610751
868.86	6.172111332
869.87	1.246233766
871.25	1.159413861
872.26	1.540186323
873.38	1.598578842
874.39	2.733266733
875.51	0.4694756911
876.63	1.584767233
877.631	0.4410919017
878.64	0.111026087
879.66	0.9952313725
880.67	0.4881986097
881.8	1.891420579
882.801	0.265631068
883.81	0.5979089109
884.82	1.531025987
885.83	0.8882301587
886.84	1.512535465
887.99	1.137418182
889.0	1.218312871
890.139	1.179467197
891.141	0.8418461538
892.211	1.104863366
893.22	0.2489732938
894.229	0.2598589133
895.259	1.231382178
896.27	1.17147619
897.289	0.3197587182
898.29	1.323258672
899.299	1.711033663
900.309	0.195234886
901.419	0.3777100917
902.439	2.900943731
903.57	1.354455446
904.579	1.623738614
905.61	1.180955045
906.629	1.052823529
907.63	1.081708475
908.64	0.2817267327
909.65	0.5008171276
910.659	0.1777346535
911.669	0.1904295432
912.67	1.431722498
913.679	0.4320713578
914.68	0.1283630252
915.699	1.338359484
916.739	4.113358641
917.762	1.322901099
918.769	1.659496531
920.049	1.418479208
921.07	1.346015686
922.091	0.3338847458
923.099	0.3170589411
924.141	0.2397257143
925.149	0.684
926.186	0.2406184341
927.216	0.2959529412
928.236	0.5800616438
929.366	0.3433411765
930.376	1.012772856
931.566	2.652106825
932.596	0.921029703
933.626	1.896237624
934.646	1.573837651
935.669	0.2817267327
936.706	0.8142857143
937.716	0.1356263108
938.736	2.088215784
939.756	0.3955662651
941.536	1.431722498
942.566	1.3968
944.346	1.774003643
945.366	3.039984064
946.376	0.2684377358
947.386	0.317609816
948.396	1.869266733
949.456	2.142779397
950.505	1.612913947
951.526	1.575873267
952.536	0.3804191969
953.556	1.149716551
954.566	0.4524923077
955.586	1.251819608
956.668	1.39779802
957.686	1.394785645
958.695	1.178146535
959.756	0.9983632038
960.766	1.022233562
961.776	1.149194805
962.788	0.3046726396
963.806	1.306806739
964.976	1.529339941
965.977	1.727424575
966.986	0.9002497522
967.996	0.1422052679
968.997	1.391318137
970.006	1.253498501
971.008	1.312466864
972.016	1.280684258
973.026	1.911192807
974.027	2.516392857
975.036	1.190423762
976.037	1.957093812
977.136	2.525538462
978.147	0.6267728155
979.148	1.688688427
980.155	1.744538614
981.156	0.66471387
982.166	0.5169885057
983.188	0.6412910891
984.206	0.1870009643
985.207	0.8404705882
986.215	0.463809901
987.225	1.169838162
988.226	1.070358771
989.236	0.5002376238
990.246	1.647017822
991.255	0.5206263627
992.256	1.69063745
993.266	1.933613346
994.275	0.3575762376
995.445	1.173188119
996.446	0.7595542522
997.456	0.4586057143
998.475	0.2311076923
999.495	2.708910891
1000.506	0.5467676969
1001.515	0.24795
1002.545	3.170589411
1003.555	0.4254227405
1004.566	1.269111111
1005.575	0.5852990099
1006.576	1.093419608
1007.595	1.107686819
1008.646	1.320583417
1009.675	0.4965
1010.685	1.721163205
1011.695	0.2363653846
1012.715	0.5429638095
1013.725	0.7955363458
1014.735	2.373005941
1015.745	1.755374257
1016.783	0.2467764706
1017.805	1.506154455
1018.865	0.1961660377
1019.925	0.6257262737
1021.455	0.2813449275
1022.456	0.3033980198
1023.465	2.03710099
1024.505	1.314541459
1025.515	0.5590255403
1026.695	0.2154011516
1027.706	1.9024222
1028.715	0.4251741821
1029.726	1.42049554
1030.746	0.9755204795
1031.795	1.282473736
1032.805	6.325055556
1033.815	1.045251485
1034.825	1.191920792
1035.845	0.4121625372
1036.846	0.3157543307
1037.856	2.310473526
1038.866	0.1811239264
1039.886	1.527825743
1041.085	4.081854146
1042.195	1.941121903
1043.405	1.887270565
1044.406	3.086217861
1045.486	0.921314121
1046.494	0.5713411765
1047.505	0.6229165849
1048.506	1.435873016
1049.625	1.465030969
1050.626	1.740205714
1051.634	0.7517958783
1052.636	1.452578218
1053.675	1.50129318
1054.695	1.182255699
1055.706	1.809403636
1056.707	1.410365634
1057.725	1.528514342
1058.734	1.362695738
1059.746	1.459916749
1060.754	1.60845283
1061.765	0.4092104348
1062.767	0.9327888999
1063.775	0.6814183267
1064.785	1.220445328
1065.786	1.238585415
1066.804	0.5694186047
1067.815	0.940653913
1068.954	1.391033663
1070.004	0.3433411765
1071.135	0.7235025162
1072.145	2.134621782
1073.154	1.739300699
1074.165	1.102431683
1075.174	0.9815341923
1076.185	1.504229703
1077.186	1.18754087
1078.194	1.007714851
1079.205	1.95770297
1080.214	1.343619802
1081.224	0.1204674005
1082.225	0.9386772277
1083.234	0.3004904087
1084.305	1.90896333
1085.324	1.549813861
1086.325	0.663770297
1087.334	0.9987607843
1088.345	1.06084273
1089.346	0.9002497522
1090.374	0.2708784314
1091.375	0.7485544554
1092.394	1.175873267
1093.424	0.2871603499
1094.425	1.259611881
1095.426	1.683692308
1096.434	1.301768173
1097.444	0.9503170029
1098.454	1.513647761
1099.464	0.7695219124
1100.465	1.835960396
1101.474	2.303584416
1102.485	1.147388889
1103.493	0.3463304008
1104.504	1.534792157
1105.505	1.441140594
1106.506	1.067732268
1107.514	1.682989098
1108.524	1.0944
1109.533	0.2537098039
1110.545	0.8133465347
1111.553	0.2253176471
1112.564	1.787881188
1113.722	1.398978218
1114.724	1.755374257
1115.726	1.598245949
1116.864	0.3433411765
1117.865	1.168404361
1118.874	1.932884044
1119.933	1.366316534
1120.934	1.45822002
1121.945	1.600505929
1122.946	0.9687272727
1123.953	0.5398415842
1124.973	0.6290901883
1125.979	2.099594433
1126.992	0.838604559
1128.139	0.4518820375
1129.148	1.389174603
1130.15	1.318633367
1131.209	0.7556162216
1132.218	1.040221782
1133.219	1.677865079
1134.239	1.101260461
1135.248	3.293525692
1136.249	0.3500235294
1137.25	1.439579365
1138.26	0.671809901
1139.289	0.1020895522
1140.358	0.5027960396
1141.359	2.306877123
1142.368	3.200079286
1143.378	0.3428862745
1144.388	0.1250742857
1145.398	1.374765579
1146.422	0.2292917431
1147.428	1.441902874
1150.948	0.9859326733
1151.958	3.828773043
1153.048	3.162693307
1154.059	3.223151635
1155.068	0.9859020979
1156.078	0.5167985075
1157.088	0.3622686567
1158.098	0.3201001565
1159.099	0.7985764597
1160.108	0.8834770318
1161.118	1.038169231
1162.168	0.3684118812
1163.178	0.5309465347
1164.278	1.359736264
1165.288	0.2925623762
1166.298	0.1711671554
1167.299	1.196923077
1168.308	1.027327434
1169.328	0.2966130841
1170.338	1.216109696
1171.348	0.1351607843
1172.358	0.6596679842
1173.368	1.627214286
1174.378	0.2873511521
1175.388	0.7409950446
1176.398	0.1487533981
1177.407	0.6067960396
1178.427	1.316632689
1179.429	0.5531655104
1180.468	0.9020377358
1181.478	0.1967952048
1182.479	2.108546535
1183.487	0.2330666667
1184.498	0.323350826
1185.518	0.2547580952
1186.519	2.00469703
1187.588	1.484483168
1188.598	1.73434127
1189.608	1.679524752
1190.628	0.4447016848
1191.638	2.876995005
1192.647	1.264403883
1193.653	1.206172549
1194.658	1.430304951
1195.668	1.493792285
1196.677	0.1738522637
1197.703	1.557852295
1198.708	0.5247872128
1199.717	0.2315076923
1200.888	2.113030969
1201.898	0.7493465347
1202.907	0.7723722772
1203.908	0.8253892216
1204.917	1.26595005
1205.927	0.2419425173
1206.928	0.6034039216
1207.938	1.919809713
1208.948	1.364241824
1209.967	1.516873016
1210.979	1.365082917
1211.998	0.4542792453
1213.018	0.9761744301
1214.02	0.5950135922
1215.1	1.907073267
1216.115	0.1661386139
1217.14	0.4986076923
1218.171	2.112950495
1219.211	1.202756436
1220.23	1.39247952
1221.33	1.530629371
1222.36	1.172091908
1223.5	2.112950495
1224.51	0.6094891089
1224.588	1.236229249
