0.0	0.1300277228
1.041	1.375326733
2.043	1.061738262
3.061	1.083817822
4.212	0.2075209581
5.223	0.3512475248
6.224	0.8413843478
7.432	1.362230699
8.463	0.2639922255
9.664	1.070658824
10.672	1.31566034
11.683	1.114049068
13.014	0.1390008467
14.021	1.123270588
15.022	1.015752248
16.152	0.5300692308
17.153	0.8519563925
18.154	1.323608309
19.162	1.181932673
20.372	0.2044802687
21.382	1.240055944
22.612	0.799960396
23.623	0.2443805825
24.631	1.134168768
25.682	0.8281368078
26.691	0.2229333333
27.911	1.218948594
28.912	0.8405971162
30.111	0.3481742574
31.112	0.1950415842
32.262	0.7387809524
33.263	0.9337493237
34.264	0.9519719544
35.272	1.019223188
36.282	1.038112983
37.303	1.015104895
38.304	0.1980342857
39.322	0.7965906838
40.342	0.9545699115
41.422	0.2549842105
42.591	0.8749181906
43.602	1.412224548
44.603	2.011836164
45.611	0.9877834179
46.612	0.8964482759
47.992	1.266584737
49.211	0.1931294118
50.212	0.3227553816
51.231	0.9674604496
52.391	1.244773043
53.512	1.386992063
54.521	0.1040307988
55.571	0.5421157998
56.591	0.839654224
57.592	0.8618196234
58.681	0.8338217822
59.691	1.149904762
60.701	1.634221778
61.711	0.5377962413
62.721	0.9653306693
63.861	0.4955247525
64.881	0.9234421365
65.882	0.9440158573
66.891	1.040969932
67.991	1.06708749
69.151	1.32869703
70.241	0.7333876041
71.262	1.094208251
72.281	1.019036963
73.471	0.709986014
74.481	1.294287413
75.491	0.1180235294
76.5	0.933524558
77.501	0.4149811321
78.502	0.992054902
79.52	0.7811713147
80.521	0.5997202797
81.522	1.03074184
82.53	1.033242334
83.541	0.5989349112
84.601	0.5456950495
85.671	0.607160396
86.68	1.400047952
87.69	0.7427254237
88.691	0.3578239367
89.7	0.5266693069
90.781	0.1462213592
91.79	0.1605245902
92.812	1.09313776
94.03	1.021448685
95.031	1.429292107
96.2	1.409462537
97.211	0.5667692308
98.231	1.180689109
99.331	0.1968373832
100.47	0.7334431373
101.68	1.060653211
102.7	1.082093906
103.701	0.4177584158
104.703	0.635044955
105.71	0.3157970149
106.711	1.279556436
107.73	0.6799315654
109.28	0.1027980433
110.281	0.2016685714
111.29	0.6012
112.3	0.3857629775
113.48	0.9345188119
114.481	0.4400158416
115.801	1.028815855
116.83	0.2234524917
117.84	0.90287636
118.89	0.8980078431
120.1	0.9729952696
121.101	1.026611966
122.23	0.9452910891
123.231	0.5210123894
124.31	0.8254048494
125.54	1.142773492
126.541	0.920864222
127.558	0.7777125867
128.56	1.009915604
129.561	0.9739464817
130.57	0.5377869159
131.571	1.334184341
132.572	1.152583417
133.582	1.206281718
134.6	1.261106046
135.77	1.122847694
136.86	1.301734513
137.861	1.230436508
138.87	0.5280544218
140.09	1.298972549
141.099	0.9698352941
142.1	0.1023093829
143.11	0.7954171657
144.24	0.9081007311
145.242	1.31050297
146.26	0.2762563107
147.27	0.3684118812
148.28	0.921421001
149.341	1.243243028
150.569	1.064195616
151.57	0.3980990099
152.669	0.8368361138
153.67	0.7718931751
154.671	1.061481188
155.68	0.9126024786
156.8	0.2109890909
157.801	0.2653734239
158.81	0.9356723277
159.82	0.9335544456
160.83	0.6012435644
161.933	0.2946640777
162.939	1.298137405
163.94	0.4567533981
164.97	0.9094228675
165.979	1.350617383
166.98	0.2708910891
168.019	0.8238882236
169.12	0.9094293429
170.13	0.6817029703
171.249	1.176101818
172.259	0.4045234765
173.26	0.1273792435
174.269	0.5071145564
175.279	0.7082750491
176.309	0.3592380952
177.319	1.021666334
178.34	0.4356349515
179.349	0.8419077527
180.78	0.2682352941
181.79	1.253002997
182.805	0.7561537087
184.31	0.9321756098
185.411	0.8636806387
186.431	0.79952895
187.611	1.012933333
188.711	0.8831925926
189.72	1.041186667
190.721	0.3282198234
191.731	1.218979048
192.74	0.6997128205
193.741	1.069512871
194.96	1.281615385
195.961	0.5363250743
196.972	1.025281301
197.979	1.668205941
198.99	1.002245339
199.991	0.3265293551
201.0	0.2896941176
202.011	2.002767396
203.242	1.015505397
204.28	0.7381523244
205.4	0.9430406343
206.41	0.9739464817
207.411	0.934529884
208.51	0.7441267327
209.52	1.3596951
210.53	1.038092857
211.532	0.3241287879
212.55	0.9314205794
213.56	0.7742897103
214.569	0.6154363636
215.57	0.2501374046
216.58	0.797185301
217.73	1.041851043
218.9	0.3866378803
219.931	0.3540705882
220.95	0.3695225806
222.07	1.069904762
223.086	0.8522117882
224.1	1.013148515
225.131	0.2927584579
226.139	0.2626555863
227.18	0.770501292
228.29	0.3430048972
229.31	0.8007826087
230.36	1.455848152
231.55	0.8815471074
232.56	0.4848991009
233.569	0.4370666667
234.71	1.390385614
235.719	0.1841046729
236.731	1.359364449
237.931	0.6426323092
238.95	0.9498412698
239.96	0.7634045954
241.07	1.02523295
242.079	0.5206745098
243.24	0.8405079365
244.251	0.6941684836
245.259	0.2605714286
246.26	1.007568432
247.269	0.1516990099
248.271	1.036789069
249.289	1.541554896
250.379	1.161206793
251.399	0.1363846909
252.409	1.117141717
253.429	1.319675988
254.439	0.3976237624
255.51	0.681980198
256.579	0.4016
257.629	0.2041216879
258.769	0.512054902
260.538	0.5981965735
261.829	0.9963876124
262.989	0.2185425743
263.999	0.3367384615
265.019	0.9654518519
266.036	0.7956039604
267.119	1.697750495
268.158	0.2161689624
269.159	1.168
270.179	1.340755245
271.279	1.081679208
272.349	0.6029126984
273.519	1.113128972
274.539	0.4246393606
275.559	0.6046257426
276.589	0.3254299213
277.599	0.7282502113
278.729	0.9392543689
279.749	1.014392857
280.799	0.2143780607
281.808	1.333429142
282.839	1.112039643
283.878	0.5527524752
284.899	0.9632474513
285.909	0.3078628795
286.948	0.564272997
287.958	0.6847926605
288.978	0.5116470588
289.99	0.3684118812
290.998	0.7428891109
292.008	0.9961821782
293.279	1.570041708
294.298	0.7351835616
295.309	0.5544712871
296.338	1.467429703
297.358	1.433045545
298.378	0.9708470588
299.388	0.1530629371
300.398	1.090193333
301.589	0.9506593807
302.598	1.019912871
303.629	0.8265414585
304.649	0.9920644007
305.728	0.7967175421
307.248	0.9535874263
308.258	0.9956752475
309.278	1.410509491
310.328	0.3726275265
311.343	1.201006993
312.378	0.4104392157
313.398	0.767952048
314.428	0.5226314973
315.438	0.8178725024
316.448	1.159917949
317.468	0.1459707383
318.518	0.8482198234
319.519	0.9168410661
320.538	0.689648099
321.548	1.04575146
322.669	0.669952381
323.678	0.7102102607
324.738	0.8703845478
325.758	1.08894359
326.828	0.9653866134
327.838	0.5330188305
328.858	0.1868581197
329.868	0.8343445545
330.888	0.506592666
331.939	1.919454702
332.958	0.4832973503
334.038	0.9951888112
335.048	0.2869703704
336.068	0.2927716535
337.078	0.63432
338.128	0.8598253968
339.158	0.2822857143
340.217	1.03484832
341.227	1.582342914
342.248	0.243033275
343.258	0.9172987013
344.448	1.615064935
345.627	0.965768304
346.648	0.2315076923
347.657	0.2960695652
348.707	0.7900793651
349.968	1.146445554
351.137	0.8733066667
352.457	1.684792952
353.467	0.1271992071
354.477	0.759016983
355.557	0.5538398097
356.689	0.2250168224
357.726	0.1751864407
358.746	0.9521758242
359.776	0.4056827586
360.792	0.2888990476
361.797	0.8410969638
362.806	1.362789211
363.816	0.455369697
364.916	0.4184470588
365.976	0.3870176817
367.046	0.9730364827
368.066	1.058093162
369.086	1.015080278
370.106	1.005795837
371.137	1.373746032
372.156	1.043196984
373.166	1.343500496
374.176	0.320625
375.217	1.033593657
376.256	0.7941436893
377.286	1.345886114
378.296	1.105362963
379.316	1.093504951
380.336	0.4075764706
381.406	1.056227674
382.436	0.498439604
383.466	1.138405594
384.476	0.459717605
385.496	0.9677782178
386.516	0.5178697765
387.556	1.172251748
388.575	1.081964437
389.616	0.5130657066
390.656	1.221473267
391.696	0.8447924528
392.715	1.656949555
393.766	0.7828831683
394.846	0.8527215686
395.946	1.138840752
396.947	1.129562085
397.956	1.064878338
398.966	1.057433746
400.096	0.3536
401.105	1.007271287
402.186	0.7204313725
403.196	0.7720745829
404.206	1.049467819
405.207	0.8297062937
406.286	1.237349254
407.336	0.7209514371
408.338	1.386055556
409.356	1.140723277
410.556	0.9496482759
411.557	0.5602951456
412.566	1.174583581
413.567	1.05100998
414.576	0.813945098
415.616	0.5338719212
416.756	1.266981019
417.865	0.8721107814
419.036	0.8614421769
420.046	0.7635123885
421.055	1.653320965
422.068	0.7958921079
423.086	1.053663366
424.087	0.5946769527
425.206	0.9680633663
426.236	0.867512381
427.356	0.3033980198
428.517	1.934091451
429.518	0.8010148662
430.526	0.8646696035
431.536	0.9621745455
432.767	1.348621167
433.815	0.199772549
434.816	1.136491089
435.826	0.5820384615
436.835	1.83753047
438.046	1.291339268
439.047	0.9392877536
440.165	1.553213082
441.255	1.823888112
442.275	0.3889817132
443.446	0.6174667788
444.615	0.8020235294
445.625	1.03556
446.815	1.047213445
447.816	0.9613227723
448.835	1.711261905
449.836	0.4654645669
450.846	0.8436990099
452.068	0.1824
453.076	0.1548679245
454.246	0.6440792079
455.466	1.06195417
456.756	0.9334257426
457.765	0.818019802
458.845	1.068483516
460.015	1.03355045
461.017	1.117570642
462.034	1.468069789
463.187	0.6548118812
464.195	1.683309804
465.347	1.127972881
466.395	0.2478015873
467.495	0.641019024
468.505	1.057502498
469.595	0.2253176471
470.615	0.2943631124
471.635	0.9652857143
472.636	1.841397206
473.805	1.436403596
474.875	0.4184470588
475.895	1.655463728
477.075	1.09783017
478.265	0.6501386139
479.595	1.196095238
480.605	1.148826206
481.634	0.8021623762
482.635	1.188721569
483.844	0.767503937
484.944	1.008946087
485.994	0.8531643564
486.995	1.177
488.054	1.048216411
489.144	1.070211577
490.154	1.041310689
491.325	0.1612210109
492.514	0.8860654545
493.696	0.7847387033
494.715	0.8477784372
495.724	1.2876004
496.734	0.9718562874
497.765	0.5519767216
498.774	0.2948820614
499.935	1.06955005
500.945	1.383468124
501.964	0.5105444208
502.994	1.371253968
504.004	1.063213873
505.024	1.122121101
506.044	1.294047059
507.064	0.6826455446
508.174	1.207270151
509.194	0.2231300971
510.214	0.8309069172
511.226	0.485945098
512.244	0.5791734893
513.415	0.7527770069
514.434	1.089988119
515.544	1.820767123
516.584	0.2058772277
517.594	0.4458616822
518.614	1.854251366
519.624	1.007264735
520.625	0.210259366
521.626	0.4541490196
522.634	0.5238178218
523.644	0.2455726829
524.833	0.3111529412
525.904	1.128713578
526.914	0.3969882353
528.054	0.1622835959
529.064	0.1802666667
530.069	1.38528444
531.074	0.5224846154
532.084	1.091184158
533.226	0.9307963303
534.515	0.4909658195
535.524	1.239084685
536.734	1.059881792
537.744	1.200807193
538.754	0.6003673095
539.755	1.059123535
540.763	0.5900257681
541.764	1.005342373
542.765	0.9627859649
543.804	0.7129990089
544.805	0.8006558559
547.744	1.434412698
548.803	1.009394059
549.813	0.5417821782
551.093	1.404107892
552.113	0.6508931069
553.133	0.9304
554.143	1.067271287
555.144	1.310913087
556.194	0.2814171429
557.214	0.3638023715
558.355	0.8189693978
559.366	0.982041958
560.564	0.4473267327
561.565	0.4106217822
562.574	1.361014985
563.575	1.367068865
564.584	0.2205592233
565.593	0.1824
566.706	1.038897087
567.753	0.7631568432
568.794	0.6475326733
569.804	0.1083564356
570.894	0.4242930693
571.964	0.7316941176
572.973	0.4000152381
574.034	0.2925623762
575.035	0.8860430663
576.044	0.954814668
577.264	0.6082018018
578.273	1.236371628
579.274	0.3609078565
580.325	1.133708706
581.333	0.3351294118
582.493	0.3236910891
583.565	0.8689535114
584.566	0.9176428571
585.574	0.2290846813
586.583	0.2457025257
587.744	1.011611881
588.913	1.078204878
589.984	0.9479294118
590.985	0.9295128713
592.133	0.3414558559
593.333	0.6335049505
594.473	1.827737073
595.643	0.7048941176
596.843	1.055008991
598.066	0.7955900826
599.073	1.111992063
600.074	0.7361517241
601.083	0.661629336
602.093	1.117592079
603.104	0.2383841584
604.193	1.132423529
605.194	0.9925172414
606.204	1.153038961
607.213	0.695027668
608.373	1.240661157
609.374	1.181973832
610.375	0.5926215139
611.412	0.4075538342
612.413	0.5954835061
613.503	1.343366337
614.593	1.039992134
615.823	1.009632792
616.824	1.295458824
617.833	0.5672871287
618.904	1.027176238
620.153	0.9549747762
621.162	1.396484127
622.227	0.523827451
623.244	1.042706542
624.253	0.6549692765
625.463	0.2420307692
626.503	1.300365079
627.613	0.9695700935
628.623	1.195268731
629.624	1.194957384
630.633	1.100365782
631.643	1.373378621
632.733	0.8903541488
633.742	0.3881193455
634.743	1.230569431
635.752	0.8710692308
636.782	0.2545769231
637.792	0.7950319934
638.793	0.9962420168
640.072	1.259536174
641.153	1.360191617
642.232	1.081766234
643.352	1.030539683
644.364	0.5301423948
645.512	1.013277311
646.513	0.6454877331
647.552	0.5756356436
648.722	1.149988119
649.752	1.559936064
650.782	0.2304
652.572	0.6302417582
653.602	1.215477228
654.612	0.8673566434
655.622	1.361796384
656.632	1.278945055
657.822	0.3250901961
658.832	0.4200418118
659.842	1.223730693
660.843	1.216333333
661.844	0.7809236641
662.962	1.155734304
663.992	0.7094526316
665.002	1.008586139
666.012	0.578572973
667.032	0.5824181185
668.042	1.438601399
669.072	0.2467764706
670.112	0.5341066925
671.201	0.4975088409
672.226	1.348283716
673.272	1.285734653
674.281	0.9925380811
675.302	1.206534653
676.322	1.117275459
677.362	1.043588508
678.372	1.369030723
679.382	1.172339781
680.412	0.791239604
681.492	1.324675835
682.522	1.238393606
683.532	0.7284035608
684.552	0.2362787046
685.561	0.6081647059
686.571	0.1053333333
687.582	1.236665421
688.622	0.7175239961
689.651	1.118698795
690.662	0.2728932039
691.701	0.5318295342
692.711	0.5887252336
693.772	0.436058309
694.782	1.108212804
695.801	1.453505882
696.811	0.3931339806
697.831	0.2896941176
698.841	0.8866573427
699.972	0.6728269073
700.991	0.1854566474
702.011	0.5866930693
703.012	0.7562037962
704.031	1.580955045
705.051	0.8884917431
706.061	1.249694306
707.062	0.6345054509
708.072	0.5274327273
709.255	1.560791209
710.296	0.594054902
711.355	0.2708910891
712.405	1.691233898
713.435	1.154437562
714.505	1.154386521
715.525	1.019536388
716.527	1.16447619
717.565	1.240857994
718.815	0.3491565802
719.845	1.256047498
720.875	0.934590099
722.015	1.179301587
723.023	1.006734545
724.165	1.020179439
725.185	0.2037669903
726.215	0.4813490196
727.392	1.07331746
728.551	0.5230285152
729.732	0.5772649573
730.794	0.8945685885
731.874	0.8986904762
732.93	0.7844990099
733.931	0.551672381
734.951	0.2242901961
736.021	1.165615449
737.031	0.9287222767
738.191	0.5140831683
739.211	0.8527792208
740.402	0.9954229637
741.403	0.2975067961
742.582	0.1056
743.601	0.164627907
744.61	0.1156426513
745.62	0.7624364694
746.621	0.480990099
747.651	0.9352488928
748.664	0.3030979228
749.681	1.040528669
750.721	0.1609411765
751.73	1.150136769
752.781	1.076822018
753.791	0.6912475248
754.801	0.4074097087
755.802	1.064103896
756.951	1.038165923
757.961	1.25958042
758.981	0.4981306931
760.05	0.5393029703
761.051	0.7199787611
762.06	1.185924928
763.066	1.396882759
764.07	0.9391888112
765.18	1.704015826
766.191	0.6670886957
767.202	0.4257884232
768.26	0.9568777103
769.261	0.8394046193
770.38	1.230875248
771.39	0.4706980392
772.44	0.1530951456
773.542	0.9058785714
774.64	0.5455667656
775.781	0.9297812258
777.01	0.4918736842
778.145	0.773185332
779.151	0.9921510934
780.152	1.068130719
781.25	0.7476910891
782.432	0.5729078295
783.442	0.3998165138
784.481	1.112712871
785.521	0.5192552366
786.541	0.7414690619
788.001	1.299789891
789.002	0.182421152
790.003	0.2046013579
791.101	1.448158573
792.102	1.069878193
793.15	1.086664122
794.331	0.6705108911
795.35	0.5162769231
796.351	0.1667657143
797.44	1.083844156
798.581	0.7699070228
799.75	1.316706349
800.751	0.4356349515
801.76	0.722804901
802.762	0.7438161838
803.77	0.7832470588
804.79	1.03174876
805.8	1.030930973
806.851	0.4793419227
807.854	0.1831366337
808.86	0.2202012072
810.04	0.7754487761
811.042	0.6996918033
812.21	0.9823128713
813.211	1.153766234
814.351	0.5031524752
815.64	1.326825397
816.641	0.1462857143
817.69	0.2372098522
818.792	1.026513912
819.87	1.241454545
820.901	0.2494667988
821.902	0.7160679321
822.92	1.197658342
823.921	1.08043093
825.05	1.049782178
826.141	0.5329409752
827.143	0.9337192982
828.144	1.325170829
829.33	1.061304505
830.331	0.7985742574
831.386	0.8349386139
832.39	0.6170851485
833.4	1.300819181
834.449	0.7143841584
835.45	0.8182518519
836.639	0.9256578483
837.839	0.9100980574
838.95	0.9516273538
839.959	0.5232
840.96	0.8823779528
841.969	1.260443572
842.979	0.7985294705
844.16	0.9003934426
845.169	0.8481647059
846.17	1.201686314
847.399	1.188939061
848.5	1.098671952
849.59	1.403345309
850.6	0.2603131814
851.611	0.7528166501
852.77	1.239136634
853.78	1.806312871
854.782	0.4244444444
855.789	1.045688742
856.8	1.133556196
857.819	0.7159807507
858.829	0.8694891089
859.839	0.8935478105
860.859	1.180483755
861.881	0.2224125737
863.089	1.510905095
864.099	1.037354645
865.109	0.9178181818
866.119	0.2708910891
867.139	0.4629669903
868.149	1.072446154
869.179	1.252184495
870.189	0.5477369971
871.199	1.12035586
872.259	1.050421578
873.269	1.038679612
874.278	1.164067932
875.639	0.2454728972
876.649	0.8128210181
877.65	0.3368410256
878.784	1.932771229
879.789	0.5437792579
880.972	1.533674326
881.979	1.060890926
882.989	1.052852329
883.999	1.192443564
885.008	1.620007339
886.029	1.011158974
887.039	1.068598802
888.128	1.870299728
889.139	1.28596637
890.141	0.8769390609
891.149	1.416308911
892.159	1.038017982
893.179	0.9436904762
894.189	0.7647667984
895.359	1.482730159
896.36	0.9939137255
897.379	0.9217272727
898.399	0.6077684631
899.418	0.1315805825
900.428	0.5034107649
901.664	0.8736240602
902.799	1.285545184
903.808	0.9634613861
904.809	0.4208862745
905.81	0.3250693069
906.909	1.77003935
907.922	0.5903856144
908.932	1.151488511
910.072	0.6264384615
911.088	0.9570640216
912.102	1.196351402
913.104	0.5010666667
914.143	1.129585047
915.383	0.9924795205
916.385	1.601956262
917.395	1.352055391
918.423	0.3281539942
919.435	0.9253866134
920.453	1.584599401
921.463	0.2871929825
922.614	2.934486071
923.633	0.7398019802
924.643	2.476586139
925.644	1.791695431
926.663	1.374679764
927.664	0.9458353765
928.695	1.05162038
929.703	1.544678643
930.704	0.4502991597
931.713	0.1446798867
932.714	0.481811608
933.715	0.8239360639
934.723	0.4986455446
935.733	0.9633114492
936.734	0.8381128585
937.735	0.8339834711
938.743	1.218922625
939.784	1.145855302
940.785	1.199776224
941.833	0.421016683
942.943	0.163996004
943.953	1.107588412
944.964	0.6043168317
946.066	0.7385295238
947.152	1.605326316
948.154	0.966041958
949.162	1.40152381
950.273	0.101034965
951.293	1.089936134
952.303	0.3745008403
953.314	0.3213463035
954.423	1.555380619
955.443	1.013138861
956.463	0.6917152542
957.503	1.030956863
958.513	0.2901375
959.523	1.184483647
960.524	1.115041584
961.553	1.077335593
962.563	1.207586885
963.572	1.084240869
964.583	0.2036591577
965.593	1.273511111
966.603	1.149813333
967.613	0.4058376238
968.723	0.7468356436
969.752	0.3111529412
971.352	0.6450509491
972.363	0.9189290709
973.373	0.4075422343
974.374	0.8792316832
975.423	0.88825
976.424	0.8831107111
977.432	0.94512
978.433	0.1195563025
979.434	1.074751239
980.723	0.495849505
981.762	1.10600396
982.842	1.344547619
983.862	0.7920799201
984.882	0.2360470588
985.902	0.9532509091
986.942	0.8862431373
987.943	1.220768317
988.993	1.06758835
990.002	0.2258196078
991.012	0.7638681319
992.013	1.19518254
993.022	0.2591296
994.033	0.8770431373
995.034	1.045108911
996.042	0.3084314869
997.043	0.7991754212
998.172	0.6228630491
999.272	0.9080316832
1000.434	0.1862178218
1001.442	0.732295082
1002.452	1.555068931
1003.462	1.791647159
1004.542	0.9115177866
1005.553	1.064223539
1006.555	1.366953419
1007.962	0.1790836364
1008.972	0.8690323847
1009.993	0.671960199
1010.994	0.9578412698
1011.995	0.4783561644
1013.052	0.8188039604
1014.143	0.1279215686
1015.172	0.6711454006
1016.182	0.5460852329
1017.193	0.7162477876
1018.212	1.546438247
1019.352	1.051073213
1020.353	0.3552109912
1021.393	0.7949069307
1022.402	1.062049587
1023.412	1.024864222
1024.433	1.0416333
1025.442	0.6234376238
1026.452	0.7368562934
1027.472	1.318824682
1028.481	0.9096881827
1029.492	1.100530693
1030.501	0.7882432916
1031.502	0.8247762376
1032.513	0.5270989226
1033.532	1.062336634
1034.552	1.750393606
1035.561	0.5169219048
1036.672	0.5510406343
1037.673	1.49241958
1038.682	1.24214985
1039.692	0.9199445545
1040.701	0.2253176471
1041.712	0.5698613861
1042.713	1.162317682
1043.721	0.4994772277
1044.722	1.089275676
1045.732	0.9013333333
1046.736	1.591041584
1047.741	1.077449505
1048.766	1.322949051
1049.792	0.5663296703
1050.901	0.4259640719
1052.081	0.5128712871
1053.092	1.076491508
1054.113	0.659004995
1055.121	1.318946535
1056.122	0.9249230769
1057.192	0.9967683168
1058.202	0.8617615023
1059.381	1.154369524
1060.382	0.4526891089
1061.392	1.030637624
1062.393	1.261529412
1063.401	0.2051883495
1064.402	0.6613076923
1065.412	1.157801942
1066.601	0.9747709091
1067.611	0.5021176471
1068.612	0.7380752475
1069.621	1.073709091
1070.641	0.8113692458
1071.642	0.9688562934
1072.651	0.2577585869
1073.841	0.6913946588
1074.911	0.7218860649
1076.011	0.2395364635
1077.021	0.9602617902
1078.033	0.7906069652
1079.041	0.3556910891
1080.042	1.14629703
1081.051	1.2748
1082.061	1.172243756
1083.072	1.184839161
1084.241	0.7505833333
1085.271	1.232071928
1086.272	1.178197802
1087.433	0.7564418146
1088.441	1.075623389
1089.451	0.1981019608
1090.581	0.7848210526
1091.601	0.8087843137
1092.611	0.1861230769
1093.631	1.05617443
1094.641	0.340007767
1095.642	0.9718965517
1096.821	0.2598709677
1097.832	0.2023215686
1099.011	0.7664475248
1100.012	1.25879403
1101.021	1.329529412
1102.031	0.5973226773
1103.032	1.500479683
1104.131	0.8632854369
1105.311	0.6767533981
1106.391	0.2564205766
1107.481	0.466117848
1108.482	1.260283716
1109.491	0.7895524752
1110.501	0.9500752475
1111.511	0.6089029703
1112.521	0.1345072626
1113.541	0.1115785896
1114.551	1.029618861
1115.581	1.049404762
1116.591	0.5144627451
1117.64	2.112816015
1118.671	1.423928713
1119.681	0.6113663366
1120.691	0.21888
1121.701	0.2305828571
1122.721	0.9968991009
1123.722	0.6135341923
1124.831	0.7277667638
1125.832	0.3025059289
1126.911	1.019395737
1127.912	0.9912814371
1128.913	0.2961461538
1130.021	0.4694891089
1131.022	0.1191920792
1132.031	0.5457899902
1133.04	0.9814275618
1134.05	0.4443766105
1135.051	0.8581978022
1136.061	0.6616123749
1137.062	1.099196803
1138.07	1.045235644
1139.072	0.8362437562
1140.08	1.364626151
1141.191	0.475012884
1142.192	0.7952440367
1143.2	1.21133945
1144.21	0.2600554455
1145.211	0.152
1146.24	1.109723636
1147.34	0.8056103896
1148.41	0.9885928571
1149.5	1.94228971
1150.52	0.9896633663
1151.67	0.8936316832
1152.68	0.880709434
1153.69	0.1842059406
1154.691	1.017888502
1155.8	0.6501302235
1156.96	0.7457091795
1158.15	1.173333333
1159.22	0.2711595639
1160.32	0.4470187933
1161.33	0.9713486513
1162.34	1.005472031
1163.35	1.143896928
1164.351	0.1818188825
1165.37	1.078654331
1166.55	1.033536634
1167.551	0.695024777
1168.57	0.2213019608
1169.58	1.388859141
1170.581	0.470360396
1171.6	0.7003247525
1172.63	1.05109703
1173.66	1.22610989
1174.666	0.6655777585
1175.67	1.196611389
1176.68	1.831351137
1177.8	0.181192053
1178.84	1.266708911
1179.94	0.8559058032
1180.951	0.3235089109
1182.099	1.080998165
1183.13	0.8966574257
1184.15	1.362653347
1185.179	0.8777870792
1186.19	0.9405671077
1187.219	0.6627610954
1188.299	0.2762563107
1189.569	1.160508922
1190.579	0.5783790087
1191.635	0.8545389222
1192.659	0.8617244797
1193.691	1.069251485
1194.699	0.2623936064
1195.196	0.8049694915
